### RM07R
  patoh  w100   hybrid=0.00519411
  patoh  w400   hybrid=0.001860763
  patoh  w500   hybrid=0.00144854
  patoh  w600   hybrid=0.001341564
  patoh  w700   hybrid=0.001211947
  patoh  w800   hybrid=0.001284393
  patoh  w900   hybrid=0.001246913
  patoh  w1000  hybrid=0.001291207
  patoh  w1100  hybrid=0.00126331
  patoh  w1200  hybrid=0.001279217
  patoh  w2000  hybrid=0.001308543
  patoh  w2720  hybrid=0.00131217
  naive  w100   hybrid=0.005058527
  naive  w400   hybrid=0.00181218
  naive  w500   hybrid=0.001510321
  naive  w600   hybrid=0.001231964
  naive  w700   hybrid=0.001232324
  naive  w800   hybrid=0.001244926
  naive  w900   hybrid=0.00129103
  naive  w1000  hybrid=0.00125425
  naive  w1100  hybrid=0.00126283
  naive  w1200  hybrid=0.00127064
  naive  w2000  hybrid=0.001314433
  naive  w2720  hybrid=0.001322757
### cage14
  patoh  w100   hybrid=0.004327524
  patoh  w400   hybrid=0.001333807
  patoh  w500   hybrid=0.00118064
  patoh  w600   hybrid=0.001031981
  patoh  w700   hybrid=0.001024197
  patoh  w800   hybrid=0.001042174
  patoh  w900   hybrid=0.001049206
  patoh  w1000  hybrid=0.001055226
  patoh  w1100  hybrid=0.001068587
  patoh  w1200  hybrid=0.001068134
  patoh  w2000  hybrid=0.001108657
  patoh  w2720  hybrid=0.001114776
  naive  w100   hybrid=0.004079037
  naive  w400   hybrid=0.001247803
  naive  w500   hybrid=0.0009926001
  naive  w600   hybrid=0.00100164
  naive  w700   hybrid=0.001021737
  naive  w800   hybrid=0.00102535
  naive  w900   hybrid=0.00104531
  naive  w1000  hybrid=0.001051386
  naive  w1100  hybrid=0.00105459
  naive  w1200  hybrid=0.001063514
  naive  w2000  hybrid=0.001095397
  naive  w2720  hybrid=0.00111012
### Hamrle3
  patoh  w100   hybrid=0.0008321063
  patoh  w400   hybrid=0.0002807665
  patoh  w500   hybrid=0.000292534
  patoh  w600   hybrid=0.0003015105
  patoh  w700   hybrid=0.0003069528
  patoh  w800   hybrid=0.0003083269
  patoh  w900   hybrid=0.0003124102
  patoh  w1000  hybrid=0.0003186369
  patoh  w1100  hybrid=0.0003175028
  patoh  w1200  hybrid=0.0003225565
  patoh  w2000  hybrid=0.0003331765
  patoh  w2720  hybrid=0.0003389796
  naive  w100   hybrid=0.0009084233
  naive  w400   hybrid=0.0002818004
  naive  w500   hybrid=0.0002766267
  naive  w600   hybrid=0.0002852933
  naive  w700   hybrid=0.0002931134
  naive  w800   hybrid=0.0002992463
  naive  w900   hybrid=0.0003034894
  naive  w1000  hybrid=0.000306673
  naive  w1100  hybrid=0.0003095333
  naive  w1200  hybrid=0.0003131398
  naive  w2000  hybrid=0.0003257402
  naive  w2720  hybrid=0.0003306174
### rajat30_mc64_5
  patoh  w100   hybrid=0.0006438835
  patoh  w400   hybrid=0.0002532466
  patoh  w500   hybrid=0.0002618869
  patoh  w600   hybrid=0.0002690705
  patoh  w700   hybrid=0.0002740471
  patoh  w800   hybrid=0.0002779166
  patoh  w900   hybrid=0.000281167
  patoh  w1000  hybrid=0.00028186
  patoh  w1100  hybrid=0.0002847298
  patoh  w1200  hybrid=0.0002849436
  patoh  w2000  hybrid=0.0002939463
  patoh  w2720  hybrid=0.0002979032
  naive  w100   hybrid=0.0006212934
  naive  w400   hybrid=0.0002506566
  naive  w500   hybrid=0.0002600702
  naive  w600   hybrid=0.0002662571
  naive  w700   hybrid=0.0002713132
  naive  w800   hybrid=0.0002736163
  naive  w900   hybrid=0.0002773301
  naive  w1000  hybrid=0.0002800194
  naive  w1100  hybrid=0.0002830434
  naive  w1200  hybrid=0.0002846138
  naive  w2000  hybrid=0.0002919062
  naive  w2720  hybrid=0.0002953601
### circuit5M_dc
  patoh  w100   hybrid=0.003708483
  patoh  w400   hybrid=0.0009877729
  patoh  w500   hybrid=0.0008093866
  patoh  w600   hybrid=0.0008200399
  patoh  w700   hybrid=0.0008422367
  patoh  w800   hybrid=0.0008578873
  patoh  w900   hybrid=0.0008683499
  patoh  w1000  hybrid=0.0008770037
  patoh  w1100  hybrid=0.0008838503
  patoh  w1200  hybrid=0.0008865603
  patoh  w2000  hybrid=0.0009171931
  patoh  w2720  hybrid=0.0009280562
  naive  w100   hybrid=0.003916
  naive  w400   hybrid=0.001143127
  naive  w500   hybrid=0.0008552734
  naive  w600   hybrid=0.0008344928
  naive  w700   hybrid=0.0008401465
  naive  w800   hybrid=0.0008521994
  naive  w900   hybrid=0.0008627931
  naive  w1000  hybrid=0.0008700228
  naive  w1100  hybrid=0.0008777428
  naive  w1200  hybrid=0.0008841634
  naive  w2000  hybrid=0.0009092999
  naive  w2720  hybrid=0.0009201797
### circuit5M
  patoh  w100   hybrid=0.01477311
  patoh  w400   hybrid=0.0054143
  patoh  w500   hybrid=0.003858074
  patoh  w600   hybrid=0.003219337
  patoh  w700   hybrid=0.002693923
  patoh  w800   hybrid=0.002303833
  patoh  w900   hybrid=0.002328657
  patoh  w1000  hybrid=0.002329387
  patoh  w1100  hybrid=0.002361203
  patoh  w1200  hybrid=0.00238293
  patoh  w2000  hybrid=0.002451877
  patoh  w2720  hybrid=0.002466993
  naive  w100   hybrid=0.01207838
  naive  w400   hybrid=0.004432526
  naive  w500   hybrid=0.003465319
  naive  w600   hybrid=0.003004677
  naive  w700   hybrid=0.002482684
  naive  w800   hybrid=0.002325836
  naive  w900   hybrid=0.002280853
  naive  w1000  hybrid=0.002305497
  naive  w1100  hybrid=0.00233005
  naive  w1200  hybrid=0.002345277
  naive  w2000  hybrid=0.002419183
  naive  w2720  hybrid=0.002448603
### cage15
  patoh  w100   hybrid=0.01789909
  patoh  w400   hybrid=0.007465936
  patoh  w500   hybrid=0.006327384
  patoh  w600   hybrid=0.004697017
  patoh  w700   hybrid=0.004771893
  patoh  w800   hybrid=0.00400471
  patoh  w900   hybrid=0.00357993
  patoh  w1000  hybrid=0.003653327
  patoh  w1100  hybrid=0.003660793
  patoh  w1200  hybrid=0.00366862
  patoh  w2000  hybrid=0.003808761
  patoh  w2720  hybrid=0.003862777
  naive  w100   hybrid=0.01661767
  naive  w400   hybrid=0.006113141
  naive  w500   hybrid=0.004941096
  naive  w600   hybrid=0.004179846
  naive  w700   hybrid=0.003617677
  naive  w800   hybrid=0.003557827
  naive  w900   hybrid=0.003530083
  naive  w1000  hybrid=0.003617103
  naive  w1100  hybrid=0.003601643
  naive  w1200  hybrid=0.00367138
  naive  w2000  hybrid=0.00376634
  naive  w2720  hybrid=0.003828533
### ML_Geer
  patoh  w100   hybrid=0.0157637
  patoh  w400   hybrid=0.006121824
  patoh  w500   hybrid=0.004972683
  patoh  w600   hybrid=0.00412675
  patoh  w700   hybrid=0.003705014
  patoh  w800   hybrid=0.003732727
  patoh  w900   hybrid=0.0037704
  patoh  w1000  hybrid=0.003795666
  patoh  w1100  hybrid=0.003803777
  patoh  w1200  hybrid=0.003879326
  patoh  w2000  hybrid=0.00397093
  patoh  w2720  hybrid=0.004008249
  naive  w100   hybrid=0.01567082
  naive  w400   hybrid=0.006132617
  naive  w500   hybrid=0.00495982
  naive  w600   hybrid=0.004153364
  naive  w700   hybrid=0.003690294
  naive  w800   hybrid=0.003686484
  naive  w900   hybrid=0.003764126
  naive  w1000  hybrid=0.003752527
  naive  w1100  hybrid=0.003814514
  naive  w1200  hybrid=0.003804994
  naive  w2000  hybrid=0.003917774
  naive  w2720  hybrid=0.003989553
### vas_stokes_1M
  patoh  w100   hybrid=0.00505614
  patoh  w400   hybrid=0.00171009
  patoh  w500   hybrid=0.00136451
  patoh  w600   hybrid=0.001255461
  patoh  w700   hybrid=0.00120244
  patoh  w800   hybrid=0.00124739
  patoh  w900   hybrid=0.001233466
  patoh  w1000  hybrid=0.001240934
  patoh  w1100  hybrid=0.001247946
  patoh  w1200  hybrid=0.001283309
  patoh  w2000  hybrid=0.001295267
  patoh  w2720  hybrid=0.00130548
  naive  w100   hybrid=0.004905224
  naive  w400   hybrid=0.0018188
  naive  w500   hybrid=0.001366917
  naive  w600   hybrid=0.00123679
  naive  w700   hybrid=0.00121544
  naive  w800   hybrid=0.0012239
  naive  w900   hybrid=0.00122457
  naive  w1000  hybrid=0.0012868
  naive  w1100  hybrid=0.00124528
  naive  w1200  hybrid=0.00129449
  naive  w2000  hybrid=0.00129739
  naive  w2720  hybrid=0.001317477
### nv2
  patoh  w100   hybrid=0.008797683
  patoh  w400   hybrid=0.00318747
  patoh  w500   hybrid=0.00288596
  patoh  w600   hybrid=0.002500713
  patoh  w700   hybrid=0.002044764
  patoh  w800   hybrid=0.002081197
  patoh  w900   hybrid=0.002098606
  patoh  w1000  hybrid=0.002122764
  patoh  w1100  hybrid=0.00213225
  patoh  w1200  hybrid=0.002164551
  patoh  w2000  hybrid=0.002234066
  patoh  w2720  hybrid=0.002258516
  naive  w100   hybrid=0.009466093
  naive  w400   hybrid=0.003342094
  naive  w500   hybrid=0.002813173
  naive  w600   hybrid=0.002488349
  naive  w700   hybrid=0.002154753
  naive  w800   hybrid=0.002102583
  naive  w900   hybrid=0.002079024
  naive  w1000  hybrid=0.002104506
  naive  w1100  hybrid=0.002123484
  naive  w1200  hybrid=0.002135856
  naive  w2000  hybrid=0.002203833
  naive  w2720  hybrid=0.002222389
### Transport
  patoh  w100   hybrid=0.00354725
  patoh  w400   hybrid=0.00109611
  patoh  w500   hybrid=0.0008767931
  patoh  w600   hybrid=0.00089463
  patoh  w700   hybrid=0.0008811235
  patoh  w800   hybrid=0.0009170365
  patoh  w900   hybrid=0.0009083835
  patoh  w1000  hybrid=0.0009162895
  patoh  w1100  hybrid=0.0009245841
  patoh  w1200  hybrid=0.0009275699
  patoh  w2000  hybrid=0.0009559727
  patoh  w2720  hybrid=0.0009725499
  naive  w100   hybrid=0.003636783
  naive  w400   hybrid=0.001064403
  naive  w500   hybrid=0.000880847
  naive  w600   hybrid=0.000865314
  naive  w700   hybrid=0.0008831898
  naive  w800   hybrid=0.0008961598
  naive  w900   hybrid=0.0009107828
  naive  w1000  hybrid=0.0009202305
  naive  w1100  hybrid=0.0009279895
  naive  w1200  hybrid=0.0009313067
  naive  w2000  hybrid=0.0009615501
  naive  w2720  hybrid=0.0009694036
### Freescale2
  patoh  w100   hybrid=0.004218106
  patoh  w400   hybrid=0.00131762
  patoh  w500   hybrid=0.00103562
  patoh  w600   hybrid=0.0008932837
  patoh  w700   hybrid=0.0009121664
  patoh  w800   hybrid=0.0009155862
  patoh  w900   hybrid=0.0009272933
  patoh  w1000  hybrid=0.0009573134
  patoh  w1100  hybrid=0.0009484498
  patoh  w1200  hybrid=0.0009500329
  patoh  w2000  hybrid=0.0009756597
  patoh  w2720  hybrid=0.0009881194
  naive  w100   hybrid=0.004283097
  naive  w400   hybrid=0.001484427
  naive  w500   hybrid=0.001224583
  naive  w600   hybrid=0.0009104602
  naive  w700   hybrid=0.0008941531
  naive  w800   hybrid=0.0009042939
  naive  w900   hybrid=0.0009126004
  naive  w1000  hybrid=0.0009249965
  naive  w1100  hybrid=0.0009283662
  naive  w1200  hybrid=0.0009397038
  naive  w2000  hybrid=0.0009636331
  naive  w2720  hybrid=0.00097037
### dgreen
  patoh  w100   hybrid=0.00589098
  patoh  w400   hybrid=0.002029037
  patoh  w500   hybrid=0.001616287
  patoh  w600   hybrid=0.00140924
  patoh  w700   hybrid=0.001370797
  patoh  w800   hybrid=0.001389616
  patoh  w900   hybrid=0.001419763
  patoh  w1000  hybrid=0.001427727
  patoh  w1100  hybrid=0.00143997
  patoh  w1200  hybrid=0.001446796
  patoh  w2000  hybrid=0.001491737
  patoh  w2720  hybrid=0.001517566
  naive  w100   hybrid=0.005786494
  naive  w400   hybrid=0.001961567
  naive  w500   hybrid=0.00164958
  naive  w600   hybrid=0.001363653
  naive  w700   hybrid=0.001367474
  naive  w800   hybrid=0.001395497
  naive  w900   hybrid=0.001402907
  naive  w1000  hybrid=0.001427673
  naive  w1100  hybrid=0.001432556
  naive  w1200  hybrid=0.001432357
  naive  w2000  hybrid=0.00147699
  naive  w2720  hybrid=0.001492897
### ss
  patoh  w100   hybrid=0.005256584
  patoh  w400   hybrid=0.00176258
  patoh  w500   hybrid=0.00135394
  patoh  w600   hybrid=0.001313581
  patoh  w700   hybrid=0.00129212
  patoh  w800   hybrid=0.001303674
  patoh  w900   hybrid=0.0012787
  patoh  w1000  hybrid=0.001306841
  patoh  w1100  hybrid=0.001356386
  patoh  w1200  hybrid=0.00130679
  patoh  w2000  hybrid=0.00134398
  patoh  w2720  hybrid=0.001417997
  naive  w100   hybrid=0.00553725
  naive  w400   hybrid=0.001982816
  naive  w500   hybrid=0.00171385
  naive  w600   hybrid=0.001284111
  naive  w700   hybrid=0.001249533
  naive  w800   hybrid=0.001288046
  naive  w900   hybrid=0.001294897
  naive  w1000  hybrid=0.001297356
  naive  w1100  hybrid=0.001343413
  naive  w1200  hybrid=0.00129989
  naive  w2000  hybrid=0.001337267
  naive  w2720  hybrid=0.001352034
wrote /home/bugra/Workspace/C/HetHypPar_rewrite/data/spmv_patoh/results.tsv
wrote /home/bugra/Workspace/C/HetHypPar_rewrite/docs/perf-profile-patoh-naive-spmv.png/.svg  (168 cases)
SPMV SWEEP DONE
