Matrix name : /home/bugra/Workspace/C/HetHypPar_rewrite/data/matrices/cage12_1c_3g/cage12_1c_3g.mtx

	****	Matrix File readed	****LOG: Finished Creating Shard CSC
LOG: Finished Creating Vectors
PROFILE_HEADER rank iter spmv vecops send_fill local_spmv comm_wait shared_spmv send_wait
PROFILE_ITER 1 0 2.799988e-03 1.508749e-01 0.000000e+00 2.539873e-03 0.000000e+00 0.000000e+00 0.000000e+00
PROFILE_ITER 1 1 2.326012e-03 7.138252e-04 0.000000e+00 2.281189e-03 0.000000e+00 0.000000e+00 1.907349e-06
PROFILE_ITER 1 2 2.268076e-03 6.821156e-04 0.000000e+00 2.223969e-03 1.192093e-06 0.000000e+00 9.536743e-07
PROFILE_ITER 1 3 2.245903e-03 6.849766e-04 0.000000e+00 2.204895e-03 0.000000e+00 0.000000e+00 0.000000e+00
PROFILE_ITER 1 4 2.263069e-03 6.880760e-04 0.000000e+00 2.220154e-03 0.000000e+00 0.000000e+00 0.000000e+00
PROFILE_ITER 1 5 2.252102e-03 6.847382e-04 0.000000e+00 2.208948e-03 0.000000e+00 0.000000e+00 0.000000e+00
PROFILE_ITER 1 6 2.242088e-03 6.840229e-04 0.000000e+00 2.200127e-03 0.000000e+00 0.000000e+00 0.000000e+00
PROFILE_ITER 1 7 2.243996e-03 6.828308e-04 0.000000e+00 2.202988e-03 0.000000e+00 0.000000e+00 0.000000e+00
PROFILE_ITER 1 8 2.255917e-03 6.842613e-04 0.000000e+00 2.213955e-03 0.000000e+00 0.000000e+00 0.000000e+00
PROFILE_ITER 1 9 2.323151e-03 6.937981e-04 0.000000e+00 2.278328e-03 0.000000e+00 0.000000e+00 0.000000e+00
PROFILE_ITER 1 10 2.285004e-03 6.899834e-04 0.000000e+00 2.241135e-03 0.000000e+00 0.000000e+00 0.000000e+00
PROFILE_ITER 1 11 2.266884e-03 6.902218e-04 0.000000e+00 2.223969e-03 9.536743e-07 0.000000e+00 0.000000e+00
PROFILE_ITER 1 12 2.283096e-03 6.868839e-04 0.000000e+00 2.240181e-03 0.000000e+00 0.000000e+00 0.000000e+00
PROFILE_ITER 1 13 2.287149e-03 6.856918e-04 0.000000e+00 2.245188e-03 0.000000e+00 0.000000e+00 9.536743e-07
PROFILE_ITER 1 14 2.203226e-03 7.228851e-04 0.000000e+00 2.160072e-03 0.000000e+00 0.000000e+00 2.145767e-06
PROFILE_ITER 1 15 2.379894e-03 6.990433e-04 0.000000e+00 2.332926e-03 0.000000e+00 0.000000e+00 0.000000e+00
PROFILE_ITER 1 16 2.258062e-03 6.890297e-04 0.000000e+00 2.212763e-03 0.000000e+00 0.000000e+00 1.192093e-06
PROFILE_ITER 1 17 2.259731e-03 6.883144e-04 0.000000e+00 2.216816e-03 0.000000e+00 0.000000e+00 0.000000e+00
PROFILE_ITER 1 18 2.254963e-03 6.899834e-04 0.000000e+00 2.211094e-03 0.000000e+00 0.000000e+00 9.536743e-07
PROFILE_ITER 1 19 2.260208e-03 6.868839e-04 0.000000e+00 2.217054e-03 0.000000e+00 0.000000e+00 0.000000e+00
PROFILE_ITER 1 20 2.243042e-03 6.878376e-04 0.000000e+00 2.201080e-03 0.000000e+00 0.000000e+00 0.000000e+00
PROFILE_ITER 1 21 2.247810e-03 6.833076e-04 0.000000e+00 2.203941e-03 0.000000e+00 0.000000e+00 0.000000e+00
PROFILE_ITER 1 22 2.253771e-03 7.131100e-04 0.000000e+00 2.210855e-03 0.000000e+00 0.000000e+00 9.536743e-07
PROFILE_ITER 1 23 2.247095e-03 6.849766e-04 0.000000e+00 2.204895e-03 0.000000e+00 0.000000e+00 0.000000e+00
PROFILE_ITER 1 24 2.252102e-03 7.059574e-04 0.000000e+00 2.207994e-03 0.000000e+00 0.000000e+00 9.536743e-07
PROFILE_ITER 1 25 2.261877e-03 6.840229e-04 0.000000e+00 2.219915e-03 0.000000e+00 0.000000e+00 9.536743e-07
PROFILE_ITER 1 26 2.245188e-03 6.809235e-04 0.000000e+00 2.204180e-03 0.000000e+00 0.000000e+00 0.000000e+00
PROFILE_ITER 1 27 2.252102e-03 6.868839e-04 0.000000e+00 2.210140e-03 0.000000e+00 0.000000e+00 0.000000e+00
PROFILE_ITER 1 28 2.248049e-03 6.818771e-04 0.000000e+00 2.205133e-03 0.000000e+00 0.000000e+00 9.536743e-07
PROFILE_ITER 1 29 2.259254e-03 6.887913e-04 0.000000e+00 2.218008e-03 0.000000e+00 0.000000e+00 0.000000e+00
PROFILE_ITER 1 30 2.254248e-03 6.816387e-04 0.000000e+00 2.212286e-03 0.000000e+00 0.000000e+00 0.000000e+00
PROFILE_ITER 1 31 2.254248e-03 6.859303e-04 0.000000e+00 2.212286e-03 0.000000e+00 0.000000e+00 0.000000e+00
PROFILE_ITER 1 32 2.244949e-03 6.840229e-04 0.000000e+00 2.202988e-03 0.000000e+00 0.000000e+00 9.536743e-07
PROFILE_ITER 1 33 2.262115e-03 6.828308e-04 0.000000e+00 2.218962e-03 0.000000e+00 0.000000e+00 1.192093e-06
PROFILE_ITER 1 34 2.201080e-03 6.799698e-04 0.000000e+00 2.158880e-03 0.000000e+00 0.000000e+00 0.000000e+00
PROFILE_ITER 1 35 2.251863e-03 6.821156e-04 0.000000e+00 2.210140e-03 0.000000e+00 0.000000e+00 9.536743e-07
PROFILE_ITER 1 36 2.250910e-03 6.790161e-04 0.000000e+00 2.209902e-03 0.000000e+00 0.000000en_iters : 200 
spmv : 0.587918 
file_read : 1.392381 
relative_residual : 2.815450E-16
everything_total : 2.130368

----------------------------------------------------------------------
PROFILE_HEADER rank iter spmv vecops send_fill local_spmv comm_wait shared_spmv send_wait
PROFILE_ITER 0 0 1.166821e-03 2.837181e-03 0.000000e+00 4.758835e-04 0.000000e+00 0.000000e+00 0.000000e+00
PROFILE_ITER 0 1 1.095772e-03 1.945257e-03 0.000000e+00 4.720688e-04 0.000000e+00 0.000000e+00 0.000000e+00
PROFILE_ITER 0 2 1.081944e-03 1.868248e-03 0.000000e+00 4.749298e-04 0.000000e+00 0.000000e+00 0.000000e+00
PROFILE_ITER 0 3 1.071930e-03 1.858950e-03 0.000000e+00 4.720688e-04 0.000000e+00 0.000000e+00 0.000000e+00
PROFILE_ITER 0 4 1.075029e-03 1.876116e-03 0.000000e+00 4.689693e-04 0.000000e+00 1.192093e-06 0.000000e+00
PROFILE_ITER 0 5 1.068115e-03 1.868725e-03 0.000000e+00 4.701614e-04 0.000000e+00 0.000000e+00 0.000000e+00
PROFILE_ITER 0 6 1.071930e-03 1.854181e-03 0.000000e+00 4.699230e-04 0.000000e+00 0.000000e+00 0.000000e+00
PROFILE_ITER 0 7 1.075983e-03 1.850843e-03 0.000000e+00 4.720688e-04 0.000000e+00 0.000000e+00 0.000000e+00
PROFILE_ITER 0 8 1.079321e-03 1.860857e-03 0.000000e+00 4.739761e-04 0.000000e+00 0.000000e+00 0.000000e+00
PROFILE_ITER 0 9 1.104116e-03 1.912832e-03 0.000000e+00 4.708767e-04 0.000000e+00 0.000000e+00 0.000000e+00
PROFILE_ITER 0 10 1.084805e-03 1.891136e-03 0.000000e+00 4.708767e-04 0.000000e+00 0.000000e+00 0.000000e+00
PROFILE_ITER 0 11 1.082182e-03 1.874924e-03 0.000000e+00 4.670620e-04 0.000000e+00 0.000000e+00 0.000000e+00
PROFILE_ITER 0 12 1.088142e-03 1.881838e-03 0.000000e+00 4.720688e-04 0.000000e+00 0.000000e+00 0.000000e+00
PROFILE_ITER 0 13 1.087904e-03 1.884937e-03 0.000000e+00 4.720688e-04 0.000000e+00 0.000000e+00 0.000000e+00
PROFILE_ITER 0 14 1.089096e-03 1.837015e-03 0.000000e+00 4.692078e-04 0.000000e+00 0.000000e+00 0.000000e+00
PROFILE_ITER 0 15 1.111984e-03 1.966953e-03 0.000000e+00 4.699230e-04 0.000000e+00 0.000000e+00 0.000000e+00
PROFILE_ITER 0 16 1.086712e-03 1.860380e-03 0.000000e+00 4.718304e-04 0.000000e+00 0.000000e+00 0.000000e+00
PROFILE_ITER 0 17 1.081944e-03 1.866102e-03 0.000000e+00 4.720688e-04 0.000000e+00 0.000000e+00 0.000000e+00
PROFILE_ITER 0 18 1.085043e-03 1.859903e-03 0.000000e+00 4.689693e-04 0.000000e+00 0.000000e+00 0.000000e+00
PROFILE_ITER 0 19 1.081228e-03 1.866817e-03 0.000000e+00 4.720688e-04 0.000000e+00 0.000000e+00 0.000000e+00
PROFILE_ITER 0 20 1.075029e-03 1.855850e-03 0.000000e+00 4.711151e-04 9.536743e-07 0.000000e+00 0.000000e+00
PROFILE_ITER 0 21 1.075029e-03 1.856089e-03 0.000000e+00 4.708767e-04 9.536743e-07 0.000000e+00 0.000000e+00
PROFILE_ITER 0 22 1.076937e-03 1.890898e-03 0.000000e+00 4.711151e-04 0.000000e+00 0.000000e+00 0.000000e+00
PROFILE_ITER 0 23 1.082182e-03 1.849890e-03 0.000000e+00 4.730225e-04 0.000000e+00 0.000000e+00 0.000000e+00
PROFILE_ITER 0 24 1.073837e-03 1.884222e-03 0.000000e+00 4.727840e-04 0.000000e+00 0.000000e+00 0.000000e+00
PROFILE_ITER 0 25 1.072168e-03 1.873732e-03 0.000000e+00 4.692078e-04 0.000000e+00 0.000000e+00 0.000000e+00
PROFILE_ITER 0 26 1.068830e-03 1.857281e-03 0.000000e+00 4.668236e-04 0.000000e+00 9.536743e-07 0.000000e+00
PROFILE_ITER 0 27 1.075029e-03 1.863956e-03 0.000000e+00 4.696846e-04 0.000000e+00 0.000000e+00 1.192093e-06
PROFILE_ITER 0 28 1.075029e-03 1.854897e-03 0.000000e+00 4.718304e-04 0.000000e+00 0.000000e+00 0.000000e+00
PROFILE_ITER 0 29 1.075745e-03 1.872301e-03 0.000000e+00 4.737377e-04 0.000000e+00 0.000000e+00 0.000000e+00
PROFILE_ITER 0 30 1.075983e-03 1.859903e-03 0.000000e+00 4.708767e-04 0.000000e+00 0.000000e+00 0.000000e+00
PROFILE_ITER 0 31 1.075029e-03 1.865149e-03 0.000000e+00 4.708767e-04 0.000000e+00 0.000000e+00 0.000000e+00
PROFILE_ITER 0 32 1.075983e-03 1.852989e-03 0.000000e+00 4.727840e-04 0.000000e+00 0.000000e+00 0.000000e+00
PROFILE_ITER 0 33 1.086950e-03 1.857996e-03 0.000000e+00 4.720688e-04 0.000000e+00 0.000000e+00 0.000000e+00
PROFILE_ITER 0 34 1.080990e-03 1.801014e-03 9.536743e-07 4.680157e-04 9.536743e-07 0.000000e+00 0.000000e+00
PROFILE_ITER 0+00 0.000000e+00
PROFILE_ITER 1 37 2.254963e-03 6.842613e-04 0.000000e+00 2.210855e-03 0.000000e+00 0.000000e+00 9.536743e-07
PROFILE_ITER 1 38 2.251148e-03 6.847382e-04 0.000000e+00 2.207994e-03 0.000000e+00 0.000000e+00 0.000000e+00
PROFILE_ITER 1 39 2.252102e-03 6.868839e-04 0.000000e+00 2.209187e-03 0.000000e+00 0.000000e+00 0.000000e+00
PROFILE_ITER 1 40 2.210855e-03 6.830692e-04 0.000000e+00 2.168894e-03 0.000000e+00 0.000000e+00 0.000000e+00
PROFILE_ITER 1 41 2.249002e-03 6.880760e-04 0.000000e+00 2.207994e-03 0.000000e+00 0.000000e+00 0.000000e+00
PROFILE_ITER 1 42 2.254009e-03 6.890297e-04 0.000000e+00 2.211094e-03 0.000000e+00 0.000000e+00 9.536743e-07
PROFILE_ITER 1 43 2.252102e-03 6.849766e-04 0.000000e+00 2.210140e-03 0.000000e+00 0.000000e+00 0.000000e+00
PROFILE_ITER 1 44 2.253056e-03 6.847382e-04 0.000000e+00 2.211094e-03 0.000000e+00 0.000000e+00 0.000000e+00
PROFILE_ITER 1 45 2.263069e-03 6.871223e-04 0.000000e+00 2.221107e-03 0.000000e+00 0.000000e+00 0.000000e+00
PROFILE_ITER 1 46 2.245665e-03 6.902218e-04 0.000000e+00 2.204657e-03 0.000000e+00 0.000000e+00 0.000000e+00
PROFILE_ITER 1 47 2.254009e-03 6.830692e-04 0.000000e+00 2.213001e-03 0.000000e+00 0.000000e+00 0.000000e+00
PROFILE_ITER 1 48 2.254963e-03 6.799698e-04 0.000000e+00 2.212048e-03 0.000000e+00 0.000000e+00 0.000000e+00
PROFILE_ITER 1 49 2.250910e-03 6.930828e-04 0.000000e+00 2.206802e-03 0.000000e+00 0.000000e+00 0.000000e+00
 35 1.070023e-03 1.863956e-03 0.000000e+00 4.711151e-04 0.000000e+00 0.000000e+00 0.000000e+00
PROFILE_ITER 0 36 1.085043e-03 1.844883e-03 0.000000e+00 4.727840e-04 0.000000e+00 0.000000e+00 0.000000e+00
PROFILE_ITER 0 37 1.074076e-03 1.863956e-03 0.000000e+00 4.677773e-04 0.000000e+00 0.000000e+00 0.000000e+00
PROFILE_ITER 0 38 1.080751e-03 1.855135e-03 0.000000e+00 4.699230e-04 0.000000e+00 0.000000e+00 0.000000e+00
PROFILE_ITER 0 39 1.069069e-03 1.869917e-03 0.000000e+00 4.692078e-04 0.000000e+00 0.000000e+00 0.000000e+00
PROFILE_ITER 0 40 1.071930e-03 1.821995e-03 0.000000e+00 4.689693e-04 0.000000e+00 0.000000e+00 0.000000e+00
PROFILE_ITER 0 41 1.070261e-03 1.866817e-03 0.000000e+00 4.701614e-04 0.000000e+00 0.000000e+00 0.000000e+00
PROFILE_ITER 0 42 1.070023e-03 1.873016e-03 0.000000e+00 4.699230e-04 0.000000e+00 0.000000e+00 0.000000e+00
PROFILE_ITER 0 43 1.071215e-03 1.865864e-03 0.000000e+00 4.680157e-04 9.536743e-07 0.000000e+00 0.000000e+00
PROFILE_ITER 0 44 1.074791e-03 1.863003e-03 0.000000e+00 4.699230e-04 0.000000e+00 0.000000e+00 0.000000e+00
PROFILE_ITER 0 45 1.079082e-03 1.871109e-03 0.000000e+00 4.711151e-04 9.536743e-07 0.000000e+00 0.000000e+00
PROFILE_ITER 0 46 1.073360e-03 1.862526e-03 0.000000e+00 4.701614e-04 0.000000e+00 0.000000e+00 0.000000e+00
PROFILE_ITER 0 47 1.080990e-03 1.856089e-03 0.000000e+00 4.720688e-04 0.000000e+00 0.000000e+00 0.000000e+00
PROFILE_ITER 0 48 1.077890e-03 1.857042e-03 0.000000e+00 4.730225e-04 0.000000e+00 0.000000e+00 0.000000e+00
PROFILE_ITER 0 49 1.073122e-03 1.870871e-03 0.000000e+00 4.689693e-04 0.000000e+00 0.000000e+00 0.000000e+00
PROFILE_ITER 1 50 2.248049e-03 6.849766e-04 0.000000e+00 2.203941e-03 0.000000e+00 0.000000e+00 0.000000e+00
PROFILE_ITER 1 51 2.249956e-03 6.799698e-04 0.000000e+00 2.207041e-03 0.000000e+00 0.000000e+00 1.907349e-06
PROFILE_ITER 1 52 2.135992e-03 6.840229e-04 0.000000e+00 2.094030e-03 0.000000e+00 0.000000e+00 9.536743e-07
PROFILE_ITER 1 53 2.248049e-03 6.840229e-04 0.000000e+00 2.204895e-03 1.192093e-06 0.000000e+00 0.000000e+00
PROFILE_ITER 1 54 2.253056e-03 6.868839e-04 0.000000e+00 2.211094e-03 0.000000e+00 0.000000e+00 9.536743e-07
PROFILE_ITER 1 55 2.256155e-03 6.828308e-04 0.000000e+00 2.213240e-03 0.000000e+00 0.000000e+00 9.536743e-07
PROFILE_ITER 1 56 2.198935e-03 6.830692e-04 0.000000e+00 2.156019e-03 0.000000e+00 0.000000e+00 0.000000e+00
PROFILE_ITER 1 57 2.256870e-03 6.821156e-04 0.000000e+00 2.213955e-03 0.000000e+00 0.000000e+00 0.000000e+00
PROFILE_ITER 1 58 2.248049e-03 6.830692e-04 0.000000e+00 2.207041e-03 0.000000e+00 0.000000e+00 0.000000e+00
PROFILE_ITER 1 59 2.256155e-03 6.847382e-04 0.000000e+00 2.214193e-03 0.000000e+00 0.000000e+00 0.000000e+00
PROFILE_ITER 1 60 2.192974e-03 6.861687e-04 0.000000e+00 2.151012e-03 0.000000e+00 0.000000e+00 0.000000e+00
PROFILE_ITER 1 61 2.229929e-03 6.818771e-04 0.000000e+00 2.187014e-03 0.000000e+00 0.000000e+00 0.000000e+00
PROFILE_ITER 1 62 2.249002e-03 6.828308e-04 0.000000e+00 2.207041e-03 0.000000e+00 0.000000e+00 0.000000e+00
PROFILE_ITER 1 63 2.264023e-03 6.787777e-04 0.000000e+00 2.221823e-03 0.000000e+00 0.000000e+00 0.000000e+00
PROFILE_ITER 1 64 2.252102e-03 6.830692e-04 0.000000e+00 2.209902e-03 0.000000e+00 0.000000e+00 0.000000e+00
PROFILE_ITER 1 65 2.240896e-03 6.849766e-04 0.000000e+00 2.198935e-03 0.000000e+00 0.000000e+00 0.000000e+00
PROFILE_ITER 0 50 1.080990e-03 1.852036e-03 0.000000e+00 4.711151e-04 0.000000e+00 0.000000e+00 0.000000e+00
PROFILE_ITER 0 51 1.080751e-03 1.849174e-03 0.000000e+00 4.730225e-04 0.000000e+00 9.536743e-07 0.000000e+00
PROFILE_ITER 0 52 1.076937e-03 1.743078e-03 0.000000e+00 4.689693e-04 0.000000e+00 0.000000e+00 0.000000e+00
PROFILE_ITER 0 53 1.073122e-03 1.858950e-03 0.000000e+00 4.720688e-04 0.000000e+00 0.000000e+00 0.000000e+00
PROFILE_ITER 0 54 1.073122e-03 1.866817e-03 0.000000e+00 4.708767e-04 0.000000e+00 0.000000e+00 0.000000e+00
PROFILE_ITER 0 55 1.069069e-03 1.869917e-03 0.000000e+00 4.701614e-04 0.000000e+00 0.000000e+00 0.000000e+00
PROFILE_ITER 0 56 1.065969e-03 1.816034e-03 0.000000e+00 4.689693e-04 0.000000e+00 0.000000e+00 0.000000e+00
PROFILE_ITER 0 57 1.070023e-03 1.868963e-03 0.000000e+00 4.711151e-04 0.000000e+00 0.000000e+00 0.000000e+00
PROFILE_ITER 0 58 1.072884e-03 1.858234e-03 0.000000e+00 4.708767e-04 0.000000e+00 0.000000e+00 0.000000e+00
PROFILE_ITER 0 59 1.081944e-03 1.858950e-03 0.000000e+00 4.699230e-04 0.000000e+00 0.000000e+00 0.000000e+00
PROFILE_ITER 0 60 1.075029e-03 1.804113e-03 0.000000e+00 4.699230e-04 0.000000e+00 0.000000e+00 0.000000e+00
PROFILE_ITER 0 61 1.096010e-03 1.815796e-03 0.000000e+00 4.708767e-04 0.000000e+00 0.000000e+00 0.000000e+00
PROFILE_ITER 0 62 1.072168e-03 1.859665e-03 0.000000e+00 4.711151e-04 9.536743e-07 0.000000e+00 0.000000e+00
PROFILE_ITER 0 63 1.072168e-03 1.870632e-03 0.000000e+00 4.701614e-04 0.000000e+00 0.000000e+00 0.000000e+00
PROFILE_ITER 0 64 1.074791e-03 1.860380e-03 0.000000e+00 4.718304e-04 0.000000e+00 0.000000e+00 0.000000e+00
PROFILE_ITER 0 65 1.073122e-03 1.852751e-03 0.000000e+00 4.711151e-04 0.000000e+00 0.000000e+00 0.000000e+00
PROFILE_ITER 0 66 1.070976e-03 1.811028e-03 0.000000e+00 4.711151e-04 9.536743e-07 0.000000e+00 0.000000e+00
PROFILE_ITER 0 67 1.077890e-03 1.865149e-03 0.000000e+00 4.720688e-04 0.000000e+00 0.000000e+00 0.000000e+00
PROFILE_ITER 1 66 2.196074e-03 6.859303e-04 0.000000e+00 2.153873e-03 0.000000e+00 0.000000e+00 0.000000e+00
PROFILE_ITER 1 67 2.255917e-03 6.861687e-04 0.000000e+00 2.213001e-03 0.000000e+00 0.000000e+00 0.000000e+00
PROFILE_ITER 1 68 2.251863e-03 6.830692e-04 0.000000e+00 2.210855e-03 0.000000e+00 0.000000e+00 0.000000e+00
PROFILE_ITER 1 69 2.251863e-03 6.842613e-04 0.000000e+00 2.210140e-03 0.000000e+00 0.000000e+00 0.000000e+00
PROFILE_ITER 1 70 2.263069e-03 6.828308e-04 0.000000e+00 2.221107e-03 0.000000e+00 0.000000e+00 0.000000e+00
PROFILE_ITER 1 71 2.205133e-03 6.818771e-04 0.000000e+00 2.162933e-03 0.000000e+00 0.000000e+00 0.000000e+00
PROFILE_ITER 1 72 2.243996e-03 6.880760e-04 0.000000e+00 2.203226e-03 0.000000e+00 0.000000e+00 0.000000e+00
PROFILE_ITER 1 73 2.255917e-03 6.830692e-04 0.000000e+00 2.214909e-03 0.000000e+00 0.000000e+00 0.000000e+00
PROFILE_ITER 1 74 2.254963e-03 6.821156e-04 0.000000e+00 2.213001e-03 0.000000e+00 0.000000e+00 9.536743e-07
PROFILE_ITER 1 75 2.248049e-03 6.818771e-04 0.000000e+00 2.206087e-03 0.000000e+00 0.000000e+00 0.000000e+00
PROFILE_ITER 0 68 1.075268e-03 1.859665e-03 0.000000e+00 4.711151e-04 0.000000e+00 0.000000e+00 0.000000e+00
PROFILE_ITER 0 69 1.077175e-03 1.858950e-03 0.000000e+00 4.711151e-04 0.000000e+00 0.000000e+00 0.000000e+00
PROFILE_ITER 0 70 1.078844e-03 1.867056e-03 0.000000e+00 4.730225e-04 0.000000e+00 0.000000e+00 9.536743e-07
PROFILE_ITER 0 71 1.074076e-03 1.812935e-03 0.000000e+00 4.720688e-04 0.000000e+00 0.000000e+00 0.000000e+00
PROFILE_ITER 0 72 1.066685e-03 1.865387e-03 0.000000e+00 4.708767e-04 0.000000e+00 0.000000e+00 0.000000e+00
PROFILE_ITER 0 73 1.079082e-03 1.859903e-03 0.000000e+00 4.701614e-04 9.536743e-07 0.000000e+00 0.000000e+00
PROFILE_ITER 0 74 1.080036e-03 1.857042e-03 0.000000e+00 4.711151e-04 0.000000e+00 0.000000e+00 0.000000e+00
PROFILE_ITER 0 75 1.075029e-03 1.853943e-03 0.000000e+00 4.711151e-04 0.000000e+00 0.000000e+00 0.000000e+00
PROFILE_ITER 0 76 1.075029e-03 1.857042e-03 0.000000e+00 4.711151e-04 9.536743e-07 0.000000e+00 0.000000e+00
PROFILE_ITER 1 76 2.249956e-03 6.821156e-04 0.000000e+00 2.206087e-03 0.000000e+00 0.000000e+00 0.000000e+00
PROFILE_ITER 1 77 2.256870e-03 6.799698e-04 0.000000e+00 2.215862e-03 0.000000e+00 0.000000e+00 0.000000e+00
PROFILE_ITER 1 78 2.245903e-03 6.852150e-04 0.000000e+00 2.203941e-03 0.000000e+00 0.000000e+00 0.000000e+00
PROFILE_ITER 1 79 2.253056e-03 6.849766e-04 0.000000e+00 2.209902e-03 0.000000e+00 0.000000e+00 0.000000e+00
PROFILE_ITER 1 80 2.203703e-03 6.852150e-04 0.000000e+00 2.159834e-03 0.000000e+00 0.000000e+00 0.000000e+00
PROFILE_ITER 1 81 2.249956e-03 6.821156e-04 0.000000e+00 2.206087e-03 0.000000e+00 0.000000e+00 9.536743e-07
PROFILE_ITER 1 82 2.248764e-03 6.830692e-04 0.000000e+00 2.207994e-03 0.000000e+00 0.000000e+00 0.000000e+00
PROFILE_ITER 0 77 1.076937e-03 1.859903e-03 0.000000e+00 4.720688e-04 0.000000e+00 0.000000e+00 0.000000e+00
PROFILE_ITER 0 78 1.076937e-03 1.854181e-03 1.192093e-06 4.677773e-04 0.000000e+00 9.536743e-07 0.000000e+00
PROFILE_ITER 0 79 1.070976e-03 1.867056e-03 0.000000e+00 4.692078e-04 0.000000e+00 0.000000e+00 0.000000e+00
PROFILE_ITER 0 80 1.069069e-03 1.819849e-03 0.000000e+00 4.711151e-04 0.000000e+00 0.000000e+00 0.000000e+00
PROFILE_ITER 0 81 1.074791e-03 1.857281e-03 0.000000e+00 4.711151e-04 0.000000e+00 0.000000e+00 0.000000e+00
PROFILE_ITER 1 83 2.252817e-03 6.852150e-04 0.000000e+00 2.210855e-03 0.000000e+00 0.000000e+00 0.000000e+00
PROFILE_ITER 1 84 2.258062e-03 6.799698e-04 0.000000e+00 2.213955e-03 0.000000e+00 0.000000e+00 9.536743e-07
PROFILE_ITER 0 82 1.075029e-03 1.856804e-03 0.000000e+00 4.730225e-04 0.000000e+00 0.000000e+00 0.000000e+00
PROFILE_ITER 0 83 1.070976e-03 1.867056e-03 0.000000e+00 4.711151e-04 0.000000e+00 0.000000e+00 0.000000e+00
PROFILE_ITER 1 85 2.223969e-03 6.840229e-04 0.000000e+00 2.181053e-03 0.000000e+00 0.000000e+00 0.000000e+00
PROFILE_ITER 1 86 2.251863e-03 6.861687e-04 0.000000e+00 2.210855e-03 0.000000e+00 0.000000e+00 0.000000e+00
PROFILE_ITER 1 87 2.259970e-03 6.830692e-04 0.000000e+00 2.218008e-03 0.000000e+00 0.000000e+00 0.000000e+00
PROFILE_ITER 1 88 2.245903e-03 6.830692e-04 0.000000e+00 2.205133e-03 0.000000e+00 0.000000e+00 0.000000e+00
PROFILE_ITER 0 84 1.079082e-03 1.858950e-03 0.000000e+00 4.720688e-04 0.000000e+00 0.000000e+00 0.000000e+00
PROFILE_ITER 0 85 1.072884e-03 1.835108e-03 0.000000e+00 4.718304e-04 9.536743e-07 0.000000e+00 0.000000e+00
PROFILE_ITER 0 86 1.073837e-03 1.864195e-03 0.000000e+00 4.730225e-04 0.000000e+00 0.000000e+00 0.000000e+00
PROFILE_ITER 0 87 1.075745e-03 1.867294e-03 0.000000e+00 4.711151e-04 0.000000e+00 0.000000e+00 0.000000e+00
PROFILE_ITER 1 89 2.265930e-03 6.892681e-04 0.000000e+00 2.223015e-03 0.000000e+00 0.000000e+00 0.000000e+00
PROFILE_ITER 1 90 2.257109e-03 6.878376e-04 0.000000e+00 2.213001e-03 0.000000e+00 0.000000e+00 0.000000e+00
PROFILE_ITER 0 88 1.085997e-03 1.844883e-03 0.000000e+00 4.701614e-04 0.000000e+00 0.000000e+00 0.000000e+00
PROFILE_ITER 0 89 1.082182e-03 1.873016e-03 0.000000e+00 4.692078e-04 0.000000e+00 0.000000e+00 0.000000e+00
PROFILE_ITER 1 91 2.251863e-03 6.840229e-04 0.000000e+00 2.208948e-03 0.000000e+00 0.000000e+00 9.536743e-07
PROFILE_ITER 1 92 2.231121e-03 6.828308e-04 0.000000e+00 2.187014e-03 0.000000e+00 0.000000e+00 9.536743e-07
PROFILE_ITER 1 93 2.264738e-03 6.823540e-04 0.000000e+00 2.223015e-03 0.000000e+00 0.000000e+00 9.536743e-07
PROFILE_ITER 0 90 1.081944e-03 1.863003e-03 0.000000e+00 4.727840e-04 0.000000e+00 0.000000e+00 0.000000e+00
PROFILE_ITER 0 91 1.076221e-03 1.859665e-03 0.000000e+00 4.699230e-04 0.000000e+00 0.000000e+00 0.000000e+00
PROFILE_ITER 0 92 1.071930e-03 1.842022e-03 0.000000e+00 4.699230e-04 0.000000e+00 0.000000e+00 0.000000e+00
PROFILE_ITER 0 93 1.087904e-03 1.859188e-03 0.000000e+00 4.718304e-04 0.000000e+00 0.000000e+00 0.000000e+00
PROFILE_ITER 0 94 1.068830e-03 1.865149e-03 0.000000e+00 4.711151e-04 0.000000e+00 0.000000e+00 0.000000e+00
PROFILE_ITER 0 95 1.075029e-03 1.867056e-03 0.000000e+00 4.739761e-04 1.907349e-06 0.000000e+00 0.000000e+00
PROFILE_ITER 0 96 1.075745e-03 1.861334e-03 0.000000e+00 4.720688e-04 0.000000e+00 0.000000e+00 0.000000e+00
PROFILE_ITER 0 97 1.068115e-03 1.867771e-03 0.000000e+00 4.701614e-04 0.000000e+00 0.000000e+00 0.000000e+00
PROFILE_ITER 0 98 1.067877e-03 1.853228e-03 0.000000e+00 4.689693e-04 0.000000e+00 0.000000e+00 0.000000e+00
PROFILE_ITER 1 94 2.248049e-03 6.859303e-04 0.000000e+00 2.204895e-03 0.000000e+00 0.000000e+00 0.000000e+00
PROFILE_ITER 1 95 2.256870e-03 6.861687e-04 0.000000e+00 2.215862e-03 0.000000e+00 0.000000e+00 0.000000e+00
PROFILE_ITER 1 96 2.252102e-03 6.849766e-04 0.000000e+00 2.211094e-03 0.000000e+00 0.000000e+00 0.000000e+00
PROFILE_ITER 1 97 2.248764e-03 6.871223e-04 0.000000e+00 2.207756e-03 0.000000e+00 0.000000e+00 0.000000e+00
PROFILE_ITER 1 98 2.239943e-03 6.811619e-04 0.000000e+00 2.197027e-03 0.000000e+00 0.000000e+00 9.536743e-07
PROFILE_ITER 1 99 2.243996e-03 6.790161e-04 0.000000e+00 2.202988e-03 0.000000e+00 0.000000e+00 0.000000e+00
PROFILE_ITER 0 99 1.073837e-03 1.849174e-03 0.000000e+00 4.727840e-04 0.000000e+00 0.000000e+00 0.000000e+00
PROFILE_ITER 0 100 1.068115e-03 1.855850e-03 0.000000e+00 4.689693e-04 0.000000e+00 0.000000e+00 0.000000e+00
PROFILE_ITER 1 100 2.246141e-03 6.778240e-04 0.000000e+00 2.203226e-03 0.000000e+00 0.000000e+00 0.000000e+00
PROFILE_ITER 1 101 2.248287e-03 6.856918e-04 0.000000e+00 2.204895e-03 0.000000e+00 0.000000e+00 0.000000e+00
PROFILE_ITER 0 101 1.074076e-03 1.859903e-03 0.000000e+00 4.720688e-04 0.000000e+00 0.000000e+00 0.000000e+00
PROFILE_ITER 0 102 1.075983e-03 1.859903e-03 0.000000e+00 4.711151e-04 0.000000e+00 0.000000e+00 0.000000e+00
PROFILE_ITER 0 103 1.088142e-03 1.849890e-03 0.000000e+00 4.730225e-04 0.000000e+00 0.000000e+00 0.000000e+00
PROFILE_ITER 1 102 2.254009e-03 6.818771e-04 0.000000e+00 2.211094e-03 0.000000e+00 0.000000e+00 0.000000e+00
PROFILE_ITER 1 103 2.259016e-03 6.799698e-04 0.000000e+00 2.217054e-03 0.000000e+00 0.000000e+00 0.000000e+00
PROFILE_ITER 1 104 2.243042e-03 6.849766e-04 0.000000e+00 2.202034e-03 0.000000e+00 0.000000e+00 0.000000e+00
PROFILE_ITER 1 105 2.239227e-03 6.868839e-04 0.000000e+00 2.195120e-03 0.000000e+00 0.000000e+00 1.192093e-06
PROFILE_ITER 0 104 1.071930e-03 1.857042e-03 0.000000e+00 4.708767e-04 0.000000e+00 0.000000e+00 0.000000e+00
PROFILE_ITER 0 105 1.072884e-03 1.854181e-03 0.000000e+00 4.720688e-04 9.536743e-07 0.000000e+00 0.000000e+00
PROFILE_ITER 0 106 1.073837e-03 1.868248e-03 0.000000e+00 4.730225e-04 0.000000e+00 0.000000e+00 0.000000e+00
PROFILE_ITER 1 106 2.260208e-03 6.818771e-04 0.000000e+00 2.217054e-03 0.000000e+00 0.000000e+00 0.000000e+00
PROFILE_ITER 1 107 2.249956e-03 6.818771e-04 0.000000e+00 2.207041e-03 0.000000e+00 0.000000e+00 0.000000e+00
PROFILE_ITER 1 108 2.261162e-03 6.859303e-04 0.000000e+00 2.219200e-03 0.000000e+00 0.000000e+00 0.000000e+00
PROFILE_ITER 0 107 1.071930e-03 1.859903e-03 0.000000e+00 4.692078e-04 0.000000e+00 0.000000e+00 0.000000e+00
PROFILE_ITER 0 108 1.088858e-03 1.858234e-03 0.000000e+00 4.739761e-04 0.000000e+00 0.000000e+00 9.536743e-07
PROFILE_ITER 0 109 1.072884e-03 1.740217e-03 0.000000e+00 4.720688e-04 0.000000e+00 0.000000e+00 0.000000e+00
PROFILE_ITER 0 110 1.073122e-03 1.860857e-03 0.000000e+00 4.711151e-04 0.000000e+00 9.536743e-07 0.000000e+00
PROFILE_ITER 1 109 2.130270e-03 6.828308e-04 0.000000e+00 2.087116e-03 0.000000e+00 0.000000e+00 0.000000e+00
PROFILE_ITER 1 110 2.249002e-03 6.849766e-04 0.000000e+00 2.207041e-03 0.000000e+00 0.000000e+00 0.000000e+00
PROFILE_ITER 1 111 2.254725e-03 6.821156e-04 9.536743e-07 2.211809e-03 0.000000e+00 0.000000e+00 0.000000e+00
PROFILE_ITER 1 112 2.207041e-03 6.821156e-04 0.000000e+00 2.166033e-03 0.000000e+00 0.000000e+00 0.000000e+00
PROFILE_ITER 1 113 2.239943e-03 6.880760e-04 0.000000e+00 2.199173e-03 0.000000e+00 0.000000e+00 0.000000e+00
PROFILE_ITER 1 114 2.211809e-03 6.880760e-04 0.000000e+00 2.169609e-03 0.000000e+00 0.000000e+00 0.000000e+00
PROFILE_ITER 1 115 2.258062e-03 6.849766e-04 0.000000e+00 2.215147e-03 0.000000e+00 0.000000e+00 0.000000e+00
PROFILE_ITER 1 116 2.243757e-03 6.883144e-04 0.000000e+00 2.200842e-03 0.000000e+00 0.000000e+00 0.000000e+00
PROFILE_ITER 1 117 2.193213e-03 6.825924e-04 0.000000e+00 2.151966e-03 0.000000e+00 0.000000e+00 0.000000e+00
PROFILE_ITER 1 118 2.254248e-03 6.847382e-04 0.000000e+00 2.213001e-03 0.000000e+00 0.000000e+00 0.000000e+00
PROFILE_ITER 1 119 2.249956e-03 6.859303e-04 0.000000e+00 2.207756e-03 0.000000e+00 0.000000e+00 1.192093e-06
PROFILE_ITER 1 120 2.249956e-03 6.840229e-04 0.000000e+00 2.207041e-03 0.000000e+00 0.000000e+00 0.000000e+00
PROFILE_ITER 1 121 2.245903e-03 6.811619e-04 0.000000e+00 2.201796e-03 0.000000e+00 0.000000e+00 9.536743e-07
PROFILE_ITER 1 122 2.238274e-03 6.828308e-04 0.000000e+00 2.197027e-03 0.000000e+00 0.000000e+00 0.000000e+00
PROFILE_ITER 1 123 2.248049e-03 6.828308e-04 0.000000e+00 2.205849e-03 0.000000e+00 0.000000e+00 0.000000e+00
PROFILE_ITER 1 124 2.250910e-03 6.840229e-04 0.000000e+00 2.207994e-03 0.000000e+00 0.000000e+00 0.000000e+00
PROFILE_ITER 1 125 2.255917e-03 6.852150e-04 0.000000e+00 2.213955e-03 0.000000e+00 0.000000e+00 0.000000e+00
PROFILE_ITER 1 126 2.255917e-03 6.880760e-04 0.000000e+00 2.212763e-03 0.000000e+00 0.000000e+00 0.000000e+00
PROFILE_ITER 0 111 1.071930e-03 1.864910e-03 0.000000e+00 4.727840e-04 0.000000e+00 0.000000e+00 0.000000e+00
PROFILE_ITER 0 112 1.074076e-03 1.815081e-03 0.000000e+00 4.720688e-04 0.000000e+00 0.000000e+00 0.000000e+00
PROFILE_ITER 0 113 1.072884e-03 1.855135e-03 0.000000e+00 4.708767e-04 0.000000e+00 0.000000e+00 0.000000e+00
PROFILE_ITER 0 114 1.077890e-03 1.821995e-03 0.000000e+00 4.699230e-04 9.536743e-07 0.000000e+00 0.000000e+00
PROFILE_ITER 0 115 1.078844e-03 1.863241e-03 0.000000e+00 4.718304e-04 0.000000e+00 0.000000e+00 0.000000e+00
PROFILE_ITER 0 116 1.069069e-03 1.863003e-03 0.000000e+00 4.687309e-04 0.000000e+00 0.000000e+00 0.000000e+00
PROFILE_ITER 0 117 1.076221e-03 1.800776e-03 9.536743e-07 4.682541e-04 0.000000e+00 9.536743e-07 0.000000e+00
PROFILE_ITER 0 118 1.077175e-03 1.861811e-03 0.000000e+00 4.720688e-04 0.000000e+00 0.000000e+00 0.000000e+00
PROFILE_ITER 0 119 1.080036e-03 1.855850e-03 0.000000e+00 4.699230e-04 0.000000e+00 0.000000e+00 0.000000e+00
PROFILE_ITER 0 120 1.077890e-03 1.856089e-03 0.000000e+00 4.730225e-04 0.000000e+00 0.000000e+00 0.000000e+00
PROFILE_ITER 0 121 1.073122e-03 1.852989e-03 0.000000e+00 4.699230e-04 0.000000e+00 0.000000e+00 0.000000e+00
PROFILE_ITER 0 122 1.070738e-03 1.850367e-03 1.192093e-06 4.699230e-04 0.000000e+00 0.000000e+00 0.000000e+00
PROFILE_ITER 0 123 1.066923e-03 1.863956e-03 0.000000e+00 4.711151e-04 0.000000e+00 0.000000e+00 0.000000e+00
PROFILE_ITER 0 124 1.070976e-03 1.863956e-03 0.000000e+00 4.718304e-04 0.000000e+00 0.000000e+00 0.000000e+00
PROFILE_ITER 0 125 1.079082e-03 1.862049e-03 0.000000e+00 4.699230e-04 0.000000e+00 0.000000e+00 0.000000e+00
PROFILE_ITER 0 126 1.071692e-03 1.872301e-03 0.000000e+00 4.689693e-04 0.000000e+00 0.000000e+00 0.000000e+00
PROFILE_ITER 0 127 1.067877e-03 1.806021e-03 0.000000e+00 4.699230e-04 0.000000e+00 0.000000e+00 0.000000e+00
PROFILE_ITER 0 128 1.080036e-03 1.864910e-03 0.000000e+00 4.711151e-04 0.000000e+00 0.000000e+00 0.000000e+00
PROFILE_ITER 1 127 2.188921e-03 6.849766e-04 0.000000e+00 2.146006e-03 9.536743e-07 0.000000e+00 0.000000e+00
PROFILE_ITER 1 128 2.259970e-03 6.849766e-04 0.000000e+00 2.218008e-03 0.000000e+00 0.000000e+00 0.000000e+00
PROFILE_ITER 1 129 2.260923e-03 6.821156e-04 0.000000e+00 2.218008e-03 0.000000e+00 0.000000e+00 9.536743e-07
PROFILE_ITER 0 129 1.078129e-03 1.864910e-03 1.192093e-06 4.699230e-04 0.000000e+00 0.000000e+00 0.000000e+00
PROFILE_ITER 0 130 1.077890e-03 1.865149e-03 0.000000e+00 4.718304e-04 0.000000e+00 0.000000e+00 0.000000e+00
PROFILE_ITER 0 131 1.075029e-03 1.861095e-03 0.000000e+00 4.711151e-04 0.000000e+00 0.000000e+00 0.000000e+00
PROFILE_ITER 0 132 1.078129e-03 1.858711e-03 0.000000e+00 4.732609e-04 0.000000e+00 0.000000e+00 0.000000e+00
PROFILE_ITER 0 133 1.070976e-03 1.867056e-03 0.000000e+00 4.699230e-04 0.000000e+00 0.000000e+00 0.000000e+00
PROFILE_ITER 1 130 2.256870e-03 6.861687e-04 0.000000e+00 2.213001e-03 0.000000e+00 0.000000e+00 0.000000e+00
PROFILE_ITER 1 131 2.249956e-03 6.861687e-04 0.000000e+00 2.208948e-03 0.000000e+00 0.000000e+00 0.000000e+00
PROFILE_ITER 1 132 2.258778e-03 6.780624e-04 0.000000e+00 2.214909e-03 9.536743e-07 0.000000e+00 0.000000e+00
PROFILE_ITER 1 133 2.254963e-03 6.830692e-04 0.000000e+00 2.214193e-03 0.000000e+00 0.000000e+00 0.000000e+00
PROFILE_ITER 1 134 2.250910e-03 6.880760e-04 0.000000e+00 2.207756e-03 0.000000e+00 0.000000e+00 0.000000e+00
PROFILE_ITER 1 135 2.255201e-03 6.859303e-04 0.000000e+00 2.212286e-03 0.000000e+00 0.000000e+00 9.536743e-07
PROFILE_ITER 1 136 2.252102e-03 6.849766e-04 0.000000e+00 2.208948e-03 9.536743e-07 0.000000e+00 0.000000e+00
PROFILE_ITER 1 137 2.245188e-03 6.875992e-04 0.000000e+00 2.202272e-03 0.000000e+00 0.000000e+00 0.000000e+00
PROFILE_ITER 0 134 1.080036e-03 1.858950e-03 0.000000e+00 4.701614e-04 0.000000e+00 9.536743e-07 0.000000e+00
PROFILE_ITER 0 135 1.075029e-03 1.866102e-03 0.000000e+00 4.720688e-04 0.000000e+00 0.000000e+00 0.000000e+00
PROFILE_ITER 0 136 1.080990e-03 1.857042e-03 0.000000e+00 4.732609e-04 0.000000e+00 0.000000e+00 0.000000e+00
PROFILE_ITER 0 137 1.072884e-03 1.858950e-03 0.000000e+00 4.708767e-04 0.000000e+00 0.000000e+00 0.000000e+00
PROFILE_ITER 1 138 2.249956e-03 6.890297e-04 0.000000e+00 2.208233e-03 0.000000e+00 0.000000e+00 0.000000e+00
PROFILE_ITER 1 139 2.255201e-03 6.868839e-04 0.000000e+00 2.213001e-03 0.000000e+00 0.000000e+00 0.000000e+00
PROFILE_ITER 0 138 1.075983e-03 1.863003e-03 0.000000e+00 4.730225e-04 9.536743e-07 0.000000e+00 0.000000e+00
PROFILE_ITER 0 139 1.076221e-03 1.864910e-03 0.000000e+00 4.701614e-04 0.000000e+00 0.000000e+00 0.000000e+00
PROFILE_ITER 0 140 1.082182e-03 1.822710e-03 0.000000e+00 4.701614e-04 0.000000e+00 0.000000e+00 0.000000e+00
PROFILE_ITER 0 141 1.075745e-03 1.863241e-03 0.000000e+00 4.708767e-04 0.000000e+00 0.000000e+00 0.000000e+00
PROFILE_ITER 1 140 2.218962e-03 6.849766e-04 2.145767e-06 2.175808e-03 0.000000e+00 0.000000e+00 0.000000e+00
PROFILE_ITER 1 141 2.254009e-03 6.849766e-04 0.000000e+00 2.210855e-03 0.000000e+00 0.000000e+00 0.000000e+00
PROFILE_ITER 1 142 2.248049e-03 6.880760e-04 0.000000e+00 2.205849e-03 0.000000e+00 0.000000e+00 0.000000e+00
PROFILE_ITER 1 143 2.241135e-03 6.847382e-04 0.000000e+00 2.197981e-03 0.000000e+00 0.000000e+00 0.000000e+00
PROFILE_ITER 0 142 1.071930e-03 1.864195e-03 0.000000e+00 4.701614e-04 0.000000e+00 0.000000e+00 0.000000e+00
PROFILE_ITER 0 143 1.068830e-03 1.857042e-03 0.000000e+00 4.696846e-04 0.000000e+00 0.000000e+00 0.000000e+00
PROFILE_ITER 0 144 1.083851e-03 1.824141e-03 0.000000e+00 4.689693e-04 0.000000e+00 0.000000e+00 0.000000e+00
PROFILE_ITER 0 145 1.080990e-03 1.797199e-03 0.000000e+00 4.727840e-04 0.000000e+00 0.000000e+00 0.000000e+00
PROFILE_ITER 1 144 2.232075e-03 6.759167e-04 0.000000e+00 2.189159e-03 0.000000e+00 0.000000e+00 9.536743e-07
PROFILE_ITER 1 145 2.194166e-03 6.840229e-04 0.000000e+00 2.151966e-03 0.000000e+00 0.000000e+00 1.192093e-06
PROFILE_ITER 1 146 2.250195e-03 6.856918e-04 0.000000e+00 2.209187e-03 0.000000e+00 0.000000e+00 0.000000e+00
PROFILE_ITER 0 146 1.076221e-03 1.859665e-03 9.536743e-07 4.720688e-04 0.000000e+00 0.000000e+00 0.000000e+00
PROFILE_ITER 0 147 1.075983e-03 1.863003e-03 9.536743e-07 4.720688e-04 0.000000e+00 0.000000e+00 0.000000e+00
PROFILE_ITER 0 148 1.080275e-03 1.850843e-03 0.000000e+00 4.711151e-04 0.000000e+00 0.000000e+00 0.000000e+00
PROFILE_ITER 0 149 1.075983e-03 1.863956e-03 0.000000e+00 4.718304e-04 0.000000e+00 0.000000e+00 0.000000e+00
PROFILE_ITER 0 150 1.074791e-03 1.861095e-03 0.000000e+00 4.701614e-04 0.000000e+00 0.000000e+00 0.000000e+00
PROFILE_ITER 0 151 1.074791e-03 1.850367e-03 0.000000e+00 4.696846e-04 0.000000e+00 0.000000e+00 0.000000e+00
PROFILE_ITER 1 147 2.254248e-03 6.837845e-04 0.000000e+00 2.212048e-03 0.000000e+00 0.000000e+00 1.192093e-06
PROFILE_ITER 1 148 2.249956e-03 6.811619e-04 0.000000e+00 2.205849e-03 0.000000e+00 0.000000e+00 0.000000e+00
PROFILE_ITER 1 149 2.255917e-03 6.840229e-04 9.536743e-07 2.213001e-03 0.000000e+00 0.000000e+00 9.536743e-07
PROFILE_ITER 1 150 2.247095e-03 6.887913e-04 0.000000e+00 2.205133e-03 0.000000e+00 0.000000e+00 0.000000e+00
PROFILE_ITER 0 152 1.076221e-03 1.857758e-03 0.000000e+00 4.708767e-04 0.000000e+00 0.000000e+00 0.000000e+00
PROFILE_ITER 0 153 1.073122e-03 1.853943e-03 0.000000e+00 4.720688e-04 0.000000e+00 0.000000e+00 0.000000e+00
PROFILE_ITER 1 151 2.240896e-03 6.842613e-04 0.000000e+00 2.199888e-03 0.000000e+00 0.000000e+00 0.000000e+00
PROFILE_ITER 1 152 2.251863e-03 6.821156e-04 0.000000e+00 2.208948e-03 9.536743e-07 0.000000e+00 0.000000e+00
PROFILE_ITER 0 154 1.073122e-03 1.860857e-03 0.000000e+00 4.692078e-04 0.000000e+00 0.000000e+00 0.000000e+00
PROFILE_ITER 0 155 1.076937e-03 1.859903e-03 0.000000e+00 4.696846e-04 0.000000e+00 0.000000e+00 0.000000e+00
PROFILE_ITER 1 153 2.239943e-03 6.871223e-04 0.000000e+00 2.197981e-03 0.000000e+00 0.000000e+00 0.000000e+00
PROFILE_ITER 1 154 2.252102e-03 6.818771e-04 0.000000e+00 2.209187e-03 0.000000e+00 0.000000e+00 0.000000e+00
PROFILE_ITER 0 156 1.071930e-03 1.868963e-03 0.000000e+00 4.711151e-04 0.000000e+00 0.000000e+00 0.000000e+00
PROFILE_ITER 0 157 1.070976e-03 1.857996e-03 0.000000e+00 4.701614e-04 0.000000e+00 0.000000e+00 0.000000e+00
PROFILE_ITER 0 158 1.077175e-03 1.870871e-03 0.000000e+00 4.699230e-04 9.536743e-07 0.000000e+00 0.000000e+00
PROFILE_ITER 1 155 2.247095e-03 6.897449e-04 0.000000e+00 2.206087e-03 0.000000e+00 0.000000e+00 0.000000e+00
PROFILE_ITER 1 156 2.254963e-03 6.871223e-04 0.000000e+00 2.213001e-03 0.000000e+00 0.000000e+00 0.000000e+00
PROFILE_ITER 1 157 2.240896e-03 6.880760e-04 0.000000e+00 2.198935e-03 0.000000e+00 0.000000e+00 0.000000e+00
PROFILE_ITER 0 159 1.085997e-03 1.849890e-03 0.000000e+00 4.708767e-04 0.000000e+00 0.000000e+00 0.000000e+00
PROFILE_ITER 0 160 1.076221e-03 1.805782e-03 0.000000e+00 4.689693e-04 0.000000e+00 0.000000e+00 0.000000e+00
PROFILE_ITER 1 158 2.262115e-03 6.859303e-04 0.000000e+00 2.219200e-03 0.000000e+00 0.000000e+00 9.536743e-07
PROFILE_ITER 1 159 2.254963e-03 6.809235e-04 0.000000e+00 2.213001e-03 0.000000e+00 0.000000e+00 0.000000e+00
PROFILE_ITER 1 160 2.198935e-03 6.830692e-04 0.000000e+00 2.156734e-03 0.000000e+00 0.000000e+00 9.536743e-07
PROFILE_ITER 1 161 2.250195e-03 6.828308e-04 0.000000e+00 2.207041e-03 0.000000e+00 0.000000e+00 0.000000e+00
PROFILE_ITER 1 162 2.256870e-03 6.811619e-04 0.000000e+00 2.213955e-03 0.000000e+00 0.000000e+00 9.536743e-07
PROFILE_ITER 0 161 1.066923e-03 1.865149e-03 0.000000e+00 4.701614e-04 0.000000e+00 0.000000e+00 0.000000e+00
PROFILE_ITER 0 162 1.075983e-03 1.863003e-03 0.000000e+00 4.739761e-04 0.000000e+00 0.000000e+00 0.000000e+00
PROFILE_ITER 0 163 1.075983e-03 1.870155e-03 0.000000e+00 4.708767e-04 0.000000e+00 0.000000e+00 0.000000e+00
PROFILE_ITER 0 164 1.091242e-03 1.861572e-03 0.000000e+00 4.720688e-04 0.000000e+00 0.000000e+00 0.000000e+00
PROFILE_ITER 1 163 2.256870e-03 6.892681e-04 0.000000e+00 2.213955e-03 9.536743e-07 0.000000e+00 0.000000e+00
PROFILE_ITER 1 164 2.264977e-03 6.878376e-04 0.000000e+00 2.222061e-03 9.536743e-07 0.000000e+00 0.000000e+00
PROFILE_ITER 1 165 2.272129e-03 6.890297e-04 0.000000e+00 2.230167e-03 0.000000e+00 0.000000e+00 0.000000e+00
PROFILE_ITER 0 165 1.088142e-03 1.873016e-03 0.000000e+00 4.730225e-04 0.000000e+00 0.000000e+00 0.000000e+00
PROFILE_ITER 0 166 1.078844e-03 1.866102e-03 0.000000e+00 4.730225e-04 0.000000e+00 0.000000e+00 0.000000e+00
PROFILE_ITER 0 167 1.079082e-03 1.860857e-03 0.000000e+00 4.751682e-04 0.000000e+00 0.000000e+00 0.000000e+00
PROFILE_ITER 1 166 2.259016e-03 6.859303e-04 0.000000e+00 2.216101e-03 0.000000e+00 0.000000e+00 0.000000e+00
PROFILE_ITER 1 167 2.254963e-03 6.849766e-04 0.000000e+00 2.214909e-03 0.000000e+00 0.000000e+00 0.000000e+00
PROFILE_ITER 0 168 1.075983e-03 1.857996e-03 0.000000e+00 4.711151e-04 0.000000e+00 0.000000e+00 0.000000e+00
PROFILE_ITER 1 168 2.249956e-03 6.840229e-04 0.000000e+00 2.208948e-03 0.000000e+00 0.000000e+00 0.000000e+00
PROFILE_ITER 1 169 2.249002e-03 6.840229e-04 0.000000e+00 2.207041e-03 0.000000e+00 0.000000e+00 0.000000e+00
PROFILE_ITER 1 170 2.194881e-03 6.842613e-04 0.000000e+00 2.152920e-03 0.000000e+00 0.000000e+00 9.536743e-07
PROFILE_ITER 0 169 1.073837e-03 1.859188e-03 0.000000e+00 4.708767e-04 1.907349e-06 0.000000e+00 0.000000e+00
PROFILE_ITER 0 170 1.076221e-03 1.802921e-03 0.000000e+00 4.711151e-04 0.000000e+00 0.000000e+00 0.000000e+00
PROFILE_ITER 0 171 1.072884e-03 1.867056e-03 0.000000e+00 4.670620e-04 0.000000e+00 0.000000e+00 0.000000e+00
PROFILE_ITER 1 171 2.250910e-03 6.890297e-04 0.000000e+00 2.208710e-03 0.000000e+00 0.000000e+00 0.000000e+00
PROFILE_ITER 1 172 2.253056e-03 6.818771e-04 0.000000e+00 2.208948e-03 0.000000e+00 0.000000e+00 0.000000e+00
PROFILE_ITER 0 172 1.072168e-03 1.862764e-03 0.000000e+00 4.708767e-04 0.000000e+00 0.000000e+00 0.000000e+00
PROFILE_ITER 1 173 2.264977e-03 6.840229e-04 0.000000e+00 2.223969e-03 0.000000e+00 0.000000e+00 0.000000e+00
PROFILE_ITER 1 174 2.264023e-03 6.868839e-04 0.000000e+00 2.221107e-03 0.000000e+00 0.000000e+00 0.000000e+00
PROFILE_ITER 0 173 1.079082e-03 1.868963e-03 0.000000e+00 4.682541e-04 0.000000e+00 0.000000e+00 0.000000e+00
PROFILE_ITER 0 174 1.089096e-03 1.861811e-03 0.000000e+00 4.732609e-04 0.000000e+00 0.000000e+00 0.000000e+00
PROFILE_ITER 0 175 1.076221e-03 1.859903e-03 0.000000e+00 4.711151e-04 0.000000e+00 0.000000e+00 0.000000e+00
PROFILE_ITER 0 176 1.071930e-03 1.872063e-03 0.000000e+00 4.711151e-04 0.000000e+00 0.000000e+00 0.000000e+00
PROFILE_ITER 0 177 1.072884e-03 1.854181e-03 0.000000e+00 4.711151e-04 0.000000e+00 0.000000e+00 0.000000e+00
PROFILE_ITER 1 175 2.250910e-03 6.852150e-04 0.000000e+00 2.208948e-03 0.000000e+00 0.000000e+00 0.000000e+00
PROFILE_ITER 1 176 2.251863e-03 6.921291e-04 0.000000e+00 2.210855e-03 0.000000e+00 0.000000e+00 0.000000e+00
PROFILE_ITER 1 177 2.246141e-03 6.809235e-04 0.000000e+00 2.204180e-03 0.000000e+00 0.000000e+00 0.000000e+00
PROFILE_ITER 1 178 2.252102e-03 6.818771e-04 0.000000e+00 2.209187e-03 9.536743e-07 0.000000e+00 0.000000e+00
PROFILE_ITER 1 179 2.263069e-03 6.878376e-04 0.000000e+00 2.220869e-03 0.000000e+00 0.000000e+00 0.000000e+00
PROFILE_ITER 1 180 2.251387e-03 6.885529e-04 0.000000e+00 2.209187e-03 0.000000e+00 0.000000e+00 0.000000e+00
PROFILE_ITER 0 178 1.079798e-03 1.854181e-03 0.000000e+00 4.727840e-04 0.000000e+00 0.000000e+00 0.000000e+00
PROFILE_ITER 0 179 1.086950e-03 1.863956e-03 0.000000e+00 4.720688e-04 0.000000e+00 0.000000e+00 0.000000e+00
PROFILE_ITER 1 181 2.254009e-03 6.828308e-04 0.000000e+00 2.212048e-03 0.000000e+00 0.000000e+00 0.000000e+00
PROFILE_ITER 1 182 2.251863e-03 6.883144e-04 9.536743e-07 2.208948e-03 0.000000e+00 0.000000e+00 9.536743e-07
PROFILE_ITER 0 180 1.076937e-03 1.864195e-03 0.000000e+00 4.711151e-04 0.000000e+00 0.000000e+00 0.000000e+00
PROFILE_ITER 0 181 1.073837e-03 1.863003e-03 0.000000e+00 4.711151e-04 0.000000e+00 0.000000e+00 0.000000e+00
PROFILE_ITER 1 183 2.252102e-03 6.787777e-04 0.000000e+00 2.208948e-03 0.000000e+00 0.000000e+00 0.000000e+00
PROFILE_ITER 1 184 2.244949e-03 6.790161e-04 0.000000e+00 2.201796e-03 0.000000e+00 0.000000e+00 0.000000e+00
PROFILE_ITER 0 182 1.066685e-03 1.873493e-03 0.000000e+00 4.677773e-04 9.536743e-07 0.000000e+00 0.000000e+00
PROFILE_ITER 0 183 1.067877e-03 1.862049e-03 0.000000e+00 4.711151e-04 0.000000e+00 0.000000e+00 0.000000e+00
PROFILE_ITER 1 185 2.258062e-03 6.859303e-04 0.000000e+00 2.215147e-03 0.000000e+00 0.000000e+00 9.536743e-07
PROFILE_ITER 1 186 2.249002e-03 6.821156e-04 0.000000e+00 2.206802e-03 0.000000e+00 0.000000e+00 0.000000e+00
PROFILE_ITER 1 187 2.254009e-03 6.828308e-04 0.000000e+00 2.212048e-03 0.000000e+00 0.000000e+00 0.000000e+00
PROFILE_ITER 1 188 2.250195e-03 6.859303e-04 0.000000e+00 2.208948e-03 0.000000e+00 0.000000e+00 0.000000e+00
PROFILE_ITER 0 184 1.072884e-03 1.851082e-03 0.000000e+00 4.701614e-04 0.000000e+00 0.000000e+00 0.000000e+00
PROFILE_ITER 0 185 1.081944e-03 1.862049e-03 0.000000e+00 4.711151e-04 0.000000e+00 0.000000e+00 0.000000e+00
PROFILE_ITER 0 186 1.078129e-03 1.852989e-03 0.000000e+00 4.720688e-04 0.000000e+00 0.000000e+00 0.000000e+00
PROFILE_ITER 0 187 1.071692e-03 1.865149e-03 0.000000e+00 4.730225e-04 0.000000e+00 0.000000e+00 0.000000e+00
PROFILE_ITER 1 189 2.261162e-03 6.809235e-04 0.000000e+00 2.219200e-03 0.000000e+00 0.000000e+00 0.000000e+00
PROFILE_ITER 1 190 2.251863e-03 6.840229e-04 0.000000e+00 2.207756e-03 0.000000e+00 0.000000e+00 9.536743e-07
PROFILE_ITER 0 188 1.072168e-03 1.863956e-03 0.000000e+00 4.692078e-04 0.000000e+00 0.000000e+00 0.000000e+00
PROFILE_ITER 0 189 1.081944e-03 1.861095e-03 0.000000e+00 4.708767e-04 0.000000e+00 0.000000e+00 9.536743e-07
PROFILE_ITER 0 190 1.077890e-03 1.857042e-03 0.000000e+00 4.699230e-04 0.000000e+00 0.000000e+00 0.000000e+00
PROFILE_ITER 0 191 1.069784e-03 1.862288e-03 0.000000e+00 4.689693e-04 0.000000e+00 0.000000e+00 0.000000e+00
PROFILE_ITER 0 192 1.079082e-03 1.853943e-03 0.000000e+00 4.711151e-04 0.000000e+00 0.000000e+00 0.000000e+00
PROFILE_ITER 1 191 2.250195e-03 6.818771e-04 0.000000e+00 2.207279e-03 0.000000e+00 0.000000e+00 0.000000e+00
PROFILE_ITER 1 192 2.249956e-03 6.830692e-04 0.000000e+00 2.207041e-03 0.000000e+00 0.000000e+00 0.000000e+00
PROFILE_ITER 1 193 2.259254e-03 6.866455e-04 0.000000e+00 2.216101e-03 0.000000e+00 0.000000e+00 9.536743e-07
PROFILE_ITER 1 194 2.260208e-03 6.837845e-04 0.000000e+00 2.218008e-03 0.000000e+00 0.000000e+00 0.000000e+00
PROFILE_ITER 0 193 1.078129e-03 1.867771e-03 0.000000e+00 4.720688e-04 9.536743e-07 0.000000e+00 0.000000e+00
PROFILE_ITER 0 194 1.086950e-03 1.857042e-03 0.000000e+00 4.708767e-04 0.000000e+00 0.000000e+00 0.000000e+00
PROFILE_ITER 0 195 1.073837e-03 1.869202e-03 0.000000e+00 4.708767e-04 0.000000e+00 0.000000e+00 0.000000e+00
PROFILE_ITER 0 196 1.080275e-03 1.857758e-03 0.000000e+00 4.718304e-04 0.000000e+00 0.000000e+00 0.000000e+00
PROFILE_ITER 1 195 2.257109e-03 6.859303e-04 0.000000e+00 2.213001e-03 0.000000e+00 0.000000e+00 0.000000e+00
PROFILE_ITER 1 196 2.249002e-03 6.890297e-04 0.000000e+00 2.207041e-03 0.000000e+00 0.000000e+00 9.536743e-07
PROFILE_ITER 1 197 2.259970e-03 6.849766e-04 0.000000e+00 2.218008e-03 0.000000e+00 0.000000e+00 0.000000e+00
PROFILE_ITER 1 198 2.262115e-03 6.899834e-04 0.000000e+00 2.217770e-03 0.000000e+00 0.000000e+00 1.192093e-06
PROFILE_ITER 0 197 1.076937e-03 1.868010e-03 0.000000e+00 4.711151e-04 9.536743e-07 0.000000e+00 0.000000e+00
PROFILE_ITER 0 198 1.071930e-03 1.881123e-03 0.000000e+00 4.701614e-04 0.000000e+00 0.000000e+00 0.000000e+00
PROFILE_ITER 0 199 1.076937e-03 1.868963e-03 0.000000e+00 4.689693e-04 0.000000e+00 0.000000e+00 0.000000e+00
PROFILE_ITER 1 199 2.262831e-03 6.830692e-04 0.000000e+00 2.220869e-03 0.000000e+00 0.000000e+00 9.536743e-07
PROFILE_ACCUM 1 spmv=4.503241e-01 vecops=2.872474e-01 send_fill=5.006790e-06 local_spmv=4.416144e-01 comm_wait=1.001358e-05 shared_spmv=0.000000e+00 send_wait=4.863739e-05
PROFILE_ACCUM 0 spmv=2.154183e-01 vecops=3.724873e-01 send_fill=7.390976e-06 local_spmv=9.419870e-02 comm_wait=2.002716e-05 shared_spmv=6.914139e-06 send_wait=4.053116e-06
