Matrix name : /home/bugra/Workspace/C/HetHypPar_rewrite/data/matrices/cage12_4c_4g/cage12_4c_4g.mtx

	****	Matrix File readed	****LOG: Finished Creating Shard CSC
LOG: Finished Creating Vectors
PROFILE_HEADER rank iter spmv vecops send_fill local_spmv comm_wait shared_spmv send_wait
PROFILE_ITER 1 0 1.027608e-02 1.992321e-01 0.000000e+00 9.108067e-03 0.000000e+00 0.000000e+00 9.536743e-07
PROFILE_ITER 1 1 9.377956e-03 3.767967e-03 0.000000e+00 9.133101e-03 0.000000e+00 0.000000e+00 0.000000e+00
PROFILE_ITER 1 2 9.303093e-03 3.901958e-03 0.000000e+00 9.057045e-03 0.000000e+00 0.000000e+00 0.000000e+00
PROFILE_ITER 1 3 9.392977e-03 3.850937e-03 0.000000e+00 9.146929e-03 0.000000e+00 0.000000e+00 0.000000e+00
PROFILE_ITER 1 4 9.377956e-03 3.852129e-03 0.000000e+00 9.130001e-03 0.000000e+00 0.000000e+00 0.000000e+00
PROFILE_ITER 1 5 9.265184e-03 3.860712e-03 0.000000e+00 9.014130e-03 0.000000e+00 0.000000e+00 9.536743e-07
PROFILE_ITER 1 6 9.310007e-03 3.817081e-03 0.000000e+00 9.057999e-03 0.000000e+00 0.000000e+00 9.536743e-07
PROFILE_ITER 1 7 9.157896e-03 3.828049e-03 9.536743e-07 8.906126e-03 0.000000e+00 0.000000e+00 0.000000e+00
PROFILE_ITER 1 8 9.243965e-03 3.854990e-03 9.536743e-07 8.996964e-03 0.000000e+00 0.000000e+00 0.000000e+00
PROFILE_ITER 1 9 9.367943e-03 3.861189e-03 0.000000e+00 9.119987e-03 0.000000e+00 0.000000e+00 0.000000e+00
PROFILE_ITER 1 10 9.361982e-03 3.845930e-03 0.000000e+00 9.113312e-03 0.000000e+00 0.000000e+00 0.000000e+00
PROFILE_ITER 1 11 9.178877e-03 3.830194e-03 0.000000e+00 8.927107e-03 0.000000e+00 0.000000e+00 0.000000e+00
PROFILE_ITER 1 12 9.194136e-03 3.844738e-03 0.000000e+00 8.940935e-03 0.000000e+00 0.000000e+00 0.000000e+00
PROFILE_ITER 1 13 9.230137e-03 3.818989e-03 0.000000e+00 8.980274e-03 0.000000e+00 0.000000e+00 0.000000e+00
PROFILE_ITER 1 14 9.399176e-03 3.844738e-03 0.000000e+00 9.142876e-03 0.000000e+00 0.000000e+00 0.000000e+00
PROFILE_ITER 1 15 9.380102e-03 3.822803e-03 0.000000e+00 9.127855e-03 0.000000e+00 0.000000e+00 9.536743e-07
PROFILE_ITER 1 16 9.346008e-03 3.836155e-03 9.536743e-07 9.094954e-03 0.000000e+00 0.000000e+00 0.000000e+00
PROFILE_ITER 1 17 9.370089e-03 3.836870e-03 0.000000e+00 9.120941e-03 0.000000e+00 0.000000e+00 0.000000e+00
PROFILE_ITER 1 18 9.366035e-03 3.866911e-03 9.536743e-07 9.117842e-03 0.000000e+00 0.000000e+00 0.000000e+00
PROFILE_ITER 1 19 9.243727e-03 3.898382e-03 0.000000e+00 8.992910e-03 0.000000e+00 0.000000e+00 0.000000e+00
PROFILE_ITER 1 20 9.387970e-03 3.823996e-03 0.000000e+00 9.138823e-03 0.000000e+00 0.000000e+00 0.000000e+00
PROFILE_ITER 1 21 9.337187e-03 3.825903e-03 0.000000e+00 9.088039e-03 0.000000e+00 0.000000e+00 0.000000e+00
PROFILE_ITER 1 22 9.376049e-03 3.845930e-03 0.000000e+00 9.121895e-03 0.000000e+00 0.000000e+00 0.000000e+00
PROFILE_ITER 1 23 9.370804e-03 3.858089e-03 0.000000e+00 9.124994e-03 0.000000e+00 0.000000e+00 0.000000e+00
PROFILE_ITER 1 24 9.375095e-03 3.815889e-03 0.000000e+00 9.124279e-03 0.000000e+00 0.000000e+00 0.000000e+00
PROFILE_ITER 1 25 9.279013e-03 3.859997e-03 0.000000e+00 9.025097e-03 0.000000e+00 0.000000e+00 9.536743e-07
PROFILE_ITER 1 26 9.178638e-03 3.897429e-03 0.000000e+00 8.922815e-03 0.000000e+00 0.000000e+00 0.000000e+00
PROFILE_ITER 1 27 9.204149e-03 3.830910e-03 0.000000e+00 8.955956e-03 0.000000e+00 0.000000e+00 0.000000e+00
PROFILE_ITER 1 28 9.372950e-03 3.818035e-03 0.000000e+00 9.123087e-03 0.000000e+00 0.000000e+00 0.000000e+00
PROFILE_ITER 1 29 9.390831e-03 3.862143e-03 0.000000e+00 9.140015e-03 0.000000e+00 0.000000e+00 0.000000e+00
PROFILE_ITER 1 30 9.223223e-03 3.803730e-03 0.000000e+00 8.972168e-03 0.000000e+00 0.000000e+00 0.000000e+00
PROFILE_ITER 1 31 9.382010e-03 3.880024e-03 2.145767e-06 9.133101e-03 0.000000e+00 0.000000e+00 0.000000e+00
PROFILE_ITER 1 32 9.291172e-03 3.851891e-03 0.000000e+00 9.041309e-03 0.000000e+00 0.000000e+00 0.000000e+00
PROFILE_ITER 1 33 9.338856e-03 3.836155e-03 0.000000e+00 9.088993e-03 0.000000e+00 0.000000e+00 9.536743e-07
PROFILE_ITER 1 34 9.303093e-03 3.839016e-03 0.000000e+00 9.045839e-03 0.000000e+00 0.000000e+00 9.536743e-07
PROFILE_ITER 1 35 9.388924e-03 3.838062e-03 0.000000e+00 9.140015e-03 0.000000e+00 0.000000e+00 0.000000e+00
PROFILE_ITER 1 36 9.347200e-03 3.839731e-03 0.000000e+00 9.099007e-03 0.000000e+00 0.000000en_iters : 200 
spmv : 2.643814 
file_read : 2.749368 
relative_residual : 2.847884E-16
everything_total : 5.591530

----------------------------------------------------------------------
PROFILE_HEADER rank iter spmv vecops send_fill local_spmv comm_wait shared_spmv send_wait
PROFILE_ITER 0 0 1.467943e-03 1.373005e-02 0.000000e+00 6.320477e-04 0.000000e+00 0.000000e+00 0.000000e+00
PROFILE_ITER 0 1 1.528025e-03 1.161599e-02 0.000000e+00 6.279945e-04 0.000000e+00 0.000000e+00 0.000000e+00
PROFILE_ITER 0 2 1.550674e-03 1.165628e-02 0.000000e+00 6.277561e-04 0.000000e+00 0.000000e+00 0.000000e+00
PROFILE_ITER 0 3 1.546144e-03 1.169777e-02 0.000000e+00 6.251335e-04 0.000000e+00 0.000000e+00 0.000000e+00
PROFILE_ITER 0 4 1.550913e-03 1.167917e-02 0.000000e+00 6.282330e-04 0.000000e+00 0.000000e+00 0.000000e+00
PROFILE_ITER 0 5 1.559973e-03 1.156497e-02 0.000000e+00 6.258488e-04 0.000000e+00 0.000000e+00 0.000000e+00
PROFILE_ITER 0 6 1.544952e-03 1.158214e-02 0.000000e+00 6.229877e-04 0.000000e+00 0.000000e+00 0.000000e+00
PROFILE_ITER 0 7 1.549959e-03 1.143599e-02 0.000000e+00 6.289482e-04 0.000000e+00 0.000000e+00 0.000000e+00
PROFILE_ITER 0 8 1.536846e-03 1.156211e-02 0.000000e+00 6.239414e-04 9.536743e-07 0.000000e+00 9.536743e-07
PROFILE_ITER 0 9 1.547813e-03 1.167917e-02 0.000000e+00 6.279945e-04 9.536743e-07 0.000000e+00 0.000000e+00
PROFILE_ITER 0 10 1.552820e-03 1.165724e-02 9.536743e-07 6.279945e-04 0.000000e+00 0.000000e+00 0.000000e+00
PROFILE_ITER 0 11 1.534939e-03 1.147413e-02 0.000000e+00 6.279945e-04 9.536743e-07 0.000000e+00 0.000000e+00
PROFILE_ITER 0 12 1.568079e-03 1.146984e-02 0.000000e+00 6.320477e-04 0.000000e+00 0.000000e+00 0.000000e+00
PROFILE_ITER 0 13 1.539230e-03 1.150990e-02 0.000000e+00 6.301403e-04 0.000000e+00 0.000000e+00 0.000000e+00
PROFILE_ITER 0 14 1.547098e-03 1.169682e-02 0.000000e+00 6.289482e-04 0.000000e+00 0.000000e+00 0.000000e+00
PROFILE_ITER 0 15 1.549721e-03 1.165438e-02 0.000000e+00 6.299019e-04 0.000000e+00 0.000000e+00 0.000000e+00
PROFILE_ITER 0 16 1.543999e-03 1.163697e-02 0.000000e+00 6.270409e-04 9.536743e-07 0.000000e+00 0.000000e+00
PROFILE_ITER 0 17 1.543999e-03 1.166105e-02 0.000000e+00 6.270409e-04 0.000000e+00 0.000000e+00 0.000000e+00
PROFILE_ITER 0 18 1.552343e-03 1.168346e-02 0.000000e+00 6.272793e-04 0.000000e+00 0.000000e+00 0.000000e+00
PROFILE_ITER 0 19 1.545191e-03 1.159692e-02 0.000000e+00 6.282330e-04 0.000000e+00 0.000000e+00 0.000000e+00
PROFILE_ITER 0 20 1.540899e-03 1.167107e-02 0.000000e+00 6.260872e-04 0.000000e+00 0.000000e+00 0.000000e+00
PROFILE_ITER 0 21 1.538038e-03 1.162505e-02 0.000000e+00 6.279945e-04 0.000000e+00 0.000000e+00 0.000000e+00
PROFILE_ITER 0 22 1.548052e-03 1.167393e-02 0.000000e+00 6.279945e-04 0.000000e+00 0.000000e+00 0.000000e+00
PROFILE_ITER 0 23 1.548767e-03 1.168013e-02 0.000000e+00 6.279945e-04 0.000000e+00 0.000000e+00 0.000000e+00
PROFILE_ITER 0 24 1.540899e-03 1.165009e-02 0.000000e+00 6.239414e-04 0.000000e+00 0.000000e+00 0.000000e+00
PROFILE_ITER 0 25 1.554728e-03 1.158237e-02 0.000000e+00 6.289482e-04 0.000000e+00 9.536743e-07 0.000000e+00
PROFILE_ITER 0 26 1.595020e-03 1.148200e-02 0.000000e+00 6.308556e-04 0.000000e+00 0.000000e+00 0.000000e+00
PROFILE_ITER 0 27 1.549244e-03 1.148582e-02 1.192093e-06 6.289482e-04 0.000000e+00 0.000000e+00 0.000000e+00
PROFILE_ITER 0 28 1.554728e-03 1.163626e-02 0.000000e+00 6.270409e-04 9.536743e-07 0.000000e+00 0.000000e+00
PROFILE_ITER 0 29 1.551151e-03 1.170182e-02 0.000000e+00 6.279945e-04 0.000000e+00 0.000000e+00 0.000000e+00
PROFILE_ITER 0 30 1.550198e-03 1.147580e-02 0.000000e+00 6.279945e-04 9.536743e-07 0.000000e+00 0.000000e+00
PROFILE_ITER 0 31 1.551867e-03 1.171017e-02 0.000000e+00 6.268024e-04 0.000000e+00 0.000000e+00 0.000000e+00
PROFILE_ITER 0 32 1.541138e-03 1.160192e-02 0.000000e+00 6.270409e-04 0.000000e+00 0.000000e+00 0.000000e+00
PROFILE_ITER 0 33 1.539946e-03 1.163292e-02 1.192093e-06 6.258488e-04 0.000000e+00 0.000000e+00 0.000000e+00
PROFILE_ITER 0 34 1.543999e-03 1.160121e-02 0.000000e+00 6.239414e-04 1.192093e-06 0.000000e+00 0.000000e+00
PROFILE_ITER 0 35 1.549006e-03 1.167798e-02 0.000000e+00 6.279945e-04 0.000000e+00 0.000000e+00 0.000000e+00
PROFILE_ITER 0 36 1.538038e-03 1.164985e-02 0.000000e+00 6.282330e-04 9.536743e-07 0.000000e+00 0.000000e+00
PROFILE_ITER 0 37 1.526117e-03 1.166391e-02 0.000000e+00 6.282330e-04 0.000000e+00 0.000000e+00 0.000000e+00
PROFILE_ITER 0 38 1.549959e-03 1.164913e-02 0.000000e+00 6.268024e-04 9.536743e-07 0.000000e+00 0.000000e+00
PROFILE_ITER 0 39 1.549006e-03 1.170492e-02 0.000000e+00 6.270409e-04 0.000000e+00 0.000000e+00 0.000000e+00
PROFILE_ITER 0 40 1.546144e-03 1.150990e-02 0.000000e+00 6.270409e-04 0.000000e+00 0.000000e+00 0.000000e+00
PROFILE_ITER 0 41 1.553059e-03 1.154399e-02 0.000000e+00 6.301403e-04 0.000000e+00 0.000000e+00 0.000000e+00
PROFILE_ITER 0 42 1.536369e-03 1.169753e-02 9.536743e-07 6.322861e-04 0.000000e+00 0.000000e+00 0.000000e+00
PROFILE_ITER 0 43 1.560926e-03 1.150918e-02 0.000000e+00 6.270409e-04 0.000000e+00 0.000000e+00 0.000000e+00
PROFILE_ITER 0 44 1.533985e-03 1.139784e-02 0.000000e+00 6.251335e-04 0.000000e+00 0.000000e+00 0.000000e+00
PROFILE_ITER 0 45 1.543999e-03 1.162910e-02 0.000000e+00 6.268024e-04 1.192093e-06 0.000000e+00 0.000000e+00
+00 0.000000e+00
PROFILE_ITER 1 37 9.388685e-03 3.802299e-03 0.000000e+00 9.136915e-03 0.000000e+00 0.000000e+00 0.000000e+00
PROFILE_ITER 1 38 9.372950e-03 3.824949e-03 0.000000e+00 9.122849e-03 0.000000e+00 0.000000e+00 0.000000e+00
PROFILE_ITER 1 39 9.400129e-03 3.853798e-03 0.000000e+00 9.150982e-03 0.000000e+00 0.000000e+00 0.000000e+00
PROFILE_ITER 1 40 9.249926e-03 3.806114e-03 0.000000e+00 9.000063e-03 0.000000e+00 0.000000e+00 0.000000e+00
PROFILE_ITER 1 41 9.254217e-03 3.843784e-03 0.000000e+00 9.000778e-03 0.000000e+00 0.000000e+00 0.000000e+00
PROFILE_ITER 1 42 9.385109e-03 3.847837e-03 0.000000e+00 9.136200e-03 0.000000e+00 0.000000e+00 0.000000e+00
PROFILE_ITER 1 43 9.209156e-03 3.859758e-03 0.000000e+00 8.959055e-03 0.000000e+00 0.000000e+00 0.000000e+00
PROFILE_ITER 1 44 9.094000e-03 3.837824e-03 0.000000e+00 8.845091e-03 0.000000e+00 0.000000e+00 0.000000e+00
PROFILE_ITER 1 45 9.320974e-03 3.852129e-03 0.000000e+00 9.063959e-03 0.000000e+00 0.000000e+00 0.000000e+00
PROFILE_ITER 1 46 9.390116e-03 3.842831e-03 0.000000e+00 9.141207e-03 0.000000e+00 0.000000e+00 0.000000e+00
PROFILE_ITER 1 47 9.405136e-03 3.824949e-03 9.536743e-07 9.154081e-03 0.000000e+00 0.000000e+00 0.000000e+00
PROFILE_ITER 1 48 9.311914e-03 3.829956e-03 0.000000e+00 9.059906e-03 0.000000e+00 0.000000e+00 0.000000e+00
PROFILE_ITER 1 49 9.377956e-03 3.836155e-03 0.000000e+00 9.130001e-03 0.000000e+00 0.000000e+00 0.000000e+00
PROFILE_ITER 1 50 9.371996e-03 3.792048e-03 0.000000e+00 9.122133e-03 0.000000e+00 0.000000e+00 0.000000e+00
PROFILE_ITER 1 51 9.538174e-03 3.914833e-03 0.000000e+00 9.287357e-03 0.000000e+00 0.000000e+00 9.536743e-07
PROFILE_ITER 1 52 9.301901e-03 3.859043e-03 9.536743e-07 9.051800e-03 0.000000e+00 0.000000e+00 0.000000e+00
PROFILE_ITER 1 53 9.229898e-03 3.848076e-03 0.000000e+00 8.980989e-03 0.000000e+00 0.000000e+00 0.000000e+00
PROFILE_ITER 1 54 9.210110e-03 3.854752e-03 0.000000e+00 8.961916e-03 0.000000e+00 0.000000e+00 0.000000e+00
PROFILE_ITER 1 55 9.224176e-03 3.829956e-03 0.000000e+00 8.970022e-03 0.000000e+00 0.000000e+00 0.000000e+00
PROFILE_ITER 1 56 9.361744e-03 3.797293e-03 0.000000e+00 9.110689e-03 0.000000e+00 0.000000e+00 0.000000e+00
PROFILE_ITER 1 57 9.284973e-03 3.832102e-03 0.000000e+00 9.035110e-03 0.000000e+00 0.000000e+00 0.000000e+00
PROFILE_ITER 1 58 9.292126e-03 3.845692e-03 0.000000e+00 9.042740e-03 0.000000e+00 0.000000e+00 1.192093e-06
PROFILE_ITER 1 59 9.374857e-03 3.821135e-03 0.000000e+00 9.125948e-03 0.000000e+00 0.000000e+00 0.000000e+00
PROFILE_ITER 1 60 9.376049e-03 3.867149e-03 0.000000e+00 9.127140e-03 0.000000e+00 0.000000e+00 0.000000e+00
PROFILE_ITER 1 61 9.218931e-03 3.839970e-03 0.000000e+00 8.969069e-03 0.000000e+00 0.000000e+00 9.536743e-07
PROFILE_ITER 1 62 9.232283e-03 3.838778e-03 0.000000e+00 8.985281e-03 0.000000e+00 0.000000e+00 0.000000e+00
PROFILE_ITER 1 63 9.395123e-03 3.834724e-03 9.536743e-07 9.141922e-03 0.000000e+00 0.000000e+00 0.000000e+00
PROFILE_ITER 1 64 9.168863e-03 3.837347e-03 0.000000e+00 8.915901e-03 0.000000e+00 0.000000e+00 0.000000e+00
PROFILE_ITER 1 65 9.228945e-03 3.825903e-03 0.000000e+00 8.978844e-03 0.000000e+00 0.000000e+00 1.907349e-06
PROFILE_ITER 1 66 9.386063e-03 3.823996e-03 0.000000e+00 9.135008e-03 0.000000e+00 0.000000e+00 9.536743e-07
PROFILE_ITER 1 67 9.350777e-03 3.854275e-03 0.000000e+00 9.100914e-03 0.000000e+00 0.000000e+00 0.000000e+00
PROFILE_ITER 1 68 9.375095e-03 3.829718e-03 0.000000e+00 9.124041e-03 0.000000e+00 0.000000e+00 0.000000e+00
PROFILE_ITER 1 69 9.252071e-03 3.858089e-03 0.000000e+00 8.999109e-03 0.000000e+00 0.000000e+00 0.000000e+00
PROFILE_ITER 1 70 9.285927e-03 3.833055e-03 0.000000e+00 9.035110e-03 0.000000e+00 0.000000e+00 0.000000e+00
PROFILE_ITER 1 71 9.357691e-03 3.844261e-03 0.000000e+00 9.108782e-03 0.000000e+00 0.000000e+00 0.000000e+00
PROFILE_ITER 1 72 9.400845e-03 3.835201e-03 0.000000e+00 9.150028e-03 0.000000e+00 0.000000e+00 0.000000e+00
PROFILE_ITER 0 46 1.545906e-03 1.168704e-02 0.000000e+00 6.237030e-04 1.907349e-06 0.000000e+00 0.000000e+00
PROFILE_ITER 0 47 1.550198e-03 1.167989e-02 0.000000e+00 6.279945e-04 0.000000e+00 0.000000e+00 0.000000e+00
PROFILE_ITER 0 48 1.538754e-03 1.160312e-02 1.192093e-06 6.277561e-04 0.000000e+00 0.000000e+00 0.000000e+00
PROFILE_ITER 0 49 1.541138e-03 1.167083e-02 9.536743e-07 6.291866e-04 0.000000e+00 0.000000e+00 0.000000e+00
PROFILE_ITER 0 50 1.524210e-03 1.164198e-02 0.000000e+00 6.268024e-04 0.000000e+00 1.192093e-06 0.000000e+00
PROFILE_ITER 0 51 1.568794e-03 1.188421e-02 0.000000e+00 6.289482e-04 0.000000e+00 0.000000e+00 0.000000e+00
PROFILE_ITER 0 52 1.551151e-03 1.160979e-02 0.000000e+00 6.270409e-04 9.536743e-07 0.000000e+00 0.000000e+00
PROFILE_ITER 0 53 1.536131e-03 1.154280e-02 0.000000e+00 6.270409e-04 0.000000e+00 0.000000e+00 0.000000e+00
PROFILE_ITER 0 54 1.549244e-03 1.151586e-02 0.000000e+00 6.270409e-04 0.000000e+00 0.000000e+00 0.000000e+00
PROFILE_ITER 0 55 1.550198e-03 1.150274e-02 0.000000e+00 6.291866e-04 0.000000e+00 0.000000e+00 0.000000e+00
PROFILE_ITER 0 56 1.552820e-03 1.160717e-02 0.000000e+00 6.299019e-04 0.000000e+00 0.000000e+00 0.000000e+00
PROFILE_ITER 0 57 1.555920e-03 1.155901e-02 1.192093e-06 6.279945e-04 0.000000e+00 0.000000e+00 0.000000e+00
PROFILE_ITER 0 58 1.549006e-03 1.159096e-02 0.000000e+00 6.279945e-04 0.000000e+00 0.000000e+00 0.000000e+00
PROFILE_ITER 0 59 1.540899e-03 1.165390e-02 0.000000e+00 6.258488e-04 0.000000e+00 0.000000e+00 0.000000e+00
PROFILE_ITER 1 73 9.413719e-03 3.849268e-03 0.000000e+00 9.161949e-03 0.000000e+00 0.000000e+00 0.000000e+00
PROFILE_ITER 1 74 9.346962e-03 3.823042e-03 0.000000e+00 9.100914e-03 0.000000e+00 0.000000e+00 0.000000e+00
PROFILE_ITER 1 75 9.382010e-03 3.814936e-03 0.000000e+00 9.129763e-03 0.000000e+00 0.000000e+00 9.536743e-07
PROFILE_ITER 1 76 9.248972e-03 3.823042e-03 0.000000e+00 8.999109e-03 0.000000e+00 0.000000e+00 9.536743e-07
PROFILE_ITER 1 77 9.383202e-03 3.825903e-03 0.000000e+00 9.132147e-03 0.000000e+00 0.000000e+00 0.000000e+00
PROFILE_ITER 1 78 9.379148e-03 3.825903e-03 0.000000e+00 9.132147e-03 0.000000e+00 0.000000e+00 0.000000e+00
PROFILE_ITER 1 79 9.296894e-03 3.831148e-03 0.000000e+00 9.045839e-03 0.000000e+00 0.000000e+00 0.000000e+00
PROFILE_ITER 1 80 9.366989e-03 3.832817e-03 0.000000e+00 9.119034e-03 0.000000e+00 0.000000e+00 0.000000e+00
PROFILE_ITER 1 81 9.342909e-03 3.819227e-03 0.000000e+00 9.094000e-03 0.000000e+00 0.000000e+00 0.000000e+00
PROFILE_ITER 0 60 1.556158e-03 1.168585e-02 0.000000e+00 6.289482e-04 0.000000e+00 0.000000e+00 0.000000e+00
PROFILE_ITER 0 61 1.554966e-03 1.150393e-02 0.000000e+00 6.299019e-04 0.000000e+00 0.000000e+00 0.000000e+00
PROFILE_ITER 0 62 1.546144e-03 1.152492e-02 9.536743e-07 6.301403e-04 0.000000e+00 0.000000e+00 0.000000e+00
PROFILE_ITER 0 63 1.549959e-03 1.167989e-02 0.000000e+00 6.241798e-04 0.000000e+00 0.000000e+00 0.000000e+00
PROFILE_ITER 0 64 1.551867e-03 1.145434e-02 0.000000e+00 6.270409e-04 9.536743e-07 0.000000e+00 0.000000e+00
PROFILE_ITER 1 82 9.368658e-03 3.866434e-03 0.000000e+00 9.117842e-03 0.000000e+00 0.000000e+00 0.000000e+00
PROFILE_ITER 1 83 9.400129e-03 3.861666e-03 0.000000e+00 9.140968e-03 0.000000e+00 0.000000e+00 0.000000e+00
PROFILE_ITER 1 84 9.299994e-03 3.826141e-03 0.000000e+00 9.048939e-03 0.000000e+00 0.000000e+00 9.536743e-07
PROFILE_ITER 0 65 1.546860e-03 1.150703e-02 0.000000e+00 6.291866e-04 0.000000e+00 0.000000e+00 0.000000e+00
PROFILE_ITER 0 66 1.543045e-03 1.166797e-02 0.000000e+00 6.270409e-04 0.000000e+00 0.000000e+00 0.000000e+00
PROFILE_ITER 1 85 9.283066e-03 3.857851e-03 0.000000e+00 9.035110e-03 0.000000e+00 0.000000e+00 0.000000e+00
PROFILE_ITER 1 86 9.357929e-03 3.816128e-03 0.000000e+00 9.110212e-03 0.000000e+00 0.000000e+00 1.907349e-06
PROFILE_ITER 0 67 1.540899e-03 1.166415e-02 0.000000e+00 6.251335e-04 0.000000e+00 0.000000e+00 0.000000e+00
PROFILE_ITER 0 68 1.544952e-03 1.165986e-02 0.000000e+00 6.299019e-04 0.000000e+00 0.000000e+00 0.000000e+00
PROFILE_ITER 0 69 1.553059e-03 1.155710e-02 0.000000e+00 6.289482e-04 0.000000e+00 0.000000e+00 0.000000e+00
PROFILE_ITER 0 70 1.550913e-03 1.156807e-02 0.000000e+00 6.279945e-04 0.000000e+00 0.000000e+00 0.000000e+00
PROFILE_ITER 1 87 9.252071e-03 3.834009e-03 0.000000e+00 9.002209e-03 0.000000e+00 0.000000e+00 0.000000e+00
PROFILE_ITER 1 88 9.371996e-03 3.870010e-03 0.000000e+00 9.122133e-03 0.000000e+00 0.000000e+00 0.000000e+00
PROFILE_ITER 1 89 9.256840e-03 3.837109e-03 0.000000e+00 9.007215e-03 0.000000e+00 0.000000e+00 0.000000e+00
PROFILE_ITER 1 90 9.399176e-03 3.849745e-03 0.000000e+00 9.145260e-03 9.536743e-07 0.000000e+00 9.536743e-07
PROFILE_ITER 0 71 1.549006e-03 1.165295e-02 0.000000e+00 6.279945e-04 0.000000e+00 0.000000e+00 0.000000e+00
PROFILE_ITER 0 72 1.550913e-03 1.168513e-02 9.536743e-07 6.279945e-04 0.000000e+00 0.000000e+00 0.000000e+00
PROFILE_ITER 1 91 9.323120e-03 3.881931e-03 0.000000e+00 9.072781e-03 0.000000e+00 0.000000e+00 0.000000e+00
PROFILE_ITER 1 92 9.371042e-03 3.859043e-03 0.000000e+00 9.116173e-03 0.000000e+00 0.000000e+00 0.000000e+00
PROFILE_ITER 1 93 9.333134e-03 3.824711e-03 9.536743e-07 9.085178e-03 0.000000e+00 0.000000e+00 0.000000e+00
PROFILE_ITER 1 94 9.230137e-03 3.825903e-03 0.000000e+00 8.983135e-03 0.000000e+00 0.000000e+00 0.000000e+00
PROFILE_ITER 0 73 1.555920e-03 1.170421e-02 0.000000e+00 6.270409e-04 0.000000e+00 9.536743e-07 0.000000e+00
PROFILE_ITER 0 74 1.533985e-03 1.163888e-02 1.907349e-06 6.289482e-04 0.000000e+00 0.000000e+00 0.000000e+00
PROFILE_ITER 0 75 1.539230e-03 1.165771e-02 0.000000e+00 6.270409e-04 0.000000e+00 0.000000e+00 0.000000e+00
PROFILE_ITER 1 95 9.350061e-03 3.834009e-03 0.000000e+00 9.098053e-03 0.000000e+00 0.000000e+00 9.536743e-07
PROFILE_ITER 1 96 9.274721e-03 3.828287e-03 0.000000e+00 9.027004e-03 0.000000e+00 0.000000e+00 0.000000e+00
PROFILE_ITER 1 97 9.383917e-03 3.823996e-03 9.536743e-07 9.134054e-03 0.000000e+00 0.000000e+00 9.536743e-07
PROFILE_ITER 1 98 9.227037e-03 3.862143e-03 0.000000e+00 8.977175e-03 0.000000e+00 0.000000e+00 0.000000e+00
PROFILE_ITER 1 99 9.378672e-03 3.904343e-03 0.000000e+00 9.124994e-03 0.000000e+00 0.000000e+00 0.000000e+00
PROFILE_ITER 1 100 9.257793e-03 3.836155e-03 0.000000e+00 9.008884e-03 0.000000e+00 0.000000e+00 0.000000e+00
PROFILE_ITER 1 101 9.385824e-03 3.835201e-03 0.000000e+00 9.137869e-03 0.000000e+00 0.000000e+00 0.000000e+00
PROFILE_ITER 0 76 1.554966e-03 1.151705e-02 9.536743e-07 6.279945e-04 0.000000e+00 0.000000e+00 0.000000e+00
PROFILE_ITER 0 77 1.539707e-03 1.166940e-02 0.000000e+00 6.270409e-04 0.000000e+00 0.000000e+00 0.000000e+00
PROFILE_ITER 0 78 1.542807e-03 1.166224e-02 0.000000e+00 6.241798e-04 9.536743e-07 0.000000e+00 0.000000e+00
PROFILE_ITER 1 102 9.424925e-03 3.851175e-03 0.000000e+00 9.176016e-03 0.000000e+00 0.000000e+00 0.000000e+00
PROFILE_ITER 1 103 9.381056e-03 3.824949e-03 0.000000e+00 9.127855e-03 0.000000e+00 0.000000e+00 0.000000e+00
PROFILE_ITER 0 79 1.551867e-03 1.157618e-02 0.000000e+00 6.291866e-04 0.000000e+00 0.000000e+00 9.536743e-07
PROFILE_ITER 0 80 1.533031e-03 1.166677e-02 0.000000e+00 6.268024e-04 0.000000e+00 0.000000e+00 0.000000e+00
PROFILE_ITER 1 104 9.168863e-03 3.829956e-03 9.536743e-07 8.913994e-03 0.000000e+00 0.000000e+00 0.000000e+00
PROFILE_ITER 1 105 9.381056e-03 3.869057e-03 0.000000e+00 9.133101e-03 0.000000e+00 0.000000e+00 0.000000e+00
PROFILE_ITER 1 106 9.367943e-03 3.823996e-03 0.000000e+00 9.115934e-03 0.000000e+00 0.000000e+00 0.000000e+00
PROFILE_ITER 0 81 1.549006e-03 1.161003e-02 0.000000e+00 6.279945e-04 0.000000e+00 0.000000e+00 0.000000e+00
PROFILE_ITER 0 82 1.543045e-03 1.169515e-02 0.000000e+00 6.239414e-04 0.000000e+00 0.000000e+00 0.000000e+00
PROFILE_ITER 0 83 1.560688e-03 1.170111e-02 9.536743e-07 6.308556e-04 0.000000e+00 0.000000e+00 0.000000e+00
PROFILE_ITER 0 84 1.540899e-03 1.158524e-02 0.000000e+00 6.289482e-04 0.000000e+00 0.000000e+00 0.000000e+00
PROFILE_ITER 0 85 1.536131e-03 1.160479e-02 0.000000e+00 6.270409e-04 0.000000e+00 0.000000e+00 0.000000e+00
PROFILE_ITER 0 86 1.547098e-03 1.162696e-02 0.000000e+00 6.251335e-04 0.000000e+00 0.000000e+00 0.000000e+00
PROFILE_ITER 0 87 1.547813e-03 1.153827e-02 9.536743e-07 6.279945e-04 0.000000e+00 0.000000e+00 0.000000e+00
PROFILE_ITER 1 107 9.386063e-03 3.850937e-03 0.000000e+00 9.135246e-03 0.000000e+00 0.000000e+00 0.000000e+00
PROFILE_ITER 1 108 9.320974e-03 3.844023e-03 0.000000e+00 9.073019e-03 0.000000e+00 0.000000e+00 0.000000e+00
PROFILE_ITER 1 109 9.278059e-03 3.818035e-03 0.000000e+00 9.028196e-03 0.000000e+00 0.000000e+00 0.000000e+00
PROFILE_ITER 1 110 9.270906e-03 3.865957e-03 0.000000e+00 9.019852e-03 0.000000e+00 0.000000e+00 0.000000e+00
PROFILE_ITER 1 111 9.267092e-03 3.850937e-03 0.000000e+00 9.016991e-03 0.000000e+00 0.000000e+00 0.000000e+00
PROFILE_ITER 1 112 9.387970e-03 3.842115e-03 0.000000e+00 9.139061e-03 0.000000e+00 0.000000e+00 9.536743e-07
PROFILE_ITER 1 113 9.386301e-03 3.853559e-03 9.536743e-07 9.132147e-03 0.000000e+00 0.000000e+00 0.000000e+00
PROFILE_ITER 1 114 9.204149e-03 3.897905e-03 0.000000e+00 8.954048e-03 0.000000e+00 0.000000e+00 9.536743e-07
PROFILE_ITER 1 115 9.383202e-03 3.856897e-03 0.000000e+00 9.134054e-03 0.000000e+00 0.000000e+00 0.000000e+00
PROFILE_ITER 1 116 9.383202e-03 3.878832e-03 0.000000e+00 9.135008e-03 0.000000e+00 0.000000e+00 0.000000e+00
PROFILE_ITER 0 88 1.548052e-03 1.169395e-02 0.000000e+00 6.270409e-04 0.000000e+00 0.000000e+00 0.000000e+00
PROFILE_ITER 0 89 1.557827e-03 1.153398e-02 0.000000e+00 6.308556e-04 9.536743e-07 0.000000e+00 0.000000e+00
PROFILE_ITER 1 117 9.380102e-03 3.902912e-03 0.000000e+00 9.130239e-03 0.000000e+00 0.000000e+00 0.000000e+00
PROFILE_ITER 1 118 9.257793e-03 3.874063e-03 0.000000e+00 9.008884e-03 0.000000e+00 0.000000e+00 0.000000e+00
PROFILE_ITER 1 119 9.246826e-03 3.874302e-03 0.000000e+00 9.001017e-03 0.000000e+00 0.000000e+00 0.000000e+00
PROFILE_ITER 1 120 9.391785e-03 3.900051e-03 0.000000e+00 9.144783e-03 0.000000e+00 0.000000e+00 0.000000e+00
PROFILE_ITER 1 121 9.393930e-03 3.838062e-03 0.000000e+00 9.144068e-03 0.000000e+00 0.000000e+00 0.000000e+00
PROFILE_ITER 0 90 1.557827e-03 1.169419e-02 0.000000e+00 6.289482e-04 0.000000e+00 0.000000e+00 0.000000e+00
PROFILE_ITER 0 91 1.548052e-03 1.165700e-02 0.000000e+00 6.289482e-04 0.000000e+00 0.000000e+00 0.000000e+00
PROFILE_ITER 0 92 1.543045e-03 1.168704e-02 0.000000e+00 6.279945e-04 0.000000e+00 0.000000e+00 0.000000e+00
PROFILE_ITER 0 93 1.543999e-03 1.161385e-02 0.000000e+00 6.260872e-04 9.536743e-07 0.000000e+00 0.000000e+00
PROFILE_ITER 1 122 9.249926e-03 3.826141e-03 0.000000e+00 8.998871e-03 0.000000e+00 0.000000e+00 0.000000e+00
PROFILE_ITER 1 123 9.279728e-03 3.837347e-03 0.000000e+00 9.024143e-03 0.000000e+00 0.000000e+00 9.536743e-07
PROFILE_ITER 1 124 9.370327e-03 3.906727e-03 0.000000e+00 9.117842e-03 0.000000e+00 0.000000e+00 0.000000e+00
PROFILE_ITER 1 125 9.298086e-03 3.881931e-03 0.000000e+00 9.042263e-03 0.000000e+00 0.000000e+00 9.536743e-07
PROFILE_ITER 1 126 9.349108e-03 3.869772e-03 0.000000e+00 9.096861e-03 0.000000e+00 0.000000e+00 0.000000e+00
PROFILE_ITER 1 127 9.533167e-03 3.911018e-03 0.000000e+00 9.275913e-03 0.000000e+00 0.000000e+00 0.000000e+00
PROFILE_ITER 0 94 1.537800e-03 1.151919e-02 0.000000e+00 6.270409e-04 9.536743e-07 0.000000e+00 0.000000e+00
PROFILE_ITER 0 95 1.571178e-03 1.161289e-02 0.000000e+00 6.310940e-04 0.000000e+00 0.000000e+00 0.000000e+00
PROFILE_ITER 1 128 9.387970e-03 3.908873e-03 0.000000e+00 9.135962e-03 0.000000e+00 0.000000e+00 0.000000e+00
PROFILE_ITER 1 129 9.394884e-03 3.828049e-03 0.000000e+00 9.140015e-03 0.000000e+00 0.000000e+00 9.536743e-07
PROFILE_ITER 1 130 9.279728e-03 3.857374e-03 0.000000e+00 9.030819e-03 0.000000e+00 0.000000e+00 0.000000e+00
PROFILE_ITER 1 131 9.257793e-03 3.869295e-03 0.000000e+00 9.010792e-03 0.000000e+00 0.000000e+00 0.000000e+00
PROFILE_ITER 0 96 1.542807e-03 1.156020e-02 9.536743e-07 6.279945e-04 0.000000e+00 0.000000e+00 0.000000e+00
PROFILE_ITER 0 97 1.542091e-03 1.166391e-02 0.000000e+00 6.279945e-04 0.000000e+00 0.000000e+00 0.000000e+00
PROFILE_ITER 1 132 9.366989e-03 3.896952e-03 0.000000e+00 9.118080e-03 0.000000e+00 0.000000e+00 0.000000e+00
PROFILE_ITER 1 133 9.291172e-03 3.896713e-03 0.000000e+00 9.037018e-03 0.000000e+00 0.000000e+00 0.000000e+00
PROFILE_ITER 0 98 1.559019e-03 1.153207e-02 0.000000e+00 6.210804e-04 0.000000e+00 0.000000e+00 0.000000e+00
PROFILE_ITER 0 99 1.569748e-03 1.171422e-02 0.000000e+00 6.251335e-04 0.000000e+00 0.000000e+00 0.000000e+00
PROFILE_ITER 1 134 9.361029e-03 3.816128e-03 0.000000e+00 9.109020e-03 0.000000e+00 0.000000e+00 0.000000e+00
PROFILE_ITER 1 135 9.395123e-03 3.816843e-03 0.000000e+00 9.143829e-03 0.000000e+00 0.000000e+00 0.000000e+00
PROFILE_ITER 1 136 9.392977e-03 3.808022e-03 0.000000e+00 9.144068e-03 0.000000e+00 0.000000e+00 0.000000e+00
PROFILE_ITER 1 137 9.388924e-03 3.823996e-03 0.000000e+00 9.138107e-03 0.000000e+00 0.000000e+00 0.000000e+00
PROFILE_ITER 1 138 9.369850e-03 3.847122e-03 0.000000e+00 9.118080e-03 0.000000e+00 0.000000e+00 0.000000e+00
PROFILE_ITER 0 100 1.551867e-03 1.154208e-02 0.000000e+00 6.270409e-04 0.000000e+00 0.000000e+00 0.000000e+00
PROFILE_ITER 0 101 1.540899e-03 1.168013e-02 0.000000e+00 6.270409e-04 0.000000e+00 0.000000e+00 0.000000e+00
PROFILE_ITER 0 102 1.556873e-03 1.171923e-02 9.536743e-07 6.279945e-04 0.000000e+00 0.000000e+00 0.000000e+00
PROFILE_ITER 1 139 9.265900e-03 3.839254e-03 0.000000e+00 9.005785e-03 0.000000e+00 0.000000e+00 9.536743e-07
PROFILE_ITER 1 140 9.186029e-03 3.816843e-03 0.000000e+00 8.931875e-03 0.000000e+00 0.000000e+00 1.192093e-06
PROFILE_ITER 1 141 9.370327e-03 3.800631e-03 0.000000e+00 9.121180e-03 0.000000e+00 0.000000e+00 1.192093e-06
PROFILE_ITER 1 142 9.470701e-03 3.849506e-03 0.000000e+00 9.221792e-03 0.000000e+00 0.000000e+00 0.000000e+00
PROFILE_ITER 0 103 1.559734e-03 1.164508e-02 0.000000e+00 6.308556e-04 0.000000e+00 9.536743e-07 0.000000e+00
PROFILE_ITER 0 104 1.549006e-03 1.144981e-02 0.000000e+00 6.301403e-04 0.000000e+00 0.000000e+00 9.536743e-07
PROFILE_ITER 0 105 1.545906e-03 1.170206e-02 0.000000e+00 6.289482e-04 0.000000e+00 0.000000e+00 0.000000e+00
PROFILE_ITER 1 143 9.495974e-03 3.957987e-03 0.000000e+00 9.237051e-03 0.000000e+00 0.000000e+00 0.000000e+00
PROFILE_ITER 1 144 9.439945e-03 3.916979e-03 0.000000e+00 9.188890e-03 0.000000e+00 0.000000e+00 0.000000e+00
PROFILE_ITER 1 145 9.446859e-03 3.905058e-03 0.000000e+00 9.188175e-03 9.536743e-07 0.000000e+00 0.000000e+00
PROFILE_ITER 1 146 9.236813e-03 3.867388e-03 0.000000e+00 8.984089e-03 0.000000e+00 0.000000e+00 0.000000e+00
PROFILE_ITER 1 147 9.403944e-03 3.801823e-03 0.000000e+00 9.155989e-03 0.000000e+00 0.000000e+00 0.000000e+00
PROFILE_ITER 0 106 1.538754e-03 1.165533e-02 0.000000e+00 6.270409e-04 0.000000e+00 0.000000e+00 0.000000e+00
PROFILE_ITER 0 107 1.547098e-03 1.168990e-02 0.000000e+00 6.260872e-04 0.000000e+00 0.000000e+00 0.000000e+00
PROFILE_ITER 0 108 1.549006e-03 1.161599e-02 0.000000e+00 6.301403e-04 0.000000e+00 0.000000e+00 0.000000e+00
PROFILE_ITER 1 148 9.423971e-03 3.859043e-03 0.000000e+00 9.170055e-03 0.000000e+00 0.000000e+00 0.000000e+00
PROFILE_ITER 1 149 9.138823e-03 3.843307e-03 0.000000e+00 8.888006e-03 0.000000e+00 0.000000e+00 9.536743e-07
PROFILE_ITER 1 150 9.430885e-03 3.902197e-03 0.000000e+00 9.176970e-03 0.000000e+00 0.000000e+00 0.000000e+00
PROFILE_ITER 0 109 1.535892e-03 1.156020e-02 0.000000e+00 6.268024e-04 0.000000e+00 0.000000e+00 0.000000e+00
PROFILE_ITER 0 110 1.554012e-03 1.158285e-02 0.000000e+00 6.291866e-04 0.000000e+00 0.000000e+00 0.000000e+00
PROFILE_ITER 1 151 9.355068e-03 3.864765e-03 0.000000e+00 9.098768e-03 0.000000e+00 0.000000e+00 0.000000e+00
PROFILE_ITER 1 152 9.407282e-03 3.828764e-03 0.000000e+00 9.150982e-03 0.000000e+00 0.000000e+00 0.000000e+00
PROFILE_ITER 0 111 1.556873e-03 1.156116e-02 0.000000e+00 6.289482e-04 0.000000e+00 0.000000e+00 0.000000e+00
PROFILE_ITER 0 112 1.559258e-03 1.167083e-02 0.000000e+00 6.282330e-04 0.000000e+00 0.000000e+00 0.000000e+00
PROFILE_ITER 0 113 1.546860e-03 1.169014e-02 0.000000e+00 6.279945e-04 0.000000e+00 0.000000e+00 0.000000e+00
PROFILE_ITER 1 153 9.393930e-03 3.846169e-03 0.000000e+00 9.140968e-03 0.000000e+00 0.000000e+00 0.000000e+00
PROFILE_ITER 1 154 9.456873e-03 3.839970e-03 0.000000e+00 9.202242e-03 0.000000e+00 0.000000e+00 0.000000e+00
PROFILE_ITER 1 155 9.490967e-03 3.879070e-03 0.000000e+00 9.240866e-03 0.000000e+00 0.000000e+00 0.000000e+00
PROFILE_ITER 1 156 9.306192e-03 3.848791e-03 0.000000e+00 9.054899e-03 0.000000e+00 0.000000e+00 9.536743e-07
PROFILE_ITER 1 157 9.435892e-03 3.859282e-03 0.000000e+00 9.182930e-03 0.000000e+00 0.000000e+00 0.000000e+00
PROFILE_ITER 1 158 9.430885e-03 3.834009e-03 0.000000e+00 9.174824e-03 0.000000e+00 0.000000e+00 9.536743e-07
PROFILE_ITER 0 114 1.535892e-03 1.156807e-02 0.000000e+00 6.270409e-04 0.000000e+00 0.000000e+00 0.000000e+00
PROFILE_ITER 0 115 1.551151e-03 1.168895e-02 0.000000e+00 6.289482e-04 0.000000e+00 0.000000e+00 0.000000e+00
PROFILE_ITER 1 159 9.422064e-03 3.865004e-03 0.000000e+00 9.165049e-03 0.000000e+00 0.000000e+00 9.536743e-07
PROFILE_ITER 1 160 9.459019e-03 3.859997e-03 0.000000e+00 9.202003e-03 0.000000e+00 0.000000e+00 0.000000e+00
PROFILE_ITER 1 161 9.407043e-03 3.873825e-03 0.000000e+00 9.155035e-03 0.000000e+00 0.000000e+00 9.536743e-07
PROFILE_ITER 1 162 9.348154e-03 3.849983e-03 0.000000e+00 9.095907e-03 0.000000e+00 0.000000e+00 9.536743e-07
PROFILE_ITER 0 116 1.550913e-03 1.171112e-02 0.000000e+00 6.270409e-04 0.000000e+00 0.000000e+00 0.000000e+00
PROFILE_ITER 0 117 1.549244e-03 1.173377e-02 0.000000e+00 6.268024e-04 0.000000e+00 1.192093e-06 0.000000e+00
PROFILE_ITER 0 118 1.549244e-03 1.158261e-02 0.000000e+00 6.289482e-04 0.000000e+00 0.000000e+00 9.536743e-07
PROFILE_ITER 1 163 9.423256e-03 3.844738e-03 0.000000e+00 9.173155e-03 0.000000e+00 0.000000e+00 0.000000e+00
PROFILE_ITER 1 164 9.334326e-03 3.816605e-03 0.000000e+00 9.080887e-03 0.000000e+00 0.000000e+00 0.000000e+00
PROFILE_ITER 1 165 9.249926e-03 3.849030e-03 0.000000e+00 8.998871e-03 0.000000e+00 0.000000e+00 0.000000e+00
PROFILE_ITER 1 166 9.510994e-03 3.896952e-03 0.000000e+00 9.249926e-03 0.000000e+00 0.000000e+00 0.000000e+00
PROFILE_ITER 1 167 9.410143e-03 3.829956e-03 0.000000e+00 9.160280e-03 0.000000e+00 0.000000e+00 9.536743e-07
PROFILE_ITER 0 119 1.538992e-03 1.158309e-02 0.000000e+00 6.232262e-04 0.000000e+00 0.000000e+00 9.536743e-07
PROFILE_ITER 0 120 1.540899e-03 1.175094e-02 0.000000e+00 6.289482e-04 0.000000e+00 0.000000e+00 0.000000e+00
PROFILE_ITER 0 121 1.546860e-03 1.168323e-02 0.000000e+00 6.289482e-04 0.000000e+00 0.000000e+00 0.000000e+00
PROFILE_ITER 1 168 9.258032e-03 3.814936e-03 9.536743e-07 9.002924e-03 9.536743e-07 0.000000e+00 0.000000e+00
PROFILE_ITER 1 169 9.356022e-03 3.896952e-03 9.536743e-07 9.089947e-03 0.000000e+00 0.000000e+00 1.192093e-06
PROFILE_ITER 0 122 1.543283e-03 1.153469e-02 9.536743e-07 6.251335e-04 0.000000e+00 0.000000e+00 0.000000e+00
PROFILE_ITER 0 123 1.541853e-03 1.157427e-02 0.000000e+00 6.248951e-04 0.000000e+00 0.000000e+00 0.000000e+00
PROFILE_ITER 0 124 1.547098e-03 1.172996e-02 0.000000e+00 6.279945e-04 0.000000e+00 0.000000e+00 0.000000e+00
PROFILE_ITER 1 170 9.446859e-03 3.883123e-03 0.000000e+00 9.188890e-03 0.000000e+00 0.000000e+00 0.000000e+00
PROFILE_ITER 1 171 9.483814e-03 3.910303e-03 0.000000e+00 9.232044e-03 0.000000e+00 0.000000e+00 0.000000e+00
PROFILE_ITER 1 172 9.522915e-03 3.931999e-03 0.000000e+00 9.263992e-03 0.000000e+00 0.000000e+00 0.000000e+00
PROFILE_ITER 0 125 1.561880e-03 1.161814e-02 0.000000e+00 6.291866e-04 0.000000e+00 0.000000e+00 0.000000e+00
PROFILE_ITER 0 126 1.538992e-03 1.167989e-02 0.000000e+00 6.248951e-04 9.536743e-07 0.000000e+00 0.000000e+00
PROFILE_ITER 1 173 9.434223e-03 3.880739e-03 0.000000e+00 9.179354e-03 0.000000e+00 0.000000e+00 0.000000e+00
PROFILE_ITER 1 174 9.271145e-03 3.839970e-03 0.000000e+00 9.017706e-03 0.000000e+00 0.000000e+00 0.000000e+00
PROFILE_ITER 1 175 9.263039e-03 3.846884e-03 0.000000e+00 9.012222e-03 0.000000e+00 0.000000e+00 0.000000e+00
PROFILE_ITER 1 176 9.391069e-03 3.823996e-03 0.000000e+00 9.140253e-03 0.000000e+00 0.000000e+00 0.000000e+00
PROFILE_ITER 0 127 1.577854e-03 1.186633e-02 9.536743e-07 6.270409e-04 0.000000e+00 0.000000e+00 0.000000e+00
PROFILE_ITER 0 128 1.556158e-03 1.174068e-02 0.000000e+00 6.310940e-04 0.000000e+00 0.000000e+00 0.000000e+00
PROFILE_ITER 1 177 9.337187e-03 3.867865e-03 9.536743e-07 9.078979e-03 0.000000e+00 0.000000e+00 0.000000e+00
PROFILE_ITER 1 178 1.005697e-02 4.148006e-03 0.000000e+00 9.797812e-03 0.000000e+00 0.000000e+00 1.192093e-06
PROFILE_ITER 1 179 9.909868e-03 4.029989e-03 0.000000e+00 9.655952e-03 0.000000e+00 0.000000e+00 0.000000e+00
PROFILE_ITER 1 180 9.418964e-03 4.006147e-03 0.000000e+00 9.168863e-03 0.000000e+00 0.000000e+00 0.000000e+00
PROFILE_ITER 0 129 1.553059e-03 1.166701e-02 0.000000e+00 6.303787e-04 0.000000e+00 0.000000e+00 0.000000e+00
PROFILE_ITER 0 130 1.545906e-03 1.159406e-02 1.192093e-06 6.279945e-04 0.000000e+00 0.000000e+00 0.000000e+00
PROFILE_ITER 1 181 9.438038e-03 3.844023e-03 0.000000e+00 9.184122e-03 0.000000e+00 0.000000e+00 9.536743e-07
PROFILE_ITER 1 182 9.460926e-03 4.059076e-03 0.000000e+00 9.199142e-03 0.000000e+00 0.000000e+00 0.000000e+00
PROFILE_ITER 1 183 9.450674e-03 3.881216e-03 0.000000e+00 9.194851e-03 0.000000e+00 0.000000e+00 0.000000e+00
PROFILE_ITER 0 131 1.544237e-03 1.158285e-02 0.000000e+00 6.268024e-04 0.000000e+00 0.000000e+00 0.000000e+00
PROFILE_ITER 0 132 1.551151e-03 1.171279e-02 0.000000e+00 6.270409e-04 0.000000e+00 0.000000e+00 0.000000e+00
PROFILE_ITER 0 133 1.579046e-03 1.160884e-02 0.000000e+00 6.301403e-04 0.000000e+00 0.000000e+00 0.000000e+00
PROFILE_ITER 1 184 9.395123e-03 3.833771e-03 0.000000e+00 9.145260e-03 0.000000e+00 0.000000e+00 0.000000e+00
PROFILE_ITER 1 185 9.299994e-03 3.906965e-03 0.000000e+00 9.048223e-03 0.000000e+00 0.000000e+00 0.000000e+00
PROFILE_ITER 1 186 9.359121e-03 3.891945e-03 0.000000e+00 9.100914e-03 0.000000e+00 0.000000e+00 0.000000e+00
PROFILE_ITER 1 187 9.226799e-03 3.868341e-03 0.000000e+00 8.978844e-03 0.000000e+00 0.000000e+00 0.000000e+00
PROFILE_ITER 1 188 9.361029e-03 3.852844e-03 0.000000e+00 9.105921e-03 0.000000e+00 0.000000e+00 0.000000e+00
PROFILE_ITER 0 134 1.543999e-03 1.163316e-02 1.192093e-06 6.289482e-04 0.000000e+00 0.000000e+00 0.000000e+00
PROFILE_ITER 0 135 1.549959e-03 1.166201e-02 0.000000e+00 6.279945e-04 0.000000e+00 0.000000e+00 0.000000e+00
PROFILE_ITER 0 136 1.538992e-03 1.166201e-02 0.000000e+00 6.270409e-04 9.536743e-07 0.000000e+00 0.000000e+00
PROFILE_ITER 1 189 9.447098e-03 3.856897e-03 0.000000e+00 9.195805e-03 0.000000e+00 0.000000e+00 0.000000e+00
PROFILE_ITER 1 190 9.412050e-03 4.042864e-03 9.536743e-07 9.157896e-03 0.000000e+00 0.000000e+00 0.000000e+00
PROFILE_ITER 1 191 9.435892e-03 3.973246e-03 0.000000e+00 9.169817e-03 0.000000e+00 0.000000e+00 0.000000e+00
PROFILE_ITER 0 137 1.552343e-03 1.165962e-02 0.000000e+00 6.260872e-04 1.192093e-06 0.000000e+00 0.000000e+00
PROFILE_ITER 1 192 9.634018e-03 3.933907e-03 0.000000e+00 9.386063e-03 0.000000e+00 0.000000e+00 0.000000e+00
PROFILE_ITER 1 193 9.307146e-03 3.889799e-03 0.000000e+00 9.054184e-03 0.000000e+00 0.000000e+00 9.536743e-07
PROFILE_ITER 0 138 1.543999e-03 1.167393e-02 9.536743e-07 6.260872e-04 0.000000e+00 0.000000e+00 0.000000e+00
PROFILE_ITER 0 139 1.548767e-03 1.155639e-02 0.000000e+00 6.270409e-04 0.000000e+00 0.000000e+00 0.000000e+00
PROFILE_ITER 1 194 9.390116e-03 3.889084e-03 0.000000e+00 9.138823e-03 0.000000e+00 0.000000e+00 0.000000e+00
PROFILE_ITER 1 195 9.468794e-03 3.853083e-03 0.000000e+00 9.210825e-03 0.000000e+00 0.000000e+00 0.000000e+00
PROFILE_ITER 1 196 9.420872e-03 3.877163e-03 0.000000e+00 9.171009e-03 0.000000e+00 0.000000e+00 0.000000e+00
PROFILE_ITER 0 140 1.544952e-03 1.145792e-02 9.536743e-07 6.299019e-04 0.000000e+00 0.000000e+00 0.000000e+00
PROFILE_ITER 1 197 9.416103e-03 3.839970e-03 0.000000e+00 9.163857e-03 0.000000e+00 0.000000e+00 9.536743e-07
PROFILE_ITER 1 198 9.440184e-03 3.840685e-03 0.000000e+00 9.183168e-03 9.536743e-07 0.000000e+00 0.000000e+00
PROFILE_ITER 1 199 9.425879e-03 3.877163e-03 0.000000e+00 9.174824e-03 0.000000e+00 0.000000e+00 0.000000e+00
PROFILE_ACCUM 1 spmv=1.871457e+00 vecops=9.666495e-01 send_fill=1.645088e-05 local_spmv=1.820221e+00 comm_wait=3.814697e-06 shared_spmv=0.000000e+00 send_wait=4.029274e-05
PROFILE_ITER 0 141 1.528978e-03 1.164198e-02 0.000000e+00 6.289482e-04 0.000000e+00 0.000000e+00 0.000000e+00
PROFILE_ITER 0 142 1.549006e-03 1.177120e-02 0.000000e+00 6.279945e-04 0.000000e+00 0.000000e+00 0.000000e+00
PROFILE_ITER 0 143 1.582861e-03 1.187110e-02 0.000000e+00 6.260872e-04 0.000000e+00 0.000000e+00 0.000000e+00
PROFILE_ITER 0 144 1.563072e-03 1.179290e-02 0.000000e+00 6.260872e-04 0.000000e+00 0.000000e+00 0.000000e+00
PROFILE_ITER 0 145 1.566887e-03 1.178312e-02 0.000000e+00 6.279945e-04 0.000000e+00 0.000000e+00 0.000000e+00
PROFILE_ITER 0 146 1.554012e-03 1.155210e-02 9.536743e-07 6.260872e-04 0.000000e+00 0.000000e+00 0.000000e+00
PROFILE_ITER 0 147 1.543999e-03 1.166177e-02 0.000000e+00 6.291866e-04 0.000000e+00 0.000000e+00 0.000000e+00
PROFILE_ITER 0 148 1.547098e-03 1.173592e-02 0.000000e+00 6.299019e-04 0.000000e+00 0.000000e+00 0.000000e+00
PROFILE_ITER 0 149 1.553774e-03 1.142836e-02 0.000000e+00 6.258488e-04 0.000000e+00 0.000000e+00 0.000000e+00
PROFILE_ITER 0 150 1.582146e-03 1.175094e-02 0.000000e+00 6.270409e-04 0.000000e+00 0.000000e+00 0.000000e+00
PROFILE_ITER 0 151 1.566172e-03 1.165462e-02 9.536743e-07 6.260872e-04 0.000000e+00 0.000000e+00 0.000000e+00
PROFILE_ITER 0 152 1.562119e-03 1.167393e-02 0.000000e+00 6.260872e-04 0.000000e+00 0.000000e+00 0.000000e+00
PROFILE_ITER 0 153 1.557112e-03 1.168084e-02 0.000000e+00 6.289482e-04 0.000000e+00 0.000000e+00 0.000000e+00
PROFILE_ITER 0 154 1.565933e-03 1.173186e-02 0.000000e+00 6.308556e-04 0.000000e+00 0.000000e+00 0.000000e+00
PROFILE_ITER 0 155 1.559973e-03 1.181006e-02 0.000000e+00 6.270409e-04 9.536743e-07 0.000000e+00 0.000000e+00
PROFILE_ITER 0 156 1.556873e-03 1.159811e-02 2.145767e-06 6.268024e-04 0.000000e+00 0.000000e+00 0.000000e+00
PROFILE_ITER 0 157 1.559973e-03 1.173520e-02 9.536743e-07 6.248951e-04 0.000000e+00 0.000000e+00 0.000000e+00
PROFILE_ITER 0 158 1.560926e-03 1.170397e-02 0.000000e+00 6.251335e-04 0.000000e+00 0.000000e+00 0.000000e+00
PROFILE_ITER 0 159 1.557112e-03 1.172996e-02 0.000000e+00 6.260872e-04 0.000000e+00 0.000000e+00 0.000000e+00
PROFILE_ITER 0 160 1.559973e-03 1.175904e-02 0.000000e+00 6.260872e-04 0.000000e+00 0.000000e+00 9.536743e-07
PROFILE_ITER 0 161 1.557112e-03 1.172185e-02 0.000000e+00 6.270409e-04 0.000000e+00 0.000000e+00 0.000000e+00
PROFILE_ITER 0 162 1.552105e-03 1.164889e-02 0.000000e+00 6.272793e-04 0.000000e+00 0.000000e+00 0.000000e+00
PROFILE_ITER 0 163 1.566887e-03 1.170015e-02 0.000000e+00 6.279945e-04 0.000000e+00 0.000000e+00 0.000000e+00
PROFILE_ITER 0 164 1.543045e-03 1.160693e-02 0.000000e+00 6.291866e-04 0.000000e+00 0.000000e+00 0.000000e+00
PROFILE_ITER 0 165 1.549959e-03 1.154900e-02 0.000000e+00 6.268024e-04 0.000000e+00 0.000000e+00 0.000000e+00
PROFILE_ITER 0 166 1.567125e-03 1.184082e-02 0.000000e+00 6.301403e-04 0.000000e+00 0.000000e+00 0.000000e+00
PROFILE_ITER 0 167 1.554251e-03 1.168585e-02 0.000000e+00 6.282330e-04 9.536743e-07 0.000000e+00 0.000000e+00
PROFILE_ITER 0 168 1.546383e-03 1.152658e-02 1.192093e-06 6.268024e-04 0.000000e+00 0.000000e+00 0.000000e+00
PROFILE_ITER 0 169 1.572847e-03 1.167822e-02 0.000000e+00 6.279945e-04 0.000000e+00 0.000000e+00 0.000000e+00
PROFILE_ITER 0 170 1.544952e-03 1.178598e-02 0.000000e+00 6.270409e-04 0.000000e+00 0.000000e+00 0.000000e+00
PROFILE_ITER 0 171 1.565933e-03 1.182818e-02 0.000000e+00 6.299019e-04 0.000000e+00 0.000000e+00 0.000000e+00
PROFILE_ITER 0 172 1.603127e-03 1.185179e-02 0.000000e+00 6.282330e-04 0.000000e+00 0.000000e+00 0.000000e+00
PROFILE_ITER 0 173 1.568079e-03 1.174688e-02 0.000000e+00 6.289482e-04 0.000000e+00 0.000000e+00 0.000000e+00
PROFILE_ITER 0 174 1.552820e-03 1.155829e-02 0.000000e+00 6.289482e-04 9.536743e-07 0.000000e+00 0.000000e+00
PROFILE_ITER 0 175 1.554966e-03 1.155496e-02 0.000000e+00 6.282330e-04 0.000000e+00 0.000000e+00 0.000000e+00
PROFILE_ITER 0 176 1.543760e-03 1.167130e-02 0.000000e+00 6.289482e-04 0.000000e+00 0.000000e+00 0.000000e+00
PROFILE_ITER 0 177 1.554012e-03 1.164889e-02 0.000000e+00 6.299019e-04 0.000000e+00 0.000000e+00 0.000000e+00
PROFILE_ITER 0 178 1.584053e-03 1.262307e-02 0.000000e+00 6.279945e-04 0.000000e+00 9.536743e-07 0.000000e+00
PROFILE_ITER 0 179 1.569986e-03 1.236987e-02 0.000000e+00 6.291866e-04 0.000000e+00 0.000000e+00 0.000000e+00
PROFILE_ITER 0 180 1.564026e-03 1.186109e-02 0.000000e+00 6.248951e-04 0.000000e+00 0.000000e+00 0.000000e+00
PROFILE_ITER 0 181 1.535177e-03 1.174688e-02 0.000000e+00 6.282330e-04 0.000000e+00 0.000000e+00 0.000000e+00
PROFILE_ITER 0 182 1.693964e-03 1.182604e-02 0.000000e+00 6.289482e-04 0.000000e+00 0.000000e+00 0.000000e+00
PROFILE_ITER 0 183 1.578093e-03 1.175380e-02 9.536743e-07 6.320477e-04 0.000000e+00 0.000000e+00 0.000000e+00
PROFILE_ITER 0 184 1.555920e-03 1.167297e-02 0.000000e+00 6.246567e-04 0.000000e+00 0.000000e+00 0.000000e+00
PROFILE_ITER 0 185 1.551867e-03 1.165318e-02 0.000000e+00 6.270409e-04 0.000000e+00 0.000000e+00 0.000000e+00
PROFILE_ITER 0 186 1.576900e-03 1.167703e-02 0.000000e+00 6.277561e-04 0.000000e+00 0.000000e+00 0.000000e+00
PROFILE_ITER 0 187 1.543999e-03 1.155114e-02 0.000000e+00 6.239414e-04 0.000000e+00 0.000000e+00 0.000000e+00
PROFILE_ITER 0 188 1.554012e-03 1.165986e-02 0.000000e+00 6.287098e-04 0.000000e+00 0.000000e+00 0.000000e+00
PROFILE_ITER 0 189 1.555920e-03 1.174808e-02 0.000000e+00 6.268024e-04 0.000000e+00 0.000000e+00 0.000000e+00
PROFILE_ITER 0 190 1.553059e-03 1.190186e-02 0.000000e+00 6.268024e-04 0.000000e+00 0.000000e+00 0.000000e+00
PROFILE_ITER 0 191 1.601934e-03 1.180720e-02 0.000000e+00 6.291866e-04 0.000000e+00 0.000000e+00 0.000000e+00
PROFILE_ITER 0 192 1.581192e-03 1.198673e-02 1.192093e-06 6.270409e-04 0.000000e+00 0.000000e+00 0.000000e+00
PROFILE_ITER 0 193 1.565218e-03 1.162982e-02 0.000000e+00 6.289482e-04 0.000000e+00 0.000000e+00 0.000000e+00
PROFILE_ITER 0 194 1.563311e-03 1.171780e-02 0.000000e+00 6.291866e-04 0.000000e+00 0.000000e+00 0.000000e+00
PROFILE_ITER 0 195 1.565218e-03 1.175666e-02 0.000000e+00 6.279945e-04 9.536743e-07 0.000000e+00 0.000000e+00
PROFILE_ITER 0 196 1.575232e-03 1.172280e-02 9.536743e-07 6.291866e-04 0.000000e+00 0.000000e+00 0.000000e+00
PROFILE_ITER 0 197 1.552820e-03 1.170325e-02 0.000000e+00 6.289482e-04 0.000000e+00 0.000000e+00 0.000000e+00
PROFILE_ITER 0 198 1.551867e-03 1.172900e-02 0.000000e+00 6.299019e-04 0.000000e+00 0.000000e+00 0.000000e+00
PROFILE_ITER 0 199 1.560926e-03 1.174212e-02 0.000000e+00 6.270409e-04 0.000000e+00 0.000000e+00 0.000000e+00
PROFILE_ACCUM 0 spmv=3.104155e-01 vecops=2.333378e+00 send_fill=3.170967e-05 local_spmv=1.255462e-01 comm_wait=2.455711e-05 shared_spmv=6.198883e-06 send_wait=5.722046e-06
