Matrix name : /home/bugra/Workspace/C/HetHypPar_rewrite/data/matrices/cage11_4c_4g/cage11_4c_4g.mtx

	****	Matrix File readed	****LOG: Finished Creating Shard CSC
LOG: Finished Creating Vectors
PROFILE_HEADER rank iter spmv vecops send_fill local_spmv comm_wait shared_spmv send_wait
PROFILE_ITER 1 0 2.920151e-03 1.094427e-01 9.536743e-07 2.602100e-03 0.000000e+00 0.000000e+00 0.000000e+00
PROFILE_ITER 1 1 2.496004e-03 9.601116e-04 0.000000e+00 2.428055e-03 0.000000e+00 0.000000e+00 0.000000e+00
PROFILE_ITER 1 2 2.331018e-03 8.888245e-04 9.536743e-07 2.247095e-03 0.000000e+00 0.000000e+00 0.000000e+00
PROFILE_ITER 1 3 2.273083e-03 8.869171e-04 0.000000e+00 2.218962e-03 0.000000e+00 0.000000e+00 1.192093e-06
PROFILE_ITER 1 4 2.213001e-03 8.809566e-04 0.000000e+00 2.156973e-03 0.000000e+00 0.000000e+00 9.536743e-07
PROFILE_ITER 1 5 2.259970e-03 8.831024e-04 0.000000e+00 2.206087e-03 0.000000e+00 0.000000e+00 0.000000e+00
PROFILE_ITER 1 6 2.200127e-03 8.747578e-04 0.000000e+00 2.146959e-03 0.000000e+00 0.000000e+00 0.000000e+00
PROFILE_ITER 1 7 2.497911e-03 9.140968e-04 0.000000e+00 2.420902e-03 0.000000e+00 0.000000e+00 0.000000e+00
PROFILE_ITER 1 8 2.314091e-03 8.909702e-04 0.000000e+00 2.241135e-03 0.000000e+00 0.000000e+00 0.000000e+00
PROFILE_ITER 1 9 2.269030e-03 8.878708e-04 0.000000e+00 2.211809e-03 0.000000e+00 0.000000e+00 0.000000e+00
PROFILE_ITER 1 10 2.208948e-03 8.840561e-04 0.000000e+00 2.156019e-03 0.000000e+00 0.000000e+00 9.536743e-07
PROFILE_ITER 1 11 2.272844e-03 8.792877e-04 0.000000e+00 2.215862e-03 0.000000e+00 0.000000e+00 0.000000e+00
PROFILE_ITER 1 12 2.346992e-03 9.438992e-04 0.000000e+00 2.280951e-03 0.000000e+00 0.000000e+00 0.000000e+00
PROFILE_ITER 1 13 2.305984e-03 8.821487e-04 0.000000e+00 2.226830e-03 0.000000e+00 0.000000e+00 0.000000e+00
PROFILE_ITER 1 14 2.228022e-03 8.838177e-04 0.000000e+00 2.174139e-03 0.000000e+00 0.000000e+00 0.000000e+00
PROFILE_ITER 1 15 2.321959e-03 8.702278e-04 0.000000e+00 2.269030e-03 0.000000e+00 0.000000e+00 0.000000e+00
PROFILE_ITER 1 16 2.261162e-03 8.726120e-04 0.000000e+00 2.206087e-03 0.000000e+00 0.000000e+00 0.000000e+00
PROFILE_ITER 1 17 2.316952e-03 9.250641e-04 0.000000e+00 2.244949e-03 0.000000e+00 0.000000e+00 0.000000e+00
PROFILE_ITER 1 18 2.375126e-03 8.859634e-04 0.000000e+00 2.304077e-03 0.000000e+00 0.000000e+00 9.536743e-07
PROFILE_ITER 1 19 2.281904e-03 8.962154e-04 0.000000e+00 2.226114e-03 0.000000e+00 0.000000e+00 0.000000e+00
PROFILE_ITER 1 20 2.251148e-03 8.766651e-04 0.000000e+00 2.194166e-03 0.000000e+00 0.000000e+00 0.000000e+00
PROFILE_ITER 1 21 2.194881e-03 8.852482e-04 0.000000e+00 2.140045e-03 0.000000e+00 0.000000e+00 0.000000e+00
PROFILE_ITER 1 22 2.340078e-03 9.639263e-04 0.000000e+00 2.282143e-03 0.000000e+00 0.000000e+00 0.000000e+00
PROFILE_ITER 1 23 2.347946e-03 9.210110e-04 0.000000e+00 2.286673e-03 0.000000e+00 0.000000e+00 0.000000e+00
PROFILE_ITER 1 24 2.274990e-03 8.840561e-04 0.000000e+00 2.218962e-03 0.000000e+00 0.000000e+00 0.000000e+00
PROFILE_ITER 1 25 2.323151e-03 8.718967e-04 9.536743e-07 2.266169e-03 0.000000e+00 0.000000e+00 0.000000e+00
PROFILE_ITER 1 26 2.252817e-03 8.840561e-04 0.000000e+00 2.200842e-03 0.000000e+00 0.000000e+00 9.536743e-07
PROFILE_ITER 1 27 2.261877e-03 8.821487e-04 0.000000e+00 2.207756e-03 0.000000e+00 0.000000e+00 0.000000e+00
PROFILE_ITER 1 28 2.209663e-03 8.952618e-04 0.000000e+00 2.156973e-03 0.000000e+00 0.000000e+00 0.000000e+00
PROFILE_ITER 1 29 2.203941e-03 8.749962e-04 0.000000e+00 2.151966e-03 0.000000e+00 0.000000e+00 0.000000e+00
PROFILE_ITER 1 30 2.320766e-03 8.711815e-04 0.000000e+00 2.267838e-03 0.000000e+00 0.000000e+00 0.000000e+00
PROFILE_ITER 1 31 2.309799e-03 8.673668e-04 0.000000e+00 2.254963e-03 0.000000e+00 0.000000e+00 0.000000e+00
PROFILE_ITER 1 32 2.202034e-03 8.668900e-04 0.000000e+00 2.146959e-03 0.000000e+00 0.000000e+00 0.000000e+00
PROFILE_ITER 1 33 2.200127e-03 8.738041e-04 0.000000e+00 2.147913e-03 0.000000e+00 0.000000e+00 0.000000e+00
PROFILE_ITER 1 34 2.290249e-03 8.778572e-04 0.000000e+00 2.236128e-03 0.000000e+00 0.000000e+00 1.192093e-06
PROFILE_ITER 1 35 2.211094e-03 8.637905e-04 0.000000e+00 2.153873e-03 0.000000e+00 0.000000e+00 0.000000e+00
PROFILE_ITER 1 36 2.201080e-03 8.769035e-04 2.145767e-06 2.142906e-03 0.000000e+00 0.000000en_iters : 200 
spmv : 0.635502 
file_read : 0.786147 
relative_residual : 3.002967E-16
everything_total : 1.531553

----------------------------------------------------------------------
PROFILE_HEADER rank iter spmv vecops send_fill local_spmv comm_wait shared_spmv send_wait
PROFILE_ITER 0 0 4.780293e-04 3.864050e-03 0.000000e+00 1.878738e-04 0.000000e+00 0.000000e+00 0.000000e+00
PROFILE_ITER 0 1 4.761219e-04 2.980947e-03 0.000000e+00 1.850128e-04 0.000000e+00 0.000000e+00 0.000000e+00
PROFILE_ITER 0 2 4.651546e-04 2.754688e-03 0.000000e+00 1.850128e-04 0.000000e+00 0.000000e+00 0.000000e+00
PROFILE_ITER 0 3 4.541874e-04 2.707005e-03 0.000000e+00 1.821518e-04 0.000000e+00 0.000000e+00 0.000000e+00
PROFILE_ITER 0 4 4.558563e-04 2.638102e-03 0.000000e+00 1.828671e-04 0.000000e+00 0.000000e+00 0.000000e+00
PROFILE_ITER 0 5 4.479885e-04 2.695084e-03 0.000000e+00 1.819134e-04 9.536743e-07 0.000000e+00 0.000000e+00
PROFILE_ITER 0 6 4.529953e-04 2.622843e-03 0.000000e+00 1.850128e-04 0.000000e+00 0.000000e+00 0.000000e+00
PROFILE_ITER 0 7 4.761219e-04 2.935886e-03 0.000000e+00 1.831055e-04 0.000000e+00 0.000000e+00 0.000000e+00
PROFILE_ITER 0 8 4.599094e-04 2.745152e-03 0.000000e+00 1.828671e-04 0.000000e+00 0.000000e+00 0.000000e+00
PROFILE_ITER 0 9 4.527569e-04 2.704144e-03 0.000000e+00 1.840591e-04 0.000000e+00 0.000000e+00 0.000000e+00
PROFILE_ITER 0 10 4.518032e-04 2.641201e-03 0.000000e+00 1.840591e-04 0.000000e+00 0.000000e+00 0.000000e+00
PROFILE_ITER 0 11 4.541874e-04 2.697945e-03 0.000000e+00 1.840591e-04 0.000000e+00 0.000000e+00 0.000000e+00
PROFILE_ITER 0 12 4.651546e-04 2.825737e-03 0.000000e+00 1.831055e-04 9.536743e-07 0.000000e+00 0.000000e+00
PROFILE_ITER 0 13 4.639626e-04 2.724171e-03 0.000000e+00 1.838207e-04 0.000000e+00 0.000000e+00 0.000000e+00
PROFILE_ITER 0 14 4.541874e-04 2.657652e-03 0.000000e+00 1.850128e-04 0.000000e+00 0.000000e+00 0.000000e+00
PROFILE_ITER 0 15 4.560947e-04 2.736092e-03 0.000000e+00 1.850128e-04 0.000000e+00 0.000000e+00 0.000000e+00
PROFILE_ITER 0 16 4.539490e-04 2.679825e-03 0.000000e+00 1.838207e-04 0.000000e+00 0.000000e+00 0.000000e+00
PROFILE_ITER 0 17 4.808903e-04 2.761126e-03 0.000000e+00 1.840591e-04 0.000000e+00 0.000000e+00 0.000000e+00
PROFILE_ITER 0 18 4.587173e-04 2.802372e-03 0.000000e+00 1.840591e-04 0.000000e+00 0.000000e+00 0.000000e+00
PROFILE_ITER 0 19 4.560947e-04 2.722025e-03 0.000000e+00 1.831055e-04 0.000000e+00 0.000000e+00 0.000000e+00
PROFILE_ITER 0 20 4.537106e-04 2.673149e-03 0.000000e+00 1.828671e-04 0.000000e+00 0.000000e+00 0.000000e+00
PROFILE_ITER 0 21 4.527569e-04 2.627373e-03 0.000000e+00 1.831055e-04 0.000000e+00 0.000000e+00 9.536743e-07
PROFILE_ITER 0 22 4.649162e-04 2.839088e-03 0.000000e+00 1.838207e-04 0.000000e+00 0.000000e+00 0.000000e+00
PROFILE_ITER 0 23 4.749298e-04 2.794027e-03 1.192093e-06 1.819134e-04 0.000000e+00 0.000000e+00 0.000000e+00
PROFILE_ITER 0 24 4.560947e-04 2.702951e-03 0.000000e+00 1.859665e-04 1.192093e-06 0.000000e+00 0.000000e+00
PROFILE_ITER 0 25 4.560947e-04 2.738953e-03 0.000000e+00 1.840591e-04 0.000000e+00 0.000000e+00 0.000000e+00
PROFILE_ITER 0 26 4.489422e-04 2.687931e-03 0.000000e+00 1.831055e-04 0.000000e+00 0.000000e+00 0.000000e+00
PROFILE_ITER 0 27 4.570484e-04 2.687931e-03 0.000000e+00 1.850128e-04 0.000000e+00 0.000000e+00 0.000000e+00
PROFILE_ITER 0 28 4.551411e-04 2.650976e-03 0.000000e+00 1.838207e-04 0.000000e+00 0.000000e+00 0.000000e+00
PROFILE_ITER 0 29 4.520416e-04 2.626896e-03 0.000000e+00 1.831055e-04 0.000000e+00 0.000000e+00 0.000000e+00
PROFILE_ITER 0 30 4.532337e-04 2.739668e-03 0.000000e+00 1.831055e-04 0.000000e+00 0.000000e+00 0.000000e+00
PROFILE_ITER 0 31 4.508495e-04 2.726316e-03 0.000000e+00 1.831055e-04 0.000000e+00 0.000000e+00 0.000000e+00
PROFILE_ITER 0 32 4.589558e-04 2.609968e-03 0.000000e+00 1.840591e-04 0.000000e+00 0.000000e+00 0.000000e+00
PROFILE_ITER 0 33 4.568100e-04 2.617121e-03 0.000000e+00 1.847744e-04 0.000000e+00 0.000000e+00 0.000000e+00
PROFILE_ITER 0 34 4.529953e-04 2.715111e-03 0.000000e+00 1.831055e-04 0.000000e+00 0.000000e+00 0.000000e+00
PROFILE_ITER 0 35 4.529953e-04 2.621889e-03 0.000000e+00 1.826286e-04 0.000000e+00 1.192093e-06 0.000000e+00
PROFILE_ITER 0 36 4.630089e-04 2.616167e-03 0.000000e+00 1.831055e-04 0.000000e+00 9.536743e-07 0.000000e+00
PROFILE_ITER 0 37 4.539490e-04 2.742052e-03 0.000000e+00 1.840591e-04 0.000000e+00 0.000000e+00 0.000000e+00
PROFILE_ITER 0 38 4.620552e-04 2.750874e-03 9.536743e-07 1.840591e-04 0.000000e+00 0.000000e+00 0.000000e+00
PROFILE_ITER 0 39 4.529953e-04 2.666950e-03 0.000000e+00 1.819134e-04 0.000000e+00 0.000000e+00 0.000000e+00
PROFILE_ITER 0 40 4.539490e-04 2.631187e-03 0.000000e+00 1.831055e-04 0.000000e+00 0.000000e+00 0.000000e+00
PROFILE_ITER 0 41 4.539490e-04 2.697945e-03 0.000000e+00 1.828671e-04 0.000000e+00 0.000000e+00 0.000000e+00
PROFILE_ITER 0 42 4.539490e-04 2.792120e-03 0.000000e+00 1.819134e-04 0.000000e+00 0.000000e+00 0.000000e+00
PROFILE_ITER 0 43 4.768372e-04 2.869129e-03 0.000000e+00 1.838207e-04 0.000000e+00 0.000000e+00 0.000000e+00
PROFILE_ITER 0 44 4.620552e-04 2.776861e-03 0.000000e+00 1.831055e-04 0.000000e+00 0.000000e+00 0.000000e+00
PROFILE_ITER 0 45 4.587173e-04 2.743244e-03 0.000000e+00 1.850128e-04 0.000000e+00 0.000000e+00 0.000000e+00
PROFILE_ITER 0 46 4.541874e-04 2.637863e-03 0.000000e+00 1.831055e-04 0.000000e+00 0.000000e+00 0.000000e+00
PROFILE_ITER 0 47 4.518032e-04 2.679110e-03 9.536743e-07 1.831055e-04 0.000000e+00 0.000000e+00 0.000000e+00
PROFILE_ITER 0 48 4.529953e-04 2.677202e-03 0.000000e+00 1.840591e-04 0.000000e+00 0.000000e+00 0.000000e+00
PROFILE_ITER 0 49 4.518032e-04 2.758026e-03 0.000000e+00 1.850128e-04 0.000000e+00 0.000000e+00 0.000000e+00
PROFILE_ITER 0 50 4.537106e-04 2.690315e-03 0.000000e+00 1.826286e-04 0.000000e+00 0.000000e+00 0.000000e+00
PROFILE_ITER 0 51 4.520416e-04 2.712011e-03 0.000000e+00 1.809597e-04 0.000000e+00 0.000000e+00 0.000000e+00
PROFILE_ITER 0 52 4.522800e-04 2.622843e-03 0.000000e+00 1.840591e-04 0.000000e+00 0.000000e+00 0.000000e+00
PROFILE_ITER 0 53 4.520416e-04 2.631903e-03 0.000000e+00 1.840591e-04 0.000000e+00 0.000000e+00 0.000000e+00
PROFILE_ITER 0 54 4.508495e-04 2.682209e-03 0.000000e+00 1.838207e-04 0.000000e+00 0.000000e+00 0.000000e+00
PROFILE_ITER 0 55 4.549026e-04 2.723932e-03 0.000000e+00 1.831055e-04 0.000000e+00 0.000000e+00 0.000000e+00
PROFILE_ITER 0 56 4.529953e-04 2.686024e-03 1.192093e-06 1.850128e-04 0.000000e+00 0.000000e+00 0.000000e+00
PROFILE_ITER 0 57 4.539490e-04 2.722025e-03 0.000000e+00 1.831055e-04 0.000000e+00 9.536743e-07 0.000000e+00
PROFILE_ITER 0 58 4.558563e-04 2.691269e-03 0.000000e+00 1.847744e-04 0.000000e+00 0.000000e+00 0.000000e+00
PROFILE_ITER 0 59 4.558563e-04 2.690077e-03 0.000000e+00 1.828671e-04 0.000000e+00 0.000000e+00 0.000000e+00
PROFILE_ITER 0 60 4.580021e-04 2.758980e-03 0.000000e+00 1.850128e-04 0.000000e+00 0.000000e+00 0.000000e+00
PROFILE_ITER 0 61 4.532337e-04 2.739668e-03 0.000000e+00 1.828671e-04 0.000000e+00 0.000000e+00 0.000000e+00
PROFILE_ITER 0 62 4.539490e-04 2.738237e-03 0.000000e+00 1.831055e-04 0.000000e+00 0.000000e+00 9.536743e-07
PROFILE_ITER 0 63 4.930496e-04 2.873898e-03 0.000000e+00 1.821518e-04 0.000000e+00 9.536743e-07 0.000000e+00
PROFILE_ITER 0 64 4.558563e-04 2.842188e-03 0.000000e+00 1.816750e-04 0.000000e+00 0.000000e+00 0.000000e+00
PROFILE_ITER 0 65 4.520416e-04 2.713919e-03 0.000000e+00 1.831055e-04 0.000000e+00 0.000000e+00 9.536743e-07
PROFILE_ITER 0 66 4.529953e-04 2.631903e-03 0.000000e+00 1.840591e-04 0.000000e+00 0.000000e+00 0.000000e+00
PROFILE_ITER 0 67 4.537106e-04 2.618313e-03 0.000000e+00 1.828671e-04 0.000000e+00 0.000000e+00 0.000000e+00
PROFILE_ITER 0 68 4.568100e-04 2.642155e-03 0.000000e+00 1.838207e-04 0.000000e+00 0.000000e+00 0.000000e+00
PROFILE_ITER 0 69 4.649162e-04 2.842188e-03 0.000000e+00 1.819134e-04 0.000000e+00 0.000000e+00 9.536743e-07
PROFILE_ITER 0 70 4.541874e-04 2.692699e-03 0.000000e+00 1.831055e-04 0.000000e+00 0.000000e+00 0.000000e+00
PROFILE_ITER 0 71 4.498959e-04 2.713203e-03 0.000000e+00 1.819134e-04 0.000000e+00 0.000000e+00 0.000000e+00
PROFILE_ITER 0 72 4.539490e-04 2.685070e-03 0.000000e+00 1.828671e-04 0.00000+00 0.000000e+00
PROFILE_ITER 1 37 2.324820e-03 8.711815e-04 0.000000e+00 2.268791e-03 9.536743e-07 0.000000e+00 0.000000e+00
PROFILE_ITER 1 38 2.329826e-03 8.821487e-04 0.000000e+00 2.275944e-03 0.000000e+00 0.000000e+00 0.000000e+00
PROFILE_ITER 1 39 2.233028e-03 8.869171e-04 0.000000e+00 2.181053e-03 0.000000e+00 0.000000e+00 0.000000e+00
PROFILE_ITER 1 40 2.215862e-03 8.692741e-04 0.000000e+00 2.161026e-03 0.000000e+00 0.000000e+00 0.000000e+00
PROFILE_ITER 1 41 2.258062e-03 8.938313e-04 9.536743e-07 2.202749e-03 0.000000e+00 0.000000e+00 0.000000e+00
PROFILE_ITER 1 42 2.354860e-03 8.912086e-04 0.000000e+00 2.299070e-03 0.000000e+00 0.000000e+00 9.536743e-07
PROFILE_ITER 1 43 2.398014e-03 9.479523e-04 0.000000e+00 2.326965e-03 0.000000e+00 0.000000e+00 0.000000e+00
PROFILE_ITER 1 44 2.350092e-03 8.888245e-04 0.000000e+00 2.275944e-03 0.000000e+00 0.000000e+00 0.000000e+00
PROFILE_ITER 1 45 2.320051e-03 8.809566e-04 0.000000e+00 2.267122e-03 0.000000e+00 0.000000e+00 0.000000e+00
PROFILE_ITER 1 46 2.202988e-03 8.890629e-04 0.000000e+00 2.147913e-03 0.000000e+00 0.000000e+00 0.000000e+00
PROFILE_ITER 1 47 2.254963e-03 8.759499e-04 0.000000e+00 2.200127e-03 0.000000e+00 0.000000e+00 0.000000e+00
PROFILE_ITER 1 48 2.255917e-03 8.742809e-04 0.000000e+00 2.202034e-03 0.000000e+00 0.000000e+00 0.000000e+00
PROFILE_ITER 1 49 2.334118e-03 8.769035e-04 0.000000e+00 2.276897e-03 1.192093e-06 0.000000e+00 0.000000e+00
PROFILE_ITER 1 50 2.267838e-03 8.749962e-04 0.000000e+00 2.211094e-03 0.000000e+00 0.000000e+00 0.000000e+00
PROFILE_ITER 1 51 2.259254e-03 9.038448e-04 0.000000e+00 2.199888e-03 0.000000e+00 0.000000e+00 0.000000e+00
PROFILE_ITER 1 52 2.188921e-03 8.871555e-04 0.000000e+00 2.135992e-03 0.000000e+00 0.000000e+00 0.000000e+00
PROFILE_ITER 1 53 2.205849e-03 8.771420e-04 0.000000e+00 2.153873e-03 0.000000e+00 0.000000e+00 0.000000e+00
PROFILE_ITER 1 54 2.232075e-03 9.009838e-04 0.000000e+00 2.173185e-03 0.000000e+00 0.000000e+00 0.000000e+00
PROFILE_ITER 1 55 2.306938e-03 8.718967e-04 0.000000e+00 2.249956e-03 0.000000e+00 0.000000e+00 0.000000e+00
PROFILE_ITER 1 56 2.267122e-03 8.718967e-04 0.000000e+00 2.213001e-03 0.000000e+00 0.000000e+00 0.000000e+00
PROFILE_ITER 1 57 2.310991e-03 8.649826e-04 0.000000e+00 2.253056e-03 0.000000e+00 0.000000e+00 0.000000e+00
PROFILE_ITER 1 58 2.259970e-03 8.871555e-04 0.000000e+00 2.205133e-03 0.000000e+00 0.000000e+00 9.536743e-07
PROFILE_ITER 1 59 2.271891e-03 8.740425e-04 0.000000e+00 2.214909e-03 9.536743e-07 0.000000e+00 0.000000e+00
PROFILE_ITER 1 60 2.334833e-03 8.811951e-04 0.000000e+00 2.279997e-03 0.000000e+00 0.000000e+00 0.000000e+00
PROFILE_ITER 1 61 2.322674e-03 8.711815e-04 0.000000e+00 2.266884e-03 0.000000e+00 0.000000e+00 0.000000e+00
PROFILE_ITER 1 62 2.321243e-03 8.709431e-04 0.000000e+00 2.264023e-03 9.536743e-07 0.000000e+00 0.000000e+00
PROFILE_ITER 1 63 2.433777e-03 9.331703e-04 0.000000e+00 2.361774e-03 0.000000e+00 0.000000e+00 0.000000e+00
PROFILE_ITER 1 64 2.392054e-03 9.059906e-04 0.000000e+00 2.333164e-03 0.000000e+00 0.000000e+00 0.000000e+00
PROFILE_ITER 1 65 2.269745e-03 8.962154e-04 0.000000e+00 2.214909e-03 0.000000e+00 0.000000e+00 0.000000e+00
PROFILE_ITER 1 66 2.205849e-03 8.780956e-04 0.000000e+00 2.152681e-03 0.000000e+00 0.000000e+00 0.000000e+00
PROFILE_ITER 1 67 2.202988e-03 8.680820e-04 0.000000e+00 2.146006e-03 0.000000e+00 0.000000e+00 0.000000e+00
PROFILE_ITER 1 68 2.205849e-03 8.931160e-04 0.000000e+00 2.148151e-03 0.000000e+00 0.000000e+00 0.000000e+00
PROFILE_ITER 1 69 2.362967e-03 9.441376e-04 0.000000e+00 2.299070e-03 0.000000e+00 0.000000e+00 0.000000e+00
PROFILE_ITER 1 70 2.254009e-03 8.928776e-04 0.000000e+00 2.192974e-03 0.000000e+00 0.000000e+00 0.000000e+00
PROFILE_ITER 1 71 2.285004e-03 8.771420e-04 0.000000e+00 2.230883e-03 0.000000e+00 0.000000e+00 0.000000e+00
PROFILE_ITER 1 72 2.260208e-03 8.788109e-04 0.000000e+00 2.207279e-03 0.000000e+00 0.000000e+00 0.000000e+00
PROFILE_ITER 1 73 2.354860e-03 9.112358e-04 0.000000e+00 2.300978e-03 0.000000e+00 0.000000e+00 0.000000e+00
PROFILE_ITER 1 74 2.351046e-03 9.047985e-04 0.0e+00 0.000000e+00 0.000000e+00
PROFILE_ITER 0 73 4.508495e-04 2.815247e-03 0.000000e+00 1.831055e-04 0.000000e+00 0.000000e+00 0.000000e+00
PROFILE_ITER 0 74 4.594326e-04 2.796412e-03 0.000000e+00 1.828671e-04 0.000000e+00 0.000000e+00 1.192093e-06
PROFILE_ITER 0 75 4.458427e-04 2.748251e-03 0.000000e+00 1.826286e-04 0.000000e+00 0.000000e+00 0.000000e+00
PROFILE_ITER 0 76 4.580021e-04 2.745867e-03 0.000000e+00 1.819134e-04 0.000000e+00 0.000000e+00 0.000000e+00
PROFILE_ITER 0 77 4.568100e-04 2.614260e-03 0.000000e+00 1.850128e-04 0.000000e+00 0.000000e+00 0.000000e+00
PROFILE_ITER 0 78 4.522800e-04 2.683640e-03 0.000000e+00 1.821518e-04 0.000000e+00 0.000000e+00 0.000000e+00
PROFILE_ITER 0 79 4.839897e-04 3.024101e-03 0.000000e+00 1.828671e-04 0.000000e+00 0.000000e+00 0.000000e+00
PROFILE_ITER 0 80 4.582405e-04 2.775669e-03 9.536743e-07 1.831055e-04 0.000000e+00 0.000000e+00 0.000000e+00
PROFILE_ITER 0 81 4.541874e-04 2.704859e-03 0.000000e+00 1.840591e-04 0.000000e+00 0.000000e+00 0.000000e+00
PROFILE_ITER 0 82 4.527569e-04 2.694368e-03 0.000000e+00 1.850128e-04 0.000000e+00 0.000000e+00 0.000000e+00
PROFILE_ITER 0 83 4.551411e-04 2.619743e-03 0.000000e+00 1.831055e-04 0.000000e+00 0.000000e+00 0.000000e+00
PROFILE_ITER 0 84 4.520416e-04 2.621889e-03 0.000000e+00 1.840591e-04 0.000000e+00 0.000000e+00 0.000000e+00
PROFILE_ITER 0 85 4.510880e-04 2.614021e-03 0.000000e+00 1.811981e-04 0.000000e+00 0.000000e+00 0.000000e+00
PROFILE_ITER 0 86 4.541874e-04 2.646923e-03 0.000000e+00 1.850128e-04 0.000000e+00 0.000000e+00 9.536743e-07
PROFILE_ITER 0 87 4.518032e-04 2.716064e-03 0.000000e+00 1.831055e-04 0.000000e+00 0.000000e+00 0.000000e+00
PROFILE_ITER 0 88 4.520416e-04 2.634048e-03 0.000000e+00 1.809597e-04 0.000000e+00 9.536743e-07 1.192093e-06
PROFILE_ITER 0 89 4.549026e-04 2.686024e-03 0.000000e+00 1.831055e-04 0.000000e+00 0.000000e+00 0.000000e+00
PROFILE_ITER 0 90 4.532337e-04 2.676725e-03 0.000000e+00 1.831055e-04 0.000000e+00 0.000000e+00 0.000000e+00
PROFILE_ITER 0 91 4.539490e-04 2.665043e-03 0.000000e+00 1.850128e-04 0.000000e+00 0.000000e+00 0.000000e+00
PROFILE_ITER 0 92 4.572868e-04 2.606869e-03 0.000000e+00 1.850128e-04 0.000000e+00 0.000000e+00 0.000000e+00
PROFILE_ITER 0 93 4.541874e-04 2.680779e-03 0.000000e+00 1.831055e-04 0.000000e+00 0.000000e+00 0.000000e+00
PROFILE_ITER 0 94 4.541874e-04 2.735853e-03 0.000000e+00 1.840591e-04 0.000000e+00 0.000000e+00 0.000000e+00
PROFILE_ITER 0 95 4.501343e-04 2.624750e-03 0.000000e+00 1.831055e-04 0.000000e+00 0.000000e+00 9.536743e-07
PROFILE_ITER 0 96 4.529953e-04 2.682924e-03 0.000000e+00 1.840591e-04 0.000000e+00 0.000000e+00 0.000000e+00
PROFILE_ITER 0 97 4.529953e-04 2.633095e-03 0.000000e+00 1.821518e-04 0.000000e+00 0.000000e+00 0.000000e+00
PROFILE_ITER 0 98 4.489422e-04 2.619982e-03 0.000000e+00 1.819134e-04 0.000000e+00 0.000000e+00 0.000000e+00
PROFILE_ITER 0 99 4.498959e-04 2.794266e-03 9.536743e-07 1.821518e-04 0.000000e+00 0.000000e+00 0.000000e+00
PROFILE_ITER 0 100 4.727840e-04 2.909184e-03 0.000000e+00 1.828671e-04 0.000000e+00 0.000000e+00 0.000000e+00
PROFILE_ITER 0 101 4.539490e-04 2.792120e-03 0.000000e+00 1.821518e-04 9.536743e-07 0.000000e+00 0.000000e+00
PROFILE_ITER 0 102 4.508495e-04 2.666950e-03 0.000000e+00 1.828671e-04 0.000000e+00 0.000000e+00 0.000000e+00
000000e+00 2.286911e-03 0.000000e+00 0.000000e+00 1.192093e-06
PROFILE_ITER 1 75 2.314091e-03 8.800030e-04 0.000000e+00 2.248764e-03 0.000000e+00 0.000000e+00 0.000000e+00
PROFILE_ITER 1 76 2.326012e-03 8.778572e-04 0.000000e+00 2.268791e-03 0.000000e+00 0.000000e+00 2.384186e-06
PROFILE_ITER 1 77 2.199173e-03 8.718967e-04 0.000000e+00 2.144814e-03 0.000000e+00 0.000000e+00 0.000000e+00
PROFILE_ITER 1 78 2.260923e-03 8.749962e-04 0.000000e+00 2.207041e-03 0.000000e+00 0.000000e+00 0.000000e+00
PROFILE_ITER 1 79 2.545118e-03 9.629726e-04 0.000000e+00 2.471209e-03 0.000000e+00 0.000000e+00 9.536743e-07
PROFILE_ITER 1 80 2.341032e-03 8.909702e-04 0.000000e+00 2.276182e-03 0.000000e+00 0.000000e+00 0.000000e+00
PROFILE_ITER 1 81 2.265692e-03 8.933544e-04 0.000000e+00 2.209902e-03 0.000000e+00 0.000000e+00 0.000000e+00
PROFILE_ITER 1 82 2.274036e-03 8.730888e-04 0.000000e+00 2.220154e-03 0.000000e+00 0.000000e+00 0.000000e+00
PROFILE_ITER 1 83 2.198935e-03 8.759499e-04 0.000000e+00 2.141953e-03 0.000000e+00 0.000000e+00 9.536743e-07
PROFILE_ITER 1 84 2.195120e-03 8.788109e-04 0.000000e+00 2.140045e-03 0.000000e+00 0.000000e+00 0.000000e+00
PROFILE_ITER 1 85 2.195120e-03 8.699894e-04 9.536743e-07 2.140999e-03 0.000000e+00 0.000000e+00 0.000000e+00
PROFILE_ITER 1 86 2.197266e-03 9.038448e-04 0.000000e+00 2.139807e-03 0.000000e+00 0.000000e+00 0.000000e+00
PROFILE_ITER 1 87 2.275944e-03 8.919239e-04 0.000000e+00 2.223015e-03 0.000000e+00 0.000000e+00 0.000000e+00
PROFILE_ITER 1 88 2.202749e-03 8.833408e-04 0.000000e+00 2.150774e-03 0.000000e+00 0.000000e+00 0.000000e+00
PROFILE_ITER 1 89 2.257824e-03 8.831024e-04 0.000000e+00 2.204180e-03 0.000000e+00 0.000000e+00 0.000000e+00
PROFILE_ITER 1 90 2.257824e-03 8.721352e-04 0.000000e+00 2.202749e-03 0.000000e+00 0.000000e+00 0.000000e+00
PROFILE_ITER 1 91 2.250195e-03 8.687973e-04 0.000000e+00 2.197266e-03 0.000000e+00 0.000000e+00 0.000000e+00
PROFILE_ITER 1 92 2.198935e-03 8.652210e-04 0.000000e+00 2.144814e-03 0.000000e+00 0.000000e+00 0.000000e+00
PROFILE_ITER 1 93 2.269745e-03 8.652210e-04 0.000000e+00 2.215862e-03 0.000000e+00 0.000000e+00 0.000000e+00
PROFILE_ITER 1 94 2.324343e-03 8.656979e-04 0.000000e+00 2.269030e-03 0.000000e+00 0.000000e+00 0.000000e+00
PROFILE_ITER 1 95 2.192020e-03 8.828640e-04 0.000000e+00 2.139091e-03 0.000000e+00 0.000000e+00 0.000000e+00
PROFILE_ITER 1 96 2.263784e-03 8.721352e-04 0.000000e+00 2.210855e-03 0.000000e+00 0.000000e+00 0.000000e+00
PROFILE_ITER 1 97 2.211809e-03 8.733273e-04 0.000000e+00 2.156973e-03 0.000000e+00 0.000000e+00 0.000000e+00
PROFILE_ITER 1 98 2.193928e-03 8.749962e-04 0.000000e+00 2.140045e-03 0.000000e+00 0.000000e+00 9.536743e-07
PROFILE_ITER 1 99 2.312899e-03 9.312630e-04 1.192093e-06 2.258778e-03 0.000000e+00 0.000000e+00 9.536743e-07
PROFILE_ITER 1 100 2.407074e-03 9.748936e-04 0.000000e+00 2.343893e-03 0.000000e+00 0.000000e+00 0.000000e+00
PROFILE_ITER 1 101 2.351046e-03 8.959770e-04 9.536743e-07 2.290010e-03 0.000000e+00 0.000000e+00 9.536743e-07
PROFILE_ITER 1 102 2.238035e-03 8.797646e-04 0.000000e+00 2.185106e-03 0.000000e+00 0.000000e+00 0.000000e+00
PROFILE_ITER 0 103 4.510880e-04 2.681971e-03 0.000000e+00 1.831055e-04 0.000000e+00 0.000000e+00 0.000000e+00
PROFILE_ITER 0 104 4.701614e-04 2.656937e-03 0.000000e+00 1.850128e-04 0.000000e+00 0.000000e+00 0.000000e+00
PROFILE_ITER 0 105 4.520416e-04 2.699852e-03 0.000000e+00 1.821518e-04 0.000000e+00 0.000000e+00 9.536743e-07
PROFILE_ITER 0 106 4.546642e-04 2.672434e-03 0.000000e+00 1.859665e-04 0.000000e+00 0.000000e+00 0.000000e+00
PROFILE_ITER 0 107 4.551411e-04 2.609730e-03 0.000000e+00 1.831055e-04 0.000000e+00 0.000000e+00 0.000000e+00
PROFILE_ITER 0 108 4.529953e-04 2.689123e-03 0.000000e+00 1.840591e-04 0.000000e+00 0.000000e+00 0.000000e+00
PROFILE_ITER 0 109 4.503727e-04 2.656698e-03 0.000000e+00 1.821518e-04 0.000000e+00 0.000000e+00 0.000000e+00
PROFILE_ITER 0 110 4.518032e-04 2.613068e-03 0.000000e+00 1.828671e-04 0.000000e+00 0.000000e+00 0.000000e+00
PROFILE_ITER 0 111 4.508495e-04 2.749205e-03 0.000000e+00 1.838207e-04 0.000000e+00 0.000000e+00 0.000000e+00
PROFILE_ITER 0 112 4.510880e-04 2.682924e-03 0.000000e+00 1.828671e-04 0.000000e+00 0.000000e+00 0.000000e+00
PROFILE_ITER 1 103 2.252102e-03 8.809566e-04 0.000000e+00 2.198935e-03 0.000000e+00 0.000000e+00 1.192093e-06
PROFILE_ITER 1 104 2.264977e-03 8.621216e-04 0.000000e+00 2.209187e-03 9.536743e-07 0.000000e+00 0.000000e+00
PROFILE_ITER 1 105 2.281189e-03 8.707047e-04 0.000000e+00 2.223969e-03 0.000000e+00 0.000000e+00 0.000000e+00
PROFILE_ITER 1 106 2.255917e-03 8.711815e-04 0.000000e+00 2.202034e-03 0.000000e+00 0.000000e+00 0.000000e+00
PROFILE_ITER 1 107 2.191067e-03 8.738041e-04 0.000000e+00 2.137184e-03 0.000000e+00 0.000000e+00 0.000000e+00
PROFILE_ITER 1 108 2.263784e-03 8.783340e-04 0.000000e+00 2.208948e-03 0.000000e+00 0.000000e+00 9.536743e-07
PROFILE_ITER 1 109 2.236843e-03 8.702278e-04 0.000000e+00 2.178907e-03 9.536743e-07 0.000000e+00 0.000000e+00
PROFILE_ITER 1 110 2.197981e-03 8.668900e-04 0.000000e+00 2.141237e-03 0.000000e+00 0.000000e+00 0.000000e+00
PROFILE_ITER 1 111 2.331972e-03 8.680820e-04 0.000000e+00 2.274990e-03 0.000000e+00 0.000000e+00 0.000000e+00
PROFILE_ITER 1 112 2.265930e-03 8.680820e-04 0.000000e+00 2.210855e-03 0.000000e+00 0.000000e+00 9.536743e-07
PROFILE_ITER 0 113 4.520416e-04 2.737999e-03 0.000000e+00 1.840591e-04 0.000000e+00 0.000000e+00 0.000000e+00
PROFILE_ITER 0 114 4.508495e-04 2.732992e-03 0.000000e+00 1.828671e-04 0.000000e+00 0.000000e+00 0.000000e+00
PROFILE_ITER 0 115 4.518032e-04 2.750397e-03 0.000000e+00 1.826286e-04 0.000000e+00 0.000000e+00 0.000000e+00
PROFILE_ITER 0 116 4.627705e-04 2.857208e-03 0.000000e+00 1.838207e-04 0.000000e+00 0.000000e+00 0.000000e+00
PROFILE_ITER 0 117 4.570484e-04 2.726793e-03 0.000000e+00 1.831055e-04 0.000000e+00 0.000000e+00 9.536743e-07
PROFILE_ITER 0 118 4.508495e-04 2.769232e-03 0.000000e+00 1.819134e-04 0.000000e+00 0.000000e+00 0.000000e+00
PROFILE_ITER 0 119 4.563332e-04 2.605677e-03 0.000000e+00 1.840591e-04 0.000000e+00 0.000000e+00 0.000000e+00
PROFILE_ITER 1 113 2.288103e-03 9.019375e-04 0.000000e+00 2.230883e-03 0.000000e+00 0.000000e+00 0.000000e+00
PROFILE_ITER 1 114 2.314091e-03 8.697510e-04 0.000000e+00 2.256870e-03 9.536743e-07 0.000000e+00 0.000000e+00
PROFILE_ITER 1 115 2.319813e-03 8.823872e-04 0.000000e+00 2.264977e-03 0.000000e+00 0.000000e+00 0.000000e+00
PROFILE_ITER 1 116 2.382994e-03 9.357929e-04 0.000000e+00 2.315998e-03 0.000000e+00 0.000000e+00 9.536743e-07
PROFILE_ITER 1 117 2.305031e-03 8.788109e-04 0.000000e+00 2.239943e-03 0.000000e+00 0.000000e+00 9.536743e-07
PROFILE_ITER 1 118 2.316952e-03 9.031296e-04 0.000000e+00 2.254963e-03 0.000000e+00 0.000000e+00 0.000000e+00
PROFILE_ITER 1 119 2.194881e-03 8.671284e-04 0.000000e+00 2.139091e-03 0.000000e+00 0.000000e+00 0.000000e+00
PROFILE_ITER 0 120 4.720688e-04 2.838850e-03 0.000000e+00 1.850128e-04 0.000000e+00 0.000000e+00 0.000000e+00
PROFILE_ITER 0 121 4.737377e-04 2.958298e-03 0.000000e+00 1.816750e-04 0.000000e+00 0.000000e+00 0.000000e+00
PROFILE_ITER 1 120 2.394915e-03 9.160042e-04 0.000000e+00 2.335072e-03 0.000000e+00 0.000000e+00 0.000000e+00
PROFILE_ITER 1 121 2.531052e-03 9.009838e-04 1.192093e-06 2.463102e-03 0.000000e+00 0.000000e+00 0.000000e+00
PROFILE_ITER 0 122 4.549026e-04 2.813101e-03 9.536743e-07 1.809597e-04 0.000000e+00 0.000000e+00 0.000000e+00
PROFILE_ITER 0 123 4.527569e-04 2.661228e-03 0.000000e+00 1.828671e-04 0.000000e+00 0.000000e+00 0.000000e+00
PROFILE_ITER 1 122 2.387285e-03 8.807182e-04 0.000000e+00 2.318144e-03 0.000000e+00 0.000000e+00 9.536743e-07
PROFILE_ITER 1 123 2.230167e-03 8.838177e-04 0.000000e+00 2.177238e-03 0.000000e+00 0.000000e+00 0.000000e+00
PROFILE_ITER 1 124 2.259016e-03 8.690357e-04 0.000000e+00 2.202988e-03 0.000000e+00 0.000000e+00 0.000000e+00
PROFILE_ITER 1 125 2.322912e-03 8.890629e-04 0.000000e+00 2.265930e-03 0.000000e+00 0.000000e+00 0.000000e+00
PROFILE_ITER 1 126 2.317905e-03 9.222031e-04 0.000000e+00 2.251148e-03 0.000000e+00 0.000000e+00 0.000000e+00
PROFILE_ITER 1 127 2.350092e-03 8.957386e-04 0.000000e+00 2.279043e-03 0.000000e+00 0.000000e+00 0.000000e+00
PROFILE_ITER 0 124 4.541874e-04 2.673864e-03 0.000000e+00 1.840591e-04 0.000000e+00 0.000000e+00 0.000000e+00
PROFILE_ITER 0 125 4.498959e-04 2.762079e-03 0.000000e+00 1.828671e-04 0.000000e+00 0.000000e+00 0.000000e+00
PROFILE_ITER 0 126 4.756451e-04 2.764463e-03 0.000000e+00 1.840591e-04 0.000000e+00 0.000000e+00 0.000000e+00
PROFILE_ITER 1 128 2.276182e-03 8.857250e-04 0.000000e+00 2.221107e-03 0.000000e+00 0.000000e+00 0.000000e+00
PROFILE_ITER 1 129 2.317905e-03 8.821487e-04 0.000000e+00 2.264023e-03 0.000000e+00 0.000000e+00 0.000000e+00
PROFILE_ITER 0 127 4.608631e-04 2.784967e-03 0.000000e+00 1.828671e-04 0.000000e+00 9.536743e-07 0.000000e+00
PROFILE_ITER 0 128 4.570484e-04 2.706051e-03 0.000000e+00 1.840591e-04 0.000000e+00 0.000000e+00 0.000000e+00
PROFILE_ITER 1 130 2.310991e-03 8.800030e-04 0.000000e+00 2.257824e-03 0.000000e+00 0.000000e+00 0.000000e+00
PROFILE_ITER 0 129 4.508495e-04 2.749205e-03 0.000000e+00 1.819134e-04 0.000000e+00 0.000000e+00 0.000000e+00
PROFILE_ITER 0 130 4.510880e-04 2.739906e-03 0.000000e+00 1.828671e-04 0.000000e+00 0.000000e+00 0.000000e+00
PROFILE_ITER 0 131 4.799366e-04 2.835035e-03 0.000000e+00 1.838207e-04 0.000000e+00 0.000000e+00 0.000000e+00
PROFILE_ITER 1 131 2.379894e-03 9.350777e-04 0.000000e+00 2.305984e-03 0.000000e+00 0.000000e+00 0.000000e+00
PROFILE_ITER 1 132 2.314806e-03 9.231567e-04 0.000000e+00 2.241850e-03 0.000000e+00 0.000000e+00 9.536743e-07
PROFILE_ITER 1 133 2.262831e-03 8.912086e-04 1.192093e-06 2.207041e-03 0.000000e+00 0.000000e+00 0.000000e+00
PROFILE_ITER 0 132 4.589558e-04 2.779007e-03 0.000000e+00 1.831055e-04 0.000000e+00 0.000000e+00 0.000000e+00
PROFILE_ITER 0 133 4.558563e-04 2.698183e-03 0.000000e+00 1.840591e-04 0.000000e+00 0.000000e+00 0.000000e+00
PROFILE_ITER 0 134 4.520416e-04 2.622843e-03 0.000000e+00 1.819134e-04 0.000000e+00 0.000000e+00 0.000000e+00
PROFILE_ITER 0 135 4.558563e-04 2.619028e-03 0.000000e+00 1.828671e-04 0.000000e+00 0.000000e+00 0.000000e+00
PROFILE_ITER 0 136 4.539490e-04 2.688169e-03 0.000000e+00 1.840591e-04 0.000000e+00 0.000000e+00 0.000000e+00
PROFILE_ITER 0 137 4.520416e-04 2.612829e-03 0.000000e+00 1.828671e-04 0.000000e+00 0.000000e+00 0.000000e+00
PROFILE_ITER 0 138 4.539490e-04 2.662182e-03 0.000000e+00 1.850128e-04 0.000000e+00 0.000000e+00 0.000000e+00
PROFILE_ITER 0 139 4.549026e-04 2.681017e-03 0.000000e+00 1.840591e-04 0.000000e+00 0.000000e+00 0.000000e+00
PROFILE_ITER 1 134 2.193213e-03 8.819103e-04 0.000000e+00 2.139807e-03 0.000000e+00 0.000000e+00 0.000000e+00
PROFILE_ITER 1 135 2.202988e-03 8.718967e-04 0.000000e+00 2.149820e-03 1.192093e-06 0.000000e+00 0.000000e+00
PROFILE_ITER 1 136 2.270937e-03 8.711815e-04 0.000000e+00 2.216101e-03 0.000000e+00 0.000000e+00 0.000000e+00
PROFILE_ITER 1 137 2.191067e-03 8.728504e-04 0.000000e+00 2.135992e-03 0.000000e+00 0.000000e+00 0.000000e+00
PROFILE_ITER 1 138 2.245188e-03 8.718967e-04 0.000000e+00 2.192259e-03 0.000000e+00 0.000000e+00 0.000000e+00
PROFILE_ITER 1 139 2.264023e-03 8.718967e-04 0.000000e+00 2.209187e-03 0.000000e+00 0.000000e+00 0.000000e+00
PROFILE_ITER 1 140 2.325058e-03 8.769035e-04 0.000000e+00 2.271891e-03 0.000000e+00 0.000000e+00 0.000000e+00
PROFILE_ITER 1 141 2.182007e-03 8.850098e-04 0.000000e+00 2.126932e-03 0.000000e+00 0.000000e+00 0.000000e+00
PROFILE_ITER 1 142 2.388954e-03 9.400845e-04 0.000000e+00 2.319813e-03 1.192093e-06 0.000000e+00 0.000000e+00
PROFILE_ITER 1 143 2.429962e-03 8.981228e-04 0.000000e+00 2.356768e-03 0.000000e+00 0.000000e+00 0.000000e+00
PROFILE_ITER 1 144 2.286911e-03 8.850098e-04 0.000000e+00 2.232075e-03 0.000000e+00 0.000000e+00 0.000000e+00
PROFILE_ITER 1 145 2.324104e-03 8.809566e-04 0.000000e+00 2.266169e-03 9.536743e-07 0.000000e+00 0.000000e+00
PROFILE_ITER 1 146 2.246141e-03 8.838177e-04 9.536743e-07 2.193213e-03 0.000000e+00 0.000000e+00 0.000000e+00
PROFILE_ITER 0 140 4.541874e-04 2.747774e-03 0.000000e+00 1.850128e-04 0.000000e+00 0.000000e+00 0.000000e+00
PROFILE_ITER 0 141 4.508495e-04 2.616167e-03 0.000000e+00 1.828671e-04 0.000000e+00 0.000000e+00 0.000000e+00
PROFILE_ITER 0 142 4.889965e-04 2.840042e-03 0.000000e+00 1.840591e-04 0.000000e+00 0.000000e+00 0.000000e+00
PROFILE_ITER 0 143 4.639626e-04 2.864122e-03 0.000000e+00 1.840591e-04 0.000000e+00 0.000000e+00 0.000000e+00
PROFILE_ITER 0 144 4.529953e-04 2.718925e-03 0.000000e+00 1.840591e-04 0.000000e+00 0.000000e+00 0.000000e+00
PROFILE_ITER 0 145 4.587173e-04 2.745152e-03 0.000000e+00 1.826286e-04 0.000000e+00 0.000000e+00 0.000000e+00
PROFILE_ITER 1 147 2.257824e-03 8.831024e-04 9.536743e-07 2.203941e-03 0.000000e+00 0.000000e+00 0.000000e+00
PROFILE_ITER 1 148 2.256870e-03 8.702278e-04 0.000000e+00 2.201796e-03 0.000000e+00 0.000000e+00 0.000000e+00
PROFILE_ITER 0 146 4.520416e-04 2.679110e-03 0.000000e+00 1.838207e-04 9.536743e-07 0.000000e+00 0.000000e+00
PROFILE_ITER 0 147 4.529953e-04 2.687931e-03 0.000000e+00 1.838207e-04 0.000000e+00 0.000000e+00 0.000000e+00
PROFILE_ITER 1 149 2.318859e-03 8.711815e-04 0.000000e+00 2.263069e-03 0.000000e+00 0.000000e+00 0.000000e+00
PROFILE_ITER 1 150 2.258062e-03 8.857250e-04 0.000000e+00 2.206087e-03 0.000000e+00 0.000000e+00 0.000000e+00
PROFILE_ITER 1 151 2.327919e-03 8.642673e-04 0.000000e+00 2.273083e-03 0.000000e+00 0.000000e+00 9.536743e-07
PROFILE_ITER 0 148 4.532337e-04 2.673864e-03 0.000000e+00 1.831055e-04 0.000000e+00 0.000000e+00 0.000000e+00
PROFILE_ITER 0 149 4.520416e-04 2.737999e-03 0.000000e+00 1.831055e-04 0.000000e+00 0.000000e+00 0.000000e+00
PROFILE_ITER 0 150 4.518032e-04 2.691984e-03 0.000000e+00 1.840591e-04 0.000000e+00 0.000000e+00 0.000000e+00
PROFILE_ITER 0 151 4.529953e-04 2.739191e-03 0.000000e+00 1.840591e-04 0.000000e+00 0.000000e+00 0.000000e+00
PROFILE_ITER 0 152 4.560947e-04 2.629757e-03 0.000000e+00 1.831055e-04 0.000000e+00 0.000000e+00 0.000000e+00
PROFILE_ITER 0 153 4.508495e-04 2.689123e-03 0.000000e+00 1.831055e-04 0.000000e+00 9.536743e-07 0.000000e+00
PROFILE_ITER 1 152 2.206087e-03 8.797646e-04 0.000000e+00 2.152205e-03 0.000000e+00 0.000000e+00 0.000000e+00
PROFILE_ITER 1 153 2.258062e-03 8.819103e-04 0.000000e+00 2.205133e-03 0.000000e+00 0.000000e+00 0.000000e+00
PROFILE_ITER 1 154 2.256155e-03 8.749962e-04 0.000000e+00 2.200842e-03 0.000000e+00 0.000000e+00 0.000000e+00
PROFILE_ITER 1 155 2.316713e-03 8.661747e-04 0.000000e+00 2.261877e-03 0.000000e+00 0.000000e+00 9.536743e-07
PROFILE_ITER 1 156 2.261877e-03 8.702278e-04 0.000000e+00 2.205849e-03 0.000000e+00 0.000000e+00 0.000000e+00
PROFILE_ITER 1 157 2.249956e-03 8.709431e-04 0.000000e+00 2.194166e-03 0.000000e+00 0.000000e+00 9.536743e-07
PROFILE_ITER 1 158 2.259016e-03 8.680820e-04 0.000000e+00 2.202034e-03 0.000000e+00 0.000000e+00 0.000000e+00
PROFILE_ITER 0 154 4.518032e-04 2.679348e-03 0.000000e+00 1.828671e-04 0.000000e+00 0.000000e+00 0.000000e+00
PROFILE_ITER 0 155 4.527569e-04 2.730131e-03 0.000000e+00 1.819134e-04 0.000000e+00 0.000000e+00 0.000000e+00
PROFILE_ITER 0 156 4.532337e-04 2.678871e-03 0.000000e+00 1.840591e-04 0.000000e+00 0.000000e+00 0.000000e+00
PROFILE_ITER 0 157 4.537106e-04 2.667189e-03 0.000000e+00 1.816750e-04 0.000000e+00 9.536743e-07 0.000000e+00
PROFILE_ITER 0 158 4.549026e-04 2.672195e-03 0.000000e+00 1.859665e-04 0.000000e+00 0.000000e+00 0.000000e+00
PROFILE_ITER 0 159 4.549026e-04 2.615929e-03 0.000000e+00 1.821518e-04 0.000000e+00 0.000000e+00 0.000000e+00
PROFILE_ITER 1 159 2.192974e-03 8.778572e-04 0.000000e+00 2.138853e-03 0.000000e+00 0.000000e+00 0.000000e+00
PROFILE_ITER 1 160 2.191067e-03 8.730888e-04 0.000000e+00 2.139091e-03 0.000000e+00 0.000000e+00 0.000000e+00
PROFILE_ITER 1 161 2.323151e-03 8.687973e-04 0.000000e+00 2.266169e-03 0.000000e+00 0.000000e+00 0.000000e+00
PROFILE_ITER 1 162 2.373934e-03 9.100437e-04 0.000000e+00 2.315044e-03 0.000000e+00 0.000000e+00 0.000000e+00
PROFILE_ITER 0 160 4.501343e-04 2.614021e-03 0.000000e+00 1.840591e-04 0.000000e+00 0.000000e+00 0.000000e+00
PROFILE_ITER 0 161 4.518032e-04 2.741098e-03 9.536743e-07 1.821518e-04 0.000000e+00 0.000000e+00 0.000000e+00
PROFILE_ITER 0 162 4.639626e-04 2.820015e-03 0.000000e+00 1.840591e-04 0.000000e+00 0.000000e+00 0.000000e+00
PROFILE_ITER 1 163 2.418995e-03 9.059906e-04 0.000000e+00 2.357960e-03 9.536743e-07 0.000000e+00 0.000000e+00
PROFILE_ITER 1 164 2.330065e-03 9.031296e-04 0.000000e+00 2.265930e-03 0.000000e+00 0.000000e+00 0.000000e+00
PROFILE_ITER 1 165 2.260685e-03 8.821487e-04 0.000000e+00 2.205849e-03 0.000000e+00 0.000000e+00 9.536743e-07
PROFILE_ITER 0 163 4.611015e-04 2.863884e-03 0.000000e+00 1.821518e-04 0.000000e+00 0.000000e+00 0.000000e+00
PROFILE_ITER 0 164 4.611015e-04 2.772093e-03 0.000000e+00 1.838207e-04 0.000000e+00 0.000000e+00 0.000000e+00
PROFILE_ITER 1 166 2.256155e-03 8.778572e-04 0.000000e+00 2.198935e-03 0.000000e+00 0.000000e+00 0.000000e+00
PROFILE_ITER 1 167 2.262115e-03 8.749962e-04 0.000000e+00 2.207041e-03 0.000000e+00 0.000000e+00 0.000000e+00
PROFILE_ITER 1 168 2.305984e-03 8.649826e-04 0.000000e+00 2.249956e-03 0.000000e+00 0.000000e+00 0.000000e+00
PROFILE_ITER 1 169 2.301931e-03 8.740425e-04 0.000000e+00 2.247572e-03 0.000000e+00 0.000000e+00 0.000000e+00
PROFILE_ITER 1 170 2.195835e-03 8.611679e-04 0.000000e+00 2.137184e-03 0.000000e+00 0.000000e+00 0.000000e+00
PROFILE_ITER 1 171 2.321005e-03 8.699894e-04 0.000000e+00 2.264977e-03 0.000000e+00 0.000000e+00 9.536743e-07
PROFILE_ITER 1 172 2.304077e-03 8.850098e-04 0.000000e+00 2.250195e-03 0.000000e+00 0.000000e+00 0.000000e+00
PROFILE_ITER 0 165 4.520416e-04 2.690792e-03 0.000000e+00 1.838207e-04 0.000000e+00 0.000000e+00 0.000000e+00
PROFILE_ITER 0 166 4.518032e-04 2.682209e-03 0.000000e+00 1.840591e-04 0.000000e+00 0.000000e+00 0.000000e+00
PROFILE_ITER 0 167 4.539490e-04 2.683163e-03 0.000000e+00 1.850128e-04 0.000000e+00 0.000000e+00 0.000000e+00
PROFILE_ITER 0 168 4.560947e-04 2.714872e-03 0.000000e+00 1.838207e-04 0.000000e+00 0.000000e+00 0.000000e+00
PROFILE_ITER 0 169 4.518032e-04 2.724171e-03 0.000000e+00 1.816750e-04 0.000000e+00 0.000000e+00 0.000000e+00
PROFILE_ITER 0 170 4.541874e-04 2.602816e-03 0.000000e+00 1.831055e-04 0.000000e+00 0.000000e+00 0.000000e+00
PROFILE_ITER 0 171 4.553795e-04 2.735615e-03 0.000000e+00 1.831055e-04 0.000000e+00 0.000000e+00 0.000000e+00
PROFILE_ITER 0 172 4.529953e-04 2.736092e-03 0.000000e+00 1.840591e-04 0.000000e+00 0.000000e+00 0.000000e+00
PROFILE_ITER 0 173 4.510880e-04 2.645731e-03 0.000000e+00 1.831055e-04 0.000000e+00 0.000000e+00 0.000000e+00
PROFILE_ITER 1 173 2.213955e-03 8.828640e-04 9.536743e-07 2.160072e-03 0.000000e+00 0.000000e+00 0.000000e+00
PROFILE_ITER 1 174 2.207756e-03 8.852482e-04 0.000000e+00 2.153873e-03 9.536743e-07 0.000000e+00 0.000000e+00
PROFILE_ITER 1 175 2.255917e-03 8.749962e-04 0.000000e+00 2.201080e-03 0.000000e+00 0.000000e+00 9.536743e-07
PROFILE_ITER 1 176 2.280951e-03 8.671284e-04 0.000000e+00 2.221823e-03 0.000000e+00 0.000000e+00 0.000000e+00
PROFILE_ITER 0 174 4.520416e-04 2.640963e-03 0.000000e+00 1.840591e-04 0.000000e+00 0.000000e+00 0.000000e+00
PROFILE_ITER 0 175 4.498959e-04 2.681017e-03 0.000000e+00 1.831055e-04 0.000000e+00 0.000000e+00 0.000000e+00
PROFILE_ITER 0 176 4.742146e-04 2.673864e-03 0.000000e+00 1.850128e-04 0.000000e+00 0.000000e+00 0.000000e+00
PROFILE_ITER 1 177 2.336740e-03 8.840561e-04 0.000000e+00 2.282858e-03 0.000000e+00 0.000000e+00 0.000000e+00
PROFILE_ITER 1 178 2.312899e-03 8.742809e-04 0.000000e+00 2.260208e-03 0.000000e+00 0.000000e+00 0.000000e+00
PROFILE_ITER 0 177 4.558563e-04 2.764940e-03 0.000000e+00 1.859665e-04 0.000000e+00 0.000000e+00 0.000000e+00
PROFILE_ITER 1 179 2.267122e-03 8.738041e-04 0.000000e+00 2.212048e-03 0.000000e+00 0.000000e+00 0.000000e+00
PROFILE_ITER 1 180 2.250910e-03 8.771420e-04 0.000000e+00 2.198935e-03 0.000000e+00 0.000000e+00 0.000000e+00
PROFILE_ITER 0 178 4.470348e-04 2.740145e-03 0.000000e+00 1.831055e-04 0.000000e+00 0.000000e+00 0.000000e+00
PROFILE_ITER 0 179 4.508495e-04 2.691031e-03 0.000000e+00 1.828671e-04 0.000000e+00 0.000000e+00 0.000000e+00
PROFILE_ITER 0 180 4.510880e-04 2.676964e-03 0.000000e+00 1.821518e-04 0.000000e+00 0.000000e+00 0.000000e+00
PROFILE_ITER 1 181 2.202034e-03 8.699894e-04 0.000000e+00 2.147198e-03 0.000000e+00 0.000000e+00 9.536743e-07
PROFILE_ITER 1 182 2.294779e-03 8.771420e-04 0.000000e+00 2.239943e-03 0.000000e+00 0.000000e+00 0.000000e+00
PROFILE_ITER 0 181 4.510880e-04 2.620935e-03 0.000000e+00 1.838207e-04 0.000000e+00 1.192093e-06 0.000000e+00
PROFILE_ITER 0 182 4.551411e-04 2.716780e-03 0.000000e+00 1.840591e-04 0.000000e+00 0.000000e+00 0.000000e+00
PROFILE_ITER 0 183 4.811287e-04 2.879858e-03 0.000000e+00 1.831055e-04 0.000000e+00 0.000000e+00 0.000000e+00
PROFILE_ITER 1 183 2.418995e-03 9.419918e-04 0.000000e+00 2.346039e-03 0.000000e+00 0.000000e+00 9.536743e-07
PROFILE_ITER 1 184 2.319098e-03 9.000301e-04 0.000000e+00 2.244949e-03 0.000000e+00 0.000000e+00 0.000000e+00
PROFILE_ITER 0 184 4.580021e-04 2.760172e-03 0.000000e+00 1.816750e-04 0.000000e+00 0.000000e+00 0.000000e+00
PROFILE_ITER 0 185 4.508495e-04 2.764940e-03 0.000000e+00 1.828671e-04 0.000000e+00 0.000000e+00 0.000000e+00
PROFILE_ITER 1 185 2.291918e-03 9.241104e-04 0.000000e+00 2.238035e-03 9.536743e-07 0.000000e+00 0.000000e+00
PROFILE_ITER 1 186 2.200842e-03 8.740425e-04 0.000000e+00 2.145052e-03 0.000000e+00 0.000000e+00 0.000000e+00
PROFILE_ITER 1 187 2.217054e-03 8.759499e-04 0.000000e+00 2.161264e-03 0.000000e+00 0.000000e+00 0.000000e+00
PROFILE_ITER 1 188 2.348185e-03 9.188652e-04 0.000000e+00 2.293110e-03 0.000000e+00 0.000000e+00 0.000000e+00
PROFILE_ITER 0 186 4.549026e-04 2.621174e-03 9.536743e-07 1.838207e-04 0.000000e+00 0.000000e+00 0.000000e+00
PROFILE_ITER 0 187 4.532337e-04 2.639771e-03 0.000000e+00 1.831055e-04 0.000000e+00 0.000000e+00 0.000000e+00
PROFILE_ITER 0 188 4.599094e-04 2.808094e-03 0.000000e+00 1.840591e-04 0.000000e+00 0.000000e+00 0.000000e+00
PROFILE_ITER 1 189 2.352953e-03 8.940697e-04 0.000000e+00 2.296925e-03 0.000000e+00 0.000000e+00 0.000000e+00
PROFILE_ITER 0 189 4.568100e-04 2.790213e-03 9.536743e-07 1.828671e-04 0.000000e+00 0.000000e+00 0.000000e+00
PROFILE_ITER 0 190 4.518032e-04 2.778292e-03 0.000000e+00 1.828671e-04 0.000000e+00 0.000000e+00 0.000000e+00
PROFILE_ITER 1 190 2.334833e-03 8.940697e-04 0.000000e+00 2.280951e-03 9.536743e-07 0.000000e+00 0.000000e+00
PROFILE_ITER 1 191 2.326012e-03 8.728504e-04 0.000000e+00 2.269030e-03 0.000000e+00 0.000000e+00 0.000000e+00
PROFILE_ITER 0 191 4.518032e-04 2.747059e-03 0.000000e+00 1.831055e-04 0.000000e+00 0.000000e+00 0.000000e+00
PROFILE_ITER 0 192 4.520416e-04 2.698898e-03 0.000000e+00 1.821518e-04 0.000000e+00 0.000000e+00 0.000000e+00
PROFILE_ITER 1 192 2.264023e-03 8.869171e-04 0.000000e+00 2.211094e-03 0.000000e+00 0.000000e+00 0.000000e+00
PROFILE_ITER 1 193 2.394915e-03 9.121895e-04 0.000000e+00 2.335072e-03 0.000000e+00 0.000000e+00 0.000000e+00
PROFILE_ITER 0 193 4.868507e-04 2.820253e-03 0.000000e+00 1.838207e-04 0.000000e+00 0.000000e+00 0.000000e+00
PROFILE_ITER 0 194 4.558563e-04 2.763033e-03 0.000000e+00 1.821518e-04 0.000000e+00 0.000000e+00 0.000000e+00
PROFILE_ITER 1 194 2.332926e-03 8.859634e-04 0.000000e+00 2.269983e-03 0.000000e+00 0.000000e+00 0.000000e+00
PROFILE_ITER 1 195 2.215147e-03 8.890629e-04 0.000000e+00 2.159119e-03 0.000000e+00 0.000000e+00 0.000000e+00
PROFILE_ITER 1 196 2.258062e-03 8.838177e-04 0.000000e+00 2.204895e-03 0.000000e+00 0.000000e+00 0.000000e+00
PROFILE_ITER 0 195 4.529953e-04 2.651215e-03 0.000000e+00 1.828671e-04 0.000000e+00 0.000000e+00 0.000000e+00
PROFILE_ITER 0 196 4.539490e-04 2.687931e-03 0.000000e+00 1.835823e-04 0.000000e+00 0.000000e+00 0.000000e+00
PROFILE_ITER 1 197 2.322197e-03 8.618832e-04 0.000000e+00 2.268076e-03 0.000000e+00 0.000000e+00 0.000000e+00
PROFILE_ITER 0 197 4.558563e-04 2.728224e-03 0.000000e+00 1.840591e-04 0.000000e+00 0.000000e+00 9.536743e-07
PROFILE_ITER 1 198 2.434969e-03 9.078979e-04 0.000000e+00 2.368927e-03 0.000000e+00 0.000000e+00 9.536743e-07
PROFILE_ITER 0 198 4.789829e-04 2.863884e-03 0.000000e+00 1.838207e-04 0.000000e+00 0.000000e+00 0.000000e+00
PROFILE_ITER 1 199 2.295017e-03 8.840561e-04 0.000000e+00 2.234221e-03 0.000000e+00 0.000000e+00 9.536743e-07
PROFILE_ITER 0 199 4.551411e-04 2.723932e-03 0.000000e+00 1.821518e-04 0.000000e+00 0.000000e+00 0.000000e+00
PROFILE_ACCUM 1 spmv=4.576569e-01 vecops=2.858405e-01 send_fill=1.430511e-05 local_spmv=4.458730e-01 comm_wait=1.406670e-05 shared_spmv=0.000000e+00 send_wait=3.290176e-05
PROFILE_ACCUM 0 spmv=9.132028e-02 vecops=5.441766e-01 send_fill=1.001358e-05 local_spmv=3.667974e-02 comm_wait=5.006790e-06 shared_spmv=9.059906e-06 send_wait=1.096725e-05
