Matrix name : /home/bugra/Workspace/C/HetHypPar_rewrite/data/matrices/cage12_2c_2g/cage12_2c_2g.mtx

	****	Matrix File readed	****LOG: Finished Creating Shard CSC
LOG: Finished Creating Vectors
PROFILE_HEADER rank iter spmv vecops send_fill local_spmv comm_wait shared_spmv send_wait
PROFILE_ITER 1 0 5.296946e-03 1.462722e-01 0.000000e+00 4.781008e-03 0.000000e+00 0.000000e+00 0.000000e+00
PROFILE_ITER 1 1 4.807711e-03 1.562357e-03 9.536743e-07 4.714012e-03 0.000000e+00 0.000000e+00 0.000000e+00
PROFILE_ITER 1 2 4.746914e-03 1.563072e-03 0.000000e+00 4.653931e-03 0.000000e+00 0.000000e+00 9.536743e-07
PROFILE_ITER 1 3 4.732847e-03 1.575947e-03 0.000000e+00 4.640818e-03 0.000000e+00 0.000000e+00 0.000000e+00
PROFILE_ITER 1 4 4.732132e-03 1.600027e-03 0.000000e+00 4.642010e-03 0.000000e+00 0.000000e+00 0.000000e+00
PROFILE_ITER 1 5 4.714966e-03 1.610994e-03 0.000000e+00 4.623890e-03 0.000000e+00 0.000000e+00 0.000000e+00
PROFILE_ITER 1 6 4.703999e-03 1.616955e-03 0.000000e+00 4.610062e-03 0.000000e+00 0.000000e+00 9.536743e-07
PROFILE_ITER 1 7 4.728317e-03 1.616716e-03 0.000000e+00 4.635334e-03 0.000000e+00 0.000000e+00 0.000000e+00
PROFILE_ITER 1 8 4.704952e-03 1.615047e-03 0.000000e+00 4.614115e-03 0.000000e+00 0.000000e+00 0.000000e+00
PROFILE_ITER 1 9 4.714012e-03 1.620054e-03 9.536743e-07 4.620075e-03 0.000000e+00 0.000000e+00 0.000000e+00
PROFILE_ITER 1 10 4.708052e-03 1.631975e-03 0.000000e+00 4.616022e-03 0.000000e+00 0.000000e+00 0.000000e+00
PROFILE_ITER 1 11 4.703999e-03 1.634836e-03 0.000000e+00 4.611969e-03 9.536743e-07 0.000000e+00 0.000000e+00
PROFILE_ITER 1 12 4.626989e-03 1.629114e-03 0.000000e+00 4.534006e-03 0.000000e+00 0.000000e+00 0.000000e+00
PROFILE_ITER 1 13 4.698038e-03 1.628876e-03 9.536743e-07 4.602909e-03 0.000000e+00 0.000000e+00 1.192093e-06
PROFILE_ITER 1 14 4.708052e-03 1.627922e-03 0.000000e+00 4.615068e-03 0.000000e+00 0.000000e+00 0.000000e+00
PROFILE_ITER 1 15 4.698992e-03 1.632214e-03 0.000000e+00 4.605055e-03 0.000000e+00 0.000000e+00 0.000000e+00
PROFILE_ITER 1 16 4.600048e-03 1.629829e-03 0.000000e+00 4.506111e-03 0.000000e+00 0.000000e+00 0.000000e+00
PROFILE_ITER 1 17 4.701138e-03 1.654863e-03 0.000000e+00 4.605055e-03 0.000000e+00 0.000000e+00 0.000000e+00
PROFILE_ITER 1 18 4.690170e-03 1.631737e-03 0.000000e+00 4.596233e-03 0.000000e+00 0.000000e+00 0.000000e+00
PROFILE_ITER 1 19 4.619122e-03 1.618862e-03 0.000000e+00 4.523039e-03 0.000000e+00 0.000000e+00 0.000000e+00
PROFILE_ITER 1 20 4.693031e-03 1.634121e-03 9.536743e-07 4.598141e-03 0.000000e+00 0.000000e+00 0.000000e+00
PROFILE_ITER 1 21 4.682064e-03 1.630783e-03 1.192093e-06 4.586935e-03 0.000000e+00 0.000000e+00 9.536743e-07
PROFILE_ITER 1 22 4.681587e-03 1.625538e-03 0.000000e+00 4.589796e-03 0.000000e+00 0.000000e+00 0.000000e+00
PROFILE_ITER 1 23 4.693985e-03 1.637936e-03 0.000000e+00 4.601002e-03 0.000000e+00 0.000000e+00 9.536743e-07
PROFILE_ITER 1 24 4.678011e-03 1.626015e-03 0.000000e+00 4.585028e-03 0.000000e+00 0.000000e+00 0.000000e+00
PROFILE_ITER 1 25 4.688740e-03 1.635313e-03 0.000000e+00 4.594803e-03 0.000000e+00 0.000000e+00 9.536743e-07
PROFILE_ITER 1 26 4.592896e-03 1.629114e-03 0.000000e+00 4.498005e-03 0.000000e+00 0.000000e+00 0.000000e+00
PROFILE_ITER 1 27 4.672766e-03 1.631260e-03 0.000000e+00 4.577875e-03 0.000000e+00 0.000000e+00 0.000000e+00
PROFILE_ITER 1 28 4.685163e-03 1.620770e-03 0.000000e+00 4.592180e-03 0.000000e+00 0.000000e+00 0.000000e+00
PROFILE_ITER 1 29 4.602909e-03 1.632214e-03 0.000000e+00 4.509926e-03 0.000000e+00 0.000000e+00 0.000000e+00
PROFILE_ITER 1 30 4.648209e-03 1.636744e-03 0.000000e+00 4.553318e-03 0.000000e+00 0.000000e+00 0.000000e+00
PROFILE_ITER 1 31 4.575014e-03 1.632929e-03 0.000000e+00 4.480124e-03 0.000000e+00 0.000000e+00 0.000000e+00
PROFILE_ITER 1 32 4.603863e-03 1.629114e-03 0.000000e+00 4.510880e-03 0.000000e+00 0.000000e+00 0.000000e+00
PROFILE_ITER 1 33 4.688978e-03 1.625061e-03 0.000000e+00 4.595041e-03 0.000000e+00 0.000000e+00 0.000000e+00
PROFILE_ITER 1 34 4.683018e-03 1.631975e-03 0.000000e+00 4.588127e-03 0.000000e+00 0.000000e+00 0.000000e+00
PROFILE_ITER 1 35 4.604101e-03 1.633883e-03 0.000000e+00 4.511118e-03 0.000000e+00 0.000000e+00 0.000000e+00
PROFILE_ITER 1 36 4.644871e-03 1.624107e-03 0.000000e+00 4.551888e-03 0.000000e+00 0.000000en_iters : 200 
spmv : 1.259325 
file_read : 1.376712 
relative_residual : 2.827323E-16
everything_total : 2.782896

----------------------------------------------------------------------
PROFILE_HEADER rank iter spmv vecops send_fill local_spmv comm_wait shared_spmv send_wait
PROFILE_ITER 0 0 7.848740e-04 6.816149e-03 0.000000e+00 3.247261e-04 0.000000e+00 0.000000e+00 0.000000e+00
PROFILE_ITER 0 1 7.200241e-04 5.650043e-03 9.536743e-07 3.209114e-04 0.000000e+00 0.000000e+00 0.000000e+00
PROFILE_ITER 0 2 7.131100e-04 5.596876e-03 0.000000e+00 3.199577e-04 0.000000e+00 0.000000e+00 0.000000e+00
PROFILE_ITER 0 3 7.209778e-04 5.587816e-03 0.000000e+00 3.199577e-04 0.000000e+00 0.000000e+00 0.000000e+00
PROFILE_ITER 0 4 7.202625e-04 5.612850e-03 0.000000e+00 3.199577e-04 0.000000e+00 0.000000e+00 0.000000e+00
PROFILE_ITER 0 5 7.188320e-04 5.603075e-03 0.000000e+00 3.199577e-04 0.000000e+00 0.000000e+00 9.536743e-07
PROFILE_ITER 0 6 7.190704e-04 5.604982e-03 0.000000e+00 3.199577e-04 0.000000e+00 0.000000e+00 0.000000e+00
PROFILE_ITER 0 7 7.269382e-04 5.618095e-03 0.000000e+00 3.209114e-04 1.907349e-06 0.000000e+00 0.000000e+00
PROFILE_ITER 0 8 7.188320e-04 5.601168e-03 0.000000e+00 3.209114e-04 0.000000e+00 0.000000e+00 0.000000e+00
PROFILE_ITER 0 9 7.181168e-04 5.615950e-03 0.000000e+00 3.180504e-04 0.000000e+00 0.000000e+00 0.000000e+00
PROFILE_ITER 0 10 7.238388e-04 5.616188e-03 0.000000e+00 3.180504e-04 9.536743e-07 0.000000e+00 0.000000e+00
PROFILE_ITER 0 11 7.228851e-04 5.615950e-03 0.000000e+00 3.190041e-04 9.536743e-07 0.000000e+00 0.000000e+00
PROFILE_ITER 0 12 7.190704e-04 5.537033e-03 0.000000e+00 3.190041e-04 0.000000e+00 0.000000e+00 0.000000e+00
PROFILE_ITER 0 13 7.240772e-04 5.600929e-03 0.000000e+00 3.221035e-04 0.000000e+00 0.000000e+00 0.000000e+00
PROFILE_ITER 0 14 7.271767e-04 5.610704e-03 0.000000e+00 3.201962e-04 0.000000e+00 0.000000e+00 0.000000e+00
PROFILE_ITER 0 15 7.209778e-04 5.610228e-03 0.000000e+00 3.180504e-04 0.000000e+00 0.000000e+00 0.000000e+00
PROFILE_ITER 0 16 7.250309e-04 5.504847e-03 0.000000e+00 3.209114e-04 0.000000e+00 0.000000e+00 0.000000e+00
PROFILE_ITER 0 17 7.297993e-04 5.626202e-03 0.000000e+00 3.199577e-04 0.000000e+00 0.000000e+00 0.000000e+00
PROFILE_ITER 0 18 7.228851e-04 5.599022e-03 0.000000e+00 3.218651e-04 0.000000e+00 0.000000e+00 0.000000e+00
PROFILE_ITER 0 19 7.169247e-04 5.521059e-03 0.000000e+00 3.170967e-04 0.000000e+00 0.000000e+00 0.000000e+00
PROFILE_ITER 0 20 7.240772e-04 5.603075e-03 0.000000e+00 3.187656e-04 0.000000e+00 0.000000e+00 0.000000e+00
PROFILE_ITER 0 21 7.228851e-04 5.587101e-03 0.000000e+00 3.209114e-04 0.000000e+00 0.000000e+00 0.000000e+00
PROFILE_ITER 0 22 7.200241e-04 5.589962e-03 0.000000e+00 3.201962e-04 9.536743e-07 0.000000e+00 0.000000e+00
PROFILE_ITER 0 23 7.209778e-04 5.611897e-03 0.000000e+00 3.211498e-04 0.000000e+00 0.000000e+00 0.000000e+00
PROFILE_ITER 0 24 7.219315e-04 5.581141e-03 0.000000e+00 3.190041e-04 0.000000e+00 0.000000e+00 0.000000e+00
PROFILE_ITER 0 25 7.240772e-04 5.599976e-03 0.000000e+00 3.211498e-04 0.000000e+00 0.000000e+00 0.000000e+00
PROFILE_ITER 0 26 7.269382e-04 5.495071e-03 0.000000e+00 3.201962e-04 0.000000e+00 0.000000e+00 0.000000e+00
PROFILE_ITER 0 27 7.240772e-04 5.578995e-03 0.000000e+00 3.190041e-04 0.000000e+00 0.000000e+00 0.000000e+00
PROFILE_ITER 0 28 7.228851e-04 5.583048e-03 0.000000e+00 3.199577e-04 0.000000e+00 0.000000e+00 0.000000e+00
PROFILE_ITER 0 29 7.247925e-04 5.507231e-03 0.000000e+00 3.209114e-04 0.000000e+00 0.000000e+00 0.000000e+00
PROFILE_ITER 0 30 7.207394e-04 5.567312e-03 0.000000e+00 3.211498e-04 0.000000e+00 0.000000e+00 0.000000e+00
PROFILE_ITER 0 31 7.269382e-04 5.481005e-03 0.000000e+00 3.230572e-04 0.000000e+00 0.000000e+00 0.000000e+00
PROFILE_ITER 0 32 7.228851e-04 5.511045e-03 0.000000e+00 3.178120e-04 9.536743e-07 0.000000e+00 0.000000e+00
PROFILE_ITER 0 33 7.231236e-04 5.590916e-03 0.000000e+00 3.201962e-04 0.000000e+00 0.000000e+00 0.000000e+00
PROFILE_ITER 0 34 7.219315e-04 5.593061e-03 0.000000e+00 3.199577e-04 0.000000e+00 0.000000e+00 0.000000e+00
PROFILE_ITER 0 35 7.228851e-04 5.515099e-03 0.000000e+00 3.199577e-04 0.000000e+00 0.000000e+00 0.000000e+00
PROFILE_ITER 0 36 7.219315e-04 5.547047e-03 0.000000e+00 3.199577e-04 0.000000e+00 0.000000e+00 0.000000e+00
PROFILE_ITER 0 37 7.238388e-04 5.588293e-03 0.000000e+00 3.190041e-04 9.536743e-07 0.000000e+00 0.000000e+00
PROFILE_ITER 0 38 7.250309e-04 5.594969e-03 0.000000e+00 3.209114e-04 0.000000e+00 0.000000e+00 0.000000e+00
PROFILE_ITER 0 39 7.207394e-04 5.594254e-03 0.000000e+00 3.199577e-04 0.000000e+00 0.000000e+00 0.000000e+00
PROFILE_ITER 0 40 7.247925e-04 5.584240e-03 0.000000e+00 3.190041e-04 0.000000e+00 0.000000e+00 9.536743e-07
PROFILE_ITER 0 41 7.269382e-04 5.542994e-03 0.000000e+00 3.190041e-04 0.000000e+00 0.000000e+00 0.000000e+00
PROFILE_ITER 0 42 7.238388e-04 5.531073e-03 0.000000e+00 3.209114e-04 0.000000e+00 0.000000e+00 0.000000e+00
PROFILE_ITER 0 43 7.252693e-04 5.547762e-03 9.536743e-07 3.199577e-04 0.000000e+00 0.000000e+00 0.000000e+00
PROFILE_ITER 0 44 7.247925e-04 5.583286e-03 0.000000e+00 3.199577e-04 0.000000e+00 0.000000e+00 0.000000e+00
PROFILE_ITER 0 45 7.271767e-04 5.589724e-03 0.000000e+00 3.190041e-04 0.000000e+00 9.536743e-07 0.000000e+00
+00 0.000000e+00
PROFILE_ITER 1 37 4.683971e-03 1.631021e-03 0.000000e+00 4.590988e-03 0.000000e+00 0.000000e+00 0.000000e+00
PROFILE_ITER 1 38 4.683733e-03 1.633406e-03 0.000000e+00 4.590750e-03 0.000000e+00 0.000000e+00 0.000000e+00
PROFILE_ITER 1 39 4.683018e-03 1.631975e-03 0.000000e+00 4.589081e-03 0.000000e+00 0.000000e+00 9.536743e-07
PROFILE_ITER 1 40 4.678011e-03 1.629829e-03 0.000000e+00 4.581213e-03 0.000000e+00 0.000000e+00 0.000000e+00
PROFILE_ITER 1 41 4.629135e-03 1.640797e-03 0.000000e+00 4.533052e-03 0.000000e+00 0.000000e+00 0.000000e+00
PROFILE_ITER 1 42 4.627943e-03 1.626968e-03 0.000000e+00 4.534960e-03 0.000000e+00 0.000000e+00 0.000000e+00
PROFILE_ITER 1 43 4.639864e-03 1.633167e-03 0.000000e+00 4.545927e-03 0.000000e+00 0.000000e+00 0.000000e+00
PROFILE_ITER 1 44 4.675865e-03 1.632214e-03 0.000000e+00 4.581928e-03 0.000000e+00 0.000000e+00 9.536743e-07
PROFILE_ITER 1 45 4.684925e-03 1.634121e-03 0.000000e+00 4.587889e-03 0.000000e+00 0.000000e+00 0.000000e+00
PROFILE_ITER 1 46 4.555941e-03 1.620054e-03 0.000000e+00 4.461288e-03 0.000000e+00 0.000000e+00 0.000000e+00
PROFILE_ITER 1 47 4.683018e-03 1.638889e-03 0.000000e+00 4.590034e-03 0.000000e+00 0.000000e+00 0.000000e+00
PROFILE_ITER 1 48 4.661798e-03 1.637220e-03 0.000000e+00 4.568815e-03 9.536743e-07 0.000000e+00 0.000000e+00
PROFILE_ITER 1 49 4.681110e-03 1.632929e-03 0.000000e+00 4.588127e-03 0.000000e+00 0.000000e+00 0.000000e+00
PROFILE_ITER 1 50 4.670858e-03 1.630068e-03 9.536743e-07 4.576921e-03 0.000000e+00 0.000000e+00 0.000000e+00
PROFILE_ITER 1 51 4.685879e-03 1.626253e-03 0.000000e+00 4.593849e-03 0.000000e+00 0.000000e+00 0.000000e+00
PROFILE_ITER 1 52 4.671097e-03 1.623869e-03 0.000000e+00 4.576206e-03 0.000000e+00 0.000000e+00 1.907349e-06
PROFILE_ITER 1 53 4.587889e-03 1.621008e-03 0.000000e+00 4.493952e-03 0.000000e+00 0.000000e+00 0.000000e+00
PROFILE_ITER 1 54 4.688025e-03 1.621008e-03 0.000000e+00 4.592896e-03 0.000000e+00 0.000000e+00 0.000000e+00
PROFILE_ITER 1 55 4.672050e-03 1.637936e-03 0.000000e+00 4.580021e-03 0.000000e+00 0.000000e+00 0.000000e+00
PROFILE_ITER 1 56 4.635096e-03 1.628876e-03 0.000000e+00 4.538774e-03 1.192093e-06 0.000000e+00 0.000000e+00
PROFILE_ITER 1 57 4.632950e-03 1.630068e-03 0.000000e+00 4.539967e-03 0.000000e+00 0.000000e+00 0.000000e+00
PROFILE_ITER 1 58 4.678965e-03 1.638889e-03 0.000000e+00 4.585981e-03 0.000000e+00 0.000000e+00 0.000000e+00
PROFILE_ITER 1 59 4.676104e-03 1.624823e-03 9.536743e-07 4.582167e-03 0.000000e+00 0.000000e+00 0.000000e+00
PROFILE_ITER 1 60 4.681110e-03 1.621962e-03 0.000000e+00 4.585981e-03 0.000000e+00 0.000000e+00 9.536743e-07
PROFILE_ITER 1 61 4.667997e-03 1.631975e-03 0.000000e+00 4.575968e-03 0.000000e+00 0.000000e+00 0.000000e+00
PROFILE_ITER 1 62 4.677057e-03 1.636982e-03 0.000000e+00 4.584074e-03 0.000000e+00 0.000000e+00 0.000000e+00
PROFILE_ITER 1 63 4.683018e-03 1.649141e-03 0.000000e+00 4.590988e-03 0.000000e+00 0.000000e+00 0.000000e+00
PROFILE_ITER 1 64 4.670143e-03 1.623869e-03 0.000000e+00 4.572868e-03 0.000000e+00 0.000000e+00 1.192093e-06
PROFILE_ITER 0 46 7.231236e-04 5.455017e-03 0.000000e+00 3.199577e-04 0.000000e+00 0.000000e+00 0.000000e+00
PROFILE_ITER 0 47 7.219315e-04 5.599976e-03 0.000000e+00 3.190041e-04 0.000000e+00 0.000000e+00 0.000000e+00
PROFILE_ITER 0 48 7.231236e-04 5.575895e-03 0.000000e+00 3.211498e-04 0.000000e+00 0.000000e+00 0.000000e+00
PROFILE_ITER 0 49 7.247925e-04 5.589247e-03 0.000000e+00 3.190041e-04 0.000000e+00 0.000000e+00 0.000000e+00
PROFILE_ITER 0 50 7.219315e-04 5.578995e-03 9.536743e-07 3.190041e-04 0.000000e+00 0.000000e+00 0.000000e+00
PROFILE_ITER 0 51 7.240772e-04 5.588055e-03 0.000000e+00 3.209114e-04 0.000000e+00 0.000000e+00 0.000000e+00
PROFILE_ITER 0 52 7.252693e-04 5.569696e-03 0.000000e+00 3.223419e-04 0.000000e+00 0.000000e+00 0.000000e+00
PROFILE_ITER 0 53 7.250309e-04 5.481958e-03 0.000000e+00 3.199577e-04 0.000000e+00 0.000000e+00 1.192093e-06
PROFILE_ITER 0 54 7.231236e-04 5.587816e-03 0.000000e+00 3.221035e-04 0.000000e+00 0.000000e+00 0.000000e+00
PROFILE_ITER 0 55 7.250309e-04 5.584955e-03 0.000000e+00 3.201962e-04 0.000000e+00 0.000000e+00 0.000000e+00
PROFILE_ITER 0 56 7.238388e-04 5.540133e-03 0.000000e+00 3.199577e-04 0.000000e+00 0.000000e+00 0.000000e+00
PROFILE_ITER 0 57 7.231236e-04 5.541086e-03 0.000000e+00 3.211498e-04 0.000000e+00 0.000000e+00 0.000000e+00
PROFILE_ITER 0 58 7.238388e-04 5.594015e-03 0.000000e+00 3.175735e-04 0.000000e+00 0.000000e+00 0.000000e+00
PROFILE_ITER 0 59 7.259846e-04 5.574942e-03 0.000000e+00 3.211498e-04 0.000000e+00 0.000000e+00 0.000000e+00
PROFILE_ITER 0 60 7.228851e-04 5.580187e-03 0.000000e+00 3.190041e-04 0.000000e+00 0.000000e+00 0.000000e+00
PROFILE_ITER 0 61 7.238388e-04 5.574226e-03 0.000000e+00 3.199577e-04 0.000000e+00 0.000000e+00 0.000000e+00
PROFILE_ITER 0 62 7.238388e-04 5.593061e-03 0.000000e+00 3.209114e-04 0.000000e+00 0.000000e+00 0.000000e+00
PROFILE_ITER 0 63 7.369518e-04 5.595207e-03 0.000000e+00 3.218651e-04 0.000000e+00 0.000000e+00 0.000000e+00
PROFILE_ITER 0 64 7.221699e-04 5.571842e-03 0.000000e+00 3.178120e-04 0.000000e+00 0.000000e+00 0.000000e+00
PROFILE_ITER 1 65 4.673004e-03 1.629829e-03 0.000000e+00 4.582167e-03 0.000000e+00 0.000000e+00 0.000000e+00
PROFILE_ITER 1 66 4.620790e-03 1.634359e-03 0.000000e+00 4.528999e-03 0.000000e+00 0.000000e+00 0.000000e+00
PROFILE_ITER 1 67 4.679203e-03 1.635790e-03 0.000000e+00 4.585028e-03 0.000000e+00 0.000000e+00 0.000000e+00
PROFILE_ITER 1 68 4.690647e-03 1.633167e-03 0.000000e+00 4.594803e-03 0.000000e+00 0.000000e+00 0.000000e+00
PROFILE_ITER 1 69 4.673958e-03 1.640081e-03 0.000000e+00 4.580021e-03 0.000000e+00 0.000000e+00 9.536743e-07
PROFILE_ITER 1 70 4.644871e-03 1.638174e-03 0.000000e+00 4.552126e-03 0.000000e+00 0.000000e+00 9.536743e-07
PROFILE_ITER 1 71 4.573822e-03 1.637220e-03 0.000000e+00 4.479885e-03 0.000000e+00 0.000000e+00 0.000000e+00
PROFILE_ITER 1 72 4.678011e-03 1.634121e-03 0.000000e+00 4.581928e-03 0.000000e+00 0.000000e+00 0.000000e+00
PROFILE_ITER 1 73 4.606962e-03 1.659870e-03 9.536743e-07 4.513979e-03 0.000000e+00 0.000000e+00 0.000000e+00
PROFILE_ITER 1 74 4.681110e-03 1.627922e-03 0.000000e+00 4.587173e-03 0.000000e+00 0.000000e+00 0.000000e+00
PROFILE_ITER 1 75 4.671097e-03 1.618862e-03 0.000000e+00 4.577160e-03 0.000000e+00 0.000000e+00 0.000000e+00
PROFILE_ITER 1 76 4.668951e-03 1.626015e-03 0.000000e+00 4.573107e-03 0.000000e+00 0.000000e+00 0.000000e+00
PROFILE_ITER 1 77 4.675150e-03 1.626015e-03 0.000000e+00 4.578829e-03 0.000000e+00 0.000000e+00 0.000000e+00
PROFILE_ITER 1 78 4.695892e-03 1.636982e-03 0.000000e+00 4.602909e-03 0.000000e+00 0.000000e+00 0.000000e+00
PROFILE_ITER 1 79 4.599810e-03 1.637220e-03 0.000000e+00 4.505157e-03 0.000000e+00 0.000000e+00 9.536743e-07
PROFILE_ITER 1 80 4.596949e-03 1.631021e-03 0.000000e+00 4.503965e-03 0.000000e+00 0.000000e+00 0.000000e+00
PROFILE_ITER 1 81 4.603863e-03 1.620293e-03 0.000000e+00 4.510880e-03 0.000000e+00 0.000000e+00 0.000000e+00
PROFILE_ITER 1 82 4.676104e-03 1.614809e-03 0.000000e+00 4.582167e-03 0.000000e+00 0.000000e+00 9.536743e-07
PROFILE_ITER 0 65 7.212162e-04 5.581617e-03 0.000000e+00 3.190041e-04 0.000000e+00 0.000000e+00 0.000000e+00
PROFILE_ITER 0 66 7.183552e-04 5.536795e-03 0.000000e+00 3.211498e-04 0.000000e+00 0.000000e+00 0.000000e+00
PROFILE_ITER 0 67 7.221699e-04 5.592823e-03 0.000000e+00 3.199577e-04 0.000000e+00 0.000000e+00 0.000000e+00
PROFILE_ITER 0 68 7.288456e-04 5.594969e-03 0.000000e+00 3.228188e-04 0.000000e+00 0.000000e+00 0.000000e+00
PROFILE_ITER 0 69 7.228851e-04 5.588293e-03 0.000000e+00 3.170967e-04 0.000000e+00 0.000000e+00 0.000000e+00
PROFILE_ITER 0 70 7.231236e-04 5.562782e-03 0.000000e+00 3.190041e-04 0.000000e+00 0.000000e+00 0.000000e+00
PROFILE_ITER 0 71 7.219315e-04 5.490065e-03 0.000000e+00 3.190041e-04 0.000000e+00 0.000000e+00 0.000000e+00
PROFILE_ITER 0 72 7.197857e-04 5.592346e-03 0.000000e+00 3.190041e-04 0.000000e+00 0.000000e+00 0.000000e+00
PROFILE_ITER 0 73 7.371902e-04 5.529642e-03 0.000000e+00 3.211498e-04 0.000000e+00 0.000000e+00 0.000000e+00
PROFILE_ITER 1 83 4.666805e-03 1.638174e-03 0.000000e+00 4.573822e-03 0.000000e+00 0.000000e+00 0.000000e+00
PROFILE_ITER 1 84 4.673958e-03 1.624107e-03 0.000000e+00 4.580021e-03 0.000000e+00 0.000000e+00 0.000000e+00
PROFILE_ITER 1 85 4.668951e-03 1.624107e-03 0.000000e+00 4.575968e-03 0.000000e+00 0.000000e+00 0.000000e+00
PROFILE_ITER 1 86 4.589081e-03 1.621008e-03 0.000000e+00 4.495144e-03 0.000000e+00 0.000000e+00 0.000000e+00
PROFILE_ITER 1 87 4.673958e-03 1.625061e-03 0.000000e+00 4.580975e-03 0.000000e+00 0.000000e+00 9.536743e-07
PROFILE_ITER 1 88 4.637957e-03 1.633883e-03 0.000000e+00 4.541874e-03 0.000000e+00 0.000000e+00 0.000000e+00
PROFILE_ITER 1 89 4.585028e-03 1.635075e-03 0.000000e+00 4.491806e-03 0.000000e+00 0.000000e+00 0.000000e+00
PROFILE_ITER 1 90 4.682302e-03 1.633644e-03 0.000000e+00 4.587173e-03 0.000000e+00 0.000000e+00 0.000000e+00
PROFILE_ITER 0 74 7.209778e-04 5.588055e-03 0.000000e+00 3.192425e-04 0.000000e+00 0.000000e+00 0.000000e+00
PROFILE_ITER 0 75 7.276535e-04 5.562305e-03 0.000000e+00 3.187656e-04 0.000000e+00 0.000000e+00 0.000000e+00
PROFILE_ITER 1 91 4.679918e-03 1.623154e-03 0.000000e+00 4.585981e-03 0.000000e+00 0.000000e+00 1.907349e-06
PROFILE_ITER 1 92 4.676819e-03 1.633167e-03 0.000000e+00 4.583836e-03 0.000000e+00 0.000000e+00 0.000000e+00
PROFILE_ITER 0 76 7.231236e-04 5.570889e-03 0.000000e+00 3.180504e-04 0.000000e+00 0.000000e+00 0.000000e+00
PROFILE_ITER 0 77 7.221699e-04 5.576849e-03 0.000000e+00 3.199577e-04 0.000000e+00 0.000000e+00 0.000000e+00
PROFILE_ITER 1 93 4.679918e-03 1.627207e-03 0.000000e+00 4.587889e-03 0.000000e+00 0.000000e+00 0.000000e+00
PROFILE_ITER 1 94 4.677057e-03 1.630783e-03 0.000000e+00 4.582167e-03 0.000000e+00 0.000000e+00 0.000000e+00
PROFILE_ITER 1 95 4.690886e-03 1.628160e-03 0.000000e+00 4.597902e-03 0.000000e+00 0.000000e+00 0.000000e+00
PROFILE_ITER 1 96 4.649162e-03 1.628876e-03 1.192093e-06 4.554033e-03 0.000000e+00 0.000000e+00 0.000000e+00
PROFILE_ITER 1 97 4.667759e-03 1.635313e-03 0.000000e+00 4.575968e-03 0.000000e+00 0.000000e+00 0.000000e+00
PROFILE_ITER 0 78 7.238388e-04 5.611181e-03 0.000000e+00 3.209114e-04 0.000000e+00 0.000000e+00 0.000000e+00
PROFILE_ITER 0 79 7.259846e-04 5.511045e-03 0.000000e+00 3.199577e-04 0.000000e+00 0.000000e+00 0.000000e+00
PROFILE_ITER 0 80 7.202625e-04 5.507708e-03 9.536743e-07 3.180504e-04 0.000000e+00 0.000000e+00 0.000000e+00
PROFILE_ITER 0 81 7.212162e-04 5.502939e-03 0.000000e+00 3.190041e-04 0.000000e+00 0.000000e+00 0.000000e+00
PROFILE_ITER 1 98 4.642248e-03 1.634598e-03 9.536743e-07 4.549265e-03 0.000000e+00 0.000000e+00 0.000000e+00
PROFILE_ITER 1 99 4.670858e-03 1.620054e-03 0.000000e+00 4.571915e-03 0.000000e+00 0.000000e+00 9.536743e-07
PROFILE_ITER 1 100 4.676104e-03 1.635790e-03 0.000000e+00 4.580259e-03 0.000000e+00 0.000000e+00 0.000000e+00
PROFILE_ITER 1 101 4.628181e-03 1.639843e-03 0.000000e+00 4.536152e-03 0.000000e+00 0.000000e+00 0.000000e+00
PROFILE_ITER 0 82 7.197857e-04 5.571127e-03 0.000000e+00 3.187656e-04 0.000000e+00 0.000000e+00 0.000000e+00
PROFILE_ITER 0 83 7.228851e-04 5.583048e-03 0.000000e+00 3.199577e-04 0.000000e+00 0.000000e+00 0.000000e+00
PROFILE_ITER 1 102 4.662991e-03 1.624107e-03 0.000000e+00 4.572153e-03 0.000000e+00 0.000000e+00 0.000000e+00
PROFILE_ITER 1 103 4.658937e-03 1.634121e-03 0.000000e+00 4.566908e-03 0.000000e+00 0.000000e+00 0.000000e+00
PROFILE_ITER 1 104 4.655838e-03 1.630068e-03 0.000000e+00 4.563808e-03 0.000000e+00 0.000000e+00 0.000000e+00
PROFILE_ITER 0 84 7.221699e-04 5.575895e-03 0.000000e+00 3.190041e-04 9.536743e-07 0.000000e+00 0.000000e+00
PROFILE_ITER 1 105 4.669189e-03 1.627922e-03 0.000000e+00 4.576206e-03 0.000000e+00 0.000000e+00 0.000000e+00
PROFILE_ITER 1 106 4.667997e-03 1.633883e-03 0.000000e+00 4.575014e-03 0.000000e+00 0.000000e+00 0.000000e+00
PROFILE_ITER 0 85 7.231236e-04 5.566835e-03 0.000000e+00 3.209114e-04 1.192093e-06 0.000000e+00 0.000000e+00
PROFILE_ITER 0 86 7.219315e-04 5.491257e-03 0.000000e+00 3.197193e-04 0.000000e+00 0.000000e+00 0.000000e+00
PROFILE_ITER 1 107 4.662991e-03 1.634121e-03 0.000000e+00 4.569054e-03 0.000000e+00 0.000000e+00 0.000000e+00
PROFILE_ITER 1 108 4.665852e-03 1.635075e-03 0.000000e+00 4.574060e-03 0.000000e+00 0.000000e+00 0.000000e+00
PROFILE_ITER 1 109 4.670858e-03 1.633167e-03 0.000000e+00 4.577875e-03 0.000000e+00 0.000000e+00 0.000000e+00
PROFILE_ITER 1 110 4.659891e-03 1.633167e-03 0.000000e+00 4.568100e-03 0.000000e+00 0.000000e+00 0.000000e+00
PROFILE_ITER 1 111 4.687071e-03 1.637936e-03 0.000000e+00 4.592180e-03 0.000000e+00 0.000000e+00 0.000000e+00
PROFILE_ITER 0 87 7.240772e-04 5.574942e-03 0.000000e+00 3.199577e-04 0.000000e+00 0.000000e+00 0.000000e+00
PROFILE_ITER 0 88 7.238388e-04 5.548000e-03 0.000000e+00 3.230572e-04 0.000000e+00 0.000000e+00 0.000000e+00
PROFILE_ITER 1 112 4.667997e-03 1.621008e-03 0.000000e+00 4.570961e-03 9.536743e-07 0.000000e+00 0.000000e+00
PROFILE_ITER 1 113 4.669189e-03 1.628637e-03 0.000000e+00 4.576206e-03 0.000000e+00 0.000000e+00 0.000000e+00
PROFILE_ITER 1 114 4.621983e-03 1.635075e-03 0.000000e+00 4.528046e-03 0.000000e+00 0.000000e+00 0.000000e+00
PROFILE_ITER 0 89 7.259846e-04 5.494118e-03 0.000000e+00 3.190041e-04 0.000000e+00 9.536743e-07 0.000000e+00
PROFILE_ITER 0 90 7.231236e-04 5.592823e-03 0.000000e+00 3.211498e-04 0.000000e+00 0.000000e+00 0.000000e+00
PROFILE_ITER 1 115 4.680157e-03 1.622915e-03 0.000000e+00 4.585981e-03 0.000000e+00 0.000000e+00 0.000000e+00
PROFILE_ITER 1 116 4.633904e-03 1.635075e-03 0.000000e+00 4.537821e-03 0.000000e+00 0.000000e+00 0.000000e+00
PROFILE_ITER 1 117 4.664183e-03 1.636744e-03 0.000000e+00 4.568100e-03 1.192093e-06 0.000000e+00 0.000000e+00
PROFILE_ITER 1 118 4.662991e-03 1.633167e-03 0.000000e+00 4.570246e-03 0.000000e+00 0.000000e+00 0.000000e+00
PROFILE_ITER 1 119 4.659891e-03 1.618147e-03 0.000000e+00 4.566908e-03 0.000000e+00 0.000000e+00 0.000000e+00
PROFILE_ITER 1 120 4.686832e-03 1.636982e-03 0.000000e+00 4.592896e-03 0.000000e+00 0.000000e+00 0.000000e+00
PROFILE_ITER 1 121 4.604816e-03 1.646280e-03 0.000000e+00 4.509926e-03 0.000000e+00 0.000000e+00 0.000000e+00
PROFILE_ITER 0 91 7.231236e-04 5.581856e-03 0.000000e+00 3.209114e-04 1.192093e-06 0.000000e+00 0.000000e+00
PROFILE_ITER 0 92 7.200241e-04 5.589008e-03 0.000000e+00 3.182888e-04 0.000000e+00 0.000000e+00 0.000000e+00
PROFILE_ITER 0 93 7.250309e-04 5.579948e-03 0.000000e+00 3.199577e-04 0.000000e+00 0.000000e+00 0.000000e+00
PROFILE_ITER 0 94 7.247925e-04 5.585194e-03 0.000000e+00 3.209114e-04 0.000000e+00 0.000000e+00 0.000000e+00
PROFILE_ITER 0 95 7.209778e-04 5.598068e-03 0.000000e+00 3.190041e-04 0.000000e+00 0.000000e+00 0.000000e+00
PROFILE_ITER 1 122 4.672766e-03 1.630306e-03 0.000000e+00 4.581690e-03 0.000000e+00 0.000000e+00 0.000000e+00
PROFILE_ITER 1 123 4.663944e-03 1.618862e-03 0.000000e+00 4.569769e-03 0.000000e+00 0.000000e+00 0.000000e+00
PROFILE_ITER 1 124 4.660845e-03 1.629114e-03 0.000000e+00 4.564762e-03 0.000000e+00 0.000000e+00 9.536743e-07
PROFILE_ITER 0 96 7.250309e-04 5.553007e-03 0.000000e+00 3.190041e-04 9.536743e-07 0.000000e+00 0.000000e+00
PROFILE_ITER 0 97 7.262230e-04 5.576849e-03 9.536743e-07 3.209114e-04 0.000000e+00 0.000000e+00 0.000000e+00
PROFILE_ITER 1 125 4.660130e-03 1.630783e-03 0.000000e+00 4.566193e-03 0.000000e+00 0.000000e+00 0.000000e+00
PROFILE_ITER 1 126 4.673958e-03 1.626968e-03 0.000000e+00 4.580021e-03 0.000000e+00 0.000000e+00 9.536743e-07
PROFILE_ITER 0 98 7.200241e-04 5.558014e-03 0.000000e+00 3.209114e-04 0.000000e+00 0.000000e+00 0.000000e+00
PROFILE_ITER 1 127 4.609108e-03 1.638889e-03 0.000000e+00 4.514933e-03 0.000000e+00 0.000000e+00 0.000000e+00
PROFILE_ITER 1 128 4.680872e-03 1.634121e-03 0.000000e+00 4.586935e-03 0.000000e+00 0.000000e+00 0.000000e+00
PROFILE_ITER 1 129 4.587889e-03 1.631260e-03 0.000000e+00 4.494905e-03 0.000000e+00 0.000000e+00 0.000000e+00
PROFILE_ITER 1 130 4.570007e-03 1.623869e-03 0.000000e+00 4.477024e-03 0.000000e+00 0.000000e+00 0.000000e+00
PROFILE_ITER 0 99 7.271767e-04 5.563736e-03 0.000000e+00 3.221035e-04 0.000000e+00 0.000000e+00 0.000000e+00
PROFILE_ITER 0 100 7.231236e-04 5.588770e-03 0.000000e+00 3.190041e-04 0.000000e+00 0.000000e+00 0.000000e+00
PROFILE_ITER 0 101 7.240772e-04 5.542040e-03 0.000000e+00 3.190041e-04 0.000000e+00 0.000000e+00 0.000000e+00
PROFILE_ITER 1 131 4.673958e-03 1.628876e-03 0.000000e+00 4.579782e-03 0.000000e+00 0.000000e+00 0.000000e+00
PROFILE_ITER 1 132 4.668951e-03 1.633167e-03 0.000000e+00 4.575014e-03 0.000000e+00 0.000000e+00 0.000000e+00
PROFILE_ITER 1 133 4.663944e-03 1.626015e-03 0.000000e+00 4.570961e-03 0.000000e+00 0.000000e+00 0.000000e+00
PROFILE_ITER 0 102 7.209778e-04 5.568027e-03 0.000000e+00 3.199577e-04 0.000000e+00 0.000000e+00 0.000000e+00
PROFILE_ITER 0 103 7.259846e-04 5.567074e-03 0.000000e+00 3.190041e-04 0.000000e+00 0.000000e+00 0.000000e+00
PROFILE_ITER 0 104 7.240772e-04 5.561829e-03 0.000000e+00 3.209114e-04 0.000000e+00 0.000000e+00 0.000000e+00
PROFILE_ITER 0 105 7.190704e-04 5.578995e-03 0.000000e+00 3.180504e-04 0.000000e+00 9.536743e-07 0.000000e+00
PROFILE_ITER 1 134 4.683018e-03 1.624107e-03 0.000000e+00 4.590034e-03 0.000000e+00 0.000000e+00 0.000000e+00
PROFILE_ITER 1 135 4.668236e-03 1.634598e-03 0.000000e+00 4.574299e-03 0.000000e+00 0.000000e+00 0.000000e+00
PROFILE_ITER 1 136 4.673243e-03 1.628876e-03 0.000000e+00 4.580021e-03 0.000000e+00 0.000000e+00 0.000000e+00
PROFILE_ITER 1 137 4.666090e-03 1.622915e-03 0.000000e+00 4.572153e-03 0.000000e+00 0.000000e+00 0.000000e+00
PROFILE_ITER 1 138 4.614115e-03 1.640797e-03 0.000000e+00 4.521132e-03 0.000000e+00 0.000000e+00 0.000000e+00
PROFILE_ITER 0 106 7.238388e-04 5.578041e-03 0.000000e+00 3.218651e-04 0.000000e+00 0.000000e+00 0.000000e+00
PROFILE_ITER 0 107 7.259846e-04 5.571127e-03 0.000000e+00 3.209114e-04 0.000000e+00 0.000000e+00 0.000000e+00
PROFILE_ITER 0 108 7.207394e-04 5.580187e-03 9.536743e-07 3.190041e-04 9.536743e-07 0.000000e+00 0.000000e+00
PROFILE_ITER 0 109 7.240772e-04 5.578041e-03 0.000000e+00 3.209114e-04 0.000000e+00 0.000000e+00 0.000000e+00
PROFILE_ITER 1 139 4.673958e-03 1.634121e-03 0.000000e+00 4.580975e-03 0.000000e+00 0.000000e+00 0.000000e+00
PROFILE_ITER 1 140 4.662275e-03 1.629829e-03 0.000000e+00 4.569292e-03 0.000000e+00 0.000000e+00 0.000000e+00
PROFILE_ITER 1 141 4.645109e-03 1.634836e-03 0.000000e+00 4.549980e-03 0.000000e+00 0.000000e+00 0.000000e+00
PROFILE_ITER 1 142 4.661322e-03 1.639605e-03 0.000000e+00 4.568100e-03 0.000000e+00 0.000000e+00 0.000000e+00
PROFILE_ITER 0 110 7.207394e-04 5.574226e-03 0.000000e+00 3.199577e-04 0.000000e+00 0.000000e+00 0.000000e+00
PROFILE_ITER 1 143 4.685879e-03 1.644135e-03 0.000000e+00 4.591703e-03 0.000000e+00 0.000000e+00 2.145767e-06
PROFILE_ITER 1 144 4.681110e-03 1.628876e-03 0.000000e+00 4.587889e-03 0.000000e+00 0.000000e+00 0.000000e+00
PROFILE_ITER 0 111 7.228851e-04 5.602121e-03 1.192093e-06 3.199577e-04 0.000000e+00 0.000000e+00 0.000000e+00
PROFILE_ITER 0 112 7.247925e-04 5.564213e-03 0.000000e+00 3.190041e-04 0.000000e+00 0.000000e+00 0.000000e+00
PROFILE_ITER 0 113 7.197857e-04 5.578041e-03 0.000000e+00 3.178120e-04 9.536743e-07 9.536743e-07 0.000000e+00
PROFILE_ITER 0 114 7.240772e-04 5.532980e-03 0.000000e+00 3.187656e-04 0.000000e+00 0.000000e+00 0.000000e+00
PROFILE_ITER 1 145 4.688978e-03 1.627207e-03 0.000000e+00 4.594803e-03 0.000000e+00 0.000000e+00 1.192093e-06
PROFILE_ITER 1 146 4.659891e-03 1.631975e-03 0.000000e+00 4.566908e-03 0.000000e+00 0.000000e+00 0.000000e+00
PROFILE_ITER 1 147 4.659653e-03 1.626492e-03 0.000000e+00 4.565954e-03 0.000000e+00 0.000000e+00 9.536743e-07
PROFILE_ITER 0 115 7.240772e-04 5.578995e-03 0.000000e+00 3.199577e-04 0.000000e+00 0.000000e+00 0.000000e+00
PROFILE_ITER 0 116 7.390976e-04 5.529881e-03 9.536743e-07 3.199577e-04 0.000000e+00 0.000000e+00 0.000000e+00
PROFILE_ITER 1 148 4.662275e-03 1.627684e-03 0.000000e+00 4.568100e-03 0.000000e+00 0.000000e+00 0.000000e+00
PROFILE_ITER 1 149 4.676104e-03 1.648903e-03 0.000000e+00 4.581213e-03 9.536743e-07 0.000000e+00 0.000000e+00
PROFILE_ITER 1 150 4.659176e-03 1.626730e-03 0.000000e+00 4.566193e-03 0.000000e+00 0.000000e+00 9.536743e-07
PROFILE_ITER 0 117 7.271767e-04 5.571842e-03 9.536743e-07 3.201962e-04 0.000000e+00 0.000000e+00 9.536743e-07
PROFILE_ITER 0 118 7.240772e-04 5.573988e-03 0.000000e+00 3.211498e-04 0.000000e+00 0.000000e+00 0.000000e+00
PROFILE_ITER 0 119 7.219315e-04 5.556107e-03 0.000000e+00 3.211498e-04 0.000000e+00 0.000000e+00 0.000000e+00
PROFILE_ITER 0 120 7.262230e-04 5.597591e-03 0.000000e+00 3.209114e-04 0.000000e+00 1.192093e-06 0.000000e+00
PROFILE_ITER 0 121 7.240772e-04 5.527020e-03 0.000000e+00 3.190041e-04 0.000000e+00 0.000000e+00 0.000000e+00
PROFILE_ITER 0 122 7.190704e-04 5.584002e-03 0.000000e+00 3.190041e-04 0.000000e+00 0.000000e+00 0.000000e+00
PROFILE_ITER 1 151 4.662037e-03 1.626968e-03 0.000000e+00 4.568815e-03 0.000000e+00 0.000000e+00 0.000000e+00
PROFILE_ITER 1 152 4.672050e-03 1.625061e-03 0.000000e+00 4.575014e-03 0.000000e+00 0.000000e+00 9.536743e-07
PROFILE_ITER 1 153 4.676819e-03 1.629114e-03 0.000000e+00 4.583836e-03 0.000000e+00 0.000000e+00 0.000000e+00
PROFILE_ITER 1 154 4.678965e-03 1.636028e-03 0.000000e+00 4.585028e-03 0.000000e+00 0.000000e+00 9.536743e-07
PROFILE_ITER 0 123 7.247925e-04 5.558014e-03 0.000000e+00 3.190041e-04 0.000000e+00 0.000000e+00 0.000000e+00
PROFILE_ITER 1 155 4.671812e-03 1.625299e-03 0.000000e+00 4.578829e-03 9.536743e-07 0.000000e+00 0.000000e+00
PROFILE_ITER 1 156 4.653931e-03 1.631975e-03 0.000000e+00 4.559994e-03 0.000000e+00 0.000000e+00 0.000000e+00
PROFILE_ITER 1 157 4.661083e-03 1.628876e-03 0.000000e+00 4.569054e-03 0.000000e+00 0.000000e+00 0.000000e+00
PROFILE_ITER 0 124 7.197857e-04 5.570173e-03 0.000000e+00 3.190041e-04 0.000000e+00 0.000000e+00 0.000000e+00
PROFILE_ITER 0 125 7.207394e-04 5.567312e-03 0.000000e+00 3.190041e-04 0.000000e+00 0.000000e+00 0.000000e+00
PROFILE_ITER 0 126 7.209778e-04 5.582809e-03 0.000000e+00 3.190041e-04 0.000000e+00 0.000000e+00 0.000000e+00
PROFILE_ITER 1 158 4.657984e-03 1.638174e-03 0.000000e+00 4.564047e-03 0.000000e+00 0.000000e+00 0.000000e+00
PROFILE_ITER 1 159 4.602909e-03 1.641035e-03 0.000000e+00 4.508972e-03 0.000000e+00 0.000000e+00 0.000000e+00
PROFILE_ITER 0 127 7.281303e-04 5.519867e-03 0.000000e+00 3.190041e-04 0.000000e+00 0.000000e+00 0.000000e+00
PROFILE_ITER 0 128 7.240772e-04 5.590916e-03 0.000000e+00 3.199577e-04 0.000000e+00 0.000000e+00 0.000000e+00
PROFILE_ITER 1 160 4.671812e-03 1.624107e-03 0.000000e+00 4.579782e-03 0.000000e+00 0.000000e+00 0.000000e+00
PROFILE_ITER 1 161 4.666805e-03 1.628399e-03 0.000000e+00 4.572868e-03 0.000000e+00 0.000000e+00 9.536743e-07
PROFILE_ITER 1 162 4.657984e-03 1.631975e-03 0.000000e+00 4.563808e-03 0.000000e+00 0.000000e+00 0.000000e+00
PROFILE_ITER 0 129 7.221699e-04 5.497932e-03 0.000000e+00 3.201962e-04 0.000000e+00 0.000000e+00 0.000000e+00
PROFILE_ITER 0 130 7.247925e-04 5.469322e-03 0.000000e+00 3.190041e-04 9.536743e-07 0.000000e+00 0.000000e+00
PROFILE_ITER 0 131 7.247925e-04 5.578995e-03 9.536743e-07 3.190041e-04 1.192093e-06 0.000000e+00 0.000000e+00
PROFILE_ITER 1 163 4.657984e-03 1.631975e-03 0.000000e+00 4.565001e-03 0.000000e+00 0.000000e+00 0.000000e+00
PROFILE_ITER 1 164 4.591942e-03 1.631975e-03 0.000000e+00 4.496098e-03 0.000000e+00 0.000000e+00 9.536743e-07
PROFILE_ITER 0 132 7.250309e-04 5.577087e-03 0.000000e+00 3.209114e-04 0.000000e+00 0.000000e+00 0.000000e+00
PROFILE_ITER 0 133 7.219315e-04 5.566120e-03 9.536743e-07 3.180504e-04 0.000000e+00 9.536743e-07 0.000000e+00
PROFILE_ITER 0 134 7.216930e-04 5.587339e-03 0.000000e+00 3.199577e-04 0.000000e+00 0.000000e+00 0.000000e+00
PROFILE_ITER 1 165 4.672050e-03 1.626015e-03 0.000000e+00 4.579067e-03 0.000000e+00 0.000000e+00 0.000000e+00
PROFILE_ITER 1 166 4.667997e-03 1.634121e-03 0.000000e+00 4.575014e-03 0.000000e+00 0.000000e+00 9.536743e-07
PROFILE_ITER 1 167 4.663944e-03 1.625061e-03 0.000000e+00 4.570007e-03 0.000000e+00 0.000000e+00 0.000000e+00
PROFILE_ITER 0 135 7.259846e-04 5.576849e-03 0.000000e+00 3.199577e-04 0.000000e+00 0.000000e+00 0.000000e+00
PROFILE_ITER 0 136 7.181168e-04 5.584002e-03 0.000000e+00 3.178120e-04 0.000000e+00 0.000000e+00 0.000000e+00
PROFILE_ITER 0 137 7.221699e-04 5.566835e-03 9.536743e-07 3.180504e-04 0.000000e+00 0.000000e+00 0.000000e+00
PROFILE_ITER 1 168 4.663944e-03 1.633883e-03 0.000000e+00 4.568815e-03 0.000000e+00 0.000000e+00 9.536743e-07
PROFILE_ITER 1 169 4.675865e-03 1.639128e-03 0.000000e+00 4.580975e-03 0.000000e+00 0.000000e+00 9.536743e-07
PROFILE_ITER 1 170 4.575968e-03 1.640081e-03 0.000000e+00 4.480124e-03 0.000000e+00 0.000000e+00 9.536743e-07
PROFILE_ITER 0 138 7.200241e-04 5.535841e-03 0.000000e+00 3.190041e-04 0.000000e+00 0.000000e+00 0.000000e+00
PROFILE_ITER 1 171 4.668951e-03 1.616955e-03 0.000000e+00 4.575968e-03 0.000000e+00 0.000000e+00 0.000000e+00
PROFILE_ITER 1 172 4.669189e-03 1.632929e-03 0.000000e+00 4.574060e-03 9.536743e-07 0.000000e+00 0.000000e+00
PROFILE_ITER 0 139 7.250309e-04 5.583048e-03 0.000000e+00 3.209114e-04 0.000000e+00 0.000000e+00 0.000000e+00
PROFILE_ITER 0 140 7.171631e-04 5.574942e-03 0.000000e+00 3.190041e-04 0.000000e+00 0.000000e+00 0.000000e+00
PROFILE_ITER 1 173 4.612207e-03 1.626730e-03 0.000000e+00 4.517078e-03 0.000000e+00 0.000000e+00 9.536743e-07
PROFILE_ITER 1 174 4.653692e-03 1.627445e-03 0.000000e+00 4.559755e-03 0.000000e+00 0.000000e+00 0.000000e+00
PROFILE_ITER 0 141 7.281303e-04 5.548716e-03 0.000000e+00 3.211498e-04 0.000000e+00 0.000000e+00 0.000000e+00
PROFILE_ITER 0 142 7.309914e-04 5.573034e-03 0.000000e+00 3.199577e-04 0.000000e+00 0.000000e+00 0.000000e+00
PROFILE_ITER 1 175 4.672289e-03 1.627684e-03 0.000000e+00 4.577160e-03 0.000000e+00 0.000000e+00 1.192093e-06
PROFILE_ITER 1 176 4.666090e-03 1.631737e-03 0.000000e+00 4.574060e-03 0.000000e+00 0.000000e+00 0.000000e+00
PROFILE_ITER 1 177 4.670143e-03 1.636028e-03 0.000000e+00 4.576921e-03 0.000000e+00 0.000000e+00 0.000000e+00
PROFILE_ITER 0 143 7.250309e-04 5.604982e-03 0.000000e+00 3.192425e-04 0.000000e+00 0.000000e+00 0.000000e+00
PROFILE_ITER 1 178 4.666090e-03 1.636744e-03 0.000000e+00 4.574060e-03 0.000000e+00 0.000000e+00 0.000000e+00
PROFILE_ITER 1 179 4.579067e-03 1.624107e-03 0.000000e+00 4.486799e-03 0.000000e+00 0.000000e+00 0.000000e+00
PROFILE_ITER 1 180 4.566908e-03 1.626015e-03 1.192093e-06 4.473686e-03 0.000000e+00 0.000000e+00 0.000000e+00
PROFILE_ITER 0 144 7.209778e-04 5.589008e-03 0.000000e+00 3.199577e-04 0.000000e+00 0.000000e+00 0.000000e+00
PROFILE_ITER 0 145 7.271767e-04 5.589008e-03 0.000000e+00 3.199577e-04 0.000000e+00 9.536743e-07 0.000000e+00
PROFILE_ITER 0 146 7.188320e-04 5.573034e-03 0.000000e+00 3.180504e-04 9.536743e-07 0.000000e+00 0.000000e+00
PROFILE_ITER 1 181 4.653931e-03 1.631021e-03 0.000000e+00 4.560947e-03 0.000000e+00 0.000000e+00 9.536743e-07
PROFILE_ITER 1 182 4.667997e-03 1.632214e-03 9.536743e-07 4.573107e-03 0.000000e+00 0.000000e+00 0.000000e+00
PROFILE_ITER 1 183 4.648924e-03 1.635075e-03 0.000000e+00 4.555941e-03 0.000000e+00 0.000000e+00 0.000000e+00
PROFILE_ITER 0 147 7.207394e-04 5.565405e-03 0.000000e+00 3.187656e-04 0.000000e+00 0.000000e+00 0.000000e+00
PROFILE_ITER 0 148 7.240772e-04 5.566835e-03 0.000000e+00 3.187656e-04 1.192093e-06 0.000000e+00 0.000000e+00
PROFILE_ITER 1 184 4.592896e-03 1.631975e-03 0.000000e+00 4.498959e-03 0.000000e+00 0.000000e+00 0.000000e+00
PROFILE_ITER 1 185 4.594326e-03 1.626730e-03 0.000000e+00 4.503250e-03 0.000000e+00 0.000000e+00 0.000000e+00
PROFILE_ITER 1 186 4.671097e-03 1.635790e-03 0.000000e+00 4.576921e-03 0.000000e+00 0.000000e+00 0.000000e+00
PROFILE_ITER 0 149 7.257462e-04 5.597115e-03 0.000000e+00 3.199577e-04 0.000000e+00 0.000000e+00 0.000000e+00
PROFILE_ITER 0 150 7.209778e-04 5.568027e-03 0.000000e+00 3.190041e-04 0.000000e+00 0.000000e+00 0.000000e+00
PROFILE_ITER 0 151 7.231236e-04 5.565882e-03 0.000000e+00 3.199577e-04 0.000000e+00 0.000000e+00 0.000000e+00
PROFILE_ITER 1 187 4.662037e-03 1.630068e-03 0.000000e+00 4.566908e-03 0.000000e+00 0.000000e+00 1.192093e-06
PROFILE_ITER 1 188 4.657745e-03 1.629353e-03 0.000000e+00 4.563808e-03 0.000000e+00 0.000000e+00 0.000000e+00
PROFILE_ITER 1 189 4.663229e-03 1.628637e-03 0.000000e+00 4.567146e-03 0.000000e+00 0.000000e+00 0.000000e+00
PROFILE_ITER 0 152 7.259846e-04 5.571127e-03 0.000000e+00 3.180504e-04 0.000000e+00 0.000000e+00 0.000000e+00
PROFILE_ITER 0 153 7.197857e-04 5.586147e-03 0.000000e+00 3.180504e-04 9.536743e-07 0.000000e+00 0.000000e+00
PROFILE_ITER 1 190 4.570723e-03 1.643181e-03 0.000000e+00 4.477739e-03 0.000000e+00 0.000000e+00 9.536743e-07
PROFILE_ITER 0 154 7.209778e-04 5.594015e-03 0.000000e+00 3.190041e-04 0.000000e+00 0.000000e+00 0.000000e+00
PROFILE_ITER 0 155 7.250309e-04 5.572081e-03 9.536743e-07 3.190041e-04 0.000000e+00 9.536743e-07 0.000000e+00
PROFILE_ITER 1 191 4.680872e-03 1.628160e-03 0.000000e+00 4.585028e-03 0.000000e+00 0.000000e+00 9.536743e-07
PROFILE_ITER 1 192 4.667759e-03 1.629353e-03 0.000000e+00 4.575729e-03 0.000000e+00 0.000000e+00 0.000000e+00
PROFILE_ITER 0 156 7.228851e-04 5.563021e-03 0.000000e+00 3.190041e-04 0.000000e+00 0.000000e+00 0.000000e+00
PROFILE_ITER 1 193 4.665852e-03 1.619101e-03 0.000000e+00 4.571915e-03 0.000000e+00 0.000000e+00 0.000000e+00
PROFILE_ITER 1 194 4.679918e-03 1.625061e-03 0.000000e+00 4.585981e-03 0.000000e+00 0.000000e+00 9.536743e-07
PROFILE_ITER 0 157 7.200241e-04 5.568027e-03 0.000000e+00 3.201962e-04 0.000000e+00 0.000000e+00 0.000000e+00
PROFILE_ITER 0 158 7.219315e-04 5.576134e-03 0.000000e+00 3.178120e-04 0.000000e+00 0.000000e+00 0.000000e+00
PROFILE_ITER 1 195 4.618883e-03 1.630306e-03 0.000000e+00 4.522800e-03 0.000000e+00 0.000000e+00 0.000000e+00
PROFILE_ITER 1 196 4.665136e-03 1.622677e-03 0.000000e+00 4.571199e-03 9.536743e-07 0.000000e+00 0.000000e+00
PROFILE_ITER 1 197 4.671097e-03 1.626015e-03 0.000000e+00 4.579067e-03 0.000000e+00 0.000000e+00 0.000000e+00
PROFILE_ITER 0 159 7.269382e-04 5.517006e-03 0.000000e+00 3.199577e-04 0.000000e+00 0.000000e+00 0.000000e+00
PROFILE_ITER 1 198 4.667044e-03 1.626015e-03 0.000000e+00 4.569054e-03 0.000000e+00 0.000000e+00 0.000000e+00
PROFILE_ITER 1 199 4.657030e-03 1.630783e-03 0.000000e+00 4.565001e-03 0.000000e+00 0.000000e+00 0.000000e+00
PROFILE_ITER 0 160 7.228851e-04 5.573034e-03 0.000000e+00 3.199577e-04 0.000000e+00 0.000000e+00 0.000000e+00
PROFILE_ITER 0 161 7.228851e-04 5.572319e-03 0.000000e+00 3.209114e-04 0.000000e+00 0.000000e+00 0.000000e+00
PROFILE_ACCUM 1 spmv=9.327357e-01 vecops=4.705322e-01 send_fill=1.215935e-05 local_spmv=9.135604e-01 comm_wait=9.059906e-06 shared_spmv=0.000000e+00 send_wait=4.148483e-05
PROFILE_ITER 0 162 7.300377e-04 5.559921e-03 0.000000e+00 3.211498e-04 0.000000e+00 0.000000e+00 0.000000e+00
PROFILE_ITER 0 163 7.278919e-04 5.562067e-03 0.000000e+00 3.190041e-04 0.000000e+00 0.000000e+00 0.000000e+00
PROFILE_ITER 0 164 7.188320e-04 5.505085e-03 0.000000e+00 3.178120e-04 0.000000e+00 9.536743e-07 0.000000e+00
PROFILE_ITER 0 165 7.250309e-04 5.571127e-03 0.000000e+00 3.199577e-04 0.000000e+00 0.000000e+00 0.000000e+00
PROFILE_ITER 0 166 7.231236e-04 5.579948e-03 9.536743e-07 3.192425e-04 0.000000e+00 0.000000e+00 0.000000e+00
PROFILE_ITER 0 167 7.200241e-04 5.568027e-03 0.000000e+00 3.170967e-04 9.536743e-07 0.000000e+00 0.000000e+00
PROFILE_ITER 0 168 7.200241e-04 5.577803e-03 0.000000e+00 3.199577e-04 0.000000e+00 0.000000e+00 0.000000e+00
PROFILE_ITER 0 169 7.269382e-04 5.588055e-03 0.000000e+00 3.199577e-04 0.000000e+00 0.000000e+00 0.000000e+00
PROFILE_ITER 0 170 7.200241e-04 5.496979e-03 0.000000e+00 3.190041e-04 0.000000e+00 9.536743e-07 0.000000e+00
PROFILE_ITER 0 171 7.219315e-04 5.563021e-03 0.000000e+00 3.199577e-04 0.000000e+00 0.000000e+00 0.000000e+00
PROFILE_ITER 0 172 7.262230e-04 5.575895e-03 0.000000e+00 3.201962e-04 0.000000e+00 0.000000e+00 0.000000e+00
PROFILE_ITER 0 173 7.231236e-04 5.513906e-03 1.192093e-06 3.180504e-04 0.000000e+00 0.000000e+00 0.000000e+00
PROFILE_ITER 0 174 7.221699e-04 5.560875e-03 0.000000e+00 3.201962e-04 0.000000e+00 0.000000e+00 0.000000e+00
PROFILE_ITER 0 175 7.200241e-04 5.579948e-03 0.000000e+00 3.201962e-04 0.000000e+00 0.000000e+00 0.000000e+00
PROFILE_ITER 0 176 7.169247e-04 5.582094e-03 0.000000e+00 3.199577e-04 0.000000e+00 0.000000e+00 0.000000e+00
PROFILE_ITER 0 177 7.219315e-04 5.583048e-03 0.000000e+00 3.209114e-04 0.000000e+00 0.000000e+00 0.000000e+00
PROFILE_ITER 0 178 7.219315e-04 5.580902e-03 0.000000e+00 3.190041e-04 0.000000e+00 0.000000e+00 0.000000e+00
PROFILE_ITER 0 179 7.259846e-04 5.478144e-03 0.000000e+00 3.211498e-04 0.000000e+00 9.536743e-07 0.000000e+00
PROFILE_ITER 0 180 7.209778e-04 5.471945e-03 0.000000e+00 3.190041e-04 0.000000e+00 0.000000e+00 0.000000e+00
PROFILE_ITER 0 181 7.171631e-04 5.565882e-03 0.000000e+00 3.190041e-04 0.000000e+00 0.000000e+00 0.000000e+00
PROFILE_ITER 0 182 7.212162e-04 5.580902e-03 0.000000e+00 3.190041e-04 0.000000e+00 0.000000e+00 0.000000e+00
PROFILE_ITER 0 183 7.221699e-04 5.561829e-03 0.000000e+00 3.199577e-04 0.000000e+00 0.000000e+00 0.000000e+00
PROFILE_ITER 0 184 7.307529e-04 5.494118e-03 0.000000e+00 3.180504e-04 0.000000e+00 0.000000e+00 0.000000e+00
PROFILE_ITER 0 185 7.190704e-04 5.501986e-03 0.000000e+00 3.180504e-04 0.000000e+00 0.000000e+00 0.000000e+00
PROFILE_ITER 0 186 7.209778e-04 5.585909e-03 0.000000e+00 3.180504e-04 0.000000e+00 0.000000e+00 0.000000e+00
PROFILE_ITER 0 187 7.281303e-04 5.563974e-03 0.000000e+00 3.199577e-04 0.000000e+00 0.000000e+00 0.000000e+00
PROFILE_ITER 0 188 7.209778e-04 5.565166e-03 0.000000e+00 3.199577e-04 0.000000e+00 0.000000e+00 0.000000e+00
PROFILE_ITER 0 189 7.233620e-04 5.565405e-03 0.000000e+00 3.190041e-04 0.000000e+00 0.000000e+00 0.000000e+00
PROFILE_ITER 0 190 7.178783e-04 5.499125e-03 0.000000e+00 3.190041e-04 0.000000e+00 0.000000e+00 0.000000e+00
PROFILE_ITER 0 191 7.240772e-04 5.584955e-03 0.000000e+00 3.199577e-04 0.000000e+00 0.000000e+00 0.000000e+00
PROFILE_ITER 0 192 7.200241e-04 5.577087e-03 0.000000e+00 3.199577e-04 0.000000e+00 0.000000e+00 0.000000e+00
PROFILE_ITER 0 193 7.228851e-04 5.563021e-03 9.536743e-07 3.199577e-04 0.000000e+00 0.000000e+00 0.000000e+00
PROFILE_ITER 0 194 7.197857e-04 5.586386e-03 0.000000e+00 3.168583e-04 0.000000e+00 0.000000e+00 0.000000e+00
PROFILE_ITER 0 195 7.271767e-04 5.520821e-03 0.000000e+00 3.199577e-04 0.000000e+00 0.000000e+00 0.000000e+00
PROFILE_ITER 0 196 7.219315e-04 5.565882e-03 0.000000e+00 3.180504e-04 0.000000e+00 0.000000e+00 0.000000e+00
PROFILE_ITER 0 197 7.209778e-04 5.573034e-03 0.000000e+00 3.190041e-04 0.000000e+00 0.000000e+00 0.000000e+00
PROFILE_ITER 0 198 7.250309e-04 5.571127e-03 0.000000e+00 3.199577e-04 0.000000e+00 0.000000e+00 0.000000e+00
PROFILE_ITER 0 199 7.181168e-04 5.569696e-03 0.000000e+00 3.170967e-04 0.000000e+00 0.000000e+00 0.000000e+00
PROFILE_ACCUM 0 spmv=1.447005e-01 vecops=1.114611e+00 send_fill=1.573563e-05 local_spmv=6.394291e-02 comm_wait=1.907349e-05 shared_spmv=1.072884e-05 send_wait=4.053116e-06
