Matrix name : /home/bugra/Workspace/C/HetHypPar_rewrite/data/matrices/cage11_1c_100g/cage11_1c_100g.mtx

	****	Matrix File readed	****LOG: Finished Creating Shard CSC
LOG: Finished Creating Vectors
PROFILE_HEADER rank iter spmv vecops send_fill local_spmv comm_wait shared_spmv send_wait
PROFILE_ITER 1 0 6.790161e-04 2.737391e-01 0.000000e+00 6.611347e-04 0.000000e+00 0.000000e+00 0.000000e+00
PROFILE_ITER 1 1 5.347729e-04 1.109719e-02 0.000000e+00 5.238056e-04 0.000000e+00 0.000000e+00 0.000000e+00
PROFILE_ITER 1 2 5.259514e-04 1.109099e-02 0.000000e+00 5.147457e-04 0.000000e+00 0.000000e+00 0.000000e+00
PROFILE_ITER 1 3 5.111694e-04 1.112795e-02 0.000000e+00 4.999638e-04 0.000000e+00 0.000000e+00 0.000000e+00
PROFILE_ITER 1 4 5.657673e-04 1.106524e-02 0.000000e+00 5.567074e-04 0.000000e+00 0.000000e+00 0.000000e+00
PROFILE_ITER 1 5 5.681515e-04 1.106167e-02 0.000000e+00 5.581379e-04 0.000000e+00 0.000000e+00 0.000000e+00
PROFILE_ITER 1 6 5.550385e-04 1.106596e-02 0.000000e+00 5.462170e-04 0.000000e+00 0.000000e+00 0.000000e+00
PROFILE_ITER 1 7 5.350113e-04 1.109695e-02 0.000000e+00 5.249977e-04 0.000000e+00 0.000000e+00 0.000000e+00
PROFILE_ITER 1 8 5.259514e-04 1.111627e-02 0.000000e+00 5.168915e-04 0.000000e+00 0.000000e+00 0.000000e+00
PROFILE_ITER 1 9 5.221367e-04 1.110268e-02 0.000000e+00 5.109310e-04 0.000000e+00 0.000000e+00 0.000000e+00
PROFILE_ITER 1 10 5.300045e-04 1.110196e-02 0.000000e+00 5.199909e-04 0.000000e+00 0.000000e+00 0.000000e+00
PROFILE_ITER 1 11 5.269051e-04 1.109624e-02 0.000000e+00 5.159378e-04 0.000000e+00 0.000000e+00 0.000000e+00
PROFILE_ITER 1 12 5.538464e-04 1.107121e-02 0.000000e+00 5.447865e-04 0.000000e+00 0.000000e+00 0.000000e+00
PROFILE_ITER 1 13 5.519390e-04 1.110196e-02 0.000000e+00 5.397797e-04 0.000000e+00 0.000000e+00 0.000000e+00
PROFILE_ITER 1 14 5.290508e-04 1.108885e-02 0.000000e+00 5.180836e-04 0.000000e+00 0.000000e+00 0.000000e+00
PROFILE_ITER 1 15 5.469322e-04 1.107907e-02 0.000000e+00 5.369186e-04 0.000000e+00 0.000000e+00 0.000000e+00
PROFILE_ITER 1 16 5.040169e-04 1.111007e-02 0.000000e+00 4.942417e-04 0.000000e+00 0.000000e+00 0.000000e+00
PROFILE_ITER 1 17 5.600452e-04 1.104498e-02 0.000000e+00 5.490780e-04 0.000000e+00 0.000000e+00 0.000000e+00
PROFILE_ITER 1 18 5.471706e-04 1.106572e-02 0.000000e+00 5.369186e-04 0.000000e+00 0.000000e+00 0.000000e+00
PROFILE_ITER 1 19 5.471706e-04 1.107383e-02 0.000000e+00 5.371571e-04 0.000000e+00 0.000000e+00 0.000000e+00
PROFILE_ITER 1 20 5.488396e-04 1.105499e-02 0.000000e+00 5.369186e-04 9.536743e-07 0.000000e+00 0.000000e+00
PROFILE_ITER 1 21 5.269051e-04 1.108027e-02 0.000000e+00 5.168915e-04 0.000000e+00 0.000000e+00 0.000000e+00
PROFILE_ITER 1 22 5.350113e-04 1.109695e-02 0.000000e+00 5.249977e-04 0.000000e+00 0.000000e+00 0.000000e+00
PROFILE_ITER 1 23 5.240440e-04 1.109385e-02 0.000000e+00 5.147457e-04 0.000000e+00 0.000000e+00 0.000000e+00
PROFILE_ITER 1 24 5.362034e-04 1.106286e-02 0.000000e+00 5.249977e-04 0.000000e+00 0.000000e+00 0.000000e+00
PROFILE_ITER 1 25 5.521774e-04 1.110291e-02 0.000000e+00 5.409718e-04 0.000000e+00 0.000000e+00 0.000000e+00
PROFILE_ITER 1 26 5.280972e-04 1.109290e-02 0.000000e+00 5.180836e-04 0.000000e+00 0.000000e+00 0.000000e+00
PROFILE_ITER 1 27 5.428791e-04 1.107001e-02 9.536743e-07 5.309582e-04 0.000000e+00 0.000000e+00 0.000000e+00
PROFILE_ITER 1 28 5.052090e-04 1.112485e-02 0.000000e+00 4.947186e-04 0.000000e+00 0.000000e+00 0.000000e+00
PROFILE_ITER 1 29 5.671978e-04 1.104069e-02 0.000000e+00 5.548000e-04 0.000000e+00 0.000000e+00 1.192093e-06
PROFILE_ITER 1 30 5.309582e-04 1.111007e-02 0.000000e+00 5.209446e-04 0.000000e+00 0.000000e+00 0.000000e+00
PROFILE_ITER 1 31 5.471706e-04 1.108885e-02 0.000000e+00 5.381107e-04 0.000000e+00 0.000000e+00 0.000000e+00
PROFILE_ITER 1 32 5.300045e-04 1.109409e-02 0.000000e+00 5.190372e-04 0.000000e+00 0.000000e+00 0.000000e+00
PROFILE_ITER 1 33 5.450249e-04 1.107478e-02 0.000000e+00 5.347729e-04 0.000000e+00 0.000000e+00 0.000000e+00
PROFILE_ITER 1 34 5.052090e-04 1.113391e-02 0.000000e+00 4.951954e-04 0.000000e+00 0.000000e+00 0.000000e+00
PROFILE_ITER 1 35 5.650520e-04 1.106000e-02 0.000000e+00 5.540848e-04 0.000000e+00 0.000000e+00 9.536743e-07
PROFILE_ITER 1 36 5.078316e-04 1.114106e-02 0.000000e+00 4.978180e-04 0.000000e+00 0.000000en_iters : 200 
spmv : 2.324553 
file_read : 10.156817 
relative_residual : 2.836521E-16
everything_total : 12.727773

----------------------------------------------------------------------
PROFILE_HEADER rank iter spmv vecops send_fill local_spmv comm_wait shared_spmv send_wait
PROFILE_ITER 0 0 8.928061e-03 3.226042e-03 0.000000e+00 4.137993e-03 0.000000e+00 0.000000e+00 0.000000e+00
PROFILE_ITER 0 1 8.906126e-03 2.725840e-03 0.000000e+00 4.128933e-03 0.000000e+00 0.000000e+00 0.000000e+00
PROFILE_ITER 0 2 8.884192e-03 2.732754e-03 0.000000e+00 4.124165e-03 0.000000e+00 0.000000e+00 0.000000e+00
PROFILE_ITER 0 3 8.903980e-03 2.736092e-03 0.000000e+00 4.137039e-03 0.000000e+00 0.000000e+00 0.000000e+00
PROFILE_ITER 0 4 8.903027e-03 2.725840e-03 0.000000e+00 4.145861e-03 0.000000e+00 0.000000e+00 0.000000e+00
PROFILE_ITER 0 5 8.894920e-03 2.736092e-03 0.000000e+00 4.129887e-03 0.000000e+00 0.000000e+00 0.000000e+00
PROFILE_ITER 0 6 8.896828e-03 2.724171e-03 0.000000e+00 4.132986e-03 0.000000e+00 9.536743e-07 0.000000e+00
PROFILE_ITER 0 7 8.897305e-03 2.734661e-03 9.536743e-07 4.130125e-03 0.000000e+00 0.000000e+00 0.000000e+00
PROFILE_ITER 0 8 8.899927e-03 2.742290e-03 9.536743e-07 4.130840e-03 0.000000e+00 0.000000e+00 0.000000e+00
PROFILE_ITER 0 9 8.903027e-03 2.721786e-03 0.000000e+00 4.137039e-03 0.000000e+00 0.000000e+00 0.000000e+00
PROFILE_ITER 0 10 8.906126e-03 2.725840e-03 0.000000e+00 4.132032e-03 0.000000e+00 0.000000e+00 0.000000e+00
PROFILE_ITER 0 11 8.904934e-03 2.719164e-03 0.000000e+00 4.135847e-03 0.000000e+00 0.000000e+00 0.000000e+00
PROFILE_ITER 0 12 8.901834e-03 2.721071e-03 0.000000e+00 4.134893e-03 0.000000e+00 0.000000e+00 0.000000e+00
PROFILE_ITER 0 13 8.924007e-03 2.731085e-03 0.000000e+00 4.136086e-03 0.000000e+00 0.000000e+00 0.000000e+00
PROFILE_ITER 0 14 8.889198e-03 2.728701e-03 0.000000e+00 4.133940e-03 0.000000e+00 0.000000e+00 0.000000e+00
PROFILE_ITER 0 15 8.896828e-03 2.728224e-03 0.000000e+00 4.129887e-03 0.000000e+00 9.536743e-07 0.000000e+00
PROFILE_ITER 0 16 8.879900e-03 2.735138e-03 0.000000e+00 4.131079e-03 0.000000e+00 0.000000e+00 0.000000e+00
PROFILE_ITER 0 17 8.881092e-03 2.723932e-03 0.000000e+00 4.125118e-03 9.536743e-07 0.000000e+00 0.000000e+00
PROFILE_ITER 0 18 8.886814e-03 2.726078e-03 0.000000e+00 4.134893e-03 0.000000e+00 9.536743e-07 0.000000e+00
PROFILE_ITER 0 19 8.893967e-03 2.729177e-03 0.000000e+00 4.127979e-03 0.000000e+00 0.000000e+00 0.000000e+00
PROFILE_ITER 0 20 8.881092e-03 2.721786e-03 0.000000e+00 4.126072e-03 0.000000e+00 0.000000e+00 0.000000e+00
PROFILE_ITER 0 21 8.886337e-03 2.720833e-03 0.000000e+00 4.132271e-03 0.000000e+00 0.000000e+00 0.000000e+00
PROFILE_ITER 0 22 8.909225e-03 2.721786e-03 0.000000e+00 4.127264e-03 0.000000e+00 0.000000e+00 0.000000e+00
PROFILE_ITER 0 23 8.879900e-03 2.737999e-03 0.000000e+00 4.128933e-03 0.000000e+00 0.000000e+00 0.000000e+00
PROFILE_ITER 0 24 8.873940e-03 2.726078e-03 9.536743e-07 4.128933e-03 0.000000e+00 0.000000e+00 0.000000e+00
PROFILE_ITER 0 25 8.931875e-03 2.722025e-03 0.000000e+00 4.131079e-03 0.000000e+00 0.000000e+00 0.000000e+00
PROFILE_ITER 0 26 8.890867e-03 2.730131e-03 0.000000e+00 4.123211e-03 0.000000e+00 0.000000e+00 0.000000e+00
PROFILE_ITER 0 27 8.882046e-03 2.731800e-03 1.192093e-06 4.117966e-03 0.000000e+00 0.000000e+00 0.000000e+00
PROFILE_ITER 0 28 8.901834e-03 2.726316e-03 0.000000e+00 4.127979e-03 0.000000e+00 0.000000e+00 0.000000e+00
PROFILE_ITER 0 29 8.878946e-03 2.729893e-03 0.000000e+00 4.120111e-03 0.000000e+00 0.000000e+00 0.000000e+00
PROFILE_ITER 0 30 8.913994e-03 2.727032e-03 0.000000e+00 4.127026e-03 0.000000e+00 0.000000e+00 0.000000e+00
PROFILE_ITER 0 31 8.908749e-03 2.727270e-03 0.000000e+00 4.130602e-03 0.000000e+00 0.000000e+00 0.000000e+00
PROFILE_ITER 0 32 8.895874e-03 2.728224e-03 0.000000e+00 4.133940e-03 0.000000e+00 0.000000e+00 0.000000e+00
PROFILE_ITER 0 33 8.891106e-03 2.727747e-03 0.000000e+00 4.122972e-03 1.192093e-06 0.000000e+00 0.000000e+00
PROFILE_ITER 0 34 8.904934e-03 2.735138e-03 0.000000e+00 4.129171e-03 0.000000e+00 0.000000e+00 0.000000e+00
PROFILE_ITER+00 0.000000e+00
PROFILE_ITER 1 37 5.509853e-04 1.107216e-02 0.000000e+00 5.388260e-04 0.000000e+00 0.000000e+00 0.000000e+00
PROFILE_ITER 1 38 5.559921e-04 1.113987e-02 0.000000e+00 5.459785e-04 0.000000e+00 0.000000e+00 0.000000e+00
PROFILE_ITER 1 39 5.288124e-04 1.110029e-02 0.000000e+00 5.190372e-04 0.000000e+00 0.000000e+00 0.000000e+00
PROFILE_ITER 1 40 5.509853e-04 1.101589e-02 0.000000e+00 5.393028e-04 0.000000e+00 0.000000e+00 0.000000e+00
PROFILE_ITER 1 41 5.507469e-04 1.103520e-02 0.000000e+00 5.409718e-04 0.000000e+00 0.000000e+00 0.000000e+00
PROFILE_ITER 1 42 5.128384e-04 1.113033e-02 0.000000e+00 5.018711e-04 0.000000e+00 0.000000e+00 0.000000e+00
PROFILE_ITER 1 43 5.297661e-04 1.117325e-02 0.000000e+00 5.199909e-04 0.000000e+00 0.000000e+00 0.000000e+00
PROFILE_ITER 1 44 5.488396e-04 1.103711e-02 0.000000e+00 5.378723e-04 0.000000e+00 0.000000e+00 0.000000e+00
PROFILE_ITER 1 45 5.488396e-04 1.104712e-02 0.000000e+00 5.388260e-04 0.000000e+00 0.000000e+00 0.000000e+00
PROFILE_ITER 1 46 5.331039e-04 1.105595e-02 0.000000e+00 5.218983e-04 1.192093e-06 0.000000e+00 0.000000e+00
PROFILE_ITER 1 47 5.428791e-04 1.105809e-02 0.000000e+00 5.328655e-04 0.000000e+00 0.000000e+00 0.000000e+00
PROFILE_ITER 1 48 5.049706e-04 1.109195e-02 0.000000e+00 4.949570e-04 0.000000e+00 0.000000e+00 0.000000e+00
PROFILE_ITER 1 49 5.230904e-04 1.111007e-02 0.000000e+00 5.130768e-04 0.000000e+00 0.000000e+00 0.000000e+00
PROFILE_ITER 1 50 5.419254e-04 1.107097e-02 0.000000e+00 5.331039e-04 0.000000e+00 0.000000e+00 0.000000e+00
PROFILE_ITER 1 51 5.781651e-04 1.103997e-02 0.000000e+00 5.671978e-04 0.000000e+00 0.000000e+00 0.000000e+00
PROFILE_ITER 1 52 5.638599e-04 1.103616e-02 0.000000e+00 5.528927e-04 0.000000e+00 0.000000e+00 0.000000e+00
PROFILE_ITER 1 53 5.340576e-04 1.107883e-02 0.000000e+00 5.228519e-04 0.000000e+00 0.000000e+00 9.536743e-07
PROFILE_ITER 1 54 5.240440e-04 1.108098e-02 0.000000e+00 5.149841e-04 0.000000e+00 0.000000e+00 0.000000e+00
PROFILE_ITER 1 55 5.199909e-04 1.112199e-02 0.000000e+00 5.099773e-04 0.000000e+00 0.000000e+00 0.000000e+00
PROFILE_ITER 1 56 5.509853e-04 1.106000e-02 0.000000e+00 5.381107e-04 0.000000e+00 0.000000e+00 0.000000e+00
PROFILE_ITER 1 57 5.578995e-04 1.107025e-02 0.000000e+00 5.466938e-04 0.000000e+00 0.000000e+00 0.000000e+00
PROFILE_ITER 1 58 5.240440e-04 1.111293e-02 0.000000e+00 5.152225e-04 0.000000e+00 0.000000e+00 0.000000e+00
PROFILE_ITER 1 59 5.600452e-04 1.105595e-02 0.000000e+00 5.500317e-04 0.000000e+00 0.000000e+00 0.000000e+00
PROFILE_ITER 1 60 5.619526e-04 1.105690e-02 0.000000e+00 5.509853e-04 0.000000e+00 0.000000e+00 0.000000e+00
PROFILE_ITER 1 61 5.030632e-04 1.111102e-02 0.000000e+00 4.940033e-04 0.000000e+00 0.000000e+00 0.000000e+00
PROFILE_ITER 1 62 5.509853e-04 1.106906e-02 0.000000e+00 5.409718e-04 0.000000e+00 0.000000e+00 0.000000e+00
PROFILE_ITER 1 63 5.400181e-04 1.107097e-02 0.000000e+00 5.297661e-04 0.000000e+00 0.000000e+00 0.000000e+00
PROFILE_ITER 1 64 5.192757e-04 1.110172e-02 0.000000e+00 5.080700e-04 0.000000e+00 0.000000e+00 0.000000e+00
PROFILE_ITER 1 65 5.419254e-04 1.108718e-02 0.000000e+00 5.309582e-04 0.000000e+00 0.000000e+00 0.000000e+00
PROFILE_ITER 1 66 5.240440e-04 1.110673e-02 0.000000e+00 5.130768e-04 0.000000e+00 0.000000e+00 0.000000e+00
PROFILE_ITER 1 67 5.431175e-04 1.109695e-02 0.000000e+00 5.331039e-04 0.000000e+00 0.000000e+00 0.000000e+00
PROFILE_ITER 1 68 5.450249e-04 1.109290e-02 0.000000e+00 5.350113e-04 0.000000e+00 0.000000e+00 0.000000e+00
PROFILE_ITER 1 69 5.469322e-04 1.108813e-02 0.000000e+00 5.369186e-04 0.000000e+00 0.000000e+00 0.000000e+00
PROFILE_ITER 1 70 5.528927e-04 1.106715e-02 0.000000e+00 5.428791e-04 0.000000e+00 0.000000e+00 0.000000e+00
PROFILE_ITER 1 71 5.528927e-04 1.105523e-02 0.000000e+00 5.412102e-04 0.000000e+00 0.000000e+00 0.000000e+00
PROFILE_ITER 1 72 5.502701e-04 1.107669e-02 0.000000e+00 5.393028e-04 0.000000e+00 0.000000e+00 0.000000e+00
PROFILE_ITER 1 73 5.338192e-04 1.108503e-02 0.000000e+00 5.238056e-04 0.000000e+00 0.000000e+00 0.000000e+00
PROFILE_ITER 1 74 5.271435e-04 1.110888e-02 0. 0 35 8.907080e-03 2.717972e-03 0.000000e+00 4.133940e-03 0.000000e+00 0.000000e+00 0.000000e+00
PROFILE_ITER 0 36 8.919001e-03 2.729893e-03 0.000000e+00 4.133940e-03 0.000000e+00 0.000000e+00 0.000000e+00
PROFILE_ITER 0 37 8.891821e-03 2.731323e-03 0.000000e+00 4.133940e-03 0.000000e+00 9.536743e-07 0.000000e+00
PROFILE_ITER 0 38 8.963108e-03 2.732754e-03 0.000000e+00 4.122019e-03 9.536743e-07 0.000000e+00 0.000000e+00
PROFILE_ITER 0 39 8.905888e-03 2.723217e-03 0.000000e+00 4.126787e-03 0.000000e+00 0.000000e+00 0.000000e+00
PROFILE_ITER 0 40 8.841038e-03 2.725840e-03 0.000000e+00 4.128218e-03 0.000000e+00 0.000000e+00 0.000000e+00
PROFILE_ITER 0 41 8.858919e-03 2.727032e-03 9.536743e-07 4.126072e-03 0.000000e+00 9.536743e-07 0.000000e+00
PROFILE_ITER 0 42 8.918285e-03 2.724886e-03 0.000000e+00 4.128218e-03 0.000000e+00 0.000000e+00 0.000000e+00
PROFILE_ITER 0 43 8.980989e-03 2.723932e-03 0.000000e+00 4.131794e-03 0.000000e+00 0.000000e+00 0.000000e+00
PROFILE_ITER 0 44 8.854866e-03 2.730131e-03 0.000000e+00 4.127026e-03 0.000000e+00 0.000000e+00 0.000000e+00
PROFILE_ITER 0 45 8.867025e-03 2.727985e-03 0.000000e+00 4.126072e-03 0.000000e+00 9.536743e-07 0.000000e+00
PROFILE_ITER 0 46 8.856058e-03 2.733946e-03 0.000000e+00 4.134178e-03 0.000000e+00 0.000000e+00 0.000000e+00
PROFILE_ITER 0 47 8.869886e-03 2.731085e-03 0.000000e+00 4.127979e-03 0.000000e+00 0.000000e+00 0.000000e+00
PROFILE_ITER 0 48 8.875847e-03 2.721071e-03 0.000000e+00 4.127979e-03 0.000000e+00 0.000000e+00 0.000000e+00
PROFILE_ITER 0 49 8.909941e-03 2.723217e-03 0.000000e+00 4.135132e-03 0.000000e+00 0.000000e+00 0.000000e+00
PROFILE_ITER 0 50 8.882046e-03 2.730846e-03 0.000000e+00 4.130125e-03 0.000000e+00 0.000000e+00 0.000000e+00
PROFILE_ITER 0 51 8.888721e-03 2.731323e-03 0.000000e+00 4.128933e-03 0.000000e+00 0.000000e+00 0.000000e+00
PROFILE_ITER 0 52 8.882999e-03 2.715111e-03 0.000000e+00 4.126072e-03 0.000000e+00 0.000000e+00 0.000000e+00
PROFILE_ITER 0 53 8.883953e-03 2.729893e-03 0.000000e+00 4.121065e-03 0.000000e+00 0.000000e+00 0.000000e+00
PROFILE_ITER 0 54 8.871078e-03 2.733946e-03 0.000000e+00 4.121065e-03 0.000000e+00 0.000000e+00 0.000000e+00
PROFILE_ITER 0 55 8.907080e-03 2.734900e-03 0.000000e+00 4.129171e-03 0.000000e+00 0.000000e+00 0.000000e+00
PROFILE_ITER 0 56 8.877993e-03 2.732038e-03 0.000000e+00 4.125834e-03 0.000000e+00 0.000000e+00 0.000000e+00
PROFILE_ITER 0 57 8.898735e-03 2.730370e-03 0.000000e+00 4.129887e-03 0.000000e+00 0.000000e+00 0.000000e+00
PROFILE_ITER 0 58 8.915901e-03 2.721071e-03 0.000000e+00 4.117966e-03 0.000000e+00 0.000000e+00 0.000000e+00
PROFILE_ITER 0 59 8.882999e-03 2.733946e-03 0.000000e+00 4.123926e-03 0.000000e+00 0.000000e+00 0.000000e+00
PROFILE_ITER 0 60 8.882999e-03 2.734900e-03 0.000000e+00 4.120111e-03 0.000000e+00 0.000000e+00 0.000000e+00
PROFILE_ITER 0 61 8.896112e-03 2.717972e-03 0.000000e+00 4.124880e-03 0.000000e+00 0.000000e+00 0.000000e+00
PROFILE_ITER 0 62 8.898973e-03 2.721071e-03 0.000000e+00 4.127026e-03 0.000000e+00 0.000000e+00 0.000000e+00
PROFILE_ITER 0 63 8.893967e-03 2.717018e-03 0.000000e+00 4.125834e-03 0.000000e+00 0.000000e+00 1.192093e-06
PROFILE_ITER 0 64 8.893013e-03 2.727985e-03 0.000000e+00 4.127026e-03 0.000000e+00 0.000000e+00 0.000000e+00
PROFILE_ITER 0 65 8.897066e-03 2.730846e-03 0.000000e+00 4.124165e-03 0.000000e+00 0.000000e+00 0.000000e+00
PROFILE_ITER 0 66 8.898973e-03 2.732992e-03 0.000000e+00 4.129887e-03 0.000000e+00 0.000000e+00 0.000000e+00
PROFILE_ITER 0 67 8.912086e-03 2.727985e-03 0.000000e+00 4.118919e-03 0.000000e+00 0.000000e+00 0.000000e+00
PROFILE_ITER 0 68 8.901834e-03 2.734184e-03 0.000000e+00 4.128695e-03 0.000000e+00 0.000000e+00 0.000000e+00
PROFILE_ITER 0 69 8.900881e-03 2.735138e-03 0.000000e+00 4.132032e-03 0.000000e+00 0.000000e+00 0.000000e+00
PROFILE_ITER 0 70 8.888006e-03 2.731085e-03 0.000000e+00 4.129887e-03 0.000000e+00 0.000000e+00 0.000000e+00
PROFILE_ITER 0 71 8.879900e-03 2.727985e-03 0.000000e+00 4.131794e-03 0.000000e+00 0.000000e+00 0.000000e+00
PROFILE_ITER 0 72 8.893967e-03 2.734184e-03 0.000000e+00 4.126787e-03 0.000000000e+00 5.159378e-04 0.000000e+00 0.000000e+00 0.000000e+00
PROFILE_ITER 1 75 5.261898e-04 1.107287e-02 0.000000e+00 5.159378e-04 0.000000e+00 0.000000e+00 0.000000e+00
PROFILE_ITER 1 76 5.581379e-04 1.105881e-02 0.000000e+00 5.459785e-04 0.000000e+00 0.000000e+00 1.192093e-06
PROFILE_ITER 1 77 5.331039e-04 1.112986e-02 0.000000e+00 5.230904e-04 0.000000e+00 0.000000e+00 0.000000e+00
PROFILE_ITER 1 78 5.159378e-04 1.110625e-02 0.000000e+00 5.059242e-04 0.000000e+00 0.000000e+00 0.000000e+00
PROFILE_ITER 1 79 5.307198e-04 1.109409e-02 0.000000e+00 5.199909e-04 0.000000e+00 0.000000e+00 0.000000e+00
PROFILE_ITER 1 80 5.450249e-04 1.107717e-02 0.000000e+00 5.350113e-04 0.000000e+00 0.000000e+00 0.000000e+00
PROFILE_ITER 1 81 5.488396e-04 1.106000e-02 0.000000e+00 5.388260e-04 0.000000e+00 0.000000e+00 0.000000e+00
PROFILE_ITER 1 82 5.180836e-04 1.110601e-02 0.000000e+00 5.059242e-04 0.000000e+00 0.000000e+00 0.000000e+00
PROFILE_ITER 1 83 5.090237e-04 1.110482e-02 0.000000e+00 4.992485e-04 0.000000e+00 0.000000e+00 0.000000e+00
PROFILE_ITER 1 84 5.779266e-04 1.104522e-02 0.000000e+00 5.679131e-04 0.000000e+00 0.000000e+00 0.000000e+00
PROFILE_ITER 1 85 5.161762e-04 1.110077e-02 9.536743e-07 5.052090e-04 0.000000e+00 0.000000e+00 0.000000e+00
PROFILE_ITER 1 86 5.071163e-04 1.111984e-02 0.000000e+00 4.959106e-04 0.000000e+00 0.000000e+00 0.000000e+00
PROFILE_ITER 1 87 5.438328e-04 1.106215e-02 0.000000e+00 5.338192e-04 0.000000e+00 0.000000e+00 0.000000e+00
PROFILE_ITER 1 88 5.121231e-04 1.111698e-02 0.000000e+00 5.021095e-04 0.000000e+00 0.000000e+00 0.000000e+00
PROFILE_ITER 1 89 5.300045e-04 1.107597e-02 0.000000e+00 5.187988e-04 0.000000e+00 0.000000e+00 0.000000e+00
PROFILE_ITER 1 90 5.669594e-04 1.105595e-02 0.000000e+00 5.559921e-04 0.000000e+00 0.000000e+00 0.000000e+00
PROFILE_ITER 1 91 5.478859e-04 1.106119e-02 0.000000e+00 5.359650e-04 0.000000e+00 0.000000e+00 9.536743e-07
PROFILE_ITER 1 92 5.440712e-04 1.107597e-02 0.000000e+00 5.319118e-04 0.000000e+00 0.000000e+00 0.000000e+00
PROFILE_ITER 1 93 5.300045e-04 1.107788e-02 0.000000e+00 5.190372e-04 0.000000e+00 0.000000e+00 9.536743e-07
PROFILE_ITER 1 94 5.528927e-04 1.107621e-02 0.000000e+00 5.438328e-04 0.000000e+00 0.000000e+00 0.000000e+00
PROFILE_ITER 1 95 5.559921e-04 1.104593e-02 0.000000e+00 5.450249e-04 0.000000e+00 0.000000e+00 0.000000e+00
PROFILE_ITER 1 96 5.741119e-04 1.102185e-02 0.000000e+00 5.640984e-04 0.000000e+00 0.000000e+00 0.000000e+00
PROFILE_ITER 1 97 5.199909e-04 1.109600e-02 0.000000e+00 5.099773e-04 0.000000e+00 0.000000e+00 0.000000e+00
PROFILE_ITER 1 98 5.288124e-04 1.114416e-02 0.000000e+00 5.168915e-04 0.000000e+00 0.000000e+00 0.000000e+00
PROFILE_ITER 1 99 5.421638e-04 1.111484e-02 0.000000e+00 5.331039e-04 0.000000e+00 0.000000e+00 0.000000e+00
PROFILE_ITER 1 100 5.340576e-04 1.106191e-02 0.000000e+00 5.209446e-04 0.000000e+00 0.000000e+00 1.192093e-06
PROFILE_ITER 1 101 5.259514e-04 1.106000e-02 0.000000e+00 5.159378e-04 0.000000e+00 0.000000e+00 0.000000e+00
PROFILE_ITER 1 102 5.309582e-04 1.109099e-02 0.000000e+00 5.209446e-04 0.000000e+00 0.000000e+00 0.000000e+00
PROFILE_ITER 1 103 5.540848e-04 1.113796e-02 0.000000e+00 5.419254e-04 0.000000e+00 0.000000e+00 9.536743e-07
PROFILE_ITER 1 104 5.309582e-04 1.104403e-02 0.000000e+00 5.190372e-04 0.000000e+00 0.000000e+00 9.536743e-07
PROFILE_ITER 1 105 5.009174e-04 1.106119e-02 0.000000e+00 4.909039e-04 0.000000e+00 0.000000e+00 0.000000e+00
PROFILE_ITER 1 106 5.490780e-04 1.103377e-02 0.000000e+00 5.381107e-04 0.000000e+00 0.000000e+00 9.536743e-07
PROFILE_ITER 1 107 5.450249e-04 1.107407e-02 0.000000e+00 5.338192e-04 0.000000e+00 0.000000e+00 0.000000e+00
PROFILE_ITER 1 108 5.028248e-04 1.111507e-02 0.000000e+00 4.918575e-04 0.000000e+00 0.000000e+00 0.000000e+00
PROFILE_ITER 1 109 5.209446e-04 1.109409e-02 0.000000e+00 5.099773e-04 0.000000e+00 0.000000e+00 0.000000e+00
PROFILE_ITER 1 110 5.798340e-04 1.103330e-02 0.000000e+00 5.698204e-04 0.000000e+00 0.000000e+00 0.000000e+00
PROFILE_ITER 1 111 5.428791e-04 1.109195e-02 0.000000e+00 5.321503e-04 0.000000e+00 0.000000e+00 9000e+00 0.000000e+00 0.000000e+00
PROFILE_ITER 0 73 8.881330e-03 2.737522e-03 0.000000e+00 4.119873e-03 1.192093e-06 0.000000e+00 0.000000e+00
PROFILE_ITER 0 74 8.898258e-03 2.737761e-03 0.000000e+00 4.129171e-03 0.000000e+00 0.000000e+00 0.000000e+00
PROFILE_ITER 0 75 8.879185e-03 2.720833e-03 0.000000e+00 4.121065e-03 0.000000e+00 0.000000e+00 0.000000e+00
PROFILE_ITER 0 76 8.890867e-03 2.725124e-03 0.000000e+00 4.122972e-03 9.536743e-07 0.000000e+00 0.000000e+00
PROFILE_ITER 0 77 8.931160e-03 2.731800e-03 0.000000e+00 4.128218e-03 0.000000e+00 0.000000e+00 0.000000e+00
PROFILE_ITER 0 78 8.897066e-03 2.725124e-03 0.000000e+00 4.126072e-03 0.000000e+00 0.000000e+00 0.000000e+00
PROFILE_ITER 0 79 8.893967e-03 2.730846e-03 1.192093e-06 4.127979e-03 0.000000e+00 0.000000e+00 0.000000e+00
PROFILE_ITER 0 80 8.893013e-03 2.729177e-03 0.000000e+00 4.127026e-03 0.000000e+00 0.000000e+00 0.000000e+00
PROFILE_ITER 0 81 8.879185e-03 2.729654e-03 0.000000e+00 4.125118e-03 0.000000e+00 0.000000e+00 0.000000e+00
PROFILE_ITER 0 82 8.889914e-03 2.734184e-03 0.000000e+00 4.129887e-03 0.000000e+00 0.000000e+00 0.000000e+00
PROFILE_ITER 0 83 8.882046e-03 2.732992e-03 0.000000e+00 4.132986e-03 0.000000e+00 0.000000e+00 0.000000e+00
PROFILE_ITER 0 84 8.888960e-03 2.732992e-03 9.536743e-07 4.128218e-03 0.000000e+00 0.000000e+00 0.000000e+00
PROFILE_ITER 0 85 8.879185e-03 2.736807e-03 9.536743e-07 4.127264e-03 9.536743e-07 0.000000e+00 0.000000e+00
PROFILE_ITER 0 86 8.895874e-03 2.732038e-03 0.000000e+00 4.126787e-03 0.000000e+00 0.000000e+00 0.000000e+00
PROFILE_ITER 0 87 8.876085e-03 2.729893e-03 0.000000e+00 4.123926e-03 0.000000e+00 0.000000e+00 0.000000e+00
PROFILE_ITER 0 88 8.897781e-03 2.730370e-03 0.000000e+00 4.131794e-03 0.000000e+00 0.000000e+00 0.000000e+00
PROFILE_ITER 0 89 8.882999e-03 2.723932e-03 0.000000e+00 4.120111e-03 0.000000e+00 0.000000e+00 0.000000e+00
PROFILE_ITER 0 90 8.893013e-03 2.729893e-03 0.000000e+00 4.130125e-03 0.000000e+00 0.000000e+00 0.000000e+00
PROFILE_ITER 0 91 8.886337e-03 2.722740e-03 0.000000e+00 4.128933e-03 0.000000e+00 0.000000e+00 0.000000e+00
PROFILE_ITER 0 92 8.887053e-03 2.732992e-03 0.000000e+00 4.130125e-03 0.000000e+00 0.000000e+00 0.000000e+00
PROFILE_ITER 0 93 8.881092e-03 2.726793e-03 1.192093e-06 4.124641e-03 1.192093e-06 0.000000e+00 0.000000e+00
PROFILE_ITER 0 94 8.894920e-03 2.734184e-03 9.536743e-07 4.124880e-03 0.000000e+00 0.000000e+00 0.000000e+00
PROFILE_ITER 0 95 8.874893e-03 2.727032e-03 0.000000e+00 4.127026e-03 0.000000e+00 0.000000e+00 0.000000e+00
PROFILE_ITER 0 96 8.872986e-03 2.722979e-03 0.000000e+00 4.129887e-03 0.000000e+00 0.000000e+00 0.000000e+00
PROFILE_ITER 0 97 8.893013e-03 2.722979e-03 0.000000e+00 4.128933e-03 0.000000e+00 0.000000e+00 0.000000e+00
PROFILE_ITER 0 98 8.951902e-03 2.722263e-03 0.000000e+00 4.133940e-03 0.000000e+00 0.000000e+00 0.000000e+00
PROFILE_ITER 0 99 8.925915e-03 2.732038e-03 0.000000e+00 4.129887e-03 0.000000e+00 0.000000e+00 9.536743e-07
PROFILE_ITER 0 100 8.859158e-03 2.735853e-03 0.000000e+00 4.135132e-03 0.000000e+00 0.000000e+00 0.000000e+00
PROFILE_ITER 0 101 8.852959e-03 2.732992e-03 0.000000e+00 4.128933e-03 0.000000e+00 0.000000e+00 0.000000e+00
PROFILE_ITER 0 102 8.901119e-03 2.720833e-03 0.000000e+00 4.126072e-03 0.000000e+00 0.000000e+00 0.000000e+00
PROFILE_ITER 0 103 8.969069e-03 2.722979e-03 0.000000e+00 4.132032e-03 0.000000e+00 0.000000e+00 0.000000e+00
PROFILE_ITER 0 104 8.855104e-03 2.719879e-03 0.000000e+00 4.133940e-03 0.000000e+00 0.000000e+00 0.000000e+00
PROFILE_ITER 0 105 8.842945e-03 2.719164e-03 0.000000e+00 4.121065e-03 0.000000e+00 0.000000e+00 0.000000e+00
PROFILE_ITER 0 106 8.846045e-03 2.736807e-03 0.000000e+00 4.127264e-03 0.000000e+00 0.000000e+00 0.000000e+00
PROFILE_ITER 0 107 8.890152e-03 2.728939e-03 0.000000e+00 4.128933e-03 0.000000e+00 0.000000e+00 0.000000e+00
PROFILE_ITER 0 108 8.893967e-03 2.723932e-03 0.000000e+00 4.129887e-03 0.000000e+00 0.000000e+00 0.000000e+00
PROFILE_ITER 0 109 8.884192e-03 2.730846e-03 0.000000e+00 4.128933e-03 0.000000e+00 0.000000e+00 0.000000e+00
PROFILE_ITER 0 110 8.892059e-03 2.721071e-03 0.000000e+00 4.127979e-03 0.000000e+00 0.000000e+00 0.000000e+00
PROFILE_ITER 0 111 8.904934e-03 2.729893e-03 0.000000e+00 4.136801e-03 0.000000e+00 0.000000e+00 0.000000e+00
PROFILE_ITER 0 112 8.902073e-03 2.725124e-03 0.000000e+00 4.127979e-03 0.000000e+00 0.000000e+00 0.000000e+00
PROFILE_ITER 0 113 8.882999e-03 2.723932e-03 0.000000e+00 4.126072e-03 0.000000e+00 0.000000e+00 0.000000e+00
PROFILE_ITER 0 114 8.888006e-03 2.732038e-03 0.000000e+00 4.127264e-03 0.000000e+00 0.000000e+00 0.000000e+00
PROFILE_ITER 0 115 8.890867e-03 2.721071e-03 0.000000e+00 4.127264e-03 0.000000e+00 0.000000e+00 0.000000e+00
.536743e-07
PROFILE_ITER 1 112 5.598068e-04 1.106739e-02 0.000000e+00 5.488396e-04 0.000000e+00 0.000000e+00 0.000000e+00
PROFILE_ITER 1 113 5.459785e-04 1.106095e-02 0.000000e+00 5.362034e-04 0.000000e+00 0.000000e+00 0.000000e+00
PROFILE_ITER 1 114 5.531311e-04 1.106691e-02 0.000000e+00 5.438328e-04 0.000000e+00 0.000000e+00 0.000000e+00
PROFILE_ITER 1 115 5.261898e-04 1.108575e-02 0.000000e+00 5.140305e-04 0.000000e+00 0.000000e+00 0.000000e+00
PROFILE_ITER 1 116 5.669594e-04 1.104498e-02 0.000000e+00 5.550385e-04 0.000000e+00 0.000000e+00 0.000000e+00
PROFILE_ITER 1 117 5.447865e-04 1.108217e-02 0.000000e+00 5.340576e-04 0.000000e+00 0.000000e+00 0.000000e+00
PROFILE_ITER 1 118 5.600452e-04 1.108313e-02 0.000000e+00 5.493164e-04 0.000000e+00 0.000000e+00 0.000000e+00
PROFILE_ITER 1 119 5.259514e-04 1.109695e-02 0.000000e+00 5.159378e-04 0.000000e+00 0.000000e+00 0.000000e+00
PROFILE_ITER 1 120 5.481243e-04 1.108098e-02 0.000000e+00 5.390644e-04 0.000000e+00 0.000000e+00 0.000000e+00
PROFILE_ITER 1 121 5.569458e-04 1.105404e-02 0.000000e+00 5.469322e-04 0.000000e+00 0.000000e+00 0.000000e+00
PROFILE_ITER 1 122 5.240440e-04 1.110792e-02 0.000000e+00 5.142689e-04 0.000000e+00 0.000000e+00 0.000000e+00
PROFILE_ITER 1 123 5.650520e-04 1.104879e-02 0.000000e+00 5.540848e-04 0.000000e+00 0.000000e+00 0.000000e+00
PROFILE_ITER 1 124 5.266666e-04 1.109934e-02 0.000000e+00 5.159378e-04 0.000000e+00 0.000000e+00 0.000000e+00
PROFILE_ITER 1 125 5.621910e-04 1.104498e-02 0.000000e+00 5.512238e-04 0.000000e+00 0.000000e+00 0.000000e+00
PROFILE_ITER 0 116 8.884907e-03 2.727032e-03 0.000000e+00 4.127026e-03 0.000000e+00 0.000000e+00 0.000000e+00
PROFILE_ITER 0 117 8.889914e-03 2.737045e-03 0.000000e+00 4.125834e-03 9.536743e-07 0.000000e+00 0.000000e+00
PROFILE_ITER 0 118 8.905888e-03 2.737284e-03 0.000000e+00 4.129887e-03 0.000000e+00 0.000000e+00 0.000000e+00
PROFILE_ITER 0 119 8.893013e-03 2.729893e-03 0.000000e+00 4.126072e-03 0.000000e+00 0.000000e+00 0.000000e+00
PROFILE_ITER 1 126 5.190372e-04 1.112294e-02 0.000000e+00 5.080700e-04 0.000000e+00 0.000000e+00 0.000000e+00
PROFILE_ITER 1 127 5.209446e-04 1.109600e-02 0.000000e+00 5.099773e-04 0.000000e+00 0.000000e+00 0.000000e+00
PROFILE_ITER 1 128 5.331039e-04 1.108694e-02 0.000000e+00 5.233288e-04 0.000000e+00 0.000000e+00 0.000000e+00
PROFILE_ITER 1 129 5.388260e-04 1.108313e-02 0.000000e+00 5.261898e-04 0.000000e+00 0.000000e+00 9.536743e-07
PROFILE_ITER 0 120 8.896112e-03 2.732992e-03 0.000000e+00 4.120111e-03 0.000000e+00 0.000000e+00 0.000000e+00
PROFILE_ITER 0 121 8.882999e-03 2.727985e-03 9.536743e-07 4.127026e-03 0.000000e+00 0.000000e+00 0.000000e+00
PROFILE_ITER 0 122 8.893251e-03 2.737761e-03 0.000000e+00 4.127979e-03 0.000000e+00 0.000000e+00 0.000000e+00
PROFILE_ITER 0 123 8.880138e-03 2.735853e-03 0.000000e+00 4.128933e-03 0.000000e+00 9.536743e-07 0.000000e+00
PROFILE_ITER 0 124 8.897066e-03 2.727747e-03 0.000000e+00 4.136086e-03 0.000000e+00 0.000000e+00 0.000000e+00
PROFILE_ITER 0 125 8.882046e-03 2.725124e-03 0.000000e+00 4.127026e-03 0.000000e+00 0.000000e+00 0.000000e+00
PROFILE_ITER 1 130 5.350113e-04 1.107907e-02 0.000000e+00 5.238056e-04 0.000000e+00 0.000000e+00 0.000000e+00
PROFILE_ITER 1 131 5.657673e-04 1.105022e-02 0.000000e+00 5.548000e-04 0.000000e+00 0.000000e+00 0.000000e+00
PROFILE_ITER 1 132 5.590916e-04 1.108789e-02 0.000000e+00 5.481243e-04 0.000000e+00 0.000000e+00 0.000000e+00
PROFILE_ITER 1 133 5.390644e-04 1.106977e-02 0.000000e+00 5.278587e-04 0.000000e+00 0.000000e+00 0.000000e+00
PROFILE_ITER 1 134 5.028248e-04 1.111317e-02 0.000000e+00 4.930496e-04 0.000000e+00 0.000000e+00 9.536743e-07
PROFILE_ITER 1 135 5.590916e-04 1.106191e-02 0.000000e+00 5.500317e-04 0.000000e+00 0.000000e+00 0.000000e+00
PROFILE_ITER 0 126 8.914948e-03 2.727032e-03 9.536743e-07 4.127026e-03 0.000000e+00 0.000000e+00 0.000000e+00
PROFILE_ITER 0 127 8.887053e-03 2.729893e-03 0.000000e+00 4.130125e-03 0.000000e+00 0.000000e+00 0.000000e+00
PROFILE_ITER 0 128 8.892298e-03 2.727747e-03 0.000000e+00 4.127979e-03 0.000000e+00 0.000000e+00 0.000000e+00
PROFILE_ITER 0 129 8.890152e-03 2.731800e-03 0.000000e+00 4.128933e-03 0.000000e+00 0.000000e+00 0.000000e+00
PROFILE_ITER 1 136 5.388260e-04 1.106834e-02 0.000000e+00 5.278587e-04 0.000000e+00 0.000000e+00 0.000000e+00
PROFILE_ITER 1 137 5.578995e-04 1.106405e-02 0.000000e+00 5.459785e-04 0.000000e+00 0.000000e+00 9.536743e-07
PROFILE_ITER 1 138 5.500317e-04 1.107502e-02 0.000000e+00 5.371571e-04 0.000000e+00 0.000000e+00 0.000000e+00
PROFILE_ITER 1 139 5.080700e-04 1.110888e-02 0.000000e+00 4.982948e-04 0.000000e+00 0.000000e+00 0.000000e+00
PROFILE_ITER 1 140 5.309582e-04 1.107907e-02 0.000000e+00 5.199909e-04 0.000000e+00 0.000000e+00 0.000000e+00
PROFILE_ITER 1 141 5.378723e-04 1.106906e-02 0.000000e+00 5.290508e-04 0.000000e+00 0.000000e+00 0.000000e+00
PROFILE_ITER 0 130 8.891821e-03 2.722263e-03 0.000000e+00 4.124880e-03 0.000000e+00 1.192093e-06 0.000000e+00
PROFILE_ITER 0 131 8.884907e-03 2.731085e-03 0.000000e+00 4.129887e-03 0.000000e+00 0.000000e+00 0.000000e+00
PROFILE_ITER 0 132 8.918047e-03 2.728939e-03 9.536743e-07 4.132986e-03 0.000000e+00 0.000000e+00 0.000000e+00
PROFILE_ITER 0 133 8.884907e-03 2.723932e-03 0.000000e+00 4.125834e-03 0.000000e+00 0.000000e+00 0.000000e+00
PROFILE_ITER 0 134 8.891106e-03 2.724886e-03 0.000000e+00 4.122972e-03 0.000000e+00 0.000000e+00 0.000000e+00
PROFILE_ITER 0 135 8.892059e-03 2.728939e-03 0.000000e+00 4.132271e-03 0.000000e+00 0.000000e+00 0.000000e+00
PROFILE_ITER 0 136 8.888960e-03 2.718210e-03 0.000000e+00 4.127979e-03 9.536743e-07 0.000000e+00 0.000000e+00
PROFILE_ITER 0 137 8.892059e-03 2.729893e-03 0.000000e+00 4.127026e-03 0.000000e+00 0.000000e+00 0.000000e+00
PROFILE_ITER 0 138 8.899927e-03 2.724171e-03 0.000000e+00 4.127026e-03 0.000000e+00 0.000000e+00 0.000000e+00
PROFILE_ITER 1 142 5.280972e-04 1.109099e-02 0.000000e+00 5.149841e-04 0.000000e+00 0.000000e+00 0.000000e+00
PROFILE_ITER 1 143 5.280972e-04 1.108885e-02 0.000000e+00 5.180836e-04 0.000000e+00 0.000000e+00 0.000000e+00
PROFILE_ITER 1 144 5.090237e-04 1.110005e-02 0.000000e+00 4.973412e-04 0.000000e+00 0.000000e+00 0.000000e+00
PROFILE_ITER 1 145 5.230904e-04 1.108885e-02 0.000000e+00 5.121231e-04 0.000000e+00 0.000000e+00 0.000000e+00
PROFILE_ITER 1 146 5.538464e-04 1.104617e-02 0.000000e+00 5.419254e-04 9.536743e-07 0.000000e+00 0.000000e+00
PROFILE_ITER 0 139 8.896351e-03 2.720594e-03 0.000000e+00 4.122019e-03 0.000000e+00 0.000000e+00 0.000000e+00
PROFILE_ITER 0 140 8.879900e-03 2.730131e-03 0.000000e+00 4.122019e-03 0.000000e+00 0.000000e+00 0.000000e+00
PROFILE_ITER 1 147 5.390644e-04 1.107001e-02 0.000000e+00 5.290508e-04 0.000000e+00 0.000000e+00 0.000000e+00
PROFILE_ITER 1 148 5.681515e-04 1.103663e-02 0.000000e+00 5.590916e-04 0.000000e+00 0.000000e+00 0.000000e+00
PROFILE_ITER 1 149 5.378723e-04 1.113319e-02 0.000000e+00 5.278587e-04 0.000000e+00 0.000000e+00 0.000000e+00
PROFILE_ITER 0 141 8.877754e-03 2.729177e-03 0.000000e+00 4.121780e-03 0.000000e+00 0.000000e+00 0.000000e+00
PROFILE_ITER 0 142 8.889198e-03 2.729893e-03 0.000000e+00 4.124165e-03 0.000000e+00 0.000000e+00 0.000000e+00
PROFILE_ITER 0 143 8.898973e-03 2.717972e-03 0.000000e+00 4.124165e-03 0.000000e+00 0.000000e+00 0.000000e+00
PROFILE_ITER 0 144 8.877039e-03 2.732038e-03 0.000000e+00 4.122019e-03 0.000000e+00 0.000000e+00 0.000000e+00
PROFILE_ITER 0 145 8.878946e-03 2.732992e-03 0.000000e+00 4.121065e-03 0.000000e+00 0.000000e+00 0.000000e+00
PROFILE_ITER 1 150 5.557537e-04 1.104522e-02 0.000000e+00 5.450249e-04 0.000000e+00 0.000000e+00 9.536743e-07
PROFILE_ITER 1 151 5.447865e-04 1.105833e-02 0.000000e+00 5.340576e-04 0.000000e+00 0.000000e+00 0.000000e+00
PROFILE_ITER 1 152 5.540848e-04 1.103783e-02 0.000000e+00 5.438328e-04 0.000000e+00 0.000000e+00 0.000000e+00
PROFILE_ITER 1 153 5.459785e-04 1.107597e-02 0.000000e+00 5.359650e-04 0.000000e+00 0.000000e+00 0.000000e+00
PROFILE_ITER 1 154 5.669594e-04 1.106024e-02 0.000000e+00 5.571842e-04 0.000000e+00 0.000000e+00 0.000000e+00
PROFILE_ITER 1 155 5.521774e-04 1.106572e-02 0.000000e+00 5.409718e-04 0.000000e+00 0.000000e+00 1.192093e-06
PROFILE_ITER 0 146 8.876801e-03 2.723217e-03 0.000000e+00 4.119873e-03 0.000000e+00 0.000000e+00 0.000000e+00
PROFILE_ITER 0 147 8.891106e-03 2.718925e-03 0.000000e+00 4.124165e-03 0.000000e+00 0.000000e+00 0.000000e+00
PROFILE_ITER 1 156 5.419254e-04 1.107097e-02 0.000000e+00 5.331039e-04 0.000000e+00 0.000000e+00 0.000000e+00
PROFILE_ITER 1 157 5.218983e-04 1.113319e-02 0.000000e+00 5.109310e-04 9.536743e-07 0.000000e+00 0.000000e+00
PROFILE_ITER 0 148 8.884907e-03 2.718925e-03 0.000000e+00 4.122019e-03 0.000000e+00 0.000000e+00 0.000000e+00
PROFILE_ITER 0 149 8.945942e-03 2.725124e-03 0.000000e+00 4.123926e-03 1.192093e-06 0.000000e+00 0.000000e+00
PROFILE_ITER 0 150 8.875847e-03 2.725124e-03 9.536743e-07 4.127979e-03 0.000000e+00 0.000000e+00 0.000000e+00
PROFILE_ITER 0 151 8.877993e-03 2.725124e-03 0.000000e+00 4.125118e-03 0.000000e+00 0.000000e+00 0.000000e+00
PROFILE_ITER 1 158 5.710125e-04 1.110101e-02 0.000000e+00 5.598068e-04 0.000000e+00 0.000000e+00 0.000000e+00
PROFILE_ITER 1 159 5.080700e-04 1.107287e-02 0.000000e+00 4.982948e-04 0.000000e+00 0.000000e+00 0.000000e+00
PROFILE_ITER 1 160 5.269051e-04 1.107717e-02 0.000000e+00 5.180836e-04 0.000000e+00 0.000000e+00 0.000000e+00
PROFILE_ITER 1 161 5.359650e-04 1.104403e-02 0.000000e+00 5.259514e-04 0.000000e+00 0.000000e+00 0.000000e+00
PROFILE_ITER 0 152 8.867025e-03 2.724886e-03 9.536743e-07 4.120827e-03 0.000000e+00 0.000000e+00 0.000000e+00
PROFILE_ITER 0 153 8.893013e-03 2.728939e-03 0.000000e+00 4.131079e-03 9.536743e-07 0.000000e+00 0.000000e+00
PROFILE_ITER 0 154 8.896112e-03 2.731085e-03 0.000000e+00 4.127026e-03 0.000000e+00 0.000000e+00 0.000000e+00
PROFILE_ITER 0 155 8.892298e-03 2.726555e-03 0.000000e+00 4.127026e-03 0.000000e+00 0.000000e+00 0.000000e+00
PROFILE_ITER 1 162 5.729198e-04 1.110601e-02 0.000000e+00 5.617142e-04 0.000000e+00 0.000000e+00 0.000000e+00
PROFILE_ITER 1 163 5.602837e-04 1.105785e-02 0.000000e+00 5.488396e-04 0.000000e+00 0.000000e+00 0.000000e+00
PROFILE_ITER 1 164 5.509853e-04 1.102185e-02 0.000000e+00 5.390644e-04 0.000000e+00 0.000000e+00 0.000000e+00
PROFILE_ITER 1 165 5.681515e-04 1.100588e-02 0.000000e+00 5.571842e-04 0.000000e+00 0.000000e+00 0.000000e+00
PROFILE_ITER 0 156 8.890152e-03 2.721786e-03 0.000000e+00 4.125118e-03 0.000000e+00 0.000000e+00 0.000000e+00
PROFILE_ITER 0 157 8.922100e-03 2.732992e-03 9.536743e-07 4.127264e-03 0.000000e+00 0.000000e+00 0.000000e+00
PROFILE_ITER 0 158 8.946896e-03 2.724171e-03 0.000000e+00 4.129171e-03 0.000000e+00 0.000000e+00 0.000000e+00
PROFILE_ITER 0 159 8.851051e-03 2.729893e-03 0.000000e+00 4.126310e-03 0.000000e+00 0.000000e+00 0.000000e+00
PROFILE_ITER 0 160 8.868933e-03 2.735138e-03 0.000000e+00 4.131079e-03 0.000000e+00 0.000000e+00 0.000000e+00
PROFILE_ITER 0 161 8.855104e-03 2.724886e-03 0.000000e+00 4.130125e-03 0.000000e+00 0.000000e+00 9.536743e-07
PROFILE_ITER 0 162 8.956671e-03 2.723217e-03 9.536743e-07 4.122972e-03 9.536743e-07 9.536743e-07 0.000000e+00
PROFILE_ITER 0 163 8.888960e-03 2.730131e-03 0.000000e+00 4.122972e-03 0.000000e+00 0.000000e+00 0.000000e+00
PROFILE_ITER 0 164 8.852959e-03 2.718925e-03 0.000000e+00 4.121780e-03 0.000000e+00 9.536743e-07 0.000000e+00
PROFILE_ITER 0 165 8.849859e-03 2.724171e-03 0.000000e+00 4.129171e-03 9.536743e-07 0.000000e+00 0.000000e+00
PROFILE_ITER 0 166 8.893013e-03 2.737045e-03 0.000000e+00 4.126072e-03 9.536743e-07 0.000000e+00 0.000000e+00
PROFILE_ITER 0 167 8.877039e-03 2.733946e-03 0.000000e+00 4.124880e-03 9.536743e-07 0.000000e+00 0.000000e+00
PROFILE_ITER 0 168 8.892059e-03 2.734900e-03 0.000000e+00 4.130840e-03 1.192093e-06 0.000000e+00 0.000000e+00
PROFILE_ITER 0 169 8.893013e-03 2.726078e-03 0.000000e+00 4.132032e-03 0.000000e+00 0.000000e+00 0.000000e+00
PROFILE_ITER 0 170 8.910179e-03 2.724886e-03 0.000000e+00 4.126072e-03 0.000000e+00 0.000000e+00 0.000000e+00
PROFILE_ITER 0 171 8.897066e-03 2.721786e-03 9.536743e-07 4.128218e-03 0.000000e+00 0.000000e+00 0.000000e+00
PROFILE_ITER 0 172 8.896828e-03 2.721310e-03 0.000000e+00 4.124880e-03 0.000000e+00 9.536743e-07 0.000000e+00
PROFILE_ITER 0 173 8.880138e-03 2.717733e-03 0.000000e+00 4.127979e-03 0.000000e+00 0.000000e+00 0.000000e+00
PROFILE_ITER 1 166 5.371571e-04 1.109290e-02 0.000000e+00 5.259514e-04 0.000000e+00 0.000000e+00 0.000000e+00
PROFILE_ITER 1 167 5.669594e-04 1.104403e-02 0.000000e+00 5.557537e-04 0.000000e+00 0.000000e+00 0.000000e+00
PROFILE_ITER 1 168 5.028248e-04 1.112413e-02 0.000000e+00 4.918575e-04 0.000000e+00 0.000000e+00 0.000000e+00
PROFILE_ITER 1 169 5.738735e-04 1.104522e-02 0.000000e+00 5.640984e-04 0.000000e+00 0.000000e+00 0.000000e+00
PROFILE_ITER 1 170 5.331039e-04 1.110196e-02 0.000000e+00 5.216599e-04 0.000000e+00 0.000000e+00 1.192093e-06
PROFILE_ITER 1 171 5.347729e-04 1.108313e-02 0.000000e+00 5.238056e-04 0.000000e+00 0.000000e+00 0.000000e+00
PROFILE_ITER 1 172 5.319118e-04 1.108718e-02 0.000000e+00 5.221367e-04 0.000000e+00 0.000000e+00 0.000000e+00
PROFILE_ITER 1 173 5.290508e-04 1.106882e-02 0.000000e+00 5.178452e-04 0.000000e+00 0.000000e+00 0.000000e+00
PROFILE_ITER 1 174 5.590916e-04 1.111603e-02 0.000000e+00 5.469322e-04 0.000000e+00 0.000000e+00 0.000000e+00
PROFILE_ITER 1 175 5.061626e-04 1.109076e-02 0.000000e+00 4.951954e-04 0.000000e+00 0.000000e+00 9.536743e-07
PROFILE_ITER 1 176 5.002022e-04 1.111293e-02 0.000000e+00 4.909039e-04 0.000000e+00 0.000000e+00 0.000000e+00
PROFILE_ITER 1 177 5.459785e-04 1.107001e-02 0.000000e+00 5.350113e-04 0.000000e+00 0.000000e+00 0.000000e+00
PROFILE_ITER 1 178 5.252361e-04 1.109266e-02 0.000000e+00 5.161762e-04 0.000000e+00 0.000000e+00 0.000000e+00
PROFILE_ITER 1 179 5.359650e-04 1.107693e-02 0.000000e+00 5.249977e-04 0.000000e+00 0.000000e+00 0.000000e+00
PROFILE_ITER 1 180 5.328655e-04 1.108813e-02 0.000000e+00 5.218983e-04 0.000000e+00 0.000000e+00 0.000000e+00
PROFILE_ITER 1 181 5.490780e-04 1.106405e-02 0.000000e+00 5.388260e-04 0.000000e+00 0.000000e+00 0.000000e+00
PROFILE_ITER 1 182 5.121231e-04 1.111484e-02 0.000000e+00 5.011559e-04 0.000000e+00 0.000000e+00 0.000000e+00
PROFILE_ITER 1 183 5.311966e-04 1.110172e-02 0.000000e+00 5.187988e-04 0.000000e+00 0.000000e+00 1.192093e-06
PROFILE_ITER 0 174 8.943081e-03 2.732038e-03 9.536743e-07 4.126072e-03 0.000000e+00 0.000000e+00 0.000000e+00
PROFILE_ITER 0 175 8.872986e-03 2.723932e-03 0.000000e+00 4.122019e-03 0.000000e+00 0.000000e+00 0.000000e+00
PROFILE_ITER 0 176 8.883953e-03 2.727985e-03 0.000000e+00 4.120827e-03 0.000000e+00 0.000000e+00 0.000000e+00
PROFILE_ITER 0 177 8.891106e-03 2.726078e-03 0.000000e+00 4.129171e-03 0.000000e+00 0.000000e+00 0.000000e+00
PROFILE_ITER 0 178 8.895159e-03 2.722740e-03 0.000000e+00 4.124165e-03 0.000000e+00 0.000000e+00 0.000000e+00
PROFILE_ITER 1 184 5.121231e-04 1.111293e-02 0.000000e+00 5.009174e-04 0.000000e+00 0.000000e+00 0.000000e+00
PROFILE_ITER 1 185 5.257130e-04 1.110625e-02 0.000000e+00 5.149841e-04 0.000000e+00 0.000000e+00 0.000000e+00
PROFILE_ITER 1 186 5.321503e-04 1.108885e-02 0.000000e+00 5.202293e-04 0.000000e+00 0.000000e+00 0.000000e+00
PROFILE_ITER 1 187 5.288124e-04 1.109338e-02 0.000000e+00 5.168915e-04 0.000000e+00 0.000000e+00 9.536743e-07
PROFILE_ITER 1 188 5.578995e-04 1.106095e-02 0.000000e+00 5.481243e-04 0.000000e+00 0.000000e+00 0.000000e+00
PROFILE_ITER 0 179 8.883953e-03 2.730131e-03 0.000000e+00 4.129887e-03 0.000000e+00 0.000000e+00 0.000000e+00
PROFILE_ITER 0 180 8.886814e-03 2.732992e-03 0.000000e+00 4.127979e-03 0.000000e+00 0.000000e+00 0.000000e+00
PROFILE_ITER 0 181 8.879900e-03 2.733231e-03 1.192093e-06 4.124880e-03 0.000000e+00 0.000000e+00 0.000000e+00
PROFILE_ITER 0 182 8.892775e-03 2.734184e-03 0.000000e+00 4.125118e-03 0.000000e+00 0.000000e+00 0.000000e+00
PROFILE_ITER 1 189 5.578995e-04 1.106024e-02 0.000000e+00 5.469322e-04 0.000000e+00 0.000000e+00 0.000000e+00
PROFILE_ITER 1 190 5.452633e-04 1.105762e-02 9.536743e-07 5.340576e-04 0.000000e+00 0.000000e+00 0.000000e+00
PROFILE_ITER 0 183 8.905172e-03 2.726793e-03 0.000000e+00 4.127026e-03 0.000000e+00 0.000000e+00 0.000000e+00
PROFILE_ITER 0 184 8.889914e-03 2.735138e-03 0.000000e+00 4.123926e-03 0.000000e+00 0.000000e+00 0.000000e+00
PROFILE_ITER 1 191 5.159378e-04 1.113319e-02 0.000000e+00 5.049706e-04 0.000000e+00 0.000000e+00 0.000000e+00
PROFILE_ITER 1 192 5.338192e-04 1.108313e-02 0.000000e+00 5.240440e-04 0.000000e+00 0.000000e+00 0.000000e+00
PROFILE_ITER 0 185 8.899927e-03 2.732038e-03 0.000000e+00 4.132986e-03 0.000000e+00 0.000000e+00 0.000000e+00
PROFILE_ITER 0 186 8.896112e-03 2.724886e-03 0.000000e+00 4.124165e-03 0.000000e+00 0.000000e+00 0.000000e+00
PROFILE_ITER 0 187 8.893967e-03 2.729177e-03 0.000000e+00 4.123926e-03 0.000000e+00 0.000000e+00 0.000000e+00
PROFILE_ITER 0 188 8.886099e-03 2.730846e-03 0.000000e+00 4.132032e-03 0.000000e+00 0.000000e+00 0.000000e+00
PROFILE_ITER 0 189 8.895159e-03 2.723932e-03 0.000000e+00 4.124165e-03 0.000000e+00 0.000000e+00 0.000000e+00
PROFILE_ITER 0 190 8.879900e-03 2.722979e-03 0.000000e+00 4.126787e-03 0.000000e+00 0.000000e+00 0.000000e+00
PROFILE_ITER 1 193 5.168915e-04 1.110005e-02 0.000000e+00 5.068779e-04 0.000000e+00 0.000000e+00 0.000000e+00
PROFILE_ITER 1 194 5.531311e-04 1.105881e-02 0.000000e+00 5.419254e-04 0.000000e+00 0.000000e+00 0.000000e+00
PROFILE_ITER 1 195 5.371571e-04 1.106381e-02 0.000000e+00 5.271435e-04 0.000000e+00 0.000000e+00 0.000000e+00
PROFILE_ITER 1 196 5.068779e-04 1.109529e-02 0.000000e+00 4.968643e-04 0.000000e+00 0.000000e+00 0.000000e+00
PROFILE_ITER 1 197 5.521774e-04 1.106668e-02 0.000000e+00 5.419254e-04 0.000000e+00 0.000000e+00 0.000000e+00
PROFILE_ITER 1 198 5.550385e-04 1.105499e-02 1.192093e-06 5.419254e-04 0.000000e+00 0.000000e+00 1.192093e-06
PROFILE_ITER 0 191 8.921862e-03 2.727270e-03 0.000000e+00 4.122972e-03 0.000000e+00 0.000000e+00 0.000000e+00
PROFILE_ITER 0 192 8.883953e-03 2.732992e-03 0.000000e+00 4.132032e-03 0.000000e+00 0.000000e+00 0.000000e+00
PROFILE_ITER 1 199 5.662441e-04 1.104784e-02 0.000000e+00 5.562305e-04 0.000000e+00 0.000000e+00 0.000000e+00
PROFILE_ACCUM 1 spmv=1.079328e-01 vecops=2.478878e+00 send_fill=4.053116e-06 local_spmv=1.058018e-01 comm_wait=4.053116e-06 shared_spmv=0.000000e+00 send_wait=2.169609e-05
PROFILE_ITER 0 193 8.892775e-03 2.724171e-03 0.000000e+00 4.135847e-03 0.000000e+00 0.000000e+00 0.000000e+00
PROFILE_ITER 0 194 8.886099e-03 2.725840e-03 0.000000e+00 4.125118e-03 0.000000e+00 0.000000e+00 0.000000e+00
PROFILE_ITER 0 195 8.882284e-03 2.719879e-03 0.000000e+00 4.127026e-03 0.000000e+00 0.000000e+00 0.000000e+00
PROFILE_ITER 0 196 8.867741e-03 2.733231e-03 0.000000e+00 4.118919e-03 1.907349e-06 0.000000e+00 0.000000e+00
PROFILE_ITER 0 197 8.892059e-03 2.726793e-03 0.000000e+00 4.128933e-03 0.000000e+00 0.000000e+00 0.000000e+00
PROFILE_ITER 0 198 8.883953e-03 2.726078e-03 0.000000e+00 4.131794e-03 0.000000e+00 0.000000e+00 0.000000e+00
PROFILE_ITER 0 199 8.887291e-03 2.726793e-03 0.000000e+00 4.126072e-03 0.000000e+00 0.000000e+00 0.000000e+00
PROFILE_ACCUM 0 spmv=1.778444e+00 vecops=5.461028e-01 send_fill=2.002716e-05 local_spmv=8.255389e-01 comm_wait=1.835823e-05 shared_spmv=1.072884e-05 send_wait=3.099442e-06
