Matrix name : /home/bugra/Workspace/C/HetHypPar_rewrite/data/matrices/cage12_1c_1g/cage12_1c_1g.mtx

	****	Matrix File readed	****LOG: Finished Creating Shard CSC
LOG: Finished Creating Vectors
n_iters : 200 
spmv : 0.576058 
file_read : 0.693998 
relative_residual : 2.831084E-16
everything_total : 1.383260

----------------------------------------------------------------------
PROFILE_HEADER rank iter spmv vecops send_fill local_spmv comm_wait shared_spmv send_wait
PROFILE_ITER 0 0 4.270077e-04 3.567934e-03 0.000000e+00 1.718998e-04 9.536743e-07 0.000000e+00 0.000000e+00
PROFILE_ITER 0 1 4.041195e-04 2.587080e-03 0.000000e+00 1.697540e-04 0.000000e+00 0.000000e+00 0.000000e+00
PROFILE_ITER 0 2 4.010201e-04 2.496958e-03 0.000000e+00 1.697540e-04 0.000000e+00 0.000000e+00 0.000000e+00
PROFILE_ITER 0 3 3.988743e-04 2.490997e-03 0.000000e+00 1.688004e-04 9.536743e-07 0.000000e+00 0.000000e+00
PROFILE_ITER 0 4 4.069805e-04 2.481937e-03 0.000000e+00 1.709461e-04 0.000000e+00 0.000000e+00 0.000000e+00
PROFILE_ITER 0 5 4.069805e-04 2.475023e-03 0.000000e+00 1.690388e-04 0.000000e+00 0.000000e+00 9.536743e-07
PROFILE_ITER 0 6 4.079342e-04 2.430201e-03 0.000000e+00 1.699924e-04 0.000000e+00 0.000000e+00 0.000000e+00
PROFILE_ITER 0 7 4.000664e-04 2.465010e-03 0.000000e+00 1.699924e-04 0.000000e+00 0.000000e+00 0.000000e+00
PROFILE_ITER 0 8 4.110336e-04 2.454996e-03 0.000000e+00 1.699924e-04 0.000000e+00 0.000000e+00 0.000000e+00
PROFILE_ITER 0 9 4.100800e-04 2.471924e-03 0.000000e+00 1.709461e-04 0.000000e+00 0.000000e+00 0.000000e+00
PROFILE_ITER 0 10 4.081726e-04 2.488852e-03 0.000000e+00 1.690388e-04 0.000000e+00 0.000000e+00 1.192093e-06
PROFILE_ITER 0 11 4.060268e-04 2.481937e-03 0.000000e+00 1.692772e-04 0.000000e+00 9.536743e-07 0.000000e+00
PROFILE_ITER 0 12 4.069805e-04 2.475977e-03 0.000000e+00 1.690388e-04 0.000000e+00 0.000000e+00 0.000000e+00
PROFILE_ITER 0 13 4.007816e-04 2.498150e-03 0.000000e+00 1.699924e-04 0.000000e+00 0.000000e+00 9.536743e-07
PROFILE_ITER 0 14 3.941059e-04 2.485037e-03 0.000000e+00 1.697540e-04 0.000000e+00 0.000000e+00 0.000000e+00
PROFILE_ITER 0 15 4.007816e-04 2.485275e-03 0.000000e+00 1.697540e-04 0.000000e+00 0.000000e+00 0.000000e+00
PROFILE_ITER 0 16 3.972054e-04 2.492666e-03 0.000000e+00 1.692772e-04 0.000000e+00 0.000000e+00 0.000000e+00
PROFILE_ITER 0 17 3.991127e-04 2.517939e-03 0.000000e+00 1.690388e-04 0.000000e+00 0.000000e+00 0.000000e+00
PROFILE_ITER 0 18 4.069805e-04 2.501965e-03 0.000000e+00 1.699924e-04 0.000000e+00 0.000000e+00 0.000000e+00
PROFILE_ITER 0 19 4.000664e-04 2.476931e-03 0.000000e+00 1.699924e-04 0.000000e+00 0.000000e+00 0.000000e+00
PROFILE_ITER 0 20 4.060268e-04 2.465010e-03 0.000000e+00 1.690388e-04 0.000000e+00 0.000000e+00 0.000000e+00
PROFILE_ITER 0 21 4.081726e-04 2.462864e-03 0.000000e+00 1.702309e-04 0.000000e+00 0.000000e+00 0.000000e+00
PROFILE_ITER 0 22 4.050732e-04 2.477884e-03 0.000000e+00 1.678467e-04 9.536743e-07 0.000000e+00 0.000000e+00
PROFILE_ITER 0 23 4.069805e-04 2.469063e-03 0.000000e+00 1.697540e-04 0.000000e+00 0.000000e+00 0.000000e+00
PROFILE_ITER 0 24 4.079342e-04 2.478123e-03 0.000000e+00 1.699924e-04 0.000000e+00 0.000000e+00 0.000000e+00
PROFILE_ITER 0 25 3.960133e-04 2.483845e-03 0.000000e+00 1.699924e-04 0.000000e+00 0.000000e+00 0.000000e+00
PROFILE_ITER 0 26 3.972054e-04 2.441883e-03 0.000000e+00 1.692772e-04 0.000000e+00 0.000000e+00 0.000000e+00
PROFILE_ITER 0 27 4.069805e-04 2.475023e-03 0.000000e+00 1.688004e-04 0.000000e+00 0.000000e+00 0.000000e+00
PROFILE_ITER 0 28 4.019737e-04 2.475977e-03 0.000000e+00 1.690388e-04 0.000000e+00 0.000000e+00 0.000000e+00
PROFILE_ITER 0 29 4.010201e-04 2.475023e-03 0.000000e+00 1.680851e-04 9.536743e-07 0.000000e+00 0.000000e+00
PROFILE_ITER 0 30 4.069805e-04 2.468109e-03 0.000000e+00 1.688004e-04 0.000000e+00 0.000000e+00 0.000000e+00
PROFILE_ITER 0 31 4.072189e-04 2.485752e-03 9.536743e-07 1.692772e-04 0.000000e+00 0.000000e+00 0.000000e+00
PROFILE_ITER 0 32 4.000664e-04 2.479792e-03 0.000000e+00 1.707077e-04 0.000000e+00 0.000000e+00 0.000000e+00
PROFILE_ITER 0 33 4.050732e-04 2.511978e-03 0.000000e+00 1.692772e-04 0.000000e+00 0.000000e+00 9.536743e-07
PROFILE_ITER 0 34 4.069805e-04 2.468109e-03 0.000000e+00 1.683235e-04 0.000000e+00 0.000000e+00 0.000000e+00
PROFILE_ITER 0PROFILE_HEADER rank iter spmv vecops send_fill local_spmv comm_wait shared_spmv send_wait
PROFILE_ITER 1 0 2.828121e-03 1.127758e-01 0.000000e+00 2.575159e-03 0.000000e+00 0.000000e+00 0.000000e+00
PROFILE_ITER 1 1 2.242088e-03 7.491112e-04 0.000000e+00 2.194166e-03 0.000000e+00 0.000000e+00 9.536743e-07
PROFILE_ITER 1 2 2.177000e-03 7.209778e-04 9.536743e-07 2.134085e-03 0.000000e+00 0.000000e+00 0.000000e+00
PROFILE_ITER 1 3 2.182722e-03 7.071495e-04 0.000000e+00 2.137899e-03 9.536743e-07 0.000000e+00 9.536743e-07
PROFILE_ITER 1 4 2.183914e-03 7.050037e-04 0.000000e+00 2.140045e-03 0.000000e+00 0.000000e+00 0.000000e+00
PROFILE_ITER 1 5 2.176046e-03 7.059574e-04 9.536743e-07 2.132177e-03 0.000000e+00 0.000000e+00 0.000000e+00
PROFILE_ITER 1 6 2.120018e-03 7.181168e-04 0.000000e+00 2.076864e-03 0.000000e+00 0.000000e+00 0.000000e+00
PROFILE_ITER 1 7 2.159119e-03 7.059574e-04 0.000000e+00 2.115011e-03 0.000000e+00 0.000000e+00 0.000000e+00
PROFILE_ITER 1 8 2.170801e-03 6.961823e-04 0.000000e+00 2.121925e-03 0.000000e+00 0.000000e+00 9.536743e-07
PROFILE_ITER 1 9 2.176046e-03 7.069111e-04 0.000000e+00 2.131939e-03 0.000000e+00 0.000000e+00 0.000000e+00
PROFILE_ITER 1 10 2.183914e-03 7.150173e-04 0.000000e+00 2.137899e-03 0.000000e+00 0.000000e+00 0.000000e+00
PROFILE_ITER 1 11 2.171993e-03 7.140636e-04 0.000000e+00 2.125978e-03 0.000000e+00 0.000000e+00 0.000000e+00
PROFILE_ITER 1 12 2.174139e-03 7.088184e-04 0.000000e+00 2.130032e-03 0.000000e+00 0.000000e+00 0.000000e+00
PROFILE_ITER 1 13 2.172947e-03 7.259846e-04 0.000000e+00 2.130032e-03 0.000000e+00 0.000000e+00 0.000000e+00
PROFILE_ITER 1 14 2.169132e-03 7.100105e-04 0.000000e+00 2.126217e-03 0.000000e+00 0.000000e+00 0.000000e+00
PROFILE_ITER 1 15 2.175093e-03 7.109642e-04 0.000000e+00 2.127886e-03 0.000000e+00 0.000000e+00 1.192093e-06
PROFILE_ITER 1 16 2.175808e-03 7.140636e-04 0.000000e+00 2.131939e-03 0.000000e+00 0.000000e+00 0.000000e+00
PROFILE_ITER 1 17 2.194166e-03 7.228851e-04 0.000000e+00 2.140999e-03 0.000000e+00 0.000000e+00 1.192093e-06
PROFILE_ITER 1 18 2.157211e-03 7.517338e-04 0.000000e+00 2.113104e-03 0.000000e+00 0.000000e+00 0.000000e+00
PROFILE_ITER 1 19 2.174854e-03 7.021427e-04 9.536743e-07 2.130985e-03 0.000000e+00 0.000000e+00 0.000000e+00
PROFILE_ITER 1 20 2.162933e-03 7.081032e-04 0.000000e+00 2.118826e-03 0.000000e+00 0.000000e+00 9.536743e-07
PROFILE_ITER 1 21 2.161980e-03 7.090569e-04 0.000000e+00 2.119064e-03 0.000000e+00 0.000000e+00 0.000000e+00
PROFILE_ITER 1 22 2.173901e-03 7.090569e-04 0.000000e+00 2.130747e-03 0.000000e+00 0.000000e+00 0.000000e+00
PROFILE_ITER 1 23 2.170086e-03 7.059574e-04 0.000000e+00 2.125978e-03 0.000000e+00 0.000000e+00 9.536743e-07
PROFILE_ITER 1 24 2.176046e-03 7.100105e-04 0.000000e+00 2.132654e-03 0.000000e+00 0.000000e+00 1.192093e-06
PROFILE_ITER 1 25 2.171040e-03 7.088184e-04 0.000000e+00 2.125740e-03 0.000000e+00 0.000000e+00 0.000000e+00
PROFILE_ITER 1 26 2.125978e-03 7.131100e-04 0.000000e+00 2.081156e-03 0.000000e+00 0.000000e+00 0.000000e+00
PROFILE_ITER 1 27 2.168894e-03 7.131100e-04 9.536743e-07 2.125025e-03 0.000000e+00 0.000000e+00 0.000000e+00
PROFILE_ITER 1 28 2.173662e-03 7.052422e-04 0.000000e+00 2.129793e-03 0.000000e+00 0.000000e+00 9.536743e-07
PROFILE_ITER 1 29 2.169847e-03 7.052422e-04 0.000000e+00 2.125978e-03 0.000000e+00 0.000000e+00 0.000000e+00
PROFILE_ITER 1 30 2.171040e-03 7.040501e-04 0.000000e+00 2.128124e-03 0.000000e+00 0.000000e+00 0.000000e+00
PROFILE_ITER 1 31 2.183914e-03 7.090569e-04 0.000000e+00 2.139807e-03 0.000000e+00 0.000000e+00 0.000000e+00
PROFILE_ITER 1 32 2.171993e-03 7.078648e-04 9.536743e-07 2.122879e-03 0.000000e+00 0.000000e+00 1.907349e-06
PROFILE_ITER 1 33 2.189159e-03 7.278919e-04 0.000000e+00 2.139091e-03 0.000000e+00 0.000000e+00 0.000000e+00
PROFILE_ITER 1 34 2.170086e-03 7.069111e-04 0.000000e+00 2.125978e-03 0.000000e+00 0.000000e+00 9.536743e-07
PROFILE_ITER 1 35 2.166748e-03 7.073879e-04 0.000000e+00 2.123833e-03 0.000000e+00 0.000000e+00 0.000000e+00
PROFILE_ITER 1 36 2.164841e-03 7.109642e-04 0.000000e+00 2.122879e-03 0.000000e+00 0.000000e+00 0.000000e+00
PROFILE_ITER 1 37 2.175808e-03 7.092953e-04 0.000000e+00 2.132893e-03 0.000000e+00 0.000000e+00 9.536743e-07
PROFILE_ITER 1 38 2.171993e-03 7.050037e-04 0.000000e+00 2.127886e-03 0.000000e+00 0.000000e+00 0.000000e+00
PROFILE_ITER 1 39 2.165079e-03 7.159710e-04 0.000000e+00 2.120018e-03 9.536743e-07 0.000000e+00 0.000000e+00
PROFILE_ITER 1 40 2.171993e-03 7.078648e-04 9.536743e-07 2.127171e-03 0.000000e+00 0.000000e+00 0.000000e+00
PROFILE_ITER 1 41 2.176285e-03 7.066727e-04 0.000000e+00 2.130985e-03 0.000000e+00 0.000000e+00 0.000000e+00
PROFILE_ITER 1 42 2.169132e-03 7.128716e-04 0.000000e+00 2.125025e-03 0.000000e+00 0.000000e+00 0.000000e+00
PROFILE_ITER 1 43 2.164125e-03 7.100105e-04 0.000000e+00 2.119780e-03 0.000000e+00 0.000000e+00 0.000000e+00
PROFILE_ITER 1 44 2.165079e-03 7.109642e-04 0.000000e+00 2.120972e-03 0.000000e+00 0.000000e+00 0.000000e+00
PROFILE_ITER 1 45 2.166986e-03 7.090569e-04 0.000000e+00 2.123833e-03 0.000000e+00 0.000000e+00 0.000000e+00
PROFILE_ITER 1 46 2.166033e-03 7.109642e-04 0.000000e+00 2.123117e-03 0.000000e+00 0.000000e+00 9.536743e-07
PROFILE_ITER 1 47 2.166986e-03 7.059574e-04 9.536743e-07 2.120972e-03 0.000000e+00 0.000000e+00 0.000000e+00
PROFILE_ITER 1 48 2.161980e-03 7.119179e-04 0.000000e+00 2.119064e-03 0.000000e+00 0.000000e+00 0.000000e+00
PROFILE_ITER 1 49 2.142906e-03 7.071495e-04 0.000000e+00 2.097130e-03 0.000000e+00 0.000000e+00 0.000000e+00
PROFILE_ITER 1 50 2.161026e-03 7.090569e-04 0.000000e+00 2.113819e-03 0.000000e+00 0.000000e+00 0.000000e+00
PROFILE_ITER 1 51 2.105951e-03 7.090569e-04 0.000000e+00 2.061129e-03 0.000000e+00 0.000000e+00 0.000000e+00
PROFILE_ITER 1 52 2.114773e-03 7.102489e-04 0.000000e+00 2.071857e-03 0.000000e+00 0.000000e+00 9.536743e-07
PROFILE_ITER 1 53 2.168894e-03 7.100105e-04 0.000000e+00 2.123833e-03 0.000000e+00 0.000000e+00 0.000000e+00
PROFILE_ITER 1 54 2.162218e-03 7.078648e-04 0.000000e+00 2.116919e-03 0.000000e+00 0.000000e+00 9.536743e-07
PROFILE_ITER 1 55 2.167940e-03 7.109642e-04 9.536743e-07 2.122879e-03 0.000000e+00 0.000000e+00 0.000000e+00
PROFILE_ITER 1 56 2.169609e-03 7.054806e-04 0.000000e+00 2.125740e-03 0.000000e+00 0.000000e+00 0.000000e+00
PROFILE_ITER 1 57 2.177000e-03 7.150173e-04 0.000000e+00 2.130985e-03 0.000000e+00 0.000000e+00 9.536743e-07
PROFILE_ITER 1 58 2.177000e-03 7.119179e-04 0.000000e+00 2.130747e-03 0.000000e+00 0.000000e+00 1.192093e-06
PROFILE_ITER 1 59 2.153873e-03 7.143021e-04 0.000000e+00 2.108812e-03 0.000000e+00 0.000000e+00 0.000000e+00
PROFILE_ITER 1 60 2.171040e-03 7.119179e-04 0.000000e+00 2.125263e-03 0.000000e+00 0.000000e+00 9.536743e-07
PROFILE_ITER 1 61 2.181053e-03 7.169247e-04 0.000000e+00 2.139091e-03 0.000000e+00 0.000000e+00 0.000000e+00
PROFILE_ITER 1 62 2.171040e-03 7.090569e-04 0.000000e+00 2.125025e-03 0.000000e+00 0.000000e+00 0.000000e+00
PROFILE_ITER 1 63 2.166986e-03 7.050037e-04 0.000000e+00 2.122879e-03 0.000000e+00 0.000000e+00 2.145767e-06
PROFILE_ITER 1 64 2.169132e-03 6.997585e-04 0.000000e+00 2.123356e-03 0.000000e+00 0.000000e+00 0.000000e+00
PROFILE_ITER 1 65 2.150059e-03 7.109642e-04 0.000000e+00 2.104998e-03 0.000000e+00 0.000000e+00 0.000000e+00
PROFILE_ITER 1 66 2.164125e-03 7.059574e-04 0.000000e+00 2.119064e-03 0.000000e+00 0.000000e+00 9.536743e-07
PROFILE_ITER 1 67 2.175808e-03 7.081032e-04 0.000000e+00 2.130032e-03 0.000000e+00 0.000000e+00 0.000000e+00
PROFILE_ITER 1 68 2.121210e-03 7.097721e-04 9.536743e-07 2.078056e-03 0.000000e+00 0.000000e+00 0.000000e+00
PROFILE_ITER 1 69 2.181053e-03 7.119179e-04 0.000000e+00 2.137184e-03 0.000000e+00 0.000000e+00 0.000000e+00
PROFILE_ITER 1 70 2.173901e-03 7.061958e-04 1.907349e-06 2.129078e-03 0.000000e+00 0.000000e+00 0.000000e+00
PROFILE_ITER 1 71 2.164125e-03 7.147789e-04 0.000000e+00 2.119780e-03 0.000000e+00 0.000000e+00 0.000000e+00
PROFILE_ITER 1 72 2.168179e-03 7.128716e-04 0.000000e+00 2.124071e-03 0.000000e+00 0.000000e+00 0.000000e+00
PROFILE_ITER 1 73 2.167940e-03 7.071495e-04 0.000000e+00 2.123117e-03 0.000000e+00 0.000000e+00 0.000000e+00
PROFILE_ITER 1 74 2.164125e-03 7.066727e-04 0. 35 4.100800e-04 2.465963e-03 0.000000e+00 1.711845e-04 0.000000e+00 0.000000e+00 0.000000e+00
PROFILE_ITER 0 36 4.060268e-04 2.469778e-03 0.000000e+00 1.690388e-04 0.000000e+00 0.000000e+00 0.000000e+00
PROFILE_ITER 0 37 4.069805e-04 2.478123e-03 0.000000e+00 1.692772e-04 0.000000e+00 0.000000e+00 0.000000e+00
PROFILE_ITER 0 38 4.069805e-04 2.470016e-03 0.000000e+00 1.697540e-04 0.000000e+00 0.000000e+00 0.000000e+00
PROFILE_ITER 0 39 3.969669e-04 2.484083e-03 0.000000e+00 1.690388e-04 0.000000e+00 0.000000e+00 0.000000e+00
PROFILE_ITER 0 40 4.081726e-04 2.471685e-03 0.000000e+00 1.690388e-04 0.000000e+00 0.000000e+00 0.000000e+00
PROFILE_ITER 0 41 3.988743e-04 2.484083e-03 0.000000e+00 1.690388e-04 0.000000e+00 9.536743e-07 0.000000e+00
PROFILE_ITER 0 42 4.000664e-04 2.481937e-03 0.000000e+00 1.699924e-04 0.000000e+00 0.000000e+00 0.000000e+00
PROFILE_ITER 0 43 3.988743e-04 2.475262e-03 0.000000e+00 1.688004e-04 0.000000e+00 0.000000e+00 0.000000e+00
PROFILE_ITER 0 44 3.960133e-04 2.480030e-03 0.000000e+00 1.680851e-04 0.000000e+00 0.000000e+00 0.000000e+00
PROFILE_ITER 0 45 4.079342e-04 2.468109e-03 1.192093e-06 1.697540e-04 0.000000e+00 0.000000e+00 0.000000e+00
PROFILE_ITER 0 46 3.969669e-04 2.480030e-03 0.000000e+00 1.690388e-04 0.000000e+00 0.000000e+00 0.000000e+00
PROFILE_ITER 0 47 3.988743e-04 2.474070e-03 0.000000e+00 1.688004e-04 0.000000e+00 0.000000e+00 0.000000e+00
PROFILE_ITER 0 48 3.979206e-04 2.475977e-03 0.000000e+00 1.680851e-04 9.536743e-07 0.000000e+00 0.000000e+00
PROFILE_ITER 0 49 4.000664e-04 2.449989e-03 0.000000e+00 1.699924e-04 0.000000e+00 0.000000e+00 0.000000e+00
PROFILE_ITER 0 50 4.069805e-04 2.462149e-03 0.000000e+00 1.702309e-04 0.000000e+00 0.000000e+00 0.000000e+00
PROFILE_ITER 0 51 4.050732e-04 2.409935e-03 0.000000e+00 1.688004e-04 0.000000e+00 0.000000e+00 0.000000e+00
PROFILE_ITER 0 52 4.060268e-04 2.418995e-03 0.000000e+00 1.688004e-04 0.000000e+00 0.000000e+00 0.000000e+00
PROFILE_ITER 0 53 4.000664e-04 2.478838e-03 0.000000e+00 1.692772e-04 0.000000e+00 0.000000e+00 9.536743e-07
PROFILE_ITER 0 54 4.091263e-04 2.460957e-03 0.000000e+00 1.688004e-04 0.000000e+00 0.000000e+00 0.000000e+00
PROFILE_ITER 0 55 3.969669e-04 2.482891e-03 0.000000e+00 1.688004e-04 0.000000e+00 0.000000e+00 0.000000e+00
PROFILE_ITER 0 56 4.088879e-04 2.466202e-03 0.000000e+00 1.709461e-04 0.000000e+00 0.000000e+00 0.000000e+00
PROFILE_ITER 0 57 4.098415e-04 2.482176e-03 0.000000e+00 1.699924e-04 0.000000e+00 0.000000e+00 0.000000e+00
PROFILE_ITER 0 58 4.060268e-04 2.480984e-03 0.000000e+00 1.690388e-04 0.000000e+00 0.000000e+00 0.000000e+00
PROFILE_ITER 0 59 4.048347e-04 2.466202e-03 0.000000e+00 1.680851e-04 0.000000e+00 0.000000e+00 0.000000e+00
PROFILE_ITER 0 60 4.069805e-04 2.475023e-03 0.000000e+00 1.688004e-04 0.000000e+00 0.000000e+00 0.000000e+00
PROFILE_ITER 0 61 3.960133e-04 2.501965e-03 0.000000e+00 1.688004e-04 0.000000e+00 0.000000e+00 0.000000e+00
PROFILE_ITER 0 62 4.000664e-04 2.480030e-03 0.000000e+00 1.680851e-04 0.000000e+00 0.000000e+00 0.000000e+00
PROFILE_ITER 0 63 4.060268e-04 2.465963e-03 0.000000e+00 1.680851e-04 0.000000e+00 0.000000e+00 0.000000e+00
PROFILE_ITER 0 64 4.029274e-04 2.465963e-03 0.000000e+00 1.709461e-04 0.000000e+00 0.000000e+00 0.000000e+00
PROFILE_ITER 0 65 4.088879e-04 2.451181e-03 0.000000e+00 1.699924e-04 0.000000e+00 0.000000e+00 0.000000e+00
PROFILE_ITER 0 66 4.062653e-04 2.463818e-03 0.000000e+00 1.680851e-04 0.000000e+00 0.000000e+00 0.000000e+00
PROFILE_ITER 0 67 4.029274e-04 2.480984e-03 0.000000e+00 1.730919e-04 0.000000e+00 0.000000e+00 0.000000e+00
PROFILE_ITER 0 68 3.979206e-04 2.433062e-03 0.000000e+00 1.688004e-04 0.000000e+00 0.000000e+00 0.000000e+00
PROFILE_ITER 0 69 3.972054e-04 2.494812e-03 0.000000e+00 1.680851e-04 0.000000e+00 0.000000e+00 0.000000e+00
PROFILE_ITER 0 70 4.069805e-04 2.473116e-03 0.000000e+00 1.699924e-04 0.000000e+00 0.000000e+00 0.000000e+00
PROFILE_ITER 0 71 3.998280e-04 2.479076e-03 0.000000e+00 1.697540e-04 0.000000e+00 0.000000e+00 0.000000e+00
PROFILE_ITER 0 72 3.976822e-04 2.483368e-03 0.000000e+00 1.699924e-04 0.00000000000e+00 2.118826e-03 0.000000e+00 0.000000e+00 0.000000e+00
PROFILE_ITER 1 75 2.152920e-03 7.092953e-04 0.000000e+00 2.107859e-03 0.000000e+00 0.000000e+00 0.000000e+00
PROFILE_ITER 1 76 2.164841e-03 7.071495e-04 0.000000e+00 2.120972e-03 0.000000e+00 0.000000e+00 0.000000e+00
PROFILE_ITER 1 77 2.172947e-03 7.090569e-04 0.000000e+00 2.128124e-03 0.000000e+00 0.000000e+00 9.536743e-07
PROFILE_ITER 1 78 2.163887e-03 7.081032e-04 0.000000e+00 2.120972e-03 0.000000e+00 0.000000e+00 0.000000e+00
PROFILE_ITER 1 79 2.176046e-03 7.097721e-04 0.000000e+00 2.130985e-03 0.000000e+00 0.000000e+00 0.000000e+00
PROFILE_ITER 1 80 2.166748e-03 7.092953e-04 0.000000e+00 2.121925e-03 0.000000e+00 0.000000e+00 0.000000e+00
PROFILE_ITER 1 81 2.192020e-03 7.119179e-04 0.000000e+00 2.146959e-03 0.000000e+00 0.000000e+00 9.536743e-07
PROFILE_ITER 1 82 2.104998e-03 7.112026e-04 0.000000e+00 2.060890e-03 0.000000e+00 0.000000e+00 0.000000e+00
PROFILE_ITER 1 83 2.130985e-03 7.059574e-04 0.000000e+00 2.087116e-03 0.000000e+00 0.000000e+00 0.000000e+00
PROFILE_ITER 1 84 2.111912e-03 7.100105e-04 0.000000e+00 2.068043e-03 0.000000e+00 0.000000e+00 0.000000e+00
PROFILE_ITER 1 85 2.161741e-03 7.073879e-04 0.000000e+00 2.116919e-03 0.000000e+00 0.000000e+00 9.536743e-07
PROFILE_ITER 1 86 2.164125e-03 7.088184e-04 0.000000e+00 2.121210e-03 0.000000e+00 0.000000e+00 0.000000e+00
PROFILE_ITER 1 87 2.171993e-03 7.128716e-04 0.000000e+00 2.130032e-03 0.000000e+00 0.000000e+00 0.000000e+00
PROFILE_ITER 1 88 2.165079e-03 7.128716e-04 0.000000e+00 2.120733e-03 0.000000e+00 0.000000e+00 0.000000e+00
PROFILE_ITER 1 89 2.155066e-03 7.050037e-04 1.192093e-06 2.110720e-03 0.000000e+00 0.000000e+00 0.000000e+00
PROFILE_ITER 1 90 2.162933e-03 7.069111e-04 9.536743e-07 2.117157e-03 0.000000e+00 0.000000e+00 0.000000e+00
PROFILE_ITER 1 91 2.168894e-03 7.081032e-04 0.000000e+00 2.122879e-03 0.000000e+00 0.000000e+00 0.000000e+00
PROFILE_ITER 1 92 2.166033e-03 7.050037e-04 0.000000e+00 2.124071e-03 0.000000e+00 0.000000e+00 0.000000e+00
PROFILE_ITER 1 93 2.168894e-03 7.081032e-04 0.000000e+00 2.123833e-03 0.000000e+00 0.000000e+00 0.000000e+00
PROFILE_ITER 1 94 2.167940e-03 7.131100e-04 0.000000e+00 2.125025e-03 0.000000e+00 0.000000e+00 0.000000e+00
PROFILE_ITER 1 95 2.171993e-03 7.140636e-04 0.000000e+00 2.128124e-03 0.000000e+00 0.000000e+00 0.000000e+00
PROFILE_ITER 1 96 2.173901e-03 7.159710e-04 0.000000e+00 2.130985e-03 0.000000e+00 0.000000e+00 0.000000e+00
PROFILE_ITER 1 97 2.166271e-03 7.138252e-04 0.000000e+00 2.120972e-03 0.000000e+00 0.000000e+00 0.000000e+00
PROFILE_ITER 1 98 2.110958e-03 7.040501e-04 0.000000e+00 2.064943e-03 0.000000e+00 0.000000e+00 1.192093e-06
PROFILE_ITER 1 99 2.168179e-03 7.107258e-04 0.000000e+00 2.124310e-03 0.000000e+00 0.000000e+00 9.536743e-07
PROFILE_ITER 1 100 2.164125e-03 7.138252e-04 0.000000e+00 2.120018e-03 0.000000e+00 0.000000e+00 0.000000e+00
PROFILE_ITER 1 101 2.167940e-03 7.081032e-04 0.000000e+00 2.123117e-03 0.000000e+00 0.000000e+00 0.000000e+00
PROFILE_ITER 1 102 2.174139e-03 7.228851e-04 0.000000e+00 2.132177e-03 0.000000e+00 0.000000e+00 0.000000e+00
PROFILE_ITER 1 103 2.162933e-03 7.061958e-04 0.000000e+00 2.119064e-03 0.000000e+00 0.000000e+00 0.000000e+00
PROFILE_ITER 1 104 2.166033e-03 7.097721e-04 0.000000e+00 2.120972e-03 0.000000e+00 0.000000e+00 0.000000e+00
PROFILE_ITER 1 105 2.178907e-03 7.069111e-04 0.000000e+00 2.133846e-03 0.000000e+00 0.000000e+00 0.000000e+00
PROFILE_ITER 1 106 2.170324e-03 7.076263e-04 0.000000e+00 2.126932e-03 0.000000e+00 0.000000e+00 0.000000e+00
PROFILE_ITER 1 107 2.171993e-03 7.071495e-04 0.000000e+00 2.127886e-03 0.000000e+00 0.000000e+00 0.000000e+00
PROFILE_ITER 1 108 2.175093e-03 7.088184e-04 0.000000e+00 2.131224e-03 0.000000e+00 0.000000e+00 0.000000e+00
PROFILE_ITER 1 109 2.177954e-03 7.281303e-04 0.000000e+00 2.131939e-03 0.000000e+00 0.000000e+00 0.000000e+00
PROFILE_ITER 1 110 2.166033e-03 7.050037e-04 0.000000e+00 2.119303e-03 0.000000e+00 0.000000e+00 9.536743e-07
PROFILE_ITER 1 111 2.185106e-03 7.169247e-04 0.000000e+00 2.141237e-03 0.000000e+00 0.000000e+00 00e+00 0.000000e+00 0.000000e+00
PROFILE_ITER 0 73 4.000664e-04 2.475023e-03 0.000000e+00 1.690388e-04 0.000000e+00 0.000000e+00 0.000000e+00
PROFILE_ITER 0 74 3.969669e-04 2.473831e-03 1.192093e-06 1.678467e-04 0.000000e+00 0.000000e+00 0.000000e+00
PROFILE_ITER 0 75 3.967285e-04 2.465487e-03 0.000000e+00 1.678467e-04 0.000000e+00 0.000000e+00 0.000000e+00
PROFILE_ITER 0 76 3.972054e-04 2.474785e-03 0.000000e+00 1.683235e-04 0.000000e+00 0.000000e+00 0.000000e+00
PROFILE_ITER 0 77 4.060268e-04 2.475977e-03 9.536743e-07 1.690388e-04 0.000000e+00 0.000000e+00 0.000000e+00
PROFILE_ITER 0 78 3.981590e-04 2.473831e-03 0.000000e+00 1.692772e-04 0.000000e+00 0.000000e+00 0.000000e+00
PROFILE_ITER 0 79 4.079342e-04 2.477884e-03 0.000000e+00 1.688004e-04 0.000000e+00 1.192093e-06 0.000000e+00
PROFILE_ITER 0 80 3.981590e-04 2.477884e-03 0.000000e+00 1.692772e-04 0.000000e+00 0.000000e+00 0.000000e+00
PROFILE_ITER 0 81 4.060268e-04 2.497911e-03 0.000000e+00 1.690388e-04 0.000000e+00 0.000000e+00 0.000000e+00
PROFILE_ITER 0 82 4.081726e-04 2.404928e-03 0.000000e+00 1.678467e-04 0.000000e+00 0.000000e+00 1.192093e-06
PROFILE_ITER 0 83 4.079342e-04 2.432108e-03 0.000000e+00 1.711845e-04 0.000000e+00 0.000000e+00 0.000000e+00
PROFILE_ITER 0 84 4.060268e-04 2.415895e-03 9.536743e-07 1.688004e-04 0.000000e+00 0.000000e+00 0.000000e+00
PROFILE_ITER 0 85 4.069805e-04 2.462149e-03 0.000000e+00 1.690388e-04 0.000000e+00 0.000000e+00 0.000000e+00
PROFILE_ITER 0 86 3.991127e-04 2.473831e-03 0.000000e+00 1.680851e-04 0.000000e+00 0.000000e+00 9.536743e-07
PROFILE_ITER 0 87 3.979206e-04 2.486944e-03 0.000000e+00 1.678467e-04 0.000000e+00 0.000000e+00 0.000000e+00
PROFILE_ITER 0 88 4.010201e-04 2.476931e-03 0.000000e+00 1.690388e-04 0.000000e+00 9.536743e-07 0.000000e+00
PROFILE_ITER 0 89 4.069805e-04 2.453089e-03 0.000000e+00 1.690388e-04 0.000000e+00 0.000000e+00 0.000000e+00
PROFILE_ITER 0 90 4.081726e-04 2.461672e-03 0.000000e+00 1.702309e-04 0.000000e+00 0.000000e+00 0.000000e+00
PROFILE_ITER 0 91 3.981590e-04 2.478838e-03 9.536743e-07 1.683235e-04 0.000000e+00 0.000000e+00 0.000000e+00
PROFILE_ITER 0 92 4.081726e-04 2.462864e-03 0.000000e+00 1.692772e-04 0.000000e+00 0.000000e+00 0.000000e+00
PROFILE_ITER 0 93 4.010201e-04 2.475977e-03 0.000000e+00 1.690388e-04 9.536743e-07 0.000000e+00 0.000000e+00
PROFILE_ITER 0 94 3.991127e-04 2.481937e-03 0.000000e+00 1.699924e-04 0.000000e+00 0.000000e+00 0.000000e+00
PROFILE_ITER 0 95 3.998280e-04 2.486229e-03 0.000000e+00 1.709461e-04 0.000000e+00 0.000000e+00 0.000000e+00
PROFILE_ITER 0 96 3.988743e-04 2.490997e-03 0.000000e+00 1.697540e-04 0.000000e+00 0.000000e+00 0.000000e+00
PROFILE_ITER 0 97 3.988743e-04 2.481222e-03 0.000000e+00 1.690388e-04 0.000000e+00 0.000000e+00 9.536743e-07
PROFILE_ITER 0 98 4.050732e-04 2.409935e-03 0.000000e+00 1.702309e-04 0.000000e+00 0.000000e+00 0.000000e+00
PROFILE_ITER 0 99 3.902912e-04 2.488613e-03 0.000000e+00 1.680851e-04 0.000000e+00 0.000000e+00 0.000000e+00
PROFILE_ITER 0 100 4.079342e-04 2.470016e-03 0.000000e+00 1.699924e-04 0.000000e+00 0.000000e+00 0.000000e+00
PROFILE_ITER 0 101 4.069805e-04 2.468109e-03 0.000000e+00 1.702309e-04 0.000000e+00 0.000000e+00 0.000000e+00
PROFILE_ITER 0 102 3.931522e-04 2.503872e-03 0.000000e+00 1.690388e-04 0.000000e+00 0.000000e+00 0.000000e+00
PROFILE_ITER 0 103 4.048347e-04 2.464294e-03 0.000000e+00 1.688004e-04 0.000000e+00 0.000000e+00 0.000000e+00
PROFILE_ITER 0 104 4.000664e-04 2.475739e-03 0.000000e+00 1.690388e-04 0.000000e+00 0.000000e+00 0.000000e+00
PROFILE_ITER 0 105 3.998280e-04 2.487183e-03 0.000000e+00 1.690388e-04 0.000000e+00 0.000000e+00 0.000000e+00
PROFILE_ITER 0 106 3.979206e-04 2.478123e-03 0.000000e+00 1.680851e-04 0.000000e+00 0.000000e+00 0.000000e+00
PROFILE_ITER 0 107 4.041195e-04 2.476931e-03 0.000000e+00 1.683235e-04 0.000000e+00 0.000000e+00 0.000000e+00
PROFILE_ITER 0 108 4.041195e-04 2.479792e-03 0.000000e+00 1.688004e-04 0.000000e+00 0.000000e+00 0.000000e+00
PROFILE_ITER 0 109 3.991127e-04 2.506018e-03 0.000000e+00 1.690388e-04 9.536743e-07 0.000000e+00 0.000000e+00
PROFILE_ITER 0 110 4.079342e-04 2.463102e-03 0.000000e+00 1.699924e-04 0.000000e+00 0.000000e+00 0.000000e+00
PROFILE_ITER 0 111 4.110336e-04 2.490997e-03 0.000000e+00 1.688004e-04 0.000000e+00 0.000000e+00 0.000000e+00
PROFILE_ITER 0 112 4.072189e-04 2.472639e-03 0.000000e+00 1.680851e-04 0.000000e+00 0.000000e+00 0.000000e+00
PROFILE_ITER 0 113 3.988743e-04 2.481222e-03 0.000000e+00 1.690388e-04 0.000000e+00 0.000000e+00 0.000000e+00
PROFILE_ITER 0 114 4.081726e-04 2.499819e-03 0.000000e+00 1.692772e-04 9.536743e-07 0.000000e+00 0.000000e+00
PROFILE_ITER 0 115 4.072189e-04 2.459764e-03 0.000000e+00 1.709461e-04 0.000000e+00 0.000000e+00 0.000000e+00
PROFILE_ITER 0 116 4.072189e-04 2.469778e-03 0.000000e+00 1.699924e-04 0.000000e+00 0.000000e+00 0.000000e+00
PROFILE_ITER 0 117 4.000664e-04 2.476931e-03 0.000000e+00 1.709461e-04 0.000000e+00 0.000000e+00 0.000000e+00
PROFILE_ITER 0 118 4.060268e-04 2.404928e-03 0.000000e+00 1.690388e-04 0.000000e+00 0.000000e+00 0.000000e+00
PROFILE_ITER 0 119 4.062653e-04 2.481699e-03 0.000000e+00 1.702309e-04 0.000000e+00 0.000000e+00 0.000000e+00
PROFILE_ITER 0 120 4.069805e-04 2.480030e-03 0.000000e+00 1.690388e-04 0.000000e+00 0.000000e+00 0.000000e+00
PROFILE_ITER 0 121 4.007816e-04 2.485275e-03 0.000000e+00 1.690388e-04 0.000000e+00 9.536743e-07 0.000000e+00
PROFILE_ITER 0 122 4.072189e-04 2.467871e-03 0.000000e+00 1.690388e-04 0.000000e+00 0.000000e+00 0.000000e+00
PROFILE_ITER 0 123 3.948212e-04 2.484083e-03 0.000000e+00 1.688004e-04 0.000000e+00 0.000000e+00 0.000000e+00
PROFILE_ITER 0 124 3.991127e-04 2.469778e-03 0.000000e+00 1.690388e-04 0.000000e+00 0.000000e+00 0.000000e+00
PROFILE_ITER 0 125 3.969669e-04 2.472162e-03 0.000000e+00 1.699924e-04 0.000000e+00 0.000000e+00 0.000000e+00
PROFILE_ITER 0 126 4.069805e-04 2.479076e-03 0.000000e+00 1.692772e-04 0.000000e+00 0.000000e+00 0.000000e+00
PROFILE_ITER 0 127 4.069805e-04 2.419949e-03 0.000000e+00 1.690388e-04 0.000000e+00 0.000000e+00 0.000000e+00
PROFILE_ITER 0 128 3.902912e-04 2.493620e-03 0.000000e+00 1.692772e-04 0.000000e+00 0.000000e+00 0.000000e+00
PROFILE_ITER 0 129 4.019737e-04 2.485037e-03 0.000000e+00 1.680851e-04 0.000000e+00 0.000000e+00 0.000000e+00
PROFILE_ITER 0 130 4.038811e-04 2.474070e-03 0.000000e+00 1.668930e-04 0.000000e+00 0.000000e+00 0.000000e+00
PROFILE_ITER 0 131 4.069805e-04 2.485991e-03 0.000000e+00 1.702309e-04 0.000000e+00 0.000000e+00 0.000000e+00
PROFILE_ITER 0 132 3.969669e-04 2.470970e-03 0.000000e+00 1.690388e-04 0.000000e+00 0.000000e+00 9.536743e-07
PROFILE_ITER 0 133 3.960133e-04 2.468109e-03 0.000000e+00 1.680851e-04 0.000000e+00 0.000000e+00 0.000000e+00
PROFILE_ITER 0 134 4.069805e-04 2.471924e-03 0.000000e+00 1.692772e-04 0.000000e+00 0.000000e+00 0.000000e+00
PROFILE_ITER 0 135 4.119873e-04 2.449989e-03 0.000000e+00 1.699924e-04 0.000000e+00 0.000000e+00 0.000000e+00
PROFILE_ITER 0 136 4.088879e-04 2.469301e-03 0.000000e+00 1.692772e-04 0.000000e+00 0.000000e+00 0.000000e+00
PROFILE_ITER 0 137 4.081726e-04 2.456665e-03 0.000000e+00 1.690388e-04 0.000000e+00 0.000000e+00 0.000000e+00
PROFILE_ITER 0 138 3.988743e-04 2.487183e-03 0.000000e+00 1.690388e-04 0.000000e+00 0.000000e+00 0.000000e+00
PROFILE_ITER 0 139 4.141331e-04 2.485991e-03 0.000000e+00 1.690388e-04 0.000000e+00 0.000000e+00 0.000000e+00
PROFILE_ITER 0 140 4.041195e-04 2.479792e-03 0.000000e+00 1.692772e-04 0.000000e+00 0.000000e+00 0.000000e+00
PROFILE_ITER 0 141 4.060268e-04 2.470970e-03 0.000000e+00 1.690388e-04 0.000000e+00 9.536743e-07 0.000000e+00
PROFILE_ITER 0 142 4.072189e-04 2.471685e-03 0.000000e+00 1.690388e-04 0.000000e+00 0.000000e+00 0.000000e+00
PROFILE_ITER 0 143 4.079342e-04 2.438068e-03 0.000000e+00 1.680851e-04 0.000000e+00 0.000000e+00 0.000000e+00
PROFILE_ITER 0 144 3.988743e-04 2.491236e-03 0.000000e+00 1.690388e-04 0.000000e+00 0.000000e+00 0.000000e+00
PROFILE_ITER 0 145 4.091263e-04 2.466917e-03 0.000000e+00 1.699924e-04 0.000000e+00 0.000000e+00 0.000000e+00
PROFILE_ITER 0 146 4.060268e-04 2.468824e-03 0.000000e+00 1.678467e-04 0.000000e+00 0.000000e+00 0.000000e+00
PROFILE_ITER 0 147 4.060268e-04 2.478123e-03 .000000e+00
PROFILE_ITER 1 112 2.166986e-03 7.128716e-04 0.000000e+00 2.121925e-03 0.000000e+00 0.000000e+00 9.536743e-07
PROFILE_ITER 1 113 2.173901e-03 7.061958e-04 0.000000e+00 2.125978e-03 0.000000e+00 0.000000e+00 0.000000e+00
PROFILE_ITER 1 114 2.175093e-03 7.328987e-04 0.000000e+00 2.129316e-03 0.000000e+00 0.000000e+00 0.000000e+00
PROFILE_ITER 1 115 2.158165e-03 7.088184e-04 0.000000e+00 2.115250e-03 0.000000e+00 0.000000e+00 0.000000e+00
PROFILE_ITER 1 116 2.167940e-03 7.090569e-04 0.000000e+00 2.124071e-03 0.000000e+00 0.000000e+00 0.000000e+00
PROFILE_ITER 1 117 2.168179e-03 7.088184e-04 0.000000e+00 2.120972e-03 0.000000e+00 0.000000e+00 0.000000e+00
PROFILE_ITER 1 118 2.106905e-03 7.040501e-04 0.000000e+00 2.062798e-03 0.000000e+00 0.000000e+00 0.000000e+00
PROFILE_ITER 1 119 2.178907e-03 7.090569e-04 0.000000e+00 2.132893e-03 0.000000e+00 0.000000e+00 0.000000e+00
PROFILE_ITER 1 120 2.174139e-03 7.128716e-04 0.000000e+00 2.128839e-03 0.000000e+00 0.000000e+00 9.536743e-07
PROFILE_ITER 1 121 2.177000e-03 7.090569e-04 0.000000e+00 2.130985e-03 0.000000e+00 0.000000e+00 0.000000e+00
PROFILE_ITER 1 122 2.171993e-03 7.030964e-04 0.000000e+00 2.125978e-03 0.000000e+00 0.000000e+00 0.000000e+00
PROFILE_ITER 1 123 2.171278e-03 7.076263e-04 0.000000e+00 2.127171e-03 0.000000e+00 0.000000e+00 0.000000e+00
PROFILE_ITER 1 124 2.161980e-03 7.069111e-04 0.000000e+00 2.118111e-03 0.000000e+00 0.000000e+00 0.000000e+00
PROFILE_ITER 1 125 2.163887e-03 7.052422e-04 0.000000e+00 2.120018e-03 0.000000e+00 0.000000e+00 0.000000e+00
PROFILE_ITER 1 126 2.175808e-03 7.102489e-04 0.000000e+00 2.129793e-03 0.000000e+00 0.000000e+00 0.000000e+00
PROFILE_ITER 1 127 2.118111e-03 7.088184e-04 9.536743e-07 2.071142e-03 0.000000e+00 0.000000e+00 0.000000e+00
PROFILE_ITER 1 128 2.167940e-03 7.159710e-04 9.536743e-07 2.125025e-03 0.000000e+00 0.000000e+00 9.536743e-07
PROFILE_ITER 1 129 2.179861e-03 7.083416e-04 0.000000e+00 2.133846e-03 0.000000e+00 0.000000e+00 0.000000e+00
PROFILE_ITER 1 130 2.171993e-03 7.078648e-04 0.000000e+00 2.127886e-03 0.000000e+00 0.000000e+00 0.000000e+00
PROFILE_ITER 1 131 2.184153e-03 7.078648e-04 0.000000e+00 2.140045e-03 0.000000e+00 0.000000e+00 0.000000e+00
PROFILE_ITER 1 132 2.165079e-03 7.028580e-04 0.000000e+00 2.122879e-03 0.000000e+00 0.000000e+00 0.000000e+00
PROFILE_ITER 1 133 2.164125e-03 6.988049e-04 0.000000e+00 2.120256e-03 0.000000e+00 0.000000e+00 0.000000e+00
PROFILE_ITER 1 134 2.171993e-03 7.069111e-04 0.000000e+00 2.126932e-03 0.000000e+00 0.000000e+00 0.000000e+00
PROFILE_ITER 1 135 2.145767e-03 7.162094e-04 0.000000e+00 2.100945e-03 9.536743e-07 0.000000e+00 0.000000e+00
PROFILE_ITER 1 136 2.171993e-03 7.061958e-04 1.192093e-06 2.126932e-03 0.000000e+00 0.000000e+00 0.000000e+00
PROFILE_ITER 1 137 2.159119e-03 7.057190e-04 9.536743e-07 2.114058e-03 0.000000e+00 0.000000e+00 0.000000e+00
PROFILE_ITER 1 138 2.174854e-03 7.112026e-04 0.000000e+00 2.128839e-03 0.000000e+00 0.000000e+00 0.000000e+00
PROFILE_ITER 1 139 2.180099e-03 7.200241e-04 0.000000e+00 2.135038e-03 0.000000e+00 0.000000e+00 9.536743e-07
PROFILE_ITER 1 140 2.174854e-03 7.090569e-04 0.000000e+00 2.130985e-03 0.000000e+00 0.000000e+00 0.000000e+00
PROFILE_ITER 1 141 2.169847e-03 7.071495e-04 0.000000e+00 2.125978e-03 0.000000e+00 0.000000e+00 0.000000e+00
PROFILE_ITER 1 142 2.170801e-03 7.081032e-04 0.000000e+00 2.125025e-03 0.000000e+00 0.000000e+00 0.000000e+00
PROFILE_ITER 1 143 2.133131e-03 7.128716e-04 0.000000e+00 2.089977e-03 0.000000e+00 0.000000e+00 0.000000e+00
PROFILE_ITER 1 144 2.179146e-03 7.109642e-04 0.000000e+00 2.135038e-03 0.000000e+00 0.000000e+00 0.000000e+00
PROFILE_ITER 1 145 2.170086e-03 7.059574e-04 0.000000e+00 2.123833e-03 0.000000e+00 0.000000e+00 0.000000e+00
PROFILE_ITER 1 146 2.171040e-03 7.028580e-04 0.000000e+00 2.126217e-03 0.000000e+00 0.000000e+00 0.000000e+00
PROFILE_ITER 1 147 2.171755e-03 7.123947e-04 0.000000e+00 2.127886e-03 0.000000e+00 0.000000e+00 0.000000e+00
PROFILE_ITER 1 148 2.169847e-03 7.061958e-04 0.000000e+00 2.125978e-03 0.000000e+00 0.000000e+00 0.000000e+00
PROFILE_ITER 0.000000e+00 1.692772e-04 0.000000e+00 0.000000e+00 0.000000e+00
PROFILE_ITER 0 148 4.081726e-04 2.467871e-03 0.000000e+00 1.702309e-04 0.000000e+00 0.000000e+00 0.000000e+00
PROFILE_ITER 0 149 3.991127e-04 2.480745e-03 0.000000e+00 1.702309e-04 0.000000e+00 0.000000e+00 0.000000e+00
PROFILE_ITER 0 150 3.991127e-04 2.487898e-03 0.000000e+00 1.692772e-04 0.000000e+00 0.000000e+00 9.536743e-07
PROFILE_ITER 0 151 3.991127e-04 2.482891e-03 0.000000e+00 1.709461e-04 0.000000e+00 0.000000e+00 0.000000e+00
PROFILE_ITER 0 152 4.081726e-04 2.400875e-03 0.000000e+00 1.692772e-04 0.000000e+00 9.536743e-07 0.000000e+00
PROFILE_ITER 0 153 3.979206e-04 2.418041e-03 0.000000e+00 1.688004e-04 0.000000e+00 0.000000e+00 0.000000e+00
PROFILE_ITER 0 154 4.069805e-04 2.472162e-03 0.000000e+00 1.688004e-04 9.536743e-07 0.000000e+00 0.000000e+00
PROFILE_ITER 0 155 4.060268e-04 2.480984e-03 0.000000e+00 1.690388e-04 0.000000e+00 0.000000e+00 0.000000e+00
PROFILE_ITER 0 156 4.050732e-04 2.463818e-03 0.000000e+00 1.688004e-04 0.000000e+00 0.000000e+00 0.000000e+00
PROFILE_ITER 0 157 3.957748e-04 2.481222e-03 0.000000e+00 1.697540e-04 0.000000e+00 0.000000e+00 0.000000e+00
PROFILE_ITER 0 158 4.048347e-04 2.464294e-03 0.000000e+00 1.680851e-04 0.000000e+00 0.000000e+00 0.000000e+00
PROFILE_ITER 0 159 3.981590e-04 2.483845e-03 0.000000e+00 1.692772e-04 0.000000e+00 0.000000e+00 0.000000e+00
PROFILE_ITER 0 160 4.041195e-04 2.424717e-03 0.000000e+00 1.699924e-04 0.000000e+00 0.000000e+00 0.000000e+00
PROFILE_ITER 0 161 4.062653e-04 2.492905e-03 0.000000e+00 1.692772e-04 0.000000e+00 0.000000e+00 0.000000e+00
PROFILE_ITER 0 162 4.000664e-04 2.475977e-03 0.000000e+00 1.690388e-04 0.000000e+00 0.000000e+00 0.000000e+00
PROFILE_ITER 0 163 3.991127e-04 2.474785e-03 0.000000e+00 1.678467e-04 0.000000e+00 0.000000e+00 0.000000e+00
PROFILE_ITER 0 164 3.998280e-04 2.488136e-03 0.000000e+00 1.699924e-04 0.000000e+00 0.000000e+00 0.000000e+00
PROFILE_ITER 0 165 4.181862e-04 2.464771e-03 0.000000e+00 1.702309e-04 0.000000e+00 0.000000e+00 0.000000e+00
PROFILE_ITER 0 166 4.088879e-04 2.465248e-03 0.000000e+00 1.688004e-04 0.000000e+00 0.000000e+00 0.000000e+00
PROFILE_ITER 0 167 3.979206e-04 2.450943e-03 0.000000e+00 1.699924e-04 0.000000e+00 0.000000e+00 0.000000e+00
PROFILE_ITER 0 168 4.069805e-04 2.472162e-03 9.536743e-07 1.683235e-04 0.000000e+00 0.000000e+00 0.000000e+00
PROFILE_ITER 0 169 3.960133e-04 2.475977e-03 0.000000e+00 1.699924e-04 0.000000e+00 0.000000e+00 0.000000e+00
PROFILE_ITER 0 170 3.979206e-04 2.483130e-03 0.000000e+00 1.697540e-04 0.000000e+00 0.000000e+00 0.000000e+00
PROFILE_ITER 0 171 3.960133e-04 2.471924e-03 0.000000e+00 1.690388e-04 0.000000e+00 0.000000e+00 0.000000e+00
PROFILE_ITER 0 172 3.979206e-04 2.475023e-03 0.000000e+00 1.697540e-04 0.000000e+00 0.000000e+00 0.000000e+00
PROFILE_ITER 0 173 3.988743e-04 2.476215e-03 0.000000e+00 1.690388e-04 0.000000e+00 0.000000e+00 0.000000e+00
PROFILE_ITER 0 174 4.019737e-04 2.485037e-03 0.000000e+00 1.709461e-04 0.000000e+00 0.000000e+00 0.000000e+00
PROFILE_ITER 0 175 4.060268e-04 2.467871e-03 0.000000e+00 1.690388e-04 0.000000e+00 0.000000e+00 0.000000e+00
PROFILE_ITER 0 176 4.000664e-04 2.472878e-03 0.000000e+00 1.702309e-04 0.000000e+00 0.000000e+00 9.536743e-07
PROFILE_ITER 0 177 4.069805e-04 2.432108e-03 0.000000e+00 1.699924e-04 0.000000e+00 0.000000e+00 0.000000e+00
PROFILE_ITER 0 178 4.048347e-04 2.470255e-03 0.000000e+00 1.690388e-04 0.000000e+00 0.000000e+00 9.536743e-07
PROFILE_ITER 0 179 3.969669e-04 2.477884e-03 0.000000e+00 1.688004e-04 0.000000e+00 0.000000e+00 0.000000e+00
PROFILE_ITER 0 180 3.979206e-04 2.472162e-03 0.000000e+00 1.699924e-04 0.000000e+00 0.000000e+00 0.000000e+00
PROFILE_ITER 0 181 4.079342e-04 2.442122e-03 0.000000e+00 1.699924e-04 0.000000e+00 0.000000e+00 0.000000e+00
PROFILE_ITER 0 182 4.100800e-04 2.478838e-03 0.000000e+00 1.688004e-04 0.000000e+00 0.000000e+00 0.000000e+00
PROFILE_ITER 0 183 4.069805e-04 2.432108e-03 0.000000e+00 1.709461e-04 0.000000e+00 0.000000e+00 0.000000e+00
PROFILE_ITER 0 184 4.079342e-04 2.470016e-03 0.000000e+00 1.697540e-041 149 2.172947e-03 7.069111e-04 9.536743e-07 2.128124e-03 0.000000e+00 0.000000e+00 0.000000e+00
PROFILE_ITER 1 150 2.174139e-03 7.128716e-04 0.000000e+00 2.129078e-03 0.000000e+00 0.000000e+00 9.536743e-07
PROFILE_ITER 1 151 2.172232e-03 7.097721e-04 0.000000e+00 2.127886e-03 1.192093e-06 0.000000e+00 0.000000e+00
PROFILE_ITER 1 152 2.101898e-03 7.071495e-04 0.000000e+00 2.056122e-03 0.000000e+00 0.000000e+00 0.000000e+00
PROFILE_ITER 1 153 2.108335e-03 7.085800e-04 9.536743e-07 2.062082e-03 0.000000e+00 0.000000e+00 0.000000e+00
PROFILE_ITER 1 154 2.170086e-03 7.109642e-04 0.000000e+00 2.125263e-03 0.000000e+00 0.000000e+00 0.000000e+00
PROFILE_ITER 1 155 2.178192e-03 7.069111e-04 0.000000e+00 2.131939e-03 0.000000e+00 0.000000e+00 9.536743e-07
PROFILE_ITER 1 156 2.165079e-03 7.038116e-04 0.000000e+00 2.122164e-03 0.000000e+00 0.000000e+00 9.536743e-07
PROFILE_ITER 1 157 2.166748e-03 7.102489e-04 0.000000e+00 2.122879e-03 0.000000e+00 0.000000e+00 9.536743e-07
PROFILE_ITER 1 158 2.165079e-03 7.050037e-04 0.000000e+00 2.121925e-03 0.000000e+00 0.000000e+00 0.000000e+00
PROFILE_ITER 1 159 2.172947e-03 7.090569e-04 0.000000e+00 2.130985e-03 0.000000e+00 0.000000e+00 0.000000e+00
PROFILE_ITER 1 160 2.122879e-03 7.059574e-04 0.000000e+00 2.074003e-03 0.000000e+00 0.000000e+00 9.536743e-07
PROFILE_ITER 1 161 2.189159e-03 7.109642e-04 1.192093e-06 2.144098e-03 0.000000e+00 0.000000e+00 0.000000e+00
PROFILE_ITER 1 162 2.165318e-03 7.107258e-04 0.000000e+00 2.120018e-03 0.000000e+00 0.000000e+00 1.192093e-06
PROFILE_ITER 1 163 2.165318e-03 7.076263e-04 0.000000e+00 2.122164e-03 0.000000e+00 0.000000e+00 0.000000e+00
PROFILE_ITER 1 164 2.172709e-03 7.152557e-04 0.000000e+00 2.127886e-03 0.000000e+00 0.000000e+00 0.000000e+00
PROFILE_ITER 1 165 2.178192e-03 7.047653e-04 0.000000e+00 2.131701e-03 0.000000e+00 0.000000e+00 1.192093e-06
PROFILE_ITER 1 166 2.167940e-03 7.050037e-04 0.000000e+00 2.122164e-03 0.000000e+00 0.000000e+00 9.536743e-07
PROFILE_ITER 1 167 2.144098e-03 7.047653e-04 0.000000e+00 2.100945e-03 0.000000e+00 0.000000e+00 0.000000e+00
PROFILE_ITER 1 168 2.172947e-03 7.061958e-04 0.000000e+00 2.128124e-03 0.000000e+00 0.000000e+00 0.000000e+00
PROFILE_ITER 1 169 2.165079e-03 7.069111e-04 0.000000e+00 2.120018e-03 0.000000e+00 0.000000e+00 0.000000e+00
PROFILE_ITER 1 170 2.173185e-03 7.078648e-04 0.000000e+00 2.128839e-03 9.536743e-07 0.000000e+00 0.000000e+00
PROFILE_ITER 1 171 2.161026e-03 7.069111e-04 0.000000e+00 2.116203e-03 0.000000e+00 0.000000e+00 0.000000e+00
PROFILE_ITER 1 172 2.167940e-03 7.050037e-04 0.000000e+00 2.123117e-03 0.000000e+00 0.000000e+00 9.536743e-07
PROFILE_ITER 1 173 2.172709e-03 7.023811e-04 0.000000e+00 2.126932e-03 0.000000e+00 0.000000e+00 9.536743e-07
PROFILE_ITER 1 174 2.162933e-03 7.240772e-04 0.000000e+00 2.118826e-03 0.000000e+00 0.000000e+00 0.000000e+00
PROFILE_ITER 1 175 2.164841e-03 7.090569e-04 0.000000e+00 2.120972e-03 0.000000e+00 0.000000e+00 0.000000e+00
PROFILE_ITER 1 176 2.163887e-03 7.090569e-04 0.000000e+00 2.119064e-03 0.000000e+00 0.000000e+00 0.000000e+00
PROFILE_ITER 1 177 2.134800e-03 7.042885e-04 0.000000e+00 2.091646e-03 0.000000e+00 0.000000e+00 0.000000e+00
PROFILE_ITER 1 178 2.168894e-03 7.081032e-04 0.000000e+00 2.126694e-03 0.000000e+00 0.000000e+00 0.000000e+00
PROFILE_ITER 1 179 2.168179e-03 7.047653e-04 0.000000e+00 2.122879e-03 0.000000e+00 0.000000e+00 0.000000e+00
PROFILE_ITER 1 180 2.164841e-03 7.061958e-04 0.000000e+00 2.121687e-03 0.000000e+00 0.000000e+00 0.000000e+00
PROFILE_ITER 1 181 2.148867e-03 7.011890e-04 0.000000e+00 2.102137e-03 0.000000e+00 0.000000e+00 9.536743e-07
PROFILE_ITER 1 182 2.178907e-03 7.100105e-04 0.000000e+00 2.132893e-03 0.000000e+00 0.000000e+00 1.192093e-06
PROFILE_ITER 1 183 2.127886e-03 7.121563e-04 9.536743e-07 2.082825e-03 0.000000e+00 0.000000e+00 0.000000e+00
PROFILE_ITER 1 184 2.169132e-03 7.088184e-04 0.000000e+00 2.124786e-03 0.000000e+00 0.000000e+00 9.536743e-07
PROFILE_ITER 1 185 2.175093e-03 7.069111e-04 0.000000e+00 2.129793e-03 0.000000e+00 0.000000e+00 0.000000e+00
PROFILE_ITER 1 186 2.172947e-03 7.0810 0.000000e+00 0.000000e+00 0.000000e+00
PROFILE_ITER 0 185 3.988743e-04 2.483130e-03 0.000000e+00 1.699924e-04 0.000000e+00 0.000000e+00 0.000000e+00
PROFILE_ITER 0 186 3.948212e-04 2.487183e-03 0.000000e+00 1.678467e-04 0.000000e+00 0.000000e+00 0.000000e+00
PROFILE_ITER 0 187 3.979206e-04 2.473116e-03 0.000000e+00 1.699924e-04 0.000000e+00 0.000000e+00 0.000000e+00
PROFILE_ITER 0 188 3.981590e-04 2.471924e-03 0.000000e+00 1.690388e-04 0.000000e+00 0.000000e+00 0.000000e+00
PROFILE_ITER 0 189 4.057884e-04 2.460241e-03 0.000000e+00 1.690388e-04 0.000000e+00 0.000000e+00 0.000000e+00
PROFILE_ITER 0 190 4.000664e-04 2.469778e-03 0.000000e+00 1.680851e-04 0.000000e+00 0.000000e+00 9.536743e-07
PROFILE_ITER 0 191 3.976822e-04 2.471447e-03 0.000000e+00 1.697540e-04 0.000000e+00 0.000000e+00 0.000000e+00
PROFILE_ITER 0 192 4.007816e-04 2.369165e-03 9.536743e-07 1.688004e-04 0.000000e+00 0.000000e+00 0.000000e+00
PROFILE_ITER 0 193 4.072189e-04 2.474785e-03 0.000000e+00 1.690388e-04 0.000000e+00 0.000000e+00 0.000000e+00
PROFILE_ITER 0 194 4.048347e-04 2.433062e-03 9.536743e-07 1.690388e-04 0.000000e+00 0.000000e+00 0.000000e+00
PROFILE_ITER 0 195 3.988743e-04 2.478123e-03 0.000000e+00 1.699924e-04 0.000000e+00 0.000000e+00 0.000000e+00
PROFILE_ITER 0 196 3.957748e-04 2.482414e-03 0.000000e+00 1.690388e-04 0.000000e+00 0.000000e+00 0.000000e+00
PROFILE_ITER 0 197 4.000664e-04 2.477884e-03 0.000000e+00 1.688004e-04 0.000000e+00 0.000000e+00 0.000000e+00
PROFILE_ITER 0 198 4.079342e-04 2.460957e-03 0.000000e+00 1.697540e-04 0.000000e+00 0.000000e+00 0.000000e+00
PROFILE_ITER 0 199 3.967285e-04 2.486229e-03 0.000000e+00 1.697540e-04 0.000000e+00 0.000000e+00 0.000000e+00
PROFILE_ACCUM 0 spmv=8.061957e-02 vecops=4.954197e-01 send_fill=9.059906e-06 local_spmv=3.386116e-02 comm_wait=8.583069e-06 shared_spmv=6.914139e-06 send_wait=1.287460e-05
32e-04 0.000000e+00 2.129078e-03 0.000000e+00 0.000000e+00 0.000000e+00
PROFILE_ITER 1 187 2.158880e-03 7.112026e-04 0.000000e+00 2.115011e-03 0.000000e+00 0.000000e+00 9.536743e-07
PROFILE_ITER 1 188 2.162933e-03 7.071495e-04 0.000000e+00 2.118111e-03 0.000000e+00 0.000000e+00 0.000000e+00
PROFILE_ITER 1 189 2.158880e-03 7.071495e-04 0.000000e+00 2.113104e-03 0.000000e+00 0.000000e+00 9.536743e-07
PROFILE_ITER 1 190 2.165079e-03 7.047653e-04 9.536743e-07 2.118826e-03 0.000000e+00 0.000000e+00 0.000000e+00
PROFILE_ITER 1 191 2.154827e-03 7.143021e-04 0.000000e+00 2.111912e-03 0.000000e+00 0.000000e+00 0.000000e+00
PROFILE_ITER 1 192 2.059221e-03 7.107258e-04 0.000000e+00 2.016068e-03 0.000000e+00 0.000000e+00 0.000000e+00
PROFILE_ITER 1 193 2.170801e-03 7.102489e-04 0.000000e+00 2.126932e-03 0.000000e+00 0.000000e+00 0.000000e+00
PROFILE_ITER 1 194 2.123833e-03 7.152557e-04 0.000000e+00 2.079964e-03 0.000000e+00 0.000000e+00 0.000000e+00
PROFILE_ITER 1 195 2.172709e-03 7.030964e-04 0.000000e+00 2.127886e-03 0.000000e+00 0.000000e+00 0.000000e+00
PROFILE_ITER 1 196 2.168894e-03 7.092953e-04 9.536743e-07 2.124071e-03 0.000000e+00 0.000000e+00 0.000000e+00
PROFILE_ITER 1 197 2.172232e-03 7.057190e-04 0.000000e+00 2.128124e-03 0.000000e+00 0.000000e+00 0.000000e+00
PROFILE_ITER 1 198 2.156973e-03 7.119179e-04 0.000000e+00 2.114058e-03 0.000000e+00 0.000000e+00 9.536743e-07
PROFILE_ITER 1 199 2.173901e-03 7.090569e-04 0.000000e+00 2.127886e-03 0.000000e+00 0.000000e+00 0.000000e+00
PROFILE_ACCUM 1 spmv=4.336159e-01 vecops=2.540367e-01 send_fill=2.264977e-05 local_spmv=4.244795e-01 comm_wait=5.006790e-06 shared_spmv=0.000000e+00 send_wait=4.792213e-05
