Matrix name : /home/bugra/Workspace/C/HetHypPar_rewrite/data/matrices/cage11_1c_15g/cage11_1c_15g.mtx

	****	Matrix File readed	****LOG: Finished Creating Shard CSC
LOG: Finished Creating Vectors
n_iters : 200 
spmv : 0.387993 
file_read : 1.594477 
relative_residual : 2.989815E-16
everything_total : 2.113808

----------------------------------------------------------------------
PROFILE_HEADER rank iter spmv vecops send_fill local_spmv comm_wait shared_spmv send_wait
PROFILE_ITER 0 0 1.559973e-03 1.091003e-03 0.000000e+00 6.551743e-04 9.536743e-07 0.000000e+00 0.000000e+00
PROFILE_ITER 0 1 1.419306e-03 5.307198e-04 0.000000e+00 6.532669e-04 9.536743e-07 0.000000e+00 0.000000e+00
PROFILE_ITER 0 2 1.421928e-03 5.221367e-04 0.000000e+00 6.518364e-04 0.000000e+00 0.000000e+00 0.000000e+00
PROFILE_ITER 0 3 1.424074e-03 5.218983e-04 0.000000e+00 6.527901e-04 1.192093e-06 0.000000e+00 0.000000e+00
PROFILE_ITER 0 4 1.409054e-03 5.259514e-04 0.000000e+00 6.499290e-04 0.000000e+00 0.000000e+00 9.536743e-07
PROFILE_ITER 0 5 1.435041e-03 5.168915e-04 0.000000e+00 6.527901e-04 0.000000e+00 0.000000e+00 0.000000e+00
PROFILE_ITER 0 6 1.421928e-03 5.230904e-04 0.000000e+00 6.508827e-04 0.000000e+00 0.000000e+00 0.000000e+00
PROFILE_ITER 0 7 1.424074e-03 5.269051e-04 0.000000e+00 6.520748e-04 0.000000e+00 0.000000e+00 0.000000e+00
PROFILE_ITER 0 8 1.421928e-03 5.211830e-04 0.000000e+00 6.489754e-04 0.000000e+00 9.536743e-07 0.000000e+00
PROFILE_ITER 0 9 1.421213e-03 5.137920e-04 0.000000e+00 6.477833e-04 0.000000e+00 0.000000e+00 1.192093e-06
PROFILE_ITER 0 10 1.420975e-03 5.180836e-04 0.000000e+00 6.499290e-04 0.000000e+00 0.000000e+00 0.000000e+00
PROFILE_ITER 0 11 1.422167e-03 5.247593e-04 0.000000e+00 6.530285e-04 1.192093e-06 0.000000e+00 0.000000e+00
PROFILE_ITER 0 12 1.420975e-03 5.280972e-04 0.000000e+00 6.530285e-04 0.000000e+00 9.536743e-07 0.000000e+00
PROFILE_ITER 0 13 1.417875e-03 5.211830e-04 0.000000e+00 6.527901e-04 0.000000e+00 0.000000e+00 0.000000e+00
PROFILE_ITER 0 14 1.423836e-03 5.249977e-04 0.000000e+00 6.549358e-04 0.000000e+00 0.000000e+00 0.000000e+00
PROFILE_ITER 0 15 1.409769e-03 5.173683e-04 0.000000e+00 6.508827e-04 0.000000e+00 0.000000e+00 0.000000e+00
PROFILE_ITER 0 16 1.418114e-03 5.168915e-04 0.000000e+00 6.480217e-04 0.000000e+00 9.536743e-07 0.000000e+00
PROFILE_ITER 0 17 1.415730e-03 5.180836e-04 0.000000e+00 6.508827e-04 0.000000e+00 0.000000e+00 0.000000e+00
PROFILE_ITER 0 18 1.415730e-03 5.114079e-04 0.000000e+00 6.499290e-04 0.000000e+00 0.000000e+00 0.000000e+00
PROFILE_ITER 0 19 1.416683e-03 5.233288e-04 0.000000e+00 6.518364e-04 0.000000e+00 0.000000e+00 0.000000e+00
PROFILE_ITER 0 20 1.416922e-03 5.190372e-04 0.000000e+00 6.508827e-04 0.000000e+00 0.000000e+00 0.000000e+00
PROFILE_ITER 0 21 1.419067e-03 5.199909e-04 0.000000e+00 6.489754e-04 0.000000e+00 0.000000e+00 0.000000e+00
PROFILE_ITER 0 22 1.416922e-03 5.130768e-04 0.000000e+00 6.501675e-04 0.000000e+00 0.000000e+00 0.000000e+00
PROFILE_ITER 0 23 1.418829e-03 5.202293e-04 0.000000e+00 6.527901e-04 0.000000e+00 0.000000e+00 0.000000e+00
PROFILE_ITER 0 24 1.416922e-03 5.190372e-04 0.000000e+00 6.489754e-04 0.000000e+00 0.000000e+00 0.000000e+00
PROFILE_ITER 0 25 1.413107e-03 5.218983e-04 0.000000e+00 6.530285e-04 0.000000e+00 0.000000e+00 0.000000e+00
PROFILE_ITER 0 26 1.407146e-03 5.257130e-04 0.000000e+00 6.480217e-04 0.000000e+00 0.000000e+00 9.536743e-07
PROFILE_ITER 0 27 1.422167e-03 5.209446e-04 0.000000e+00 6.499290e-04 0.000000e+00 0.000000e+00 0.000000e+00
PROFILE_ITER 0 28 1.424074e-03 5.168915e-04 9.536743e-07 6.520748e-04 0.000000e+00 0.000000e+00 0.000000e+00
PROFILE_ITER 0 29 1.414061e-03 5.159378e-04 0.000000e+00 6.499290e-04 9.536743e-07 0.000000e+00 0.000000e+00
PROFILE_ITER 0 30 1.418114e-03 5.149841e-04 0.000000e+00 6.508827e-04 0.000000e+00 0.000000e+00 0.000000e+00
PROFILE_ITER 0 31 1.415253e-03 5.216599e-04 0.000000e+00 6.489754e-04 0.000000e+00 0.000000e+00 0.000000e+00
PROFILE_ITER 0 32 1.420975e-03 5.109310e-04 1.192093e-06 6.530285e-04 0.000000e+00 0.000000e+00 0.000000e+00
PROFILE_ITER 0 33 1.414776e-03 5.214214e-04 0.000000e+00 6.489754e-04 0.000000e+00 0.000000e+00 0.000000e+00
PROFILE_ITER 0 34 1.420021e-03 5.238056e-04 0.000000e+00 6.530285e-04 0.000000e+00 0.000000e+00 0.000000e+00
PROFILE_ITER 0PROFILE_HEADER rank iter spmv vecops send_fill local_spmv comm_wait shared_spmv send_wait
PROFILE_ITER 1 0 9.579659e-04 1.347239e-01 0.000000e+00 8.828640e-04 9.536743e-07 0.000000e+00 0.000000e+00
PROFILE_ITER 1 1 5.121231e-04 1.437902e-03 0.000000e+00 4.999638e-04 0.000000e+00 0.000000e+00 0.000000e+00
PROFILE_ITER 1 2 5.288124e-04 1.415253e-03 0.000000e+00 5.209446e-04 0.000000e+00 0.000000e+00 0.000000e+00
PROFILE_ITER 1 3 4.971027e-04 1.448870e-03 0.000000e+00 4.861355e-04 0.000000e+00 0.000000e+00 0.000000e+00
PROFILE_ITER 1 4 5.438328e-04 1.391172e-03 0.000000e+00 5.331039e-04 0.000000e+00 0.000000e+00 0.000000e+00
PROFILE_ITER 1 5 4.980564e-04 1.453876e-03 0.000000e+00 4.901886e-04 0.000000e+00 0.000000e+00 0.000000e+00
PROFILE_ITER 1 6 5.097389e-04 1.436234e-03 0.000000e+00 5.018711e-04 0.000000e+00 0.000000e+00 0.000000e+00
PROFILE_ITER 1 7 5.249977e-04 1.425028e-03 0.000000e+00 5.152225e-04 0.000000e+00 0.000000e+00 0.000000e+00
PROFILE_ITER 1 8 5.102158e-04 1.432896e-03 0.000000e+00 4.997253e-04 0.000000e+00 0.000000e+00 1.192093e-06
PROFILE_ITER 1 9 5.211830e-04 1.413822e-03 0.000000e+00 5.121231e-04 0.000000e+00 0.000000e+00 0.000000e+00
PROFILE_ITER 1 10 5.171299e-04 1.422882e-03 0.000000e+00 5.092621e-04 0.000000e+00 0.000000e+00 0.000000e+00
PROFILE_ITER 1 11 5.409718e-04 1.405954e-03 0.000000e+00 5.309582e-04 0.000000e+00 0.000000e+00 0.000000e+00
PROFILE_ITER 1 12 5.180836e-04 1.430988e-03 0.000000e+00 5.083084e-04 0.000000e+00 0.000000e+00 0.000000e+00
PROFILE_ITER 1 13 5.171299e-04 1.421928e-03 0.000000e+00 5.080700e-04 0.000000e+00 0.000000e+00 0.000000e+00
PROFILE_ITER 1 14 5.190372e-04 1.429796e-03 0.000000e+00 5.090237e-04 0.000000e+00 0.000000e+00 0.000000e+00
PROFILE_ITER 1 15 5.400181e-04 1.387119e-03 0.000000e+00 5.319118e-04 0.000000e+00 0.000000e+00 0.000000e+00
PROFILE_ITER 1 16 5.149841e-04 1.420975e-03 0.000000e+00 5.059242e-04 0.000000e+00 0.000000e+00 0.000000e+00
PROFILE_ITER 1 17 4.920959e-04 1.440763e-03 0.000000e+00 4.832745e-04 0.000000e+00 0.000000e+00 0.000000e+00
PROFILE_ITER 1 18 4.966259e-04 1.430511e-03 0.000000e+00 4.868507e-04 0.000000e+00 0.000000e+00 0.000000e+00
PROFILE_ITER 1 19 4.968643e-04 1.443148e-03 0.000000e+00 4.870892e-04 0.000000e+00 0.000000e+00 0.000000e+00
PROFILE_ITER 1 20 5.159378e-04 1.420021e-03 0.000000e+00 5.068779e-04 0.000000e+00 0.000000e+00 0.000000e+00
PROFILE_ITER 1 21 5.180836e-04 1.420975e-03 0.000000e+00 5.080700e-04 0.000000e+00 0.000000e+00 0.000000e+00
PROFILE_ITER 1 22 4.980564e-04 1.431942e-03 0.000000e+00 4.889965e-04 0.000000e+00 0.000000e+00 0.000000e+00
PROFILE_ITER 1 23 4.999638e-04 1.439095e-03 0.000000e+00 4.899502e-04 0.000000e+00 0.000000e+00 0.000000e+00
PROFILE_ITER 1 24 5.218983e-04 1.415014e-03 0.000000e+00 5.109310e-04 0.000000e+00 0.000000e+00 0.000000e+00
PROFILE_ITER 1 25 5.168915e-04 1.418114e-03 0.000000e+00 5.078316e-04 0.000000e+00 0.000000e+00 0.000000e+00
PROFILE_ITER 1 26 5.171299e-04 1.414776e-03 0.000000e+00 5.071163e-04 0.000000e+00 0.000000e+00 0.000000e+00
PROFILE_ITER 1 27 5.159378e-04 1.428127e-03 0.000000e+00 5.078316e-04 0.000000e+00 0.000000e+00 0.000000e+00
PROFILE_ITER 1 28 5.199909e-04 1.420975e-03 0.000000e+00 5.090237e-04 0.000000e+00 0.000000e+00 0.000000e+00
PROFILE_ITER 1 29 5.400181e-04 1.389980e-03 0.000000e+00 5.309582e-04 0.000000e+00 0.000000e+00 0.000000e+00
PROFILE_ITER 1 30 5.390644e-04 1.394987e-03 0.000000e+00 5.288124e-04 0.000000e+00 0.000000e+00 0.000000e+00
PROFILE_ITER 1 31 5.400181e-04 1.395941e-03 0.000000e+00 5.290508e-04 0.000000e+00 0.000000e+00 0.000000e+00
PROFILE_ITER 1 32 4.918575e-04 1.440048e-03 0.000000e+00 4.830360e-04 0.000000e+00 0.000000e+00 0.000000e+00
PROFILE_ITER 1 33 4.911423e-04 1.446009e-03 0.000000e+00 4.830360e-04 0.000000e+00 0.000000e+00 0.000000e+00
PROFILE_ITER 1 34 5.440712e-04 1.398802e-03 0.000000e+00 5.331039e-04 0.000000e+00 0.000000e+00 0.000000e+00
PROFILE_ITER 1 35 5.371571e-04 1.394749e-03 0.000000e+00 5.290508e-04 0.000000e+00 0.000000e+00 0.000000e+00
PROFILE_ITER 1 36 4.992485e-04 1.431704e-03 0.000000e+00 4.901886e-04 0.000000e+00 0.000000e 35 1.420975e-03 5.121231e-04 0.000000e+00 6.499290e-04 0.000000e+00 0.000000e+00 0.000000e+00
PROFILE_ITER 0 36 1.416683e-03 5.142689e-04 0.000000e+00 6.527901e-04 0.000000e+00 0.000000e+00 0.000000e+00
PROFILE_ITER 0 37 1.417875e-03 5.121231e-04 0.000000e+00 6.489754e-04 0.000000e+00 0.000000e+00 0.000000e+00
PROFILE_ITER 0 38 1.421213e-03 5.218983e-04 9.536743e-07 6.523132e-04 0.000000e+00 0.000000e+00 0.000000e+00
PROFILE_ITER 0 39 1.415014e-03 5.149841e-04 0.000000e+00 6.487370e-04 0.000000e+00 0.000000e+00 0.000000e+00
PROFILE_ITER 0 40 1.419067e-03 5.187988e-04 0.000000e+00 6.520748e-04 0.000000e+00 0.000000e+00 0.000000e+00
PROFILE_ITER 0 41 1.424074e-03 5.180836e-04 0.000000e+00 6.520748e-04 0.000000e+00 0.000000e+00 0.000000e+00
PROFILE_ITER 0 42 1.420975e-03 5.199909e-04 0.000000e+00 6.511211e-04 0.000000e+00 0.000000e+00 0.000000e+00
PROFILE_ITER 0 43 1.414061e-03 5.168915e-04 0.000000e+00 6.470680e-04 0.000000e+00 1.192093e-06 0.000000e+00
PROFILE_ITER 0 44 1.415014e-03 5.130768e-04 0.000000e+00 6.489754e-04 0.000000e+00 0.000000e+00 0.000000e+00
PROFILE_ITER 0 45 1.419306e-03 5.195141e-04 0.000000e+00 6.511211e-04 0.000000e+00 0.000000e+00 0.000000e+00
PROFILE_ITER 0 46 1.411915e-03 5.161762e-04 0.000000e+00 6.477833e-04 0.000000e+00 0.000000e+00 0.000000e+00
PROFILE_ITER 0 47 1.423120e-03 5.159378e-04 0.000000e+00 6.539822e-04 0.000000e+00 0.000000e+00 9.536743e-07
PROFILE_ITER 0 48 1.416206e-03 5.207062e-04 1.192093e-06 6.489754e-04 0.000000e+00 0.000000e+00 0.000000e+00
PROFILE_ITER 0 49 1.420736e-03 5.233288e-04 9.536743e-07 6.499290e-04 9.536743e-07 0.000000e+00 0.000000e+00
PROFILE_ITER 0 50 1.415730e-03 5.221367e-04 0.000000e+00 6.508827e-04 0.000000e+00 0.000000e+00 0.000000e+00
PROFILE_ITER 0 51 1.429081e-03 5.199909e-04 0.000000e+00 6.489754e-04 0.000000e+00 0.000000e+00 0.000000e+00
PROFILE_ITER 0 52 1.415968e-03 5.130768e-04 0.000000e+00 6.499290e-04 0.000000e+00 0.000000e+00 0.000000e+00
PROFILE_ITER 0 53 1.414061e-03 5.187988e-04 0.000000e+00 6.480217e-04 0.000000e+00 0.000000e+00 0.000000e+00
PROFILE_ITER 0 54 1.417875e-03 5.133152e-04 9.536743e-07 6.480217e-04 0.000000e+00 0.000000e+00 0.000000e+00
PROFILE_ITER 0 55 1.418114e-03 5.147457e-04 0.000000e+00 6.508827e-04 0.000000e+00 0.000000e+00 0.000000e+00
PROFILE_ITER 0 56 1.420736e-03 5.223751e-04 0.000000e+00 6.527901e-04 0.000000e+00 0.000000e+00 0.000000e+00
PROFILE_ITER 0 57 1.429319e-03 5.226135e-04 0.000000e+00 6.499290e-04 0.000000e+00 0.000000e+00 0.000000e+00
PROFILE_ITER 0 58 1.419783e-03 5.211830e-04 0.000000e+00 6.508827e-04 0.000000e+00 0.000000e+00 0.000000e+00
PROFILE_ITER 0 59 1.415014e-03 5.180836e-04 0.000000e+00 6.499290e-04 0.000000e+00 0.000000e+00 0.000000e+00
PROFILE_ITER 0 60 1.534700e-03 5.173683e-04 0.000000e+00 6.499290e-04 0.000000e+00 0.000000e+00 9.536743e-07
PROFILE_ITER 0 61 1.416922e-03 5.149841e-04 0.000000e+00 6.489754e-04 0.000000e+00 0.000000e+00 0.000000e+00
PROFILE_ITER 0 62 1.420736e-03 5.233288e-04 0.000000e+00 6.518364e-04 0.000000e+00 0.000000e+00 0.000000e+00
PROFILE_ITER 0 63 1.423836e-03 5.130768e-04 0.000000e+00 6.508827e-04 9.536743e-07 0.000000e+00 0.000000e+00
PROFILE_ITER 0 64 1.409054e-03 5.178452e-04 0.000000e+00 6.501675e-04 9.536743e-07 0.000000e+00 0.000000e+00
PROFILE_ITER 0 65 1.411915e-03 5.230904e-04 9.536743e-07 6.470680e-04 0.000000e+00 0.000000e+00 0.000000e+00
PROFILE_ITER 0 66 1.415253e-03 5.238056e-04 0.000000e+00 6.499290e-04 0.000000e+00 0.000000e+00 0.000000e+00
PROFILE_ITER 0 67 1.420975e-03 5.190372e-04 0.000000e+00 6.499290e-04 0.000000e+00 0.000000e+00 0.000000e+00
PROFILE_ITER 0 68 1.477003e-03 5.171299e-04 0.000000e+00 6.489754e-04 0.000000e+00 0.000000e+00 0.000000e+00
PROFILE_ITER 0 69 1.419067e-03 5.228519e-04 0.000000e+00 6.499290e-04 0.000000e+00 0.000000e+00 0.000000e+00
PROFILE_ITER 0 70 1.415014e-03 5.180836e-04 0.000000e+00 6.489754e-04 0.000000e+00 0.000000e+00 0.000000e+00
PROFILE_ITER 0 71 1.415014e-03 5.109310e-04 0.000000e+00 6.489754e-04 0.000000e+00 0.000000e+00 0.000000e+00
PROFILE_ITER 0 72 1.408815e-03 5.161762e-04 0.000000e+00 6.518364e-04 0.00000+00 0.000000e+00
PROFILE_ITER 1 37 4.980564e-04 1.431942e-03 0.000000e+00 4.878044e-04 0.000000e+00 0.000000e+00 9.536743e-07
PROFILE_ITER 1 38 5.187988e-04 1.424313e-03 0.000000e+00 5.097389e-04 0.000000e+00 0.000000e+00 0.000000e+00
PROFILE_ITER 1 39 5.180836e-04 1.412868e-03 0.000000e+00 5.080700e-04 0.000000e+00 0.000000e+00 0.000000e+00
PROFILE_ITER 1 40 5.021095e-04 1.434803e-03 0.000000e+00 4.920959e-04 0.000000e+00 0.000000e+00 0.000000e+00
PROFILE_ITER 1 41 5.388260e-04 1.403332e-03 0.000000e+00 5.297661e-04 0.000000e+00 0.000000e+00 0.000000e+00
PROFILE_ITER 1 42 5.202293e-04 1.419783e-03 0.000000e+00 5.090237e-04 9.536743e-07 0.000000e+00 0.000000e+00
PROFILE_ITER 1 43 5.381107e-04 1.392841e-03 0.000000e+00 5.300045e-04 0.000000e+00 0.000000e+00 0.000000e+00
PROFILE_ITER 1 44 5.357265e-04 1.392365e-03 0.000000e+00 5.269051e-04 0.000000e+00 0.000000e+00 0.000000e+00
PROFILE_ITER 1 45 5.199909e-04 1.418829e-03 0.000000e+00 5.090237e-04 9.536743e-07 0.000000e+00 0.000000e+00
PROFILE_ITER 1 46 4.961491e-04 1.431942e-03 0.000000e+00 4.870892e-04 0.000000e+00 0.000000e+00 0.000000e+00
PROFILE_ITER 1 47 5.369186e-04 1.402140e-03 0.000000e+00 5.269051e-04 0.000000e+00 0.000000e+00 0.000000e+00
PROFILE_ITER 1 48 5.168915e-04 1.420021e-03 0.000000e+00 5.078316e-04 0.000000e+00 0.000000e+00 0.000000e+00
PROFILE_ITER 1 49 5.002022e-04 1.443863e-03 0.000000e+00 4.887581e-04 0.000000e+00 0.000000e+00 1.192093e-06
PROFILE_ITER 1 50 5.180836e-04 1.419783e-03 0.000000e+00 5.087852e-04 0.000000e+00 0.000000e+00 0.000000e+00
PROFILE_ITER 1 51 4.949570e-04 1.454115e-03 0.000000e+00 4.858971e-04 0.000000e+00 0.000000e+00 0.000000e+00
PROFILE_ITER 1 52 4.923344e-04 1.436710e-03 0.000000e+00 4.832745e-04 0.000000e+00 0.000000e+00 0.000000e+00
PROFILE_ITER 1 53 5.419254e-04 1.390934e-03 0.000000e+00 5.319118e-04 0.000000e+00 0.000000e+00 0.000000e+00
PROFILE_ITER 1 54 5.462170e-04 1.384974e-03 0.000000e+00 5.359650e-04 0.000000e+00 0.000000e+00 0.000000e+00
PROFILE_ITER 1 55 4.980564e-04 1.435757e-03 0.000000e+00 4.899502e-04 0.000000e+00 0.000000e+00 0.000000e+00
PROFILE_ITER 1 56 5.049706e-04 1.437187e-03 0.000000e+00 4.951954e-04 0.000000e+00 0.000000e+00 0.000000e+00
PROFILE_ITER 1 57 5.211830e-04 1.430750e-03 0.000000e+00 5.111694e-04 0.000000e+00 0.000000e+00 0.000000e+00
PROFILE_ITER 1 58 5.180836e-04 1.421928e-03 0.000000e+00 5.080700e-04 0.000000e+00 0.000000e+00 9.536743e-07
PROFILE_ITER 1 59 4.978180e-04 1.436234e-03 1.192093e-06 4.868507e-04 9.536743e-07 0.000000e+00 0.000000e+00
PROFILE_ITER 1 60 5.319118e-04 1.520157e-03 0.000000e+00 5.218983e-04 0.000000e+00 0.000000e+00 0.000000e+00
PROFILE_ITER 1 61 5.009174e-04 1.430988e-03 0.000000e+00 4.930496e-04 0.000000e+00 0.000000e+00 0.000000e+00
PROFILE_ITER 1 62 4.959106e-04 1.449108e-03 0.000000e+00 4.880428e-04 0.000000e+00 0.000000e+00 0.000000e+00
PROFILE_ITER 1 63 5.381107e-04 1.397848e-03 0.000000e+00 5.290508e-04 0.000000e+00 0.000000e+00 0.000000e+00
PROFILE_ITER 1 64 4.949570e-04 1.431942e-03 0.000000e+00 4.861355e-04 0.000000e+00 0.000000e+00 0.000000e+00
PROFILE_ITER 1 65 5.178452e-04 1.418352e-03 0.000000e+00 5.090237e-04 0.000000e+00 0.000000e+00 0.000000e+00
PROFILE_ITER 1 66 4.990101e-04 1.438856e-03 0.000000e+00 4.889965e-04 0.000000e+00 0.000000e+00 9.536743e-07
PROFILE_ITER 1 67 5.180836e-04 1.421928e-03 0.000000e+00 5.090237e-04 1.192093e-06 0.000000e+00 0.000000e+00
PROFILE_ITER 1 68 5.350113e-04 1.460075e-03 0.000000e+00 5.240440e-04 0.000000e+00 0.000000e+00 0.000000e+00
PROFILE_ITER 1 69 5.040169e-04 1.437902e-03 0.000000e+00 4.940033e-04 0.000000e+00 0.000000e+00 0.000000e+00
PROFILE_ITER 1 70 5.149841e-04 1.418114e-03 0.000000e+00 5.068779e-04 0.000000e+00 0.000000e+00 0.000000e+00
PROFILE_ITER 1 71 5.412102e-04 1.384735e-03 0.000000e+00 5.331039e-04 0.000000e+00 0.000000e+00 0.000000e+00
PROFILE_ITER 1 72 5.171299e-04 1.407862e-03 0.000000e+00 5.071163e-04 0.000000e+00 0.000000e+00 9.536743e-07
PROFILE_ITER 1 73 5.180836e-04 1.423836e-03 0.000000e+00 5.080700e-04 0.000000e+00 0.000000e+00 0.000000e+00
PROFILE_ITER 1 74 4.951954e-04 1.447916e-03 0.0e+00 0.000000e+00 0.000000e+00
PROFILE_ITER 0 73 1.417875e-03 5.240440e-04 0.000000e+00 6.508827e-04 0.000000e+00 0.000000e+00 0.000000e+00
PROFILE_ITER 0 74 1.420021e-03 5.230904e-04 0.000000e+00 6.499290e-04 9.536743e-07 0.000000e+00 0.000000e+00
PROFILE_ITER 0 75 1.415253e-03 5.176067e-04 0.000000e+00 6.499290e-04 1.192093e-06 0.000000e+00 0.000000e+00
PROFILE_ITER 0 76 1.421928e-03 5.221367e-04 0.000000e+00 6.489754e-04 0.000000e+00 0.000000e+00 0.000000e+00
PROFILE_ITER 0 77 1.416922e-03 5.190372e-04 0.000000e+00 6.487370e-04 0.000000e+00 0.000000e+00 0.000000e+00
PROFILE_ITER 0 78 1.418829e-03 5.211830e-04 0.000000e+00 6.508827e-04 0.000000e+00 0.000000e+00 0.000000e+00
PROFILE_ITER 0 79 1.419067e-03 5.190372e-04 0.000000e+00 6.513596e-04 9.536743e-07 0.000000e+00 0.000000e+00
PROFILE_ITER 0 80 1.409054e-03 5.209446e-04 0.000000e+00 6.501675e-04 0.000000e+00 0.000000e+00 0.000000e+00
PROFILE_ITER 0 81 1.415968e-03 5.240440e-04 0.000000e+00 6.477833e-04 1.192093e-06 0.000000e+00 0.000000e+00
PROFILE_ITER 0 82 1.411200e-03 5.207062e-04 0.000000e+00 6.480217e-04 0.000000e+00 0.000000e+00 0.000000e+00
PROFILE_ITER 0 83 1.414061e-03 5.249977e-04 0.000000e+00 6.480217e-04 0.000000e+00 0.000000e+00 0.000000e+00
PROFILE_ITER 0 84 1.401901e-03 5.121231e-04 0.000000e+00 6.499290e-04 0.000000e+00 0.000000e+00 0.000000e+00
PROFILE_ITER 0 85 1.412153e-03 5.156994e-04 0.000000e+00 6.477833e-04 1.192093e-06 0.000000e+00 0.000000e+00
PROFILE_ITER 0 86 1.412868e-03 5.152225e-04 0.000000e+00 6.511211e-04 0.000000e+00 0.000000e+00 0.000000e+00
PROFILE_ITER 0 87 1.413822e-03 5.152225e-04 0.000000e+00 6.470680e-04 0.000000e+00 0.000000e+00 0.000000e+00
PROFILE_ITER 0 88 1.414061e-03 5.178452e-04 0.000000e+00 6.449223e-04 0.000000e+00 0.000000e+00 0.000000e+00
PROFILE_ITER 0 89 1.418829e-03 5.221367e-04 0.000000e+00 6.489754e-04 0.000000e+00 0.000000e+00 0.000000e+00
PROFILE_ITER 0 90 1.420021e-03 5.230904e-04 0.000000e+00 6.480217e-04 0.000000e+00 0.000000e+00 0.000000e+00
PROFILE_ITER 0 91 1.423836e-03 5.161762e-04 0.000000e+00 6.518364e-04 9.536743e-07 0.000000e+00 0.000000e+00
PROFILE_ITER 0 92 1.425982e-03 5.099773e-04 0.000000e+00 6.561279e-04 0.000000e+00 0.000000e+00 0.000000e+00
PROFILE_ITER 0 93 1.415968e-03 5.180836e-04 0.000000e+00 6.480217e-04 9.536743e-07 0.000000e+00 0.000000e+00
PROFILE_ITER 0 94 1.418114e-03 5.159378e-04 0.000000e+00 6.489754e-04 0.000000e+00 0.000000e+00 0.000000e+00
PROFILE_ITER 0 95 1.417875e-03 5.230904e-04 0.000000e+00 6.518364e-04 0.000000e+00 0.000000e+00 0.000000e+00
PROFILE_ITER 0 96 1.408815e-03 5.202293e-04 0.000000e+00 6.470680e-04 0.000000e+00 0.000000e+00 0.000000e+00
PROFILE_ITER 0 97 1.417875e-03 5.152225e-04 0.000000e+00 6.511211e-04 0.000000e+00 0.000000e+00 0.000000e+00
PROFILE_ITER 0 98 1.414776e-03 5.271435e-04 0.000000e+00 6.480217e-04 0.000000e+00 0.000000e+00 0.000000e+00
PROFILE_ITER 0 99 1.415014e-03 5.168915e-04 0.000000e+00 6.499290e-04 0.000000e+00 0.000000e+00 0.000000e+00
PROFILE_ITER 0 100 1.413822e-03 5.261898e-04 0.000000e+00 6.499290e-04 0.000000e+00 0.000000e+00 0.000000e+00
PROFILE_ITER 0 101 1.403809e-03 5.042553e-04 0.000000e+00 6.468296e-04 0.000000e+00 0.000000e+00 0.000000e+00
PROFILE_ITER 0 102 1.415014e-03 5.190372e-04 0.000000e+00 6.489754e-04 0.000000e+00 0.000000e+00 0.000000e+00
PROFILE_ITER 0 103 1.424074e-03 5.278587e-04 0.000000e+00 6.520748e-04 0.000000e+00 0.000000e+00 0.000000e+00
PROFILE_ITER 0 104 1.416206e-03 5.218983e-04 0.000000e+00 6.499290e-04 0.000000e+00 0.000000e+00 0.000000e+00
PROFILE_ITER 0 105 1.416206e-03 5.166531e-04 0.000000e+00 6.499290e-04 0.000000e+00 0.000000e+00 0.000000e+00
000000e+00 4.861355e-04 0.000000e+00 0.000000e+00 0.000000e+00
PROFILE_ITER 1 75 4.982948e-04 1.434565e-03 0.000000e+00 4.892349e-04 0.000000e+00 0.000000e+00 0.000000e+00
PROFILE_ITER 1 76 5.149841e-04 1.429081e-03 0.000000e+00 5.068779e-04 0.000000e+00 0.000000e+00 0.000000e+00
PROFILE_ITER 1 77 5.381107e-04 1.397848e-03 9.536743e-07 5.290508e-04 0.000000e+00 0.000000e+00 0.000000e+00
PROFILE_ITER 1 78 4.975796e-04 1.442432e-03 0.000000e+00 4.889965e-04 0.000000e+00 0.000000e+00 0.000000e+00
PROFILE_ITER 1 79 5.190372e-04 1.419067e-03 0.000000e+00 5.111694e-04 0.000000e+00 0.000000e+00 0.000000e+00
PROFILE_ITER 1 80 5.390644e-04 1.391888e-03 0.000000e+00 5.300045e-04 0.000000e+00 0.000000e+00 0.000000e+00
PROFILE_ITER 1 81 5.142689e-04 1.424789e-03 0.000000e+00 5.040169e-04 0.000000e+00 0.000000e+00 0.000000e+00
PROFILE_ITER 1 82 4.949570e-04 1.436949e-03 0.000000e+00 4.868507e-04 0.000000e+00 0.000000e+00 0.000000e+00
PROFILE_ITER 1 83 5.409718e-04 1.398087e-03 0.000000e+00 5.309582e-04 0.000000e+00 0.000000e+00 1.192093e-06
PROFILE_ITER 1 84 5.161762e-04 1.397848e-03 0.000000e+00 5.049706e-04 0.000000e+00 0.000000e+00 0.000000e+00
PROFILE_ITER 1 85 5.359650e-04 1.391888e-03 0.000000e+00 5.269051e-04 0.000000e+00 0.000000e+00 0.000000e+00
PROFILE_ITER 1 86 4.978180e-04 1.430273e-03 0.000000e+00 4.899502e-04 0.000000e+00 0.000000e+00 0.000000e+00
PROFILE_ITER 1 87 5.009174e-04 1.428127e-03 0.000000e+00 4.901886e-04 0.000000e+00 0.000000e+00 0.000000e+00
PROFILE_ITER 1 88 4.968643e-04 1.435041e-03 0.000000e+00 4.868507e-04 0.000000e+00 0.000000e+00 0.000000e+00
PROFILE_ITER 1 89 5.431175e-04 1.397848e-03 0.000000e+00 5.340576e-04 0.000000e+00 0.000000e+00 0.000000e+00
PROFILE_ITER 1 90 4.980564e-04 1.445055e-03 0.000000e+00 4.880428e-04 9.536743e-07 0.000000e+00 0.000000e+00
PROFILE_ITER 1 91 5.390644e-04 1.401901e-03 0.000000e+00 5.280972e-04 0.000000e+00 0.000000e+00 9.536743e-07
PROFILE_ITER 1 92 5.156994e-04 1.420259e-03 0.000000e+00 5.068779e-04 0.000000e+00 0.000000e+00 9.536743e-07
PROFILE_ITER 1 93 5.171299e-04 1.417875e-03 0.000000e+00 5.080700e-04 0.000000e+00 0.000000e+00 0.000000e+00
PROFILE_ITER 1 94 5.159378e-04 1.417160e-03 0.000000e+00 5.061626e-04 0.000000e+00 0.000000e+00 0.000000e+00
PROFILE_ITER 1 95 5.171299e-04 1.423836e-03 0.000000e+00 5.080700e-04 0.000000e+00 0.000000e+00 0.000000e+00
PROFILE_ITER 1 96 5.388260e-04 1.391172e-03 9.536743e-07 5.300045e-04 0.000000e+00 0.000000e+00 0.000000e+00
PROFILE_ITER 1 97 5.190372e-04 1.414061e-03 0.000000e+00 5.080700e-04 0.000000e+00 0.000000e+00 0.000000e+00
PROFILE_ITER 1 98 5.168915e-04 1.425028e-03 0.000000e+00 5.087852e-04 0.000000e+00 0.000000e+00 0.000000e+00
PROFILE_ITER 0 106 1.423120e-03 5.090237e-04 0.000000e+00 6.511211e-04 0.000000e+00 9.536743e-07 0.000000e+00
PROFILE_ITER 0 107 1.419067e-03 5.087852e-04 0.000000e+00 6.489754e-04 0.000000e+00 0.000000e+00 0.000000e+00
PROFILE_ITER 0 108 1.412153e-03 5.199909e-04 0.000000e+00 6.511211e-04 0.000000e+00 0.000000e+00 0.000000e+00
PROFILE_ITER 0 109 1.418114e-03 5.228519e-04 0.000000e+00 6.489754e-04 0.000000e+00 0.000000e+00 0.000000e+00
PROFILE_ITER 0 110 1.420975e-03 5.259514e-04 0.000000e+00 6.520748e-04 0.000000e+00 0.000000e+00 0.000000e+00
PROFILE_ITER 0 111 1.418829e-03 5.192757e-04 0.000000e+00 6.520748e-04 0.000000e+00 0.000000e+00 0.000000e+00
PROFILE_ITER 0 112 1.410723e-03 5.121231e-04 0.000000e+00 6.458759e-04 0.000000e+00 9.536743e-07 0.000000e+00
PROFILE_ITER 0 113 1.415253e-03 5.247593e-04 0.000000e+00 6.513596e-04 0.000000e+00 0.000000e+00 0.000000e+00
PROFILE_ITER 1 99 5.149841e-04 1.416922e-03 0.000000e+00 5.049706e-04 0.000000e+00 0.000000e+00 0.000000e+00
PROFILE_ITER 1 100 5.140305e-04 1.426935e-03 0.000000e+00 5.052090e-04 0.000000e+00 0.000000e+00 0.000000e+00
PROFILE_ITER 1 101 4.971027e-04 1.410961e-03 0.000000e+00 4.870892e-04 0.000000e+00 0.000000e+00 0.000000e+00
PROFILE_ITER 1 102 5.419254e-04 1.392126e-03 0.000000e+00 5.331039e-04 0.000000e+00 0.000000e+00 0.000000e+00
PROFILE_ITER 0 114 1.419067e-03 5.197525e-04 0.000000e+00 6.508827e-04 0.000000e+00 0.000000e+00 0.000000e+00
PROFILE_ITER 0 115 1.407146e-03 5.099773e-04 0.000000e+00 6.470680e-04 9.536743e-07 0.000000e+00 0.000000e+00
PROFILE_ITER 0 116 1.416206e-03 5.288124e-04 0.000000e+00 6.499290e-04 0.000000e+00 0.000000e+00 0.000000e+00
PROFILE_ITER 1 103 5.409718e-04 1.410961e-03 0.000000e+00 5.319118e-04 0.000000e+00 0.000000e+00 0.000000e+00
PROFILE_ITER 1 104 4.987717e-04 1.439333e-03 0.000000e+00 4.899502e-04 0.000000e+00 0.000000e+00 0.000000e+00
PROFILE_ITER 1 105 4.990101e-04 1.433849e-03 0.000000e+00 4.889965e-04 0.000000e+00 0.000000e+00 0.000000e+00
PROFILE_ITER 0 117 1.414061e-03 5.149841e-04 0.000000e+00 6.482601e-04 0.000000e+00 0.000000e+00 0.000000e+00
PROFILE_ITER 0 118 1.406193e-03 5.176067e-04 0.000000e+00 6.470680e-04 0.000000e+00 0.000000e+00 0.000000e+00
PROFILE_ITER 0 119 1.418114e-03 5.209446e-04 0.000000e+00 6.511211e-04 0.000000e+00 0.000000e+00 0.000000e+00
PROFILE_ITER 1 106 4.968643e-04 1.435280e-03 0.000000e+00 4.868507e-04 0.000000e+00 0.000000e+00 0.000000e+00
PROFILE_ITER 1 107 5.199909e-04 1.407862e-03 0.000000e+00 5.111694e-04 0.000000e+00 0.000000e+00 0.000000e+00
PROFILE_ITER 0 120 1.415014e-03 5.109310e-04 0.000000e+00 6.473064e-04 0.000000e+00 0.000000e+00 9.536743e-07
PROFILE_ITER 0 121 1.421213e-03 5.228519e-04 0.000000e+00 6.501675e-04 0.000000e+00 0.000000e+00 0.000000e+00
PROFILE_ITER 0 122 1.418829e-03 5.171299e-04 0.000000e+00 6.499290e-04 0.000000e+00 0.000000e+00 0.000000e+00
PROFILE_ITER 1 108 5.137920e-04 1.418352e-03 0.000000e+00 5.049706e-04 0.000000e+00 0.000000e+00 0.000000e+00
PROFILE_ITER 1 109 4.918575e-04 1.449108e-03 0.000000e+00 4.827976e-04 0.000000e+00 0.000000e+00 0.000000e+00
PROFILE_ITER 1 110 5.161762e-04 1.430750e-03 0.000000e+00 5.071163e-04 0.000000e+00 0.000000e+00 9.536743e-07
PROFILE_ITER 0 123 1.415014e-03 5.140305e-04 0.000000e+00 6.489754e-04 0.000000e+00 0.000000e+00 0.000000e+00
PROFILE_ITER 0 124 1.417875e-03 5.221367e-04 0.000000e+00 6.508827e-04 9.536743e-07 0.000000e+00 0.000000e+00
PROFILE_ITER 0 125 1.417875e-03 5.180836e-04 0.000000e+00 6.499290e-04 0.000000e+00 0.000000e+00 0.000000e+00
PROFILE_ITER 0 126 1.413107e-03 5.190372e-04 0.000000e+00 6.477833e-04 0.000000e+00 0.000000e+00 0.000000e+00
PROFILE_ITER 1 111 5.168915e-04 1.420259e-03 0.000000e+00 5.080700e-04 0.000000e+00 0.000000e+00 0.000000e+00
PROFILE_ITER 1 112 5.412102e-04 1.381636e-03 0.000000e+00 5.309582e-04 0.000000e+00 0.000000e+00 9.536743e-07
PROFILE_ITER 0 127 1.405954e-03 5.199909e-04 9.536743e-07 6.468296e-04 0.000000e+00 0.000000e+00 0.000000e+00
PROFILE_ITER 0 128 1.416922e-03 5.199909e-04 0.000000e+00 6.499290e-04 0.000000e+00 0.000000e+00 0.000000e+00
PROFILE_ITER 1 113 5.147457e-04 1.426458e-03 0.000000e+00 5.040169e-04 9.536743e-07 0.000000e+00 0.000000e+00
PROFILE_ITER 1 114 4.947186e-04 1.444101e-03 0.000000e+00 4.858971e-04 0.000000e+00 0.000000e+00 0.000000e+00
PROFILE_ITER 1 115 5.140305e-04 1.403093e-03 0.000000e+00 5.052090e-04 0.000000e+00 0.000000e+00 0.000000e+00
PROFILE_ITER 1 116 5.159378e-04 1.429081e-03 0.000000e+00 5.040169e-04 0.000000e+00 0.000000e+00 0.000000e+00
PROFILE_ITER 0 129 1.412868e-03 5.211830e-04 0.000000e+00 6.461143e-04 9.536743e-07 0.000000e+00 0.000000e+00
PROFILE_ITER 0 130 1.415968e-03 5.159378e-04 0.000000e+00 6.499290e-04 0.000000e+00 0.000000e+00 0.000000e+00
PROFILE_ITER 0 131 1.407862e-03 5.161762e-04 0.000000e+00 6.508827e-04 0.000000e+00 0.000000e+00 0.000000e+00
PROFILE_ITER 1 117 5.450249e-04 1.384020e-03 0.000000e+00 5.350113e-04 0.000000e+00 0.000000e+00 0.000000e+00
PROFILE_ITER 1 118 5.419254e-04 1.381874e-03 0.000000e+00 5.309582e-04 0.000000e+00 0.000000e+00 0.000000e+00
PROFILE_ITER 1 119 4.999638e-04 1.439095e-03 0.000000e+00 4.911423e-04 0.000000e+00 0.000000e+00 0.000000e+00
PROFILE_ITER 1 120 4.959106e-04 1.430035e-03 0.000000e+00 4.870892e-04 0.000000e+00 0.000000e+00 0.000000e+00
PROFILE_ITER 1 121 5.187988e-04 1.425266e-03 0.000000e+00 5.097389e-04 0.000000e+00 0.000000e+00 0.000000e+00
PROFILE_ITER 1 122 5.168915e-04 1.418114e-03 0.000000e+00 5.090237e-04 0.000000e+00 0.000000e+00 0.000000e+00
PROFILE_ITER 1 123 5.180836e-04 1.411915e-03 0.000000e+00 5.080700e-04 0.000000e+00 0.000000e+00 9.536743e-07
PROFILE_ITER 1 124 4.949570e-04 1.445055e-03 0.000000e+00 4.849434e-04 0.000000e+00 0.000000e+00 0.000000e+00
PROFILE_ITER 0 132 1.418829e-03 5.242825e-04 0.000000e+00 6.520748e-04 0.000000e+00 0.000000e+00 0.000000e+00
PROFILE_ITER 0 133 1.415014e-03 5.209446e-04 0.000000e+00 6.480217e-04 0.000000e+00 0.000000e+00 0.000000e+00
PROFILE_ITER 0 134 1.415968e-03 5.221367e-04 0.000000e+00 6.489754e-04 0.000000e+00 0.000000e+00 0.000000e+00
PROFILE_ITER 0 135 1.424074e-03 5.128384e-04 0.000000e+00 6.520748e-04 0.000000e+00 0.000000e+00 0.000000e+00
PROFILE_ITER 0 136 1.417875e-03 5.221367e-04 0.000000e+00 6.489754e-04 0.000000e+00 0.000000e+00 0.000000e+00
PROFILE_ITER 0 137 1.421928e-03 5.199909e-04 0.000000e+00 6.518364e-04 0.000000e+00 0.000000e+00 0.000000e+00
PROFILE_ITER 0 138 1.406193e-03 5.209446e-04 0.000000e+00 6.501675e-04 0.000000e+00 0.000000e+00 0.000000e+00
PROFILE_ITER 0 139 1.417160e-03 5.218983e-04 0.000000e+00 6.501675e-04 9.536743e-07 0.000000e+00 0.000000e+00
PROFILE_ITER 0 140 1.416922e-03 5.190372e-04 9.536743e-07 6.468296e-04 0.000000e+00 0.000000e+00 0.000000e+00
PROFILE_ITER 0 141 1.415253e-03 5.197525e-04 0.000000e+00 6.489754e-04 9.536743e-07 0.000000e+00 0.000000e+00
PROFILE_ITER 0 142 1.414061e-03 5.218983e-04 0.000000e+00 6.480217e-04 0.000000e+00 0.000000e+00 0.000000e+00
PROFILE_ITER 0 143 1.411915e-03 5.171299e-04 0.000000e+00 6.499290e-04 0.000000e+00 0.000000e+00 0.000000e+00
PROFILE_ITER 0 144 1.404762e-03 5.121231e-04 0.000000e+00 6.458759e-04 0.000000e+00 0.000000e+00 0.000000e+00
PROFILE_ITER 1 125 5.359650e-04 1.399994e-03 0.000000e+00 5.278587e-04 0.000000e+00 0.000000e+00 0.000000e+00
PROFILE_ITER 1 126 5.152225e-04 1.417875e-03 0.000000e+00 5.061626e-04 0.000000e+00 0.000000e+00 0.000000e+00
PROFILE_ITER 0 145 1.416922e-03 5.140305e-04 0.000000e+00 6.501675e-04 0.000000e+00 0.000000e+00 0.000000e+00
PROFILE_ITER 0 146 1.419067e-03 5.240440e-04 0.000000e+00 6.520748e-04 0.000000e+00 0.000000e+00 0.000000e+00
PROFILE_ITER 1 127 4.928112e-04 1.432180e-03 0.000000e+00 4.839897e-04 0.000000e+00 0.000000e+00 0.000000e+00
PROFILE_ITER 1 128 5.409718e-04 1.395941e-03 0.000000e+00 5.300045e-04 0.000000e+00 0.000000e+00 9.536743e-07
PROFILE_ITER 1 129 5.130768e-04 1.420975e-03 0.000000e+00 5.040169e-04 0.000000e+00 0.000000e+00 0.000000e+00
PROFILE_ITER 1 130 5.400181e-04 1.391888e-03 0.000000e+00 5.300045e-04 9.536743e-07 0.000000e+00 0.000000e+00
PROFILE_ITER 0 147 1.415968e-03 5.230904e-04 0.000000e+00 6.487370e-04 0.000000e+00 0.000000e+00 0.000000e+00
PROFILE_ITER 0 148 1.414061e-03 5.118847e-04 0.000000e+00 6.499290e-04 0.000000e+00 0.000000e+00 0.000000e+00
PROFILE_ITER 0 149 1.415253e-03 5.207062e-04 0.000000e+00 6.458759e-04 0.000000e+00 0.000000e+00 0.000000e+00
PROFILE_ITER 0 150 1.417875e-03 5.111694e-04 0.000000e+00 6.489754e-04 0.000000e+00 0.000000e+00 0.000000e+00
PROFILE_ITER 0 151 1.415253e-03 5.187988e-04 0.000000e+00 6.489754e-04 0.000000e+00 0.000000e+00 0.000000e+00
PROFILE_ITER 1 131 5.159378e-04 1.408100e-03 1.192093e-06 5.047321e-04 0.000000e+00 0.000000e+00 0.000000e+00
PROFILE_ITER 1 132 5.400181e-04 1.403093e-03 0.000000e+00 5.290508e-04 0.000000e+00 0.000000e+00 0.000000e+00
PROFILE_ITER 0 152 1.419783e-03 5.230904e-04 0.000000e+00 6.508827e-04 0.000000e+00 0.000000e+00 0.000000e+00
PROFILE_ITER 0 153 1.423836e-03 5.121231e-04 0.000000e+00 6.508827e-04 0.000000e+00 0.000000e+00 0.000000e+00
PROFILE_ITER 0 154 1.416922e-03 5.152225e-04 0.000000e+00 6.489754e-04 0.000000e+00 0.000000e+00 0.000000e+00
PROFILE_ITER 0 155 1.417160e-03 5.137920e-04 0.000000e+00 6.480217e-04 9.536743e-07 0.000000e+00 0.000000e+00
PROFILE_ITER 0 156 1.413107e-03 5.199909e-04 0.000000e+00 6.470680e-04 0.000000e+00 0.000000e+00 0.000000e+00
PROFILE_ITER 1 133 4.961491e-04 1.439810e-03 0.000000e+00 4.870892e-04 0.000000e+00 0.000000e+00 0.000000e+00
PROFILE_ITER 1 134 5.211830e-04 1.416922e-03 0.000000e+00 5.111694e-04 0.000000e+00 0.000000e+00 0.000000e+00
PROFILE_ITER 0 157 1.415968e-03 5.180836e-04 0.000000e+00 6.480217e-04 0.000000e+00 0.000000e+00 0.000000e+00
PROFILE_ITER 0 158 1.414061e-03 5.197525e-04 0.000000e+00 6.480217e-04 9.536743e-07 0.000000e+00 0.000000e+00
PROFILE_ITER 0 159 1.415730e-03 5.223751e-04 0.000000e+00 6.518364e-04 0.000000e+00 0.000000e+00 0.000000e+00
PROFILE_ITER 1 135 4.959106e-04 1.441002e-03 0.000000e+00 4.880428e-04 0.000000e+00 0.000000e+00 0.000000e+00
PROFILE_ITER 1 136 4.980564e-04 1.441956e-03 0.000000e+00 4.870892e-04 9.536743e-07 0.000000e+00 0.000000e+00
PROFILE_ITER 1 137 5.421638e-04 1.399755e-03 0.000000e+00 5.328655e-04 0.000000e+00 0.000000e+00 0.000000e+00
PROFILE_ITER 1 138 4.930496e-04 1.435041e-03 0.000000e+00 4.839897e-04 0.000000e+00 0.000000e+00 0.000000e+00
PROFILE_ITER 0 160 1.415014e-03 5.159378e-04 0.000000e+00 6.477833e-04 0.000000e+00 0.000000e+00 1.192093e-06
PROFILE_ITER 0 161 1.410007e-03 5.249977e-04 0.000000e+00 6.489754e-04 0.000000e+00 0.000000e+00 0.000000e+00
PROFILE_ITER 0 162 1.416922e-03 5.121231e-04 0.000000e+00 6.499290e-04 0.000000e+00 0.000000e+00 0.000000e+00
PROFILE_ITER 1 139 5.180836e-04 1.420975e-03 0.000000e+00 5.080700e-04 0.000000e+00 0.000000e+00 0.000000e+00
PROFILE_ITER 0 163 1.414776e-03 5.230904e-04 0.000000e+00 6.499290e-04 0.000000e+00 0.000000e+00 0.000000e+00
PROFILE_ITER 0 164 1.416922e-03 5.142689e-04 0.000000e+00 6.489754e-04 0.000000e+00 0.000000e+00 0.000000e+00
PROFILE_ITER 0 165 1.418114e-03 5.197525e-04 0.000000e+00 6.511211e-04 0.000000e+00 0.000000e+00 0.000000e+00
PROFILE_ITER 1 140 5.166531e-04 1.419306e-03 0.000000e+00 5.087852e-04 0.000000e+00 0.000000e+00 0.000000e+00
PROFILE_ITER 1 141 5.171299e-04 1.416922e-03 0.000000e+00 5.061626e-04 0.000000e+00 0.000000e+00 0.000000e+00
PROFILE_ITER 0 166 1.421928e-03 5.271435e-04 0.000000e+00 6.511211e-04 0.000000e+00 0.000000e+00 0.000000e+00
PROFILE_ITER 1 142 5.390644e-04 1.396894e-03 0.000000e+00 5.290508e-04 0.000000e+00 0.000000e+00 1.192093e-06
PROFILE_ITER 0 167 1.423120e-03 5.209446e-04 0.000000e+00 6.511211e-04 0.000000e+00 0.000000e+00 0.000000e+00
PROFILE_ITER 0 168 1.419783e-03 5.230904e-04 0.000000e+00 6.489754e-04 9.536743e-07 9.536743e-07 0.000000e+00
PROFILE_ITER 1 143 4.928112e-04 1.436234e-03 0.000000e+00 4.839897e-04 0.000000e+00 0.000000e+00 0.000000e+00
PROFILE_ITER 1 144 5.180836e-04 1.398802e-03 0.000000e+00 5.090237e-04 0.000000e+00 0.000000e+00 0.000000e+00
PROFILE_ITER 0 169 1.415014e-03 5.230904e-04 1.192093e-06 6.468296e-04 0.000000e+00 0.000000e+00 0.000000e+00
PROFILE_ITER 0 170 1.416922e-03 5.099773e-04 0.000000e+00 6.489754e-04 9.536743e-07 0.000000e+00 0.000000e+00
PROFILE_ITER 0 171 1.407146e-03 5.168915e-04 0.000000e+00 6.489754e-04 0.000000e+00 0.000000e+00 0.000000e+00
PROFILE_ITER 0 172 1.415968e-03 5.180836e-04 0.000000e+00 6.489754e-04 0.000000e+00 0.000000e+00 0.000000e+00
PROFILE_ITER 1 145 5.390644e-04 1.391888e-03 0.000000e+00 5.290508e-04 0.000000e+00 0.000000e+00 0.000000e+00
PROFILE_ITER 0 173 1.409054e-03 5.209446e-04 0.000000e+00 6.458759e-04 0.000000e+00 0.000000e+00 0.000000e+00
PROFILE_ITER 0 174 1.412153e-03 5.218983e-04 0.000000e+00 6.492138e-04 0.000000e+00 0.000000e+00 0.000000e+00
PROFILE_ITER 0 175 1.417875e-03 5.130768e-04 0.000000e+00 6.530285e-04 0.000000e+00 0.000000e+00 0.000000e+00
PROFILE_ITER 0 176 1.414299e-03 5.128384e-04 0.000000e+00 6.449223e-04 0.000000e+00 0.000000e+00 0.000000e+00
PROFILE_ITER 1 146 4.990101e-04 1.444101e-03 0.000000e+00 4.899502e-04 0.000000e+00 0.000000e+00 9.536743e-07
PROFILE_ITER 1 147 5.209446e-04 1.418114e-03 0.000000e+00 5.109310e-04 0.000000e+00 0.000000e+00 9.536743e-07
PROFILE_ITER 1 148 5.390644e-04 1.387835e-03 0.000000e+00 5.288124e-04 0.000000e+00 0.000000e+00 1.192093e-06
PROFILE_ITER 0 177 1.413107e-03 5.187988e-04 0.000000e+00 6.480217e-04 9.536743e-07 0.000000e+00 0.000000e+00
PROFILE_ITER 0 178 1.414061e-03 5.190372e-04 0.000000e+00 6.489754e-04 0.000000e+00 0.000000e+00 0.000000e+00
PROFILE_ITER 0 179 1.419067e-03 5.187988e-04 0.000000e+00 6.520748e-04 0.000000e+00 0.000000e+00 0.000000e+00
PROFILE_ITER 0 180 1.415968e-03 5.190372e-04 0.000000e+00 6.470680e-04 0.000000e+00 0.000000e+00 0.000000e+00
PROFILE_ITER 0 181 1.416206e-03 5.218983e-04 0.000000e+00 6.501675e-04 0.000000e+00 0.000000e+00 0.000000e+00
PROFILE_ITER 0 182 1.423836e-03 5.221367e-04 0.000000e+00 6.518364e-04 0.000000e+00 0.000000e+00 0.000000e+00
PROFILE_ITER 0 183 1.420975e-03 5.159378e-04 0.000000e+00 6.501675e-04 9.536743e-07 0.000000e+00 0.000000e+00
PROFILE_ITER 0 184 1.418114e-03 5.190372e-04 0.000000e+00 6.511211e-04 0.000000e+00 0.000000e+00 0.000000e+00
PROFILE_ITER 0 185 1.416206e-03 5.176067e-04 0.000000e+00 6.492138e-04 9.536743e-07 0.000000e+00 0.000000e+00
PROFILE_ITER 0 186 1.410007e-03 5.221367e-04 0.000000e+00 6.499290e-04 0.000000e+00 0.000000e+00 0.000000e+00
PROFILE_ITER 0 187 1.416922e-03 5.171299e-04 0.000000e+00 6.499290e-04 0.000000e+00 0.000000e+00 9.536743e-07
PROFILE_ITER 0 188 1.407385e-03 5.154610e-04 0.000000e+00 6.480217e-04 0.000000e+00 0.000000e+00 0.000000e+00
PROFILE_ITER 0 189 1.413822e-03 5.171299e-04 0.000000e+00 6.489754e-04 0.000000e+00 0.000000e+00 0.000000e+00
PROFILE_ITER 0 190 1.415014e-03 5.161762e-04 0.000000e+00 6.499290e-04 0.000000e+00 0.000000e+00 0.000000e+00
PROFILE_ITER 0 191 1.415253e-03 5.226135e-04 0.000000e+00 6.480217e-04 0.000000e+00 0.000000e+00 0.000000e+00
PROFILE_ITER 0 192 1.410961e-03 5.121231e-04 0.000000e+00 6.456375e-04 0.000000e+00 0.000000e+00 0.000000e+00
PROFILE_ITER 0 193 1.417160e-03 5.118847e-04 0.000000e+00 6.489754e-04 0.000000e+00 0.000000e+00 0.000000e+00
PROFILE_ITER 0 194 1.415014e-03 5.168915e-04 0.000000e+00 6.468296e-04 9.536743e-07 0.000000e+00 0.000000e+00
PROFILE_ITER 0 195 1.417160e-03 5.178452e-04 0.000000e+00 6.489754e-04 0.000000e+00 0.000000e+00 0.000000e+00
PROFILE_ITER 0 196 1.415968e-03 5.071163e-04 0.000000e+00 6.499290e-04 9.536743e-07 0.000000e+00 0.000000e+00
PROFILE_ITER 0 197 1.419067e-03 5.137920e-04 0.000000e+00 6.501675e-04 0.000000e+00 0.000000e+00 0.000000e+00
PROFILE_ITER 0 198 1.422167e-03 5.238056e-04 0.000000e+00 6.511211e-04 0.000000e+00 0.000000e+00 0.000000e+00
PROFILE_ITER 0 199 1.409769e-03 5.214214e-04 1.192093e-06 6.477833e-04 0.000000e+00 0.000000e+00 0.000000e+00
PROFILE_ACCUM 0 spmv=2.836568e-01 vecops=1.043236e-01 send_fill=1.144409e-05 local_spmv=1.299596e-01 comm_wait=2.884865e-05 shared_spmv=6.914139e-06 send_wait=8.106232e-06
PROFILE_ITER 1 149 5.400181e-04 1.394987e-03 0.000000e+00 5.297661e-04 0.000000e+00 0.000000e+00 0.000000e+00
PROFILE_ITER 1 150 5.409718e-04 1.388073e-03 0.000000e+00 5.311966e-04 0.000000e+00 0.000000e+00 0.000000e+00
PROFILE_ITER 1 151 5.369186e-04 1.397133e-03 0.000000e+00 5.278587e-04 0.000000e+00 0.000000e+00 0.000000e+00
PROFILE_ITER 1 152 4.940033e-04 1.448870e-03 0.000000e+00 4.839897e-04 0.000000e+00 0.000000e+00 0.000000e+00
PROFILE_ITER 1 153 5.152225e-04 1.420736e-03 0.000000e+00 5.061626e-04 0.000000e+00 0.000000e+00 0.000000e+00
PROFILE_ITER 1 154 4.959106e-04 1.436234e-03 0.000000e+00 4.878044e-04 0.000000e+00 0.000000e+00 0.000000e+00
PROFILE_ITER 1 155 5.390644e-04 1.392841e-03 0.000000e+00 5.290508e-04 0.000000e+00 0.000000e+00 0.000000e+00
PROFILE_ITER 1 156 5.140305e-04 1.419067e-03 0.000000e+00 5.059242e-04 0.000000e+00 0.000000e+00 0.000000e+00
PROFILE_ITER 1 157 4.942417e-04 1.439810e-03 0.000000e+00 4.851818e-04 0.000000e+00 0.000000e+00 0.000000e+00
PROFILE_ITER 1 158 4.980564e-04 1.435757e-03 0.000000e+00 4.880428e-04 0.000000e+00 0.000000e+00 9.536743e-07
PROFILE_ITER 1 159 4.968643e-04 1.441240e-03 0.000000e+00 4.868507e-04 0.000000e+00 0.000000e+00 0.000000e+00
PROFILE_ITER 1 160 4.959106e-04 1.435041e-03 0.000000e+00 4.858971e-04 0.000000e+00 0.000000e+00 0.000000e+00
PROFILE_ITER 1 161 4.990101e-04 1.435995e-03 0.000000e+00 4.909039e-04 0.000000e+00 0.000000e+00 0.000000e+00
PROFILE_ITER 1 162 4.961491e-04 1.432896e-03 0.000000e+00 4.870892e-04 0.000000e+00 0.000000e+00 0.000000e+00
PROFILE_ITER 1 163 5.009174e-04 1.438141e-03 0.000000e+00 4.909039e-04 0.000000e+00 0.000000e+00 9.536743e-07
PROFILE_ITER 1 164 5.438328e-04 1.386166e-03 0.000000e+00 5.331039e-04 0.000000e+00 0.000000e+00 9.536743e-07
PROFILE_ITER 1 165 5.390644e-04 1.398802e-03 0.000000e+00 5.300045e-04 0.000000e+00 0.000000e+00 0.000000e+00
PROFILE_ITER 1 166 4.951954e-04 1.453876e-03 0.000000e+00 4.851818e-04 0.000000e+00 0.000000e+00 9.536743e-07
PROFILE_ITER 1 167 4.990101e-04 1.445055e-03 0.000000e+00 4.909039e-04 0.000000e+00 0.000000e+00 0.000000e+00
PROFILE_ITER 1 168 5.180836e-04 1.424789e-03 0.000000e+00 5.087852e-04 0.000000e+00 0.000000e+00 0.000000e+00
PROFILE_ITER 1 169 4.918575e-04 1.446247e-03 0.000000e+00 4.820824e-04 0.000000e+00 0.000000e+00 0.000000e+00
PROFILE_ITER 1 170 5.178452e-04 1.409054e-03 0.000000e+00 5.080700e-04 0.000000e+00 0.000000e+00 9.536743e-07
PROFILE_ITER 1 171 5.390644e-04 1.386881e-03 0.000000e+00 5.290508e-04 0.000000e+00 0.000000e+00 0.000000e+00
PROFILE_ITER 1 172 5.350113e-04 1.399040e-03 0.000000e+00 5.261898e-04 0.000000e+00 0.000000e+00 0.000000e+00
PROFILE_ITER 1 173 4.920959e-04 1.437902e-03 0.000000e+00 4.832745e-04 0.000000e+00 0.000000e+00 0.000000e+00
PROFILE_ITER 1 174 4.949570e-04 1.439095e-03 0.000000e+00 4.861355e-04 0.000000e+00 0.000000e+00 0.000000e+00
PROFILE_ITER 1 175 5.166531e-04 1.414299e-03 0.000000e+00 5.068779e-04 0.000000e+00 0.000000e+00 0.000000e+00
PROFILE_ITER 1 176 4.961491e-04 1.430988e-03 0.000000e+00 4.861355e-04 0.000000e+00 0.000000e+00 0.000000e+00
PROFILE_ITER 1 177 4.971027e-04 1.434803e-03 0.000000e+00 4.880428e-04 0.000000e+00 0.000000e+00 0.000000e+00
PROFILE_ITER 1 178 5.397797e-04 1.393318e-03 0.000000e+00 5.319118e-04 0.000000e+00 0.000000e+00 0.000000e+00
PROFILE_ITER 1 179 5.209446e-04 1.416922e-03 0.000000e+00 5.130768e-04 0.000000e+00 0.000000e+00 0.000000e+00
PROFILE_ITER 1 180 5.421638e-04 1.392841e-03 0.000000e+00 5.311966e-04 0.000000e+00 0.000000e+00 0.000000e+00
PROFILE_ITER 1 181 5.168915e-04 1.421213e-03 0.000000e+00 5.059242e-04 0.000000e+00 0.000000e+00 0.000000e+00
PROFILE_ITER 1 182 5.190372e-04 1.426935e-03 0.000000e+00 5.097389e-04 0.000000e+00 0.000000e+00 0.000000e+00
PROFILE_ITER 1 183 4.959106e-04 1.441002e-03 0.000000e+00 4.868507e-04 0.000000e+00 0.000000e+00 0.000000e+00
PROFILE_ITER 1 184 4.937649e-04 1.443386e-03 0.000000e+00 4.837513e-04 0.000000e+00 0.000000e+00 0.000000e+00
PROFILE_ITER 1 185 4.968643e-04 1.438141e-03 0.000000e+00 4.868507e-04 0.000000e+00 0.000000e+00 0.000000e+00
PROFILE_ITER 1 186 5.381107e-04 1.392841e-03 0.000000e+00 5.290508e-04 0.000000e+00 0.000000e+00 0.000000e+00
PROFILE_ITER 1 187 5.390644e-04 1.394987e-03 0.000000e+00 5.302429e-04 0.000000e+00 0.000000e+00 0.000000e+00
PROFILE_ITER 1 188 5.161762e-04 1.406670e-03 0.000000e+00 5.071163e-04 0.000000e+00 0.000000e+00 0.000000e+00
PROFILE_ITER 1 189 5.178452e-04 1.413107e-03 0.000000e+00 5.099773e-04 0.000000e+00 0.000000e+00 0.000000e+00
PROFILE_ITER 1 190 5.388260e-04 1.392365e-03 0.000000e+00 5.288124e-04 0.000000e+00 0.000000e+00 0.000000e+00
PROFILE_ITER 1 191 4.971027e-04 1.440763e-03 0.000000e+00 4.870892e-04 0.000000e+00 0.000000e+00 0.000000e+00
PROFILE_ITER 1 192 5.178452e-04 1.405239e-03 0.000000e+00 5.066395e-04 0.000000e+00 0.000000e+00 0.000000e+00
PROFILE_ITER 1 193 5.168915e-04 1.412153e-03 0.000000e+00 5.068779e-04 0.000000e+00 0.000000e+00 0.000000e+00
PROFILE_ITER 1 194 5.428791e-04 1.389027e-03 0.000000e+00 5.328655e-04 0.000000e+00 0.000000e+00 0.000000e+00
PROFILE_ITER 1 195 5.218983e-04 1.413107e-03 9.536743e-07 5.111694e-04 0.000000e+00 0.000000e+00 9.536743e-07
PROFILE_ITER 1 196 5.180836e-04 1.405001e-03 0.000000e+00 5.080700e-04 0.000000e+00 0.000000e+00 9.536743e-07
PROFILE_ITER 1 197 5.221367e-04 1.410723e-03 0.000000e+00 5.128384e-04 0.000000e+00 0.000000e+00 0.000000e+00
PROFILE_ITER 1 198 5.147457e-04 1.431227e-03 0.000000e+00 5.059242e-04 0.000000e+00 0.000000e+00 0.000000e+00
PROFILE_ITER 1 199 5.159378e-04 1.415253e-03 0.000000e+00 5.080700e-04 0.000000e+00 0.000000e+00 0.000000e+00
PROFILE_ACCUM 1 spmv=1.036766e-01 vecops=4.173415e-01 send_fill=5.245209e-06 local_spmv=1.017163e-01 comm_wait=8.821487e-06 shared_spmv=0.000000e+00 send_wait=2.408028e-05
