Matrix name : /home/bugra/Workspace/C/HetHypPar_rewrite/data/matrices/cage11_1c_30g/cage11_1c_30g.mtx

	****	Matrix File readed	****LOG: Finished Creating Shard CSC
LOG: Finished Creating Vectors
PROFILE_HEADER rank iter spmv vecops send_fill local_spmv comm_wait shared_spmv send_wait
PROFILE_ITER 1 0 8.587837e-04 1.762891e-01 0.000000e+00 8.399487e-04 0.000000e+00 0.000000e+00 0.000000e+00
PROFILE_ITER 1 1 5.679131e-04 3.113031e-03 0.000000e+00 5.581379e-04 0.000000e+00 0.000000e+00 0.000000e+00
PROFILE_ITER 1 2 5.021095e-04 3.159046e-03 0.000000e+00 4.920959e-04 0.000000e+00 0.000000e+00 0.000000e+00
PROFILE_ITER 1 3 5.249977e-04 3.145933e-03 0.000000e+00 5.149841e-04 0.000000e+00 0.000000e+00 0.000000e+00
PROFILE_ITER 1 4 5.011559e-04 3.163815e-03 0.000000e+00 4.920959e-04 0.000000e+00 0.000000e+00 0.000000e+00
PROFILE_ITER 1 5 4.980564e-04 3.167868e-03 0.000000e+00 4.889965e-04 0.000000e+00 0.000000e+00 0.000000e+00
PROFILE_ITER 1 6 5.178452e-04 3.148317e-03 9.536743e-07 5.078316e-04 0.000000e+00 0.000000e+00 0.000000e+00
PROFILE_ITER 1 7 5.159378e-04 3.145933e-03 0.000000e+00 5.049706e-04 0.000000e+00 0.000000e+00 0.000000e+00
PROFILE_ITER 1 8 5.140305e-04 3.137112e-03 0.000000e+00 5.052090e-04 9.536743e-07 0.000000e+00 0.000000e+00
PROFILE_ITER 1 9 5.192757e-04 3.132582e-03 0.000000e+00 5.090237e-04 0.000000e+00 0.000000e+00 0.000000e+00
PROFILE_ITER 1 10 5.409718e-04 3.118992e-03 0.000000e+00 5.290508e-04 0.000000e+00 0.000000e+00 9.536743e-07
PROFILE_ITER 1 11 5.388260e-04 3.123283e-03 0.000000e+00 5.309582e-04 0.000000e+00 0.000000e+00 0.000000e+00
PROFILE_ITER 1 12 5.168915e-04 3.143072e-03 0.000000e+00 5.071163e-04 0.000000e+00 0.000000e+00 0.000000e+00
PROFILE_ITER 1 13 4.999638e-04 3.165007e-03 0.000000e+00 4.899502e-04 0.000000e+00 0.000000e+00 0.000000e+00
PROFILE_ITER 1 14 5.400181e-04 3.123999e-03 0.000000e+00 5.290508e-04 0.000000e+00 0.000000e+00 9.536743e-07
PROFILE_ITER 1 15 5.178452e-04 3.138304e-03 0.000000e+00 5.078316e-04 0.000000e+00 0.000000e+00 0.000000e+00
PROFILE_ITER 1 16 4.959106e-04 3.170967e-03 0.000000e+00 4.868507e-04 0.000000e+00 0.000000e+00 0.000000e+00
PROFILE_ITER 1 17 5.381107e-04 3.115892e-03 0.000000e+00 5.276203e-04 0.000000e+00 0.000000e+00 0.000000e+00
PROFILE_ITER 1 18 5.159378e-04 3.141165e-03 0.000000e+00 5.059242e-04 0.000000e+00 0.000000e+00 0.000000e+00
PROFILE_ITER 1 19 5.199909e-04 3.145933e-03 0.000000e+00 5.087852e-04 0.000000e+00 0.000000e+00 1.192093e-06
PROFILE_ITER 1 20 5.378723e-04 3.133059e-03 0.000000e+00 5.278587e-04 0.000000e+00 0.000000e+00 0.000000e+00
PROFILE_ITER 1 21 5.171299e-04 3.145933e-03 0.000000e+00 5.071163e-04 0.000000e+00 0.000000e+00 0.000000e+00
PROFILE_ITER 1 22 4.980564e-04 3.165007e-03 0.000000e+00 4.892349e-04 0.000000e+00 0.000000e+00 0.000000e+00
PROFILE_ITER 1 23 4.968643e-04 3.161192e-03 0.000000e+00 4.880428e-04 0.000000e+00 0.000000e+00 0.000000e+00
PROFILE_ITER 1 24 5.402565e-04 3.119707e-03 0.000000e+00 5.300045e-04 0.000000e+00 0.000000e+00 0.000000e+00
PROFILE_ITER 1 25 5.190372e-04 3.172874e-03 0.000000e+00 5.102158e-04 0.000000e+00 0.000000e+00 0.000000e+00
PROFILE_ITER 1 26 5.202293e-04 3.143787e-03 0.000000e+00 5.109310e-04 0.000000e+00 0.000000e+00 1.192093e-06
PROFILE_ITER 1 27 5.190372e-04 3.140926e-03 0.000000e+00 5.099773e-04 0.000000e+00 0.000000e+00 0.000000e+00
PROFILE_ITER 1 28 5.171299e-04 3.139019e-03 0.000000e+00 5.071163e-04 0.000000e+00 0.000000e+00 0.000000e+00
PROFILE_ITER 1 29 5.378723e-04 3.123999e-03 0.000000e+00 5.278587e-04 0.000000e+00 0.000000e+00 9.536743e-07
PROFILE_ITER 1 30 5.128384e-04 3.143311e-03 0.000000e+00 5.047321e-04 0.000000e+00 0.000000e+00 0.000000e+00
PROFILE_ITER 1 31 5.159378e-04 3.144026e-03 0.000000e+00 5.049706e-04 0.000000e+00 0.000000e+00 0.000000e+00
PROFILE_ITER 1 32 5.161762e-04 3.134727e-03 0.000000e+00 5.061626e-04 0.000000e+00 0.000000e+00 0.000000e+00
PROFILE_ITER 1 33 5.156994e-04 3.158331e-03 0.000000e+00 5.068779e-04 0.000000e+00 0.000000e+00 0.000000e+00
PROFILE_ITER 1 34 5.309582e-04 3.119946e-03 0.000000e+00 5.230904e-04 0.000000e+00 0.000000e+00 0.000000e+00
PROFILE_ITER 1 35 5.178452e-04 3.144264e-03 0.000000e+00 5.068779e-04 0.000000e+00 0.000000e+00 0.000000e+00
PROFILE_ITER 1 36 4.978180e-04 3.166199e-03 0.000000e+00 4.887581e-04 0.000000e+00 0.000000en_iters : 200 
spmv : 0.732427 
file_read : 3.105055 
relative_residual : 2.950986E-16
everything_total : 4.002524

----------------------------------------------------------------------
PROFILE_HEADER rank iter spmv vecops send_fill local_spmv comm_wait shared_spmv send_wait
PROFILE_ITER 0 0 2.840042e-03 1.488924e-03 0.000000e+00 1.268864e-03 0.000000e+00 0.000000e+00 0.000000e+00
PROFILE_ITER 0 1 2.768278e-03 9.126663e-04 0.000000e+00 1.266003e-03 0.000000e+00 0.000000e+00 0.000000e+00
PROFILE_ITER 0 2 2.752066e-03 9.090900e-04 0.000000e+00 1.266956e-03 0.000000e+00 0.000000e+00 0.000000e+00
PROFILE_ITER 0 3 2.758026e-03 9.129047e-04 0.000000e+00 1.266956e-03 0.000000e+00 0.000000e+00 0.000000e+00
PROFILE_ITER 0 4 2.756119e-03 9.088516e-04 0.000000e+00 1.263857e-03 1.192093e-06 0.000000e+00 0.000000e+00
PROFILE_ITER 0 5 2.752066e-03 9.138584e-04 0.000000e+00 1.263857e-03 0.000000e+00 0.000000e+00 0.000000e+00
PROFILE_ITER 0 6 2.751827e-03 9.143353e-04 0.000000e+00 1.262665e-03 0.000000e+00 0.000000e+00 0.000000e+00
PROFILE_ITER 0 7 2.752066e-03 9.098053e-04 0.000000e+00 1.261950e-03 0.000000e+00 0.000000e+00 0.000000e+00
PROFILE_ITER 0 8 2.750874e-03 9.002686e-04 0.000000e+00 1.262903e-03 0.000000e+00 0.000000e+00 0.000000e+00
PROFILE_ITER 0 9 2.753019e-03 8.997917e-04 0.000000e+00 1.264095e-03 0.000000e+00 0.000000e+00 0.000000e+00
PROFILE_ITER 0 10 2.758980e-03 9.000301e-04 9.536743e-07 1.267195e-03 0.000000e+00 0.000000e+00 0.000000e+00
PROFILE_ITER 0 11 2.752066e-03 9.100437e-04 9.536743e-07 1.264095e-03 0.000000e+00 0.000000e+00 9.536743e-07
PROFILE_ITER 0 12 2.751827e-03 9.081364e-04 0.000000e+00 1.262903e-03 0.000000e+00 0.000000e+00 0.000000e+00
PROFILE_ITER 0 13 2.749920e-03 9.150505e-04 0.000000e+00 1.266956e-03 0.000000e+00 0.000000e+00 0.000000e+00
PROFILE_ITER 0 14 2.757072e-03 9.069443e-04 0.000000e+00 1.265049e-03 9.536743e-07 0.000000e+00 0.000000e+00
PROFILE_ITER 0 15 2.747059e-03 9.078979e-04 0.000000e+00 1.261950e-03 0.000000e+00 9.536743e-07 0.000000e+00
PROFILE_ITER 0 16 2.760172e-03 9.078979e-04 0.000000e+00 1.264095e-03 0.000000e+00 0.000000e+00 0.000000e+00
PROFILE_ITER 0 17 2.750158e-03 9.047985e-04 0.000000e+00 1.265049e-03 0.000000e+00 0.000000e+00 9.536743e-07
PROFILE_ITER 0 18 2.749920e-03 9.071827e-04 0.000000e+00 1.262903e-03 0.000000e+00 0.000000e+00 0.000000e+00
PROFILE_ITER 0 19 2.752781e-03 9.131432e-04 0.000000e+00 1.263857e-03 0.000000e+00 0.000000e+00 0.000000e+00
PROFILE_ITER 0 20 2.753973e-03 9.160042e-04 0.000000e+00 1.266956e-03 0.000000e+00 0.000000e+00 0.000000e+00
PROFILE_ITER 0 21 2.754927e-03 9.081364e-04 0.000000e+00 1.265049e-03 0.000000e+00 0.000000e+00 0.000000e+00
PROFILE_ITER 0 22 2.755880e-03 9.071827e-04 9.536743e-07 1.263142e-03 0.000000e+00 9.536743e-07 0.000000e+00
PROFILE_ITER 0 23 2.755165e-03 9.028912e-04 0.000000e+00 1.263857e-03 1.192093e-06 0.000000e+00 0.000000e+00
PROFILE_ITER 0 24 2.753019e-03 9.069443e-04 0.000000e+00 1.264811e-03 0.000000e+00 0.000000e+00 0.000000e+00
PROFILE_ITER 0 25 2.773046e-03 9.210110e-04 1.192093e-06 1.266003e-03 0.000000e+00 0.000000e+00 0.000000e+00
PROFILE_ITER 0 26 2.753973e-03 9.078979e-04 0.000000e+00 1.263857e-03 0.000000e+00 0.000000e+00 0.000000e+00
PROFILE_ITER 0 27 2.755165e-03 9.047985e-04 0.000000e+00 1.265049e-03 0.000000e+00 0.000000e+00 0.000000e+00
PROFILE_ITER 0 28 2.750874e-03 9.040833e-04 0.000000e+00 1.264095e-03 0.000000e+00 0.000000e+00 0.000000e+00
PROFILE_ITER 0 29 2.752066e-03 9.109974e-04 0.000000e+00 1.263142e-03 0.000000e+00 0.000000e+00 0.000000e+00
PROFILE_ITER 0 30 2.754211e-03 9.019375e-04 0.000000e+00 1.266241e-03 0.000000e+00 0.000000e+00 0.000000e+00
PROFILE_ITER 0 31 2.753019e-03 9.069443e-04 0.000000e+00 1.265049e-03 0.000000e+00 0.000000e+00 0.000000e+00
PROFILE_ITER 0 32 2.745867e-03 9.050369e-04 0.000000e+00 1.262903e-03 0.000000e+00 0.000000e+00 0.000000e+00
PROFILE_ITER 0 33 2.758026e-03 9.160042e-04 0.000000e+00 1.263857e-03 0.000000e+00 0.000000e+00 0.000000e+00
PROFILE_ITER 0 34 2.749205e-03 9.016991e-04 0.000000e+00 1.259089e-03 0.000000e+00 1.192093e-06 0.000000e+00
PROFILE_ITER 0 35 2.751112e-03 9.109974e-04 0.000000e+00 1.266003e-03 0.000000e+00 0.000000e+00 0.000000e+00
PROFILE_ITER 0 36 2.753735e-03 9.102821e-04 0.000000e+00 1.260757e-03 0.000000e+00 0.000000e+00 0.000000e+00
PROFILE_ITER 0 37 2.754927e-03 8.981228e-04 0.000000e+00 1.263857e-03 0.000000e+00 0.000000e+00 0.000000e+00
PROFILE_ITER 0 38 2.750874e-03 9.160042e-04 0.000000e+00 1.263857e-03 0.000000e+00 0.000000e+00 0.000000e+00
PROFILE_ITER 0 39 2.752066e-03 9.100437e-04 0.000000e+00 1.264811e-03 9.536743e-07 0.000000e+00 0.000000e+00
PROFILE_ITER 0 40 2.753973e-03 9.088516e-04 0.000000e+00 1.258850e-03 0.000000e+00 0.000000e+00 0.000000e+00
PROFILE_ITER 0 41 2.756119e-03 9.078979e-04 0.000000e+00 1.264095e-03 0.000000e+00 0.000000e+00 0.000000e+00
PROFILE_ITER 0 42 2.754211e-03 9.098053e-04 9.536743e-07 1.262188e-03 0.000000e+00 0.000000e+00 0.000000e+00
PROFILE_ITER 0 43 2.750158e-03 8.938313e-04 0.000000e+00 1.261950e-03 0.000000e+00 0.000000e+00 0.000000e+00
PROFILE_ITER 0 44 2.751112e-03 9.100437e-04 0.000000e+00 1.262903e-03 0.000000e+00 0.000000e+00 0.000000e+00
PROFILE_ITER 0 45 2.759933e-03 9.019375e-04 0.000000e+00 1.266003e-03 0.000000e+00 0.000000e+00 0.000000e+00
PROFILE_ITER 0 46 2.748966e-03 9.100437e-04 0.000000e+00 1.260996e-03 0.000000e+00 0.000000e+00 0.000000e+00
PROFILE_ITER 0 47 2.758980e-03 9.121895e-04 0.000000e+00 1.265049e-03 0.000000e+00 0.000000e+00 0.000000e+00
PROFILE_ITER 0 48 2.748966e-03 9.098053e-04 0.000000e+00 1.266956e-03 0.000000e+00 0.000000e+00 0.000000e+00
PROFILE_ITER 0 49 2.750874e-03 9.093285e-04 0.000000e+00 1.262903e-03 0.000000e+00 0.000000e+00 0.000000e+00
PROFILE_ITER 0 50 2.750874e-03 9.090900e-04 0.000000e+00 1.262188e-03 9.536743e-07 0.000000e+00 0.000000e+00
+00 0.000000e+00
PROFILE_ITER 1 37 5.211830e-04 3.131866e-03 9.536743e-07 5.111694e-04 0.000000e+00 0.000000e+00 0.000000e+00
PROFILE_ITER 1 38 5.190372e-04 3.147840e-03 0.000000e+00 5.109310e-04 0.000000e+00 0.000000e+00 0.000000e+00
PROFILE_ITER 1 39 5.180836e-04 3.144026e-03 0.000000e+00 5.068779e-04 9.536743e-07 0.000000e+00 0.000000e+00
PROFILE_ITER 1 40 4.999638e-04 3.161907e-03 0.000000e+00 4.899502e-04 0.000000e+00 0.000000e+00 0.000000e+00
PROFILE_ITER 1 41 5.192757e-04 3.143787e-03 0.000000e+00 5.078316e-04 0.000000e+00 0.000000e+00 1.192093e-06
PROFILE_ITER 1 42 5.168915e-04 3.148079e-03 0.000000e+00 5.068779e-04 0.000000e+00 0.000000e+00 0.000000e+00
PROFILE_ITER 1 43 5.400181e-04 3.103971e-03 0.000000e+00 5.300045e-04 0.000000e+00 0.000000e+00 0.000000e+00
PROFILE_ITER 1 44 5.180836e-04 3.143072e-03 0.000000e+00 5.080700e-04 0.000000e+00 0.000000e+00 0.000000e+00
PROFILE_ITER 1 45 5.390644e-04 3.122807e-03 0.000000e+00 5.290508e-04 0.000000e+00 0.000000e+00 0.000000e+00
PROFILE_ITER 1 46 5.412102e-04 3.117800e-03 0.000000e+00 5.331039e-04 0.000000e+00 0.000000e+00 0.000000e+00
PROFILE_ITER 1 47 5.400181e-04 3.131151e-03 0.000000e+00 5.300045e-04 0.000000e+00 0.000000e+00 0.000000e+00
PROFILE_ITER 1 48 5.183220e-04 3.140450e-03 0.000000e+00 5.102158e-04 0.000000e+00 0.000000e+00 0.000000e+00
PROFILE_ITER 1 49 4.959106e-04 3.164291e-03 0.000000e+00 4.858971e-04 0.000000e+00 0.000000e+00 0.000000e+00
PROFILE_ITER 1 50 5.378723e-04 3.122091e-03 0.000000e+00 5.271435e-04 0.000000e+00 0.000000e+00 0.000000e+00
PROFILE_ITER 1 51 4.951954e-04 3.160715e-03 0.000000e+00 4.842281e-04 0.000000e+00 0.000000e+00 0.000000e+00
PROFILE_ITER 1 52 4.999638e-04 3.157139e-03 0.000000e+00 4.909039e-04 0.000000e+00 0.000000e+00 0.000000e+00
PROFILE_ITER 1 53 5.199909e-04 3.129959e-03 0.000000e+00 5.090237e-04 0.000000e+00 0.000000e+00 9.536743e-07
PROFILE_ITER 1 54 5.180836e-04 3.132820e-03 0.000000e+00 5.090237e-04 0.000000e+00 0.000000e+00 0.000000e+00
PROFILE_ITER 1 55 4.978180e-04 3.157377e-03 0.000000e+00 4.899502e-04 0.000000e+00 0.000000e+00 0.000000e+00
PROFILE_ITER 1 56 4.980564e-04 3.163815e-03 1.192093e-06 4.858971e-04 0.000000e+00 0.000000e+00 9.536743e-07
PROFILE_ITER 1 57 5.412102e-04 3.122807e-03 0.000000e+00 5.319118e-04 0.000000e+00 0.000000e+00 0.000000e+00
PROFILE_ITER 1 58 5.369186e-04 3.126144e-03 0.000000e+00 5.271435e-04 0.000000e+00 0.000000e+00 0.000000e+00
PROFILE_ITER 1 59 5.171299e-04 3.143787e-03 0.000000e+00 5.078316e-04 0.000000e+00 0.000000e+00 0.000000e+00
PROFILE_ITER 1 60 5.409718e-04 3.116131e-03 0.000000e+00 5.309582e-04 0.000000e+00 0.000000e+00 0.000000e+00
PROFILE_ITER 1 61 5.400181e-04 3.119946e-03 0.000000e+00 5.288124e-04 0.000000e+00 0.000000e+00 1.192093e-06
PROFILE_ITER 0 51 2.747059e-03 9.078979e-04 0.000000e+00 1.263142e-03 0.000000e+00 0.000000e+00 0.000000e+00
PROFILE_ITER 0 52 2.749920e-03 9.071827e-04 9.536743e-07 1.260042e-03 0.000000e+00 0.000000e+00 0.000000e+00
PROFILE_ITER 0 53 2.747774e-03 9.012222e-04 0.000000e+00 1.260042e-03 0.000000e+00 0.000000e+00 9.536743e-07
PROFILE_ITER 0 54 2.752066e-03 8.997917e-04 0.000000e+00 1.261950e-03 0.000000e+00 0.000000e+00 0.000000e+00
PROFILE_ITER 0 55 2.754927e-03 9.002686e-04 0.000000e+00 1.261950e-03 0.000000e+00 0.000000e+00 0.000000e+00
PROFILE_ITER 0 56 2.750874e-03 9.109974e-04 0.000000e+00 1.264811e-03 0.000000e+00 0.000000e+00 0.000000e+00
PROFILE_ITER 0 57 2.753019e-03 9.119511e-04 1.192093e-06 1.261950e-03 0.000000e+00 0.000000e+00 0.000000e+00
PROFILE_ITER 0 58 2.755880e-03 9.062290e-04 0.000000e+00 1.265049e-03 0.000000e+00 0.000000e+00 9.536743e-07
PROFILE_ITER 0 59 2.748966e-03 9.119511e-04 0.000000e+00 1.262903e-03 0.000000e+00 0.000000e+00 0.000000e+00
PROFILE_ITER 0 60 2.757072e-03 9.000301e-04 0.000000e+00 1.267195e-03 0.000000e+00 0.000000e+00 0.000000e+00
PROFILE_ITER 0 61 2.753019e-03 9.069443e-04 0.000000e+00 1.265049e-03 0.000000e+00 0.000000e+00 0.000000e+00
PROFILE_ITER 0 62 2.751827e-03 9.071827e-04 0.000000e+00 1.261950e-03 0.000000e+00 0.000000e+00 0.000000e+00
PROFILE_ITER 0 63 2.750874e-03 9.140968e-04 0.000000e+00 1.266003e-03 0.000000e+00 0.000000e+00 0.000000e+00
PROFILE_ITER 0 64 2.750874e-03 9.031296e-04 9.536743e-07 1.262903e-03 0.000000e+00 0.000000e+00 0.000000e+00
PROFILE_ITER 0 65 2.754927e-03 9.050369e-04 0.000000e+00 1.265049e-03 0.000000e+00 0.000000e+00 0.000000e+00
PROFILE_ITER 0 66 2.750158e-03 9.088516e-04 0.000000e+00 1.262188e-03 0.000000e+00 0.000000e+00 0.000000e+00
PROFILE_ITER 0 67 2.741814e-03 9.102821e-04 0.000000e+00 1.260042e-03 0.000000e+00 0.000000e+00 0.000000e+00
PROFILE_ITER 0 68 2.751827e-03 9.119511e-04 0.000000e+00 1.259804e-03 0.000000e+00 0.000000e+00 0.000000e+00
PROFILE_ITER 0 69 2.754211e-03 9.047985e-04 0.000000e+00 1.266003e-03 0.000000e+00 0.000000e+00 0.000000e+00
PROFILE_ITER 0 70 2.748013e-03 9.109974e-04 9.536743e-07 1.261234e-03 0.000000e+00 0.000000e+00 0.000000e+00
PROFILE_ITER 0 71 2.747774e-03 9.074211e-04 0.000000e+00 1.260757e-03 0.000000e+00 0.000000e+00 0.000000e+00
PROFILE_ITER 0 72 2.758980e-03 9.050369e-04 1.192093e-06 1.267910e-03 9.536743e-07 0.000000e+00 0.000000e+00
PROFILE_ITER 1 62 4.911423e-04 3.167868e-03 0.000000e+00 4.820824e-04 0.000000e+00 0.000000e+00 0.000000e+00
PROFILE_ITER 1 63 5.180836e-04 3.145933e-03 0.000000e+00 5.099773e-04 0.000000e+00 0.000000e+00 0.000000e+00
PROFILE_ITER 1 64 5.390644e-04 3.114939e-03 0.000000e+00 5.288124e-04 0.000000e+00 0.000000e+00 0.000000e+00
PROFILE_ITER 1 65 5.381107e-04 3.121853e-03 0.000000e+00 5.271435e-04 0.000000e+00 0.000000e+00 9.536743e-07
PROFILE_ITER 1 66 5.190372e-04 3.139973e-03 0.000000e+00 5.078316e-04 9.536743e-07 0.000000e+00 0.000000e+00
PROFILE_ITER 1 67 5.199909e-04 3.132105e-03 0.000000e+00 5.111694e-04 0.000000e+00 0.000000e+00 0.000000e+00
PROFILE_ITER 1 68 5.183220e-04 3.145456e-03 0.000000e+00 5.080700e-04 0.000000e+00 0.000000e+00 0.000000e+00
PROFILE_ITER 1 69 5.192757e-04 3.140926e-03 0.000000e+00 5.092621e-04 0.000000e+00 0.000000e+00 9.536743e-07
PROFILE_ITER 1 70 5.180836e-04 3.139734e-03 0.000000e+00 5.090237e-04 0.000000e+00 0.000000e+00 9.536743e-07
PROFILE_ITER 1 71 5.199909e-04 3.135204e-03 0.000000e+00 5.099773e-04 0.000000e+00 0.000000e+00 0.000000e+00
PROFILE_ITER 1 72 5.178452e-04 3.146172e-03 1.192093e-06 5.068779e-04 0.000000e+00 0.000000e+00 0.000000e+00
PROFILE_ITER 1 73 4.959106e-04 3.169060e-03 0.000000e+00 4.858971e-04 0.000000e+00 0.000000e+00 0.000000e+00
PROFILE_ITER 1 74 5.383492e-04 3.118515e-03 0.000000e+00 5.280972e-04 0.000000e+00 0.000000e+00 0.000000e+00
PROFILE_ITER 1 75 5.147457e-04 3.153324e-03 0.000000e+00 5.068779e-04 0.000000e+00 0.000000e+00 0.000000e+00
PROFILE_ITER 1 76 4.951954e-04 3.163815e-03 0.000000e+00 4.870892e-04 0.000000e+00 0.000000e+00 0.000000e+00
PROFILE_ITER 1 77 5.390644e-04 3.119946e-03 0.000000e+00 5.288124e-04 0.000000e+00 0.000000e+00 0.000000e+00
PROFILE_ITER 1 78 5.381107e-04 3.120899e-03 0.000000e+00 5.302429e-04 0.000000e+00 0.000000e+00 0.000000e+00
PROFILE_ITER 1 79 5.156994e-04 3.136158e-03 0.000000e+00 5.068779e-04 0.000000e+00 0.000000e+00 0.000000e+00
PROFILE_ITER 1 80 5.207062e-04 3.137350e-03 0.000000e+00 5.099773e-04 0.000000e+00 0.000000e+00 0.000000e+00
PROFILE_ITER 0 73 2.753973e-03 9.119511e-04 0.000000e+00 1.266956e-03 0.000000e+00 0.000000e+00 0.000000e+00
PROFILE_ITER 0 74 2.752781e-03 9.031296e-04 0.000000e+00 1.262903e-03 0.000000e+00 0.000000e+00 0.000000e+00
PROFILE_ITER 0 75 2.757072e-03 9.109974e-04 0.000000e+00 1.267910e-03 0.000000e+00 0.000000e+00 0.000000e+00
PROFILE_ITER 0 76 2.744913e-03 9.140968e-04 0.000000e+00 1.260042e-03 0.000000e+00 0.000000e+00 0.000000e+00
PROFILE_ITER 0 77 2.748251e-03 9.107590e-04 0.000000e+00 1.262188e-03 0.000000e+00 0.000000e+00 0.000000e+00
PROFILE_ITER 0 78 2.751112e-03 9.078979e-04 0.000000e+00 1.263857e-03 1.192093e-06 0.000000e+00 0.000000e+00
PROFILE_ITER 0 79 2.748251e-03 9.036064e-04 0.000000e+00 1.261234e-03 0.000000e+00 0.000000e+00 0.000000e+00
PROFILE_ITER 0 80 2.754927e-03 9.031296e-04 0.000000e+00 1.264095e-03 0.000000e+00 0.000000e+00 9.536743e-07
PROFILE_ITER 0 81 2.749920e-03 9.031296e-04 0.000000e+00 1.265049e-03 0.000000e+00 0.000000e+00 0.000000e+00
PROFILE_ITER 0 82 2.754211e-03 9.047985e-04 0.000000e+00 1.266241e-03 0.000000e+00 0.000000e+00 0.000000e+00
PROFILE_ITER 0 83 2.753973e-03 9.040833e-04 0.000000e+00 1.263857e-03 0.000000e+00 0.000000e+00 0.000000e+00
PROFILE_ITER 1 81 5.190372e-04 3.134012e-03 1.192093e-06 5.099773e-04 0.000000e+00 0.000000e+00 0.000000e+00
PROFILE_ITER 1 82 4.990101e-04 3.160000e-03 0.000000e+00 4.901886e-04 9.536743e-07 0.000000e+00 0.000000e+00
PROFILE_ITER 1 83 5.168915e-04 3.141165e-03 0.000000e+00 5.071163e-04 0.000000e+00 0.000000e+00 0.000000e+00
PROFILE_ITER 1 84 4.992485e-04 3.154755e-03 0.000000e+00 4.889965e-04 0.000000e+00 0.000000e+00 0.000000e+00
PROFILE_ITER 1 85 5.168915e-04 3.140926e-03 0.000000e+00 5.080700e-04 9.536743e-07 0.000000e+00 0.000000e+00
PROFILE_ITER 1 86 5.168915e-04 3.139257e-03 0.000000e+00 5.068779e-04 0.000000e+00 0.000000e+00 0.000000e+00
PROFILE_ITER 1 87 5.109310e-04 3.147125e-03 0.000000e+00 5.009174e-04 0.000000e+00 0.000000e+00 0.000000e+00
PROFILE_ITER 1 88 4.968643e-04 3.165007e-03 0.000000e+00 4.889965e-04 0.000000e+00 0.000000e+00 0.000000e+00
PROFILE_ITER 1 89 5.178452e-04 3.137112e-03 0.000000e+00 5.080700e-04 0.000000e+00 0.000000e+00 0.000000e+00
PROFILE_ITER 1 90 5.192757e-04 3.140688e-03 0.000000e+00 5.090237e-04 0.000000e+00 0.000000e+00 0.000000e+00
PROFILE_ITER 1 91 5.149841e-04 3.143072e-03 0.000000e+00 5.049706e-04 0.000000e+00 0.000000e+00 0.000000e+00
PROFILE_ITER 0 84 2.748013e-03 9.059906e-04 0.000000e+00 1.260996e-03 0.000000e+00 0.000000e+00 0.000000e+00
PROFILE_ITER 0 85 2.748013e-03 9.098053e-04 0.000000e+00 1.262903e-03 0.000000e+00 0.000000e+00 0.000000e+00
PROFILE_ITER 0 86 2.755165e-03 9.009838e-04 9.536743e-07 1.263142e-03 0.000000e+00 0.000000e+00 0.000000e+00
PROFILE_ITER 0 87 2.749920e-03 9.069443e-04 0.000000e+00 1.264095e-03 0.000000e+00 0.000000e+00 0.000000e+00
PROFILE_ITER 0 88 2.755165e-03 9.078979e-04 0.000000e+00 1.266003e-03 0.000000e+00 0.000000e+00 0.000000e+00
PROFILE_ITER 1 92 5.118847e-04 3.142118e-03 0.000000e+00 5.030632e-04 0.000000e+00 0.000000e+00 0.000000e+00
PROFILE_ITER 1 93 5.209446e-04 3.134012e-03 0.000000e+00 5.097389e-04 0.000000e+00 0.000000e+00 9.536743e-07
PROFILE_ITER 1 94 5.419254e-04 3.111124e-03 0.000000e+00 5.331039e-04 0.000000e+00 0.000000e+00 0.000000e+00
PROFILE_ITER 0 89 2.749681e-03 9.062290e-04 0.000000e+00 1.264811e-03 0.000000e+00 0.000000e+00 0.000000e+00
PROFILE_ITER 0 90 2.754211e-03 9.047985e-04 0.000000e+00 1.263142e-03 0.000000e+00 0.000000e+00 0.000000e+00
PROFILE_ITER 0 91 2.749205e-03 9.078979e-04 0.000000e+00 1.263142e-03 0.000000e+00 0.000000e+00 0.000000e+00
PROFILE_ITER 0 92 2.745867e-03 9.090900e-04 0.000000e+00 1.261950e-03 0.000000e+00 0.000000e+00 0.000000e+00
PROFILE_ITER 1 95 5.378723e-04 3.121138e-03 0.000000e+00 5.280972e-04 0.000000e+00 0.000000e+00 0.000000e+00
PROFILE_ITER 1 96 5.140305e-04 3.148079e-03 0.000000e+00 5.042553e-04 0.000000e+00 0.000000e+00 9.536743e-07
PROFILE_ITER 1 97 5.362034e-04 3.118753e-03 0.000000e+00 5.261898e-04 0.000000e+00 0.000000e+00 0.000000e+00
PROFILE_ITER 1 98 5.190372e-04 3.139973e-03 0.000000e+00 5.080700e-04 9.536743e-07 0.000000e+00 0.000000e+00
PROFILE_ITER 0 93 2.751112e-03 9.038448e-04 0.000000e+00 1.261950e-03 0.000000e+00 0.000000e+00 0.000000e+00
PROFILE_ITER 0 94 2.753019e-03 9.000301e-04 0.000000e+00 1.260996e-03 0.000000e+00 9.536743e-07 0.000000e+00
PROFILE_ITER 0 95 2.755880e-03 9.031296e-04 0.000000e+00 1.266003e-03 0.000000e+00 0.000000e+00 0.000000e+00
PROFILE_ITER 0 96 2.755880e-03 9.062290e-04 0.000000e+00 1.262903e-03 0.000000e+00 0.000000e+00 0.000000e+00
PROFILE_ITER 0 97 2.748728e-03 9.062290e-04 0.000000e+00 1.260757e-03 0.000000e+00 0.000000e+00 0.000000e+00
PROFILE_ITER 1 99 5.171299e-04 3.145933e-03 0.000000e+00 5.071163e-04 0.000000e+00 0.000000e+00 0.000000e+00
PROFILE_ITER 1 100 5.171299e-04 3.153801e-03 0.000000e+00 5.090237e-04 0.000000e+00 0.000000e+00 0.000000e+00
PROFILE_ITER 1 101 5.159378e-04 3.149033e-03 0.000000e+00 5.059242e-04 0.000000e+00 0.000000e+00 0.000000e+00
PROFILE_ITER 1 102 5.388260e-04 3.132105e-03 0.000000e+00 5.288124e-04 0.000000e+00 0.000000e+00 0.000000e+00
PROFILE_ITER 1 103 4.949570e-04 3.163099e-03 0.000000e+00 4.849434e-04 0.000000e+00 0.000000e+00 0.000000e+00
PROFILE_ITER 1 104 5.140305e-04 3.154993e-03 0.000000e+00 5.040169e-04 0.000000e+00 0.000000e+00 0.000000e+00
PROFILE_ITER 1 105 4.999638e-04 3.153086e-03 0.000000e+00 4.901886e-04 0.000000e+00 0.000000e+00 0.000000e+00
PROFILE_ITER 0 98 2.752066e-03 9.069443e-04 0.000000e+00 1.261234e-03 0.000000e+00 0.000000e+00 0.000000e+00
PROFILE_ITER 0 99 2.749920e-03 9.131432e-04 0.000000e+00 1.260996e-03 0.000000e+00 0.000000e+00 9.536743e-07
PROFILE_ITER 0 100 2.756834e-03 9.140968e-04 0.000000e+00 1.266003e-03 9.536743e-07 0.000000e+00 0.000000e+00
PROFILE_ITER 0 101 2.750874e-03 9.140968e-04 0.000000e+00 1.261950e-03 0.000000e+00 0.000000e+00 0.000000e+00
PROFILE_ITER 1 106 5.173683e-04 3.135443e-03 0.000000e+00 5.092621e-04 0.000000e+00 0.000000e+00 0.000000e+00
PROFILE_ITER 1 107 5.159378e-04 3.139257e-03 0.000000e+00 5.068779e-04 0.000000e+00 0.000000e+00 0.000000e+00
PROFILE_ITER 0 102 2.753019e-03 9.179115e-04 0.000000e+00 1.260996e-03 0.000000e+00 0.000000e+00 0.000000e+00
PROFILE_ITER 0 103 2.756119e-03 9.019375e-04 0.000000e+00 1.266003e-03 0.000000e+00 0.000000e+00 0.000000e+00
PROFILE_ITER 0 104 2.755165e-03 9.138584e-04 0.000000e+00 1.267195e-03 0.000000e+00 0.000000e+00 0.000000e+00
PROFILE_ITER 0 105 2.748013e-03 9.059906e-04 0.000000e+00 1.260757e-03 0.000000e+00 0.000000e+00 0.000000e+00
PROFILE_ITER 1 108 4.968643e-04 3.158092e-03 0.000000e+00 4.880428e-04 0.000000e+00 0.000000e+00 0.000000e+00
PROFILE_ITER 1 109 4.971027e-04 3.157854e-03 0.000000e+00 4.880428e-04 0.000000e+00 0.000000e+00 0.000000e+00
PROFILE_ITER 1 110 5.397797e-04 3.113270e-03 0.000000e+00 5.300045e-04 0.000000e+00 0.000000e+00 0.000000e+00
PROFILE_ITER 1 111 5.409718e-04 3.115892e-03 0.000000e+00 5.321503e-04 0.000000e+00 0.000000e+00 0.000000e+00
PROFILE_ITER 0 106 2.748013e-03 9.038448e-04 0.000000e+00 1.262903e-03 0.000000e+00 0.000000e+00 0.000000e+00
PROFILE_ITER 0 107 2.753973e-03 9.000301e-04 0.000000e+00 1.262665e-03 0.000000e+00 0.000000e+00 0.000000e+00
PROFILE_ITER 1 112 5.369186e-04 3.114223e-03 0.000000e+00 5.271435e-04 0.000000e+00 0.000000e+00 9.536743e-07
PROFILE_ITER 1 113 5.218983e-04 3.127098e-03 0.000000e+00 5.128384e-04 0.000000e+00 0.000000e+00 0.000000e+00
PROFILE_ITER 0 108 2.747059e-03 9.078979e-04 0.000000e+00 1.263142e-03 0.000000e+00 0.000000e+00 0.000000e+00
PROFILE_ITER 0 109 2.753735e-03 9.012222e-04 0.000000e+00 1.262903e-03 0.000000e+00 0.000000e+00 0.000000e+00
PROFILE_ITER 0 110 2.748966e-03 9.040833e-04 0.000000e+00 1.263142e-03 0.000000e+00 0.000000e+00 0.000000e+00
PROFILE_ITER 0 111 2.750158e-03 9.067059e-04 0.000000e+00 1.262903e-03 1.192093e-06 0.000000e+00 0.000000e+00
PROFILE_ITER 0 112 2.748013e-03 9.031296e-04 0.000000e+00 1.262188e-03 0.000000e+00 0.000000e+00 0.000000e+00
PROFILE_ITER 1 114 5.180836e-04 3.127813e-03 0.000000e+00 5.090237e-04 0.000000e+00 0.000000e+00 0.000000e+00
PROFILE_ITER 1 115 5.388260e-04 3.126144e-03 0.000000e+00 5.290508e-04 0.000000e+00 0.000000e+00 9.536743e-07
PROFILE_ITER 1 116 5.171299e-04 3.134012e-03 0.000000e+00 5.068779e-04 0.000000e+00 0.000000e+00 1.192093e-06
PROFILE_ITER 1 117 5.409718e-04 3.113985e-03 0.000000e+00 5.311966e-04 0.000000e+00 0.000000e+00 0.000000e+00
PROFILE_ITER 1 118 5.159378e-04 3.138065e-03 0.000000e+00 5.061626e-04 0.000000e+00 0.000000e+00 0.000000e+00
PROFILE_ITER 1 119 5.199909e-04 3.134012e-03 0.000000e+00 5.111694e-04 0.000000e+00 0.000000e+00 0.000000e+00
PROFILE_ITER 0 113 2.748013e-03 9.009838e-04 0.000000e+00 1.260996e-03 0.000000e+00 0.000000e+00 0.000000e+00
PROFILE_ITER 0 114 2.742052e-03 9.038448e-04 0.000000e+00 1.260996e-03 0.000000e+00 0.000000e+00 0.000000e+00
PROFILE_ITER 0 115 2.758026e-03 9.069443e-04 0.000000e+00 1.265049e-03 0.000000e+00 0.000000e+00 0.000000e+00
PROFILE_ITER 1 120 5.190372e-04 3.130913e-03 0.000000e+00 5.090237e-04 0.000000e+00 0.000000e+00 0.000000e+00
PROFILE_ITER 1 121 5.209446e-04 3.136158e-03 0.000000e+00 5.099773e-04 0.000000e+00 0.000000e+00 9.536743e-07
PROFILE_ITER 1 122 5.152225e-04 3.138781e-03 0.000000e+00 5.061626e-04 0.000000e+00 0.000000e+00 0.000000e+00
PROFILE_ITER 0 116 2.749920e-03 9.012222e-04 0.000000e+00 1.263857e-03 0.000000e+00 0.000000e+00 0.000000e+00
PROFILE_ITER 0 117 2.750874e-03 9.040833e-04 0.000000e+00 1.263142e-03 0.000000e+00 0.000000e+00 0.000000e+00
PROFILE_ITER 0 118 2.752781e-03 9.012222e-04 0.000000e+00 1.264095e-03 0.000000e+00 0.000000e+00 0.000000e+00
PROFILE_ITER 0 119 2.752066e-03 9.019375e-04 0.000000e+00 1.261950e-03 0.000000e+00 0.000000e+00 0.000000e+00
PROFILE_ITER 1 123 5.159378e-04 3.143072e-03 0.000000e+00 5.052090e-04 0.000000e+00 0.000000e+00 0.000000e+00
PROFILE_ITER 1 124 5.390644e-04 3.107786e-03 0.000000e+00 5.300045e-04 0.000000e+00 0.000000e+00 0.000000e+00
PROFILE_ITER 1 125 5.211830e-04 3.136873e-03 0.000000e+00 5.111694e-04 0.000000e+00 0.000000e+00 0.000000e+00
PROFILE_ITER 1 126 5.190372e-04 3.135920e-03 0.000000e+00 5.080700e-04 9.536743e-07 0.000000e+00 0.000000e+00
PROFILE_ITER 1 127 5.378723e-04 3.110170e-03 0.000000e+00 5.288124e-04 0.000000e+00 0.000000e+00 9.536743e-07
PROFILE_ITER 1 128 5.168915e-04 3.142118e-03 0.000000e+00 5.056858e-04 0.000000e+00 0.000000e+00 9.536743e-07
PROFILE_ITER 1 129 5.187988e-04 3.137350e-03 0.000000e+00 5.099773e-04 0.000000e+00 0.000000e+00 0.000000e+00
PROFILE_ITER 0 120 2.750874e-03 8.990765e-04 0.000000e+00 1.262903e-03 0.000000e+00 0.000000e+00 0.000000e+00
PROFILE_ITER 0 121 2.753258e-03 9.047985e-04 0.000000e+00 1.261234e-03 0.000000e+00 0.000000e+00 0.000000e+00
PROFILE_ITER 0 122 2.749920e-03 9.031296e-04 0.000000e+00 1.258850e-03 1.192093e-06 0.000000e+00 0.000000e+00
PROFILE_ITER 0 123 2.754927e-03 9.040833e-04 0.000000e+00 1.262188e-03 9.536743e-07 0.000000e+00 0.000000e+00
PROFILE_ITER 1 130 5.159378e-04 3.139973e-03 0.000000e+00 5.080700e-04 0.000000e+00 0.000000e+00 0.000000e+00
PROFILE_ITER 1 131 4.942417e-04 3.174782e-03 0.000000e+00 4.851818e-04 0.000000e+00 0.000000e+00 0.000000e+00
PROFILE_ITER 0 124 2.748251e-03 8.985996e-04 0.000000e+00 1.262188e-03 0.000000e+00 0.000000e+00 0.000000e+00
PROFILE_ITER 0 125 2.747059e-03 9.109974e-04 0.000000e+00 1.260996e-03 0.000000e+00 0.000000e+00 0.000000e+00
PROFILE_ITER 1 132 5.190372e-04 3.144026e-03 0.000000e+00 5.080700e-04 0.000000e+00 0.000000e+00 0.000000e+00
PROFILE_ITER 1 133 5.190372e-04 3.143787e-03 0.000000e+00 5.090237e-04 0.000000e+00 0.000000e+00 0.000000e+00
PROFILE_ITER 1 134 5.140305e-04 3.141165e-03 0.000000e+00 5.028248e-04 0.000000e+00 0.000000e+00 0.000000e+00
PROFILE_ITER 0 126 2.749920e-03 9.050369e-04 0.000000e+00 1.260996e-03 0.000000e+00 0.000000e+00 9.536743e-07
PROFILE_ITER 0 127 2.748013e-03 9.009838e-04 0.000000e+00 1.260996e-03 0.000000e+00 0.000000e+00 0.000000e+00
PROFILE_ITER 0 128 2.752066e-03 9.069443e-04 0.000000e+00 1.261950e-03 0.000000e+00 0.000000e+00 0.000000e+00
PROFILE_ITER 1 135 5.259514e-04 3.135920e-03 0.000000e+00 5.180836e-04 0.000000e+00 0.000000e+00 0.000000e+00
PROFILE_ITER 1 136 5.199909e-04 3.145933e-03 0.000000e+00 5.099773e-04 0.000000e+00 0.000000e+00 0.000000e+00
PROFILE_ITER 1 137 5.381107e-04 3.118992e-03 0.000000e+00 5.278587e-04 0.000000e+00 0.000000e+00 0.000000e+00
PROFILE_ITER 1 138 4.971027e-04 3.169775e-03 0.000000e+00 4.870892e-04 0.000000e+00 0.000000e+00 0.000000e+00
PROFILE_ITER 1 139 5.178452e-04 3.142357e-03 9.536743e-07 5.087852e-04 0.000000e+00 0.000000e+00 0.000000e+00
PROFILE_ITER 1 140 5.218983e-04 3.134012e-03 0.000000e+00 5.137920e-04 0.000000e+00 0.000000e+00 0.000000e+00
PROFILE_ITER 1 141 5.159378e-04 3.144026e-03 9.536743e-07 5.049706e-04 0.000000e+00 0.000000e+00 1.192093e-06
PROFILE_ITER 1 142 5.390644e-04 3.120899e-03 0.000000e+00 5.278587e-04 0.000000e+00 0.000000e+00 0.000000e+00
PROFILE_ITER 1 143 5.180836e-04 3.129959e-03 0.000000e+00 5.080700e-04 9.536743e-07 0.000000e+00 0.000000e+00
PROFILE_ITER 0 129 2.753973e-03 9.021759e-04 0.000000e+00 1.265049e-03 0.000000e+00 0.000000e+00 0.000000e+00
PROFILE_ITER 0 130 2.752066e-03 9.038448e-04 0.000000e+00 1.267195e-03 0.000000e+00 0.000000e+00 0.000000e+00
PROFILE_ITER 0 131 2.754927e-03 9.140968e-04 1.907349e-06 1.266003e-03 0.000000e+00 0.000000e+00 0.000000e+00
PROFILE_ITER 0 132 2.755880e-03 9.071827e-04 0.000000e+00 1.264095e-03 0.000000e+00 0.000000e+00 0.000000e+00
PROFILE_ITER 0 133 2.753258e-03 9.095669e-04 0.000000e+00 1.266003e-03 0.000000e+00 0.000000e+00 0.000000e+00
PROFILE_ITER 0 134 2.749920e-03 9.052753e-04 0.000000e+00 1.261950e-03 0.000000e+00 0.000000e+00 0.000000e+00
PROFILE_ITER 0 135 2.751827e-03 9.100437e-04 0.000000e+00 1.265049e-03 0.000000e+00 0.000000e+00 0.000000e+00
PROFILE_ITER 0 136 2.752066e-03 9.138584e-04 0.000000e+00 1.262903e-03 0.000000e+00 0.000000e+00 0.000000e+00
PROFILE_ITER 0 137 2.753019e-03 9.050369e-04 0.000000e+00 1.262903e-03 0.000000e+00 0.000000e+00 0.000000e+00
PROFILE_ITER 0 138 2.757788e-03 9.081364e-04 0.000000e+00 1.266956e-03 0.000000e+00 0.000000e+00 0.000000e+00
PROFILE_ITER 0 139 2.751827e-03 9.083748e-04 0.000000e+00 1.261950e-03 0.000000e+00 0.000000e+00 0.000000e+00
PROFILE_ITER 1 144 5.168915e-04 3.143072e-03 0.000000e+00 5.090237e-04 0.000000e+00 0.000000e+00 0.000000e+00
PROFILE_ITER 1 145 5.218983e-04 3.133297e-03 0.000000e+00 5.109310e-04 0.000000e+00 0.000000e+00 0.000000e+00
PROFILE_ITER 1 146 5.190372e-04 3.137827e-03 0.000000e+00 5.099773e-04 0.000000e+00 0.000000e+00 0.000000e+00
PROFILE_ITER 1 147 5.350113e-04 3.128052e-03 0.000000e+00 5.261898e-04 0.000000e+00 0.000000e+00 0.000000e+00
PROFILE_ITER 1 148 5.171299e-04 3.151894e-03 0.000000e+00 5.061626e-04 0.000000e+00 0.000000e+00 0.000000e+00
PROFILE_ITER 1 149 5.197525e-04 3.147125e-03 0.000000e+00 5.097389e-04 0.000000e+00 0.000000e+00 0.000000e+00
PROFILE_ITER 1 150 5.378723e-04 3.117323e-03 0.000000e+00 5.278587e-04 0.000000e+00 0.000000e+00 0.000000e+00
PROFILE_ITER 1 151 4.971027e-04 3.162861e-03 9.536743e-07 4.880428e-04 0.000000e+00 0.000000e+00 0.000000e+00
PROFILE_ITER 1 152 4.949570e-04 3.154993e-03 0.000000e+00 4.870892e-04 0.000000e+00 0.000000e+00 0.000000e+00
PROFILE_ITER 1 153 5.161762e-04 3.146887e-03 0.000000e+00 5.052090e-04 0.000000e+00 0.000000e+00 0.000000e+00
PROFILE_ITER 1 154 4.990101e-04 3.156900e-03 9.536743e-07 4.889965e-04 0.000000e+00 0.000000e+00 0.000000e+00
PROFILE_ITER 1 155 5.180836e-04 3.137827e-03 0.000000e+00 5.092621e-04 0.000000e+00 0.000000e+00 0.000000e+00
PROFILE_ITER 1 156 5.369186e-04 3.116131e-03 0.000000e+00 5.271435e-04 0.000000e+00 0.000000e+00 0.000000e+00
PROFILE_ITER 1 157 5.168915e-04 3.140211e-03 9.536743e-07 5.071163e-04 0.000000e+00 0.000000e+00 0.000000e+00
PROFILE_ITER 1 158 5.180836e-04 3.137827e-03 0.000000e+00 5.078316e-04 0.000000e+00 0.000000e+00 0.000000e+00
PROFILE_ITER 1 159 4.940033e-04 3.164053e-03 0.000000e+00 4.842281e-04 0.000000e+00 0.000000e+00 0.000000e+00
PROFILE_ITER 1 160 4.961491e-04 3.161907e-03 0.000000e+00 4.861355e-04 0.000000e+00 0.000000e+00 0.000000e+00
PROFILE_ITER 1 161 5.190372e-04 3.136873e-03 0.000000e+00 5.109310e-04 0.000000e+00 0.000000e+00 0.000000e+00
PROFILE_ITER 1 162 5.350113e-04 3.122091e-03 0.000000e+00 5.271435e-04 0.000000e+00 0.000000e+00 0.000000e+00
PROFILE_ITER 1 163 5.419254e-04 3.115892e-03 0.000000e+00 5.300045e-04 0.000000e+00 0.000000e+00 0.000000e+00
PROFILE_ITER 1 164 5.199909e-04 3.142118e-03 9.536743e-07 5.099773e-04 0.000000e+00 0.000000e+00 0.000000e+00
PROFILE_ITER 1 165 4.949570e-04 3.155947e-03 0.000000e+00 4.861355e-04 0.000000e+00 0.000000e+00 0.000000e+00
PROFILE_ITER 1 166 5.209446e-04 3.134012e-03 0.000000e+00 5.099773e-04 0.000000e+00 0.000000e+00 0.000000e+00
PROFILE_ITER 1 167 5.199909e-04 3.133059e-03 0.000000e+00 5.109310e-04 0.000000e+00 0.000000e+00 0.000000e+00
PROFILE_ITER 1 168 4.959106e-04 3.158092e-03 0.000000e+00 4.878044e-04 0.000000e+00 0.000000e+00 0.000000e+00
PROFILE_ITER 1 169 5.168915e-04 3.144264e-03 0.000000e+00 5.090237e-04 0.000000e+00 0.000000e+00 0.000000e+00
PROFILE_ITER 1 170 5.350113e-04 3.117800e-03 0.000000e+00 5.261898e-04 0.000000e+00 0.000000e+00 0.000000e+00
PROFILE_ITER 1 171 4.961491e-04 3.160000e-03 0.000000e+00 4.880428e-04 0.000000e+00 0.000000e+00 0.000000e+00
PROFILE_ITER 1 172 5.362034e-04 3.119707e-03 0.000000e+00 5.261898e-04 0.000000e+00 0.000000e+00 9.536743e-07
PROFILE_ITER 1 173 5.128384e-04 3.150225e-03 0.000000e+00 5.028248e-04 0.000000e+00 0.000000e+00 0.000000e+00
PROFILE_ITER 1 174 5.180836e-04 3.143787e-03 0.000000e+00 5.090237e-04 0.000000e+00 0.000000e+00 0.000000e+00
PROFILE_ITER 1 175 5.359650e-04 3.112078e-03 0.000000e+00 5.269051e-04 0.000000e+00 0.000000e+00 0.000000e+00
PROFILE_ITER 1 176 5.147457e-04 3.142357e-03 9.536743e-07 5.049706e-04 0.000000e+00 0.000000e+00 0.000000e+00
PROFILE_ITER 1 177 5.378723e-04 3.118992e-03 0.000000e+00 5.269051e-04 0.000000e+00 0.000000e+00 9.536743e-07
PROFILE_ITER 1 178 5.376339e-04 3.122568e-03 0.000000e+00 5.278587e-04 0.000000e+00 0.000000e+00 0.000000e+00
PROFILE_ITER 1 179 5.140305e-04 3.144979e-03 0.000000e+00 5.040169e-04 0.000000e+00 0.000000e+00 0.000000e+00
PROFILE_ITER 1 180 5.161762e-04 3.143787e-03 0.000000e+00 5.080700e-04 0.000000e+00 0.000000e+00 0.000000e+00
PROFILE_ITER 1 181 5.1784PROFILE_ITER 0 140 2.748013e-03 9.088516e-04 0.000000e+00 1.259089e-03 0.000000e+00 0.000000e+00 0.000000e+00
PROFILE_ITER 0 141 2.753973e-03 9.059906e-04 0.000000e+00 1.261234e-03 9.536743e-07 0.000000e+00 0.000000e+00
PROFILE_ITER 0 142 2.749205e-03 9.107590e-04 0.000000e+00 1.261950e-03 0.000000e+00 0.000000e+00 0.000000e+00
PROFILE_ITER 0 143 2.748251e-03 8.997917e-04 0.000000e+00 1.260042e-03 0.000000e+00 0.000000e+00 0.000000e+00
PROFILE_ITER 0 144 2.756119e-03 9.038448e-04 0.000000e+00 1.264095e-03 0.000000e+00 0.000000e+00 0.000000e+00
PROFILE_ITER 0 145 2.750874e-03 9.043217e-04 0.000000e+00 1.260757e-03 0.000000e+00 0.000000e+00 0.000000e+00
PROFILE_ITER 0 146 2.752066e-03 9.047985e-04 0.000000e+00 1.260996e-03 0.000000e+00 0.000000e+00 0.000000e+00
PROFILE_ITER 0 147 2.748966e-03 9.140968e-04 0.000000e+00 1.262903e-03 0.000000e+00 0.000000e+00 0.000000e+00
PROFILE_ITER 0 148 2.761126e-03 9.078979e-04 0.000000e+00 1.266003e-03 0.000000e+00 0.000000e+00 0.000000e+00
PROFILE_ITER 0 149 2.754688e-03 9.121895e-04 0.000000e+00 1.263857e-03 0.000000e+00 0.000000e+00 0.000000e+00
PROFILE_ITER 0 150 2.751112e-03 9.040833e-04 0.000000e+00 1.265049e-03 9.536743e-07 0.000000e+00 0.000000e+00
PROFILE_ITER 0 151 2.751112e-03 9.088516e-04 0.000000e+00 1.261711e-03 1.192093e-06 0.000000e+00 0.000000e+00
PROFILE_ITER 0 152 2.749920e-03 9.000301e-04 0.000000e+00 1.265049e-03 0.000000e+00 0.000000e+00 0.000000e+00
PROFILE_ITER 0 153 2.754927e-03 9.090900e-04 0.000000e+00 1.265049e-03 0.000000e+00 0.000000e+00 0.000000e+00
PROFILE_ITER 0 154 2.748013e-03 9.069443e-04 0.000000e+00 1.260042e-03 0.000000e+00 0.000000e+00 0.000000e+00
PROFILE_ITER 0 155 2.744913e-03 9.109974e-04 0.000000e+00 1.260996e-03 0.000000e+00 0.000000e+00 0.000000e+00
PROFILE_ITER 0 156 2.750874e-03 9.021759e-04 0.000000e+00 1.259804e-03 0.000000e+00 0.000000e+00 0.000000e+00
PROFILE_ITER 0 157 2.748966e-03 9.071827e-04 0.000000e+00 1.261950e-03 0.000000e+00 0.000000e+00 0.000000e+00
PROFILE_ITER 0 158 2.751112e-03 9.057522e-04 0.000000e+00 1.260996e-03 0.000000e+00 0.000000e+00 9.536743e-07
PROFILE_ITER 0 159 2.753973e-03 9.040833e-04 0.000000e+00 1.263142e-03 0.000000e+00 0.000000e+00 9.536743e-07
PROFILE_ITER 0 160 2.750158e-03 9.078979e-04 0.000000e+00 1.264095e-03 0.000000e+00 0.000000e+00 0.000000e+00
PROFILE_ITER 0 161 2.750158e-03 9.057522e-04 0.000000e+00 1.264811e-03 1.192093e-06 0.000000e+00 0.000000e+00
PROFILE_ITER 0 162 2.745867e-03 9.112358e-04 0.000000e+00 1.260757e-03 0.000000e+00 0.000000e+00 0.000000e+00
PROFILE_ITER 0 163 2.748966e-03 9.088516e-04 0.000000e+00 1.259804e-03 0.000000e+00 0.000000e+00 0.000000e+00
PROFILE_ITER 0 164 2.755880e-03 9.062290e-04 0.000000e+00 1.266003e-03 0.000000e+00 0.000000e+00 0.000000e+00
PROFILE_ITER 0 165 2.748013e-03 9.028912e-04 0.000000e+00 1.266956e-03 0.000000e+00 0.000000e+00 0.000000e+00
PROFILE_ITER 0 166 2.750874e-03 9.040833e-04 0.000000e+00 1.262903e-03 0.000000e+00 0.000000e+00 0.000000e+00
PROFILE_ITER 0 167 2.748013e-03 9.050369e-04 0.000000e+00 1.262903e-03 0.000000e+00 0.000000e+00 0.000000e+00
PROFILE_ITER 0 168 2.756119e-03 8.978844e-04 0.000000e+00 1.265287e-03 0.000000e+00 0.000000e+00 0.000000e+00
PROFILE_ITER 0 169 2.751827e-03 9.102821e-04 9.536743e-07 1.259089e-03 0.000000e+00 0.000000e+00 0.000000e+00
PROFILE_ITER 0 170 2.753019e-03 8.978844e-04 0.000000e+00 1.265049e-03 0.000000e+00 0.000000e+00 0.000000e+00
PROFILE_ITER 0 171 2.748966e-03 9.071827e-04 0.000000e+00 1.257896e-03 0.000000e+00 0.000000e+00 0.000000e+00
PROFILE_ITER 0 172 2.747774e-03 9.081364e-04 0.000000e+00 1.257896e-03 0.000000e+00 0.000000e+00 0.000000e+00
PROFILE_ITER 0 173 2.752066e-03 9.109974e-04 0.000000e+00 1.261234e-03 0.000000e+00 0.000000e+00 0.000000e+00
PROFILE_ITER 0 174 2.758265e-03 9.036064e-04 0.000000e+00 1.266003e-03 0.000000e+00 0.000000e+00 0.000000e+00
PROFILE_ITER 0 175 2.744913e-03 9.031296e-04 0.000000e+00 1.260996e-03 0.000000e+00 0.000000e+00 0.000000e+00
PROFILE_ITER 0 176 2.749205e-03 9.078979e-04 0.000000e+00 1.259327e-03 0.000000e+00 0.000000e+00 0.000000e+00
PROFILE_ITER 0 177 2.748052e-04 3.131151e-03 0.000000e+00 5.099773e-04 0.000000e+00 0.000000e+00 0.000000e+00
PROFILE_ITER 1 182 5.180836e-04 3.141880e-03 0.000000e+00 5.080700e-04 0.000000e+00 0.000000e+00 0.000000e+00
PROFILE_ITER 1 183 5.168915e-04 3.144979e-03 0.000000e+00 5.068779e-04 0.000000e+00 0.000000e+00 0.000000e+00
PROFILE_ITER 1 184 5.381107e-04 3.115892e-03 0.000000e+00 5.300045e-04 0.000000e+00 0.000000e+00 0.000000e+00
PROFILE_ITER 1 185 4.920959e-04 3.166914e-03 0.000000e+00 4.830360e-04 0.000000e+00 0.000000e+00 0.000000e+00
PROFILE_ITER 1 186 4.992485e-04 3.163815e-03 0.000000e+00 4.880428e-04 0.000000e+00 0.000000e+00 9.536743e-07
PROFILE_ITER 1 187 5.199909e-04 3.134966e-03 0.000000e+00 5.087852e-04 0.000000e+00 0.000000e+00 0.000000e+00
PROFILE_ITER 1 188 4.949570e-04 3.168106e-03 0.000000e+00 4.861355e-04 0.000000e+00 0.000000e+00 0.000000e+00
PROFILE_ITER 1 189 5.180836e-04 3.132820e-03 0.000000e+00 5.080700e-04 0.000000e+00 0.000000e+00 0.000000e+00
PROFILE_ITER 1 190 5.390644e-04 3.112078e-03 0.000000e+00 5.300045e-04 0.000000e+00 0.000000e+00 0.000000e+00
PROFILE_ITER 1 191 4.940033e-04 3.169060e-03 0.000000e+00 4.842281e-04 0.000000e+00 0.000000e+00 9.536743e-07
PROFILE_ITER 1 192 5.309582e-04 3.124952e-03 0.000000e+00 5.218983e-04 0.000000e+00 0.000000e+00 0.000000e+00
PROFILE_ITER 1 193 5.288124e-04 3.119230e-03 0.000000e+00 5.199909e-04 0.000000e+00 0.000000e+00 0.000000e+00
PROFILE_ITER 1 194 5.350113e-04 3.125906e-03 0.000000e+00 5.257130e-04 0.000000e+00 0.000000e+00 0.000000e+00
PROFILE_ITER 1 195 5.149841e-04 3.152132e-03 0.000000e+00 5.068779e-04 0.000000e+00 0.000000e+00 0.000000e+00
PROFILE_ITER 1 196 4.980564e-04 3.154755e-03 0.000000e+00 4.889965e-04 0.000000e+00 0.000000e+00 0.000000e+00
PROFILE_ITER 1 197 5.388260e-04 3.115177e-03 0.000000e+00 5.288124e-04 0.000000e+00 0.000000e+00 0.000000e+00
PROFILE_ITER 1 198 5.171299e-04 3.140926e-03 0.000000e+00 5.080700e-04 0.000000e+00 0.000000e+00 1.192093e-06
PROFILE_ITER 1 199 5.197525e-04 3.136158e-03 0.000000e+00 5.090237e-04 0.000000e+00 0.000000e+00 0.000000e+00
PROFILE_ACCUM 1 spmv=1.041744e-01 vecops=8.010666e-01 send_fill=1.215935e-05 local_spmv=1.022370e-01 comm_wait=7.629395e-06 shared_spmv=0.000000e+00 send_wait=2.646446e-05
13e-03 9.088516e-04 0.000000e+00 1.261950e-03 0.000000e+00 0.000000e+00 0.000000e+00
PROFILE_ITER 0 178 2.755880e-03 9.043217e-04 0.000000e+00 1.265049e-03 0.000000e+00 0.000000e+00 0.000000e+00
PROFILE_ITER 0 179 2.757072e-03 9.019375e-04 0.000000e+00 1.264811e-03 0.000000e+00 0.000000e+00 0.000000e+00
PROFILE_ITER 0 180 2.753019e-03 9.069443e-04 0.000000e+00 1.265049e-03 0.000000e+00 0.000000e+00 0.000000e+00
PROFILE_ITER 0 181 2.751827e-03 8.971691e-04 0.000000e+00 1.265049e-03 0.000000e+00 0.000000e+00 0.000000e+00
PROFILE_ITER 0 182 2.751112e-03 9.088516e-04 0.000000e+00 1.261234e-03 9.536743e-07 0.000000e+00 0.000000e+00
PROFILE_ITER 0 183 2.758980e-03 9.019375e-04 0.000000e+00 1.267910e-03 0.000000e+00 0.000000e+00 0.000000e+00
PROFILE_ITER 0 184 2.751827e-03 9.021759e-04 0.000000e+00 1.265049e-03 0.000000e+00 0.000000e+00 0.000000e+00
PROFILE_ITER 0 185 2.751112e-03 9.090900e-04 0.000000e+00 1.263142e-03 0.000000e+00 0.000000e+00 0.000000e+00
PROFILE_ITER 0 186 2.753973e-03 9.078979e-04 0.000000e+00 1.266003e-03 9.536743e-07 0.000000e+00 0.000000e+00
PROFILE_ITER 0 187 2.750874e-03 9.040833e-04 0.000000e+00 1.261950e-03 0.000000e+00 0.000000e+00 0.000000e+00
PROFILE_ITER 0 188 2.751112e-03 9.119511e-04 0.000000e+00 1.263857e-03 0.000000e+00 0.000000e+00 0.000000e+00
PROFILE_ITER 0 189 2.747059e-03 9.038448e-04 0.000000e+00 1.265049e-03 0.000000e+00 0.000000e+00 0.000000e+00
PROFILE_ITER 0 190 2.746820e-03 9.043217e-04 0.000000e+00 1.266003e-03 9.536743e-07 0.000000e+00 0.000000e+00
PROFILE_ITER 0 191 2.751827e-03 9.112358e-04 0.000000e+00 1.264095e-03 9.536743e-07 0.000000e+00 0.000000e+00
PROFILE_ITER 0 192 2.747059e-03 9.088516e-04 0.000000e+00 1.264095e-03 0.000000e+00 0.000000e+00 0.000000e+00
PROFILE_ITER 0 193 2.743959e-03 9.040833e-04 0.000000e+00 1.256943e-03 9.536743e-07 0.000000e+00 0.000000e+00
PROFILE_ITER 0 194 2.755165e-03 9.057522e-04 0.000000e+00 1.264095e-03 0.000000e+00 0.000000e+00 0.000000e+00
PROFILE_ITER 0 195 2.749920e-03 9.171963e-04 0.000000e+00 1.260996e-03 0.000000e+00 0.000000e+00 0.000000e+00
PROFILE_ITER 0 196 2.748966e-03 9.038448e-04 0.000000e+00 1.261711e-03 0.000000e+00 0.000000e+00 0.000000e+00
PROFILE_ITER 0 197 2.752066e-03 9.009838e-04 0.000000e+00 1.262903e-03 0.000000e+00 0.000000e+00 0.000000e+00
PROFILE_ITER 0 198 2.748013e-03 9.109974e-04 0.000000e+00 1.259804e-03 0.000000e+00 0.000000e+00 0.000000e+00
PROFILE_ITER 0 199 2.753973e-03 9.019375e-04 0.000000e+00 1.262903e-03 0.000000e+00 0.000000e+00 0.000000e+00
PROFILE_ACCUM 0 spmv=5.504851e-01 vecops=1.819367e-01 send_fill=1.406670e-05 local_spmv=2.526565e-01 comm_wait=2.074242e-05 shared_spmv=4.053116e-06 send_wait=8.583069e-06
