Matrix name : /home/bugra/Workspace/C/HetHypPar_rewrite/data/matrices/cage11_1c_50g/cage11_1c_50g.mtx

	****	Matrix File readed	****LOG: Finished Creating Shard CSC
LOG: Finished Creating Vectors
n_iters : 200 
spmv : 1.187303 
file_read : 5.132926 
relative_residual : 2.841482E-16
everything_total : 6.497648

----------------------------------------------------------------------
PROFILE_HEADER rank iter spmv vecops send_fill local_spmv comm_wait shared_spmv send_wait
PROFILE_ITER 0 0 4.573822e-03 1.778364e-03 0.000000e+00 2.080917e-03 0.000000e+00 0.000000e+00 0.000000e+00
PROFILE_ITER 0 1 4.476070e-03 1.443863e-03 0.000000e+00 2.078056e-03 0.000000e+00 0.000000e+00 0.000000e+00
PROFILE_ITER 0 2 4.480124e-03 1.430750e-03 0.000000e+00 2.080202e-03 0.000000e+00 0.000000e+00 0.000000e+00
PROFILE_ITER 0 3 4.490137e-03 1.435995e-03 0.000000e+00 2.084017e-03 0.000000e+00 0.000000e+00 0.000000e+00
PROFILE_ITER 0 4 4.483938e-03 1.437187e-03 0.000000e+00 2.083063e-03 0.000000e+00 0.000000e+00 0.000000e+00
PROFILE_ITER 0 5 4.487038e-03 1.426935e-03 0.000000e+00 2.084017e-03 0.000000e+00 0.000000e+00 0.000000e+00
PROFILE_ITER 0 6 4.482985e-03 1.431942e-03 0.000000e+00 2.082109e-03 9.536743e-07 0.000000e+00 0.000000e+00
PROFILE_ITER 0 7 4.483938e-03 1.438141e-03 0.000000e+00 2.079010e-03 0.000000e+00 0.000000e+00 0.000000e+00
PROFILE_ITER 0 8 4.495859e-03 1.427174e-03 0.000000e+00 2.080917e-03 0.000000e+00 0.000000e+00 0.000000e+00
PROFILE_ITER 0 9 4.494190e-03 1.428604e-03 0.000000e+00 2.078056e-03 0.000000e+00 0.000000e+00 0.000000e+00
PROFILE_ITER 0 10 4.484177e-03 1.446009e-03 0.000000e+00 2.079010e-03 1.192093e-06 0.000000e+00 0.000000e+00
PROFILE_ITER 0 11 4.491091e-03 1.432896e-03 0.000000e+00 2.082109e-03 0.000000e+00 9.536743e-07 0.000000e+00
PROFILE_ITER 0 12 4.481077e-03 1.434803e-03 0.000000e+00 2.082825e-03 0.000000e+00 0.000000e+00 0.000000e+00
PROFILE_ITER 0 13 4.486799e-03 1.433134e-03 0.000000e+00 2.080917e-03 0.000000e+00 0.000000e+00 0.000000e+00
PROFILE_ITER 0 14 4.489899e-03 1.435280e-03 0.000000e+00 2.081871e-03 0.000000e+00 0.000000e+00 0.000000e+00
PROFILE_ITER 0 15 4.486084e-03 1.439810e-03 0.000000e+00 2.077103e-03 0.000000e+00 0.000000e+00 0.000000e+00
PROFILE_ITER 0 16 4.484177e-03 1.432896e-03 0.000000e+00 2.074242e-03 0.000000e+00 0.000000e+00 0.000000e+00
PROFILE_ITER 0 17 4.477262e-03 1.423597e-03 9.536743e-07 2.070904e-03 0.000000e+00 0.000000e+00 0.000000e+00
PROFILE_ITER 0 18 4.482031e-03 1.430988e-03 0.000000e+00 2.079010e-03 0.000000e+00 0.000000e+00 0.000000e+00
PROFILE_ITER 0 19 4.482985e-03 1.442909e-03 0.000000e+00 2.078772e-03 0.000000e+00 0.000000e+00 0.000000e+00
PROFILE_ITER 0 20 4.476070e-03 1.432896e-03 0.000000e+00 2.079010e-03 0.000000e+00 0.000000e+00 0.000000e+00
PROFILE_ITER 0 21 4.484177e-03 1.434803e-03 0.000000e+00 2.079010e-03 0.000000e+00 1.192093e-06 0.000000e+00
PROFILE_ITER 0 22 4.488230e-03 1.439810e-03 0.000000e+00 2.082109e-03 1.192093e-06 9.536743e-07 0.000000e+00
PROFILE_ITER 0 23 4.475117e-03 1.429796e-03 0.000000e+00 2.077103e-03 0.000000e+00 0.000000e+00 0.000000e+00
PROFILE_ITER 0 24 4.482031e-03 1.437187e-03 0.000000e+00 2.079010e-03 1.192093e-06 0.000000e+00 0.000000e+00
PROFILE_ITER 0 25 4.483938e-03 1.436949e-03 0.000000e+00 2.073050e-03 0.000000e+00 0.000000e+00 0.000000e+00
PROFILE_ITER 0 26 4.483938e-03 1.430988e-03 0.000000e+00 2.078772e-03 0.000000e+00 0.000000e+00 0.000000e+00
PROFILE_ITER 0 27 4.486084e-03 1.419067e-03 0.000000e+00 2.083063e-03 0.000000e+00 0.000000e+00 0.000000e+00
PROFILE_ITER 0 28 4.484892e-03 1.433134e-03 0.000000e+00 2.077818e-03 0.000000e+00 0.000000e+00 0.000000e+00
PROFILE_ITER 0 29 4.477024e-03 1.435757e-03 0.000000e+00 2.078056e-03 0.000000e+00 0.000000e+00 0.000000e+00
PROFILE_ITER 0 30 4.477024e-03 1.434088e-03 0.000000e+00 2.074003e-03 0.000000e+00 0.000000e+00 0.000000e+00
PROFILE_ITER 0 31 4.554987e-03 1.441956e-03 9.536743e-07 2.081156e-03 0.000000e+00 0.000000e+00 0.000000e+00
PROFILE_ITER 0 32 4.545689e-03 1.431465e-03 9.536743e-07 2.079010e-03 1.907349e-06 0.000000e+00 0.000000e+00
PROFILE_ITER 0 33 4.528046e-03 1.439810e-03 0.000000e+00 2.080202e-03 0.000000e+00 0.000000e+00 0.000000e+00
PROFILE_ITER 0 34 4.532099e-03 1.437902e-03 0.000000e+00 2.074957e-03 0.000000e+00 0.000000e+00 0.000000e+00
PROFILE_ITER 0PROFILE_HEADER rank iter spmv vecops send_fill local_spmv comm_wait shared_spmv send_wait
PROFILE_ITER 1 0 8.428097e-04 1.946182e-01 9.536743e-07 8.239746e-04 0.000000e+00 0.000000e+00 0.000000e+00
PROFILE_ITER 1 1 5.328655e-04 5.390167e-03 0.000000e+00 5.228519e-04 0.000000e+00 0.000000e+00 0.000000e+00
PROFILE_ITER 1 2 5.519390e-04 5.360126e-03 0.000000e+00 5.412102e-04 0.000000e+00 0.000000e+00 9.536743e-07
PROFILE_ITER 1 3 5.819798e-04 5.343914e-03 0.000000e+00 5.719662e-04 0.000000e+00 0.000000e+00 0.000000e+00
PROFILE_ITER 1 4 5.087852e-04 5.412340e-03 0.000000e+00 4.987717e-04 0.000000e+00 0.000000e+00 0.000000e+00
PROFILE_ITER 1 5 5.660057e-04 5.347967e-03 0.000000e+00 5.557537e-04 0.000000e+00 0.000000e+00 0.000000e+00
PROFILE_ITER 1 6 5.500317e-04 5.364895e-03 0.000000e+00 5.400181e-04 0.000000e+00 0.000000e+00 0.000000e+00
PROFILE_ITER 1 7 5.412102e-04 5.380869e-03 0.000000e+00 5.321503e-04 0.000000e+00 0.000000e+00 0.000000e+00
PROFILE_ITER 1 8 5.381107e-04 5.383730e-03 0.000000e+00 5.269051e-04 0.000000e+00 0.000000e+00 0.000000e+00
PROFILE_ITER 1 9 5.469322e-04 5.377054e-03 0.000000e+00 5.347729e-04 0.000000e+00 0.000000e+00 0.000000e+00
PROFILE_ITER 1 10 5.328655e-04 5.397320e-03 0.000000e+00 5.230904e-04 0.000000e+00 0.000000e+00 0.000000e+00
PROFILE_ITER 1 11 5.269051e-04 5.397081e-03 0.000000e+00 5.161762e-04 0.000000e+00 0.000000e+00 0.000000e+00
PROFILE_ITER 1 12 5.309582e-04 5.384922e-03 0.000000e+00 5.211830e-04 0.000000e+00 0.000000e+00 0.000000e+00
PROFILE_ITER 1 13 5.447865e-04 5.375147e-03 0.000000e+00 5.347729e-04 0.000000e+00 0.000000e+00 0.000000e+00
PROFILE_ITER 1 14 5.249977e-04 5.400181e-03 0.000000e+00 5.130768e-04 9.536743e-07 0.000000e+00 0.000000e+00
PROFILE_ITER 1 15 5.569458e-04 5.368948e-03 0.000000e+00 5.471706e-04 0.000000e+00 0.000000e+00 0.000000e+00
PROFILE_ITER 1 16 5.788803e-04 5.337238e-03 0.000000e+00 5.688667e-04 0.000000e+00 0.000000e+00 0.000000e+00
PROFILE_ITER 1 17 5.300045e-04 5.373001e-03 0.000000e+00 5.180836e-04 9.536743e-07 0.000000e+00 0.000000e+00
PROFILE_ITER 1 18 5.390644e-04 5.373955e-03 0.000000e+00 5.283356e-04 0.000000e+00 0.000000e+00 0.000000e+00
PROFILE_ITER 1 19 5.428791e-04 5.383015e-03 0.000000e+00 5.331039e-04 0.000000e+00 0.000000e+00 0.000000e+00
PROFILE_ITER 1 20 5.741119e-04 5.334854e-03 0.000000e+00 5.621910e-04 0.000000e+00 0.000000e+00 0.000000e+00
PROFILE_ITER 1 21 5.288124e-04 5.390167e-03 0.000000e+00 5.178452e-04 0.000000e+00 0.000000e+00 0.000000e+00
PROFILE_ITER 1 22 5.362034e-04 5.391836e-03 0.000000e+00 5.261898e-04 0.000000e+00 0.000000e+00 0.000000e+00
PROFILE_ITER 1 23 5.660057e-04 5.337954e-03 0.000000e+00 5.550385e-04 0.000000e+00 0.000000e+00 0.000000e+00
PROFILE_ITER 1 24 5.300045e-04 5.388021e-03 0.000000e+00 5.190372e-04 0.000000e+00 0.000000e+00 9.536743e-07
PROFILE_ITER 1 25 5.590916e-04 5.362988e-03 0.000000e+00 5.490780e-04 0.000000e+00 0.000000e+00 0.000000e+00
PROFILE_ITER 1 26 5.259514e-04 5.389929e-03 0.000000e+00 5.168915e-04 0.000000e+00 0.000000e+00 0.000000e+00
PROFILE_ITER 1 27 5.648136e-04 5.339384e-03 0.000000e+00 5.538464e-04 0.000000e+00 0.000000e+00 0.000000e+00
PROFILE_ITER 1 28 5.209446e-04 5.398035e-03 0.000000e+00 5.102158e-04 0.000000e+00 0.000000e+00 0.000000e+00
PROFILE_ITER 1 29 5.550385e-04 5.356789e-03 0.000000e+00 5.443096e-04 0.000000e+00 0.000000e+00 1.907349e-06
PROFILE_ITER 1 30 5.040169e-04 5.407095e-03 0.000000e+00 4.930496e-04 0.000000e+00 0.000000e+00 0.000000e+00
PROFILE_ITER 1 31 5.068779e-04 5.490065e-03 0.000000e+00 4.971027e-04 0.000000e+00 0.000000e+00 0.000000e+00
PROFILE_ITER 1 32 5.290508e-04 5.446911e-03 0.000000e+00 5.178452e-04 0.000000e+00 0.000000e+00 0.000000e+00
PROFILE_ITER 1 33 5.519390e-04 5.417109e-03 0.000000e+00 5.409718e-04 0.000000e+00 0.000000e+00 0.000000e+00
PROFILE_ITER 1 34 5.559921e-04 5.414009e-03 0.000000e+00 5.450249e-04 0.000000e+00 0.000000e+00 0.000000e+00
PROFILE_ITER 1 35 5.581379e-04 5.397797e-03 0.000000e+00 5.450249e-04 0.000000e+00 0.000000e+00 9.536743e-07
PROFILE_ITER 1 36 5.791187e-04 5.374908e-03 0.000000e+00 5.679131e-04 0.000000e+00 0.000000e+00 0.000000e+00
PROFILE_ITER 1 37 5.471706e-04 5.426884e-03 0.000000e+00 5.352497e-04 0.000000e+00 0.000000e+00 0.000000e+00
PROFILE_ITER 1 38 5.090237e-04 5.480051e-03 0.000000e+00 4.990101e-04 0.000000e+00 0.000000e+00 0.000000e+00
PROFILE_ITER 1 39 5.309582e-04 5.434036e-03 0.000000e+00 5.221367e-04 0.000000e+00 0.000000e+00 0.000000e+00
PROFILE_ITER 1 40 5.269051e-04 5.439997e-03 0.000000e+00 5.166531e-04 0.000000e+00 0.000000e+00 0.000000e+00
PROFILE_ITER 1 41 5.271435e-04 5.436897e-03 0.000000e+00 5.159378e-04 0.000000e+00 0.000000e+00 0.000000e+00
PROFILE_ITER 1 42 5.629063e-04 5.525112e-03 0.000000e+00 5.528927e-04 0.000000e+00 0.000000e+00 0.000000e+00
PROFILE_ITER 1 43 5.691051e-04 5.366802e-03 0.000000e+00 5.588531e-04 0.000000e+00 0.000000e+00 0.000000e+00
PROFILE_ITER 1 44 5.378723e-04 5.382299e-03 0.000000e+00 5.280972e-04 0.000000e+00 0.000000e+00 0.000000e+00
PROFILE_ITER 1 45 5.319118e-04 5.398035e-03 0.000000e+00 5.199909e-04 0.000000e+00 0.000000e+00 9.536743e-07
PROFILE_ITER 1 46 5.412102e-04 5.366802e-03 0.000000e+00 5.311966e-04 0.000000e+00 0.000000e+00 0.000000e+00
PROFILE_ITER 1 47 5.691051e-04 5.360842e-03 0.000000e+00 5.600452e-04 0.000000e+00 0.000000e+00 0.000000e+00
PROFILE_ITER 1 48 5.321503e-04 5.390882e-03 0.000000e+00 5.218983e-04 0.000000e+00 0.000000e+00 0.000000e+00
PROFILE_ITER 1 49 5.631447e-04 5.401850e-03 0.000000e+00 5.540848e-04 0.000000e+00 0.000000e+00 0.000000e+00
PROFILE_ITER 1 50 5.362034e-04 5.429745e-03 0.000000e+00 5.249977e-04 0.000000e+00 0.000000e+00 0.000000e+00
PROFILE_ITER 1 51 5.371571e-04 5.422831e-03 0.000000e+00 5.247593e-04 0.000000e+00 0.000000e+00 0.000000e+00
PROFILE_ITER 1 52 5.409718e-04 5.421162e-03 0.000000e+00 5.309582e-04 0.000000e+00 0.000000e+00 0.000000e+00
PROFILE_ITER 1 53 5.559921e-04 5.433083e-03 0.000000e+00 5.447865e-04 0.000000e+00 0.000000e+00 0.000000e+00
PROFILE_ITER 1 54 5.362034e-04 5.438805e-03 9.536743e-07 5.261898e-04 0.000000e+00 0.000000e+00 0.000000e+00
PROFILE_ITER 1 55 5.381107e-04 5.428791e-03 9.536743e-07 5.269051e-04 0.000000e+00 0.000000e+00 0.000000e+00
 35 4.530191e-03 1.425743e-03 0.000000e+00 2.077103e-03 0.000000e+00 0.000000e+00 0.000000e+00
PROFILE_ITER 0 36 4.528999e-03 1.425028e-03 0.000000e+00 2.077818e-03 0.000000e+00 0.000000e+00 0.000000e+00
PROFILE_ITER 0 37 4.544973e-03 1.429081e-03 9.536743e-07 2.080202e-03 0.000000e+00 0.000000e+00 0.000000e+00
PROFILE_ITER 0 38 4.555941e-03 1.432180e-03 0.000000e+00 2.085209e-03 0.000000e+00 0.000000e+00 0.000000e+00
PROFILE_ITER 0 39 4.534960e-03 1.430035e-03 0.000000e+00 2.077103e-03 0.000000e+00 0.000000e+00 0.000000e+00
PROFILE_ITER 0 40 4.528046e-03 1.439810e-03 0.000000e+00 2.078056e-03 0.000000e+00 0.000000e+00 0.000000e+00
PROFILE_ITER 0 41 4.528999e-03 1.434088e-03 0.000000e+00 2.074003e-03 0.000000e+00 0.000000e+00 0.000000e+00
PROFILE_ITER 0 42 4.486084e-03 1.601934e-03 0.000000e+00 2.075195e-03 0.000000e+00 0.000000e+00 0.000000e+00
PROFILE_ITER 0 43 4.508018e-03 1.427889e-03 0.000000e+00 2.076149e-03 0.000000e+00 9.536743e-07 0.000000e+00
PROFILE_ITER 0 44 4.487038e-03 1.433134e-03 0.000000e+00 2.071857e-03 0.000000e+00 0.000000e+00 0.000000e+00
PROFILE_ITER 0 45 4.488230e-03 1.442671e-03 0.000000e+00 2.077103e-03 0.000000e+00 0.000000e+00 0.000000e+00
PROFILE_ITER 0 46 4.486084e-03 1.421928e-03 0.000000e+00 2.078056e-03 0.000000e+00 0.000000e+00 0.000000e+00
PROFILE_ITER 0 47 4.501104e-03 1.428843e-03 0.000000e+00 2.074003e-03 0.000000e+00 0.000000e+00 0.000000e+00
PROFILE_ITER 0 48 4.501104e-03 1.422882e-03 0.000000e+00 2.078056e-03 0.000000e+00 0.000000e+00 0.000000e+00
PROFILE_ITER 0 49 4.528046e-03 1.435995e-03 0.000000e+00 2.078056e-03 0.000000e+00 0.000000e+00 0.000000e+00
PROFILE_ITER 0 50 4.534006e-03 1.431942e-03 0.000000e+00 2.078056e-03 0.000000e+00 0.000000e+00 0.000000e+00
PROFILE_ITER 0 51 4.525185e-03 1.434803e-03 0.000000e+00 2.077103e-03 0.000000e+00 0.000000e+00 0.000000e+00
PROFILE_ITER 0 52 4.529238e-03 1.432896e-03 0.000000e+00 2.076149e-03 0.000000e+00 0.000000e+00 0.000000e+00
PROFILE_ITER 0 53 4.555941e-03 1.433134e-03 0.000000e+00 2.077103e-03 0.000000e+00 0.000000e+00 0.000000e+00
PROFILE_ITER 1 56 4.997253e-04 5.446196e-03 0.000000e+00 4.899502e-04 0.000000e+00 0.000000e+00 0.000000e+00
PROFILE_ITER 1 57 5.559921e-04 5.419016e-03 0.000000e+00 5.450249e-04 0.000000e+00 0.000000e+00 0.000000e+00
PROFILE_ITER 1 58 5.500317e-04 5.415916e-03 0.000000e+00 5.400181e-04 0.000000e+00 0.000000e+00 0.000000e+00
PROFILE_ITER 1 59 5.447865e-04 5.407333e-03 0.000000e+00 5.357265e-04 0.000000e+00 0.000000e+00 0.000000e+00
PROFILE_ITER 1 60 5.481243e-04 5.422831e-03 9.536743e-07 5.369186e-04 0.000000e+00 0.000000e+00 0.000000e+00
PROFILE_ITER 1 61 5.319118e-04 5.432129e-03 0.000000e+00 5.209446e-04 0.000000e+00 0.000000e+00 0.000000e+00
PROFILE_ITER 1 62 5.288124e-04 5.441189e-03 0.000000e+00 5.199909e-04 0.000000e+00 0.000000e+00 0.000000e+00
PROFILE_ITER 1 63 5.302429e-04 5.429745e-03 0.000000e+00 5.202293e-04 0.000000e+00 0.000000e+00 0.000000e+00
PROFILE_ITER 1 64 5.519390e-04 5.411148e-03 0.000000e+00 5.419254e-04 0.000000e+00 0.000000e+00 0.000000e+00
PROFILE_ITER 1 65 5.578995e-04 5.403042e-03 0.000000e+00 5.469322e-04 0.000000e+00 0.000000e+00 0.000000e+00
PROFILE_ITER 1 66 5.288124e-04 5.383253e-03 0.000000e+00 5.178452e-04 0.000000e+00 0.000000e+00 0.000000e+00
PROFILE_ITER 1 67 5.609989e-04 5.338907e-03 0.000000e+00 5.488396e-04 0.000000e+00 0.000000e+00 0.000000e+00
PROFILE_ITER 1 68 5.488396e-04 5.359173e-03 0.000000e+00 5.366802e-04 0.000000e+00 0.000000e+00 0.000000e+00
PROFILE_ITER 1 69 5.409718e-04 5.373001e-03 0.000000e+00 5.297661e-04 0.000000e+00 0.000000e+00 0.000000e+00
PROFILE_ITER 0 54 4.539013e-03 1.435995e-03 0.000000e+00 2.084017e-03 0.000000e+00 0.000000e+00 0.000000e+00
PROFILE_ITER 0 55 4.534006e-03 1.432896e-03 0.000000e+00 2.079010e-03 0.000000e+00 0.000000e+00 0.000000e+00
PROFILE_ITER 0 56 4.520893e-03 1.425982e-03 0.000000e+00 2.077103e-03 0.000000e+00 0.000000e+00 0.000000e+00
PROFILE_ITER 0 57 4.541159e-03 1.432896e-03 9.536743e-07 2.079010e-03 0.000000e+00 0.000000e+00 0.000000e+00
PROFILE_ITER 0 58 4.532099e-03 1.433849e-03 0.000000e+00 2.071857e-03 0.000000e+00 0.000000e+00 0.000000e+00
PROFILE_ITER 0 59 4.527330e-03 1.424789e-03 0.000000e+00 2.073288e-03 9.536743e-07 0.000000e+00 0.000000e+00
PROFILE_ITER 0 60 4.531860e-03 1.439095e-03 0.000000e+00 2.073765e-03 0.000000e+00 0.000000e+00 0.000000e+00
PROFILE_ITER 0 61 4.527807e-03 1.436234e-03 0.000000e+00 2.080202e-03 0.000000e+00 0.000000e+00 0.000000e+00
PROFILE_ITER 0 62 4.536867e-03 1.433134e-03 0.000000e+00 2.074003e-03 0.000000e+00 0.000000e+00 0.000000e+00
PROFILE_ITER 0 63 4.528046e-03 1.431942e-03 0.000000e+00 2.076149e-03 0.000000e+00 0.000000e+00 0.000000e+00
PROFILE_ITER 0 64 4.542112e-03 1.421928e-03 0.000000e+00 2.072811e-03 0.000000e+00 0.000000e+00 9.536743e-07
PROFILE_ITER 0 65 4.528999e-03 1.430988e-03 0.000000e+00 2.081156e-03 0.000000e+00 0.000000e+00 0.000000e+00
PROFILE_ITER 0 66 4.473925e-03 1.438141e-03 0.000000e+00 2.077818e-03 0.000000e+00 0.000000e+00 0.000000e+00
PROFILE_ITER 0 67 4.472971e-03 1.426935e-03 0.000000e+00 2.075911e-03 0.000000e+00 0.000000e+00 0.000000e+00
PROFILE_ITER 1 70 5.080700e-04 5.398989e-03 0.000000e+00 4.968643e-04 0.000000e+00 0.000000e+00 0.000000e+00
PROFILE_ITER 1 71 5.199909e-04 5.398989e-03 0.000000e+00 5.090237e-04 0.000000e+00 0.000000e+00 0.000000e+00
PROFILE_ITER 1 72 5.462170e-04 5.371809e-03 0.000000e+00 5.350113e-04 0.000000e+00 0.000000e+00 0.000000e+00
PROFILE_ITER 1 73 5.540848e-04 5.371809e-03 0.000000e+00 5.440712e-04 0.000000e+00 0.000000e+00 9.536743e-07
PROFILE_ITER 1 74 5.369186e-04 5.406141e-03 0.000000e+00 5.259514e-04 0.000000e+00 0.000000e+00 0.000000e+00
PROFILE_ITER 1 75 5.269051e-04 5.450010e-03 0.000000e+00 5.168915e-04 0.000000e+00 0.000000e+00 0.000000e+00
PROFILE_ITER 1 76 5.271435e-04 5.416870e-03 0.000000e+00 5.171299e-04 0.000000e+00 0.000000e+00 0.000000e+00
PROFILE_ITER 1 77 5.562305e-04 5.352736e-03 0.000000e+00 5.459785e-04 0.000000e+00 0.000000e+00 0.000000e+00
PROFILE_ITER 1 78 5.149841e-04 5.423069e-03 0.000000e+00 5.052090e-04 0.000000e+00 0.000000e+00 0.000000e+00
PROFILE_ITER 1 79 5.447865e-04 5.390167e-03 9.536743e-07 5.328655e-04 0.000000e+00 0.000000e+00 0.000000e+00
PROFILE_ITER 0 68 4.477978e-03 1.430035e-03 0.000000e+00 2.079725e-03 0.000000e+00 0.000000e+00 0.000000e+00
PROFILE_ITER 0 69 4.487038e-03 1.426935e-03 0.000000e+00 2.075911e-03 0.000000e+00 0.000000e+00 0.000000e+00
PROFILE_ITER 0 70 4.477024e-03 1.430035e-03 0.000000e+00 2.075195e-03 0.000000e+00 0.000000e+00 0.000000e+00
PROFILE_ITER 0 71 4.488945e-03 1.430035e-03 0.000000e+00 2.080917e-03 0.000000e+00 0.000000e+00 0.000000e+00
PROFILE_ITER 0 72 4.489899e-03 1.428127e-03 0.000000e+00 2.075195e-03 0.000000e+00 0.000000e+00 0.000000e+00
PROFILE_ITER 0 73 4.497051e-03 1.428843e-03 0.000000e+00 2.076149e-03 0.000000e+00 0.000000e+00 0.000000e+00
PROFILE_ITER 0 74 4.517078e-03 1.425028e-03 0.000000e+00 2.072811e-03 0.000000e+00 0.000000e+00 0.000000e+00
PROFILE_ITER 0 75 4.544735e-03 1.433134e-03 0.000000e+00 2.076864e-03 0.000000e+00 0.000000e+00 0.000000e+00
PROFILE_ITER 0 76 4.504919e-03 1.439095e-03 0.000000e+00 2.078772e-03 0.000000e+00 0.000000e+00 0.000000e+00
PROFILE_ITER 0 77 4.483223e-03 1.425743e-03 0.000000e+00 2.074957e-03 0.000000e+00 0.000000e+00 0.000000e+00
PROFILE_ITER 1 80 5.538464e-04 5.371332e-03 0.000000e+00 5.431175e-04 0.000000e+00 0.000000e+00 0.000000e+00
PROFILE_ITER 1 81 5.590916e-04 5.359888e-03 0.000000e+00 5.478859e-04 0.000000e+00 0.000000e+00 0.000000e+00
PROFILE_ITER 0 78 4.503965e-03 1.434088e-03 0.000000e+00 2.074957e-03 0.000000e+00 0.000000e+00 0.000000e+00
PROFILE_ITER 0 79 4.496098e-03 1.438856e-03 0.000000e+00 2.074957e-03 0.000000e+00 0.000000e+00 0.000000e+00
PROFILE_ITER 0 80 4.496813e-03 1.428366e-03 0.000000e+00 2.071857e-03 0.000000e+00 0.000000e+00 0.000000e+00
PROFILE_ITER 1 82 5.290508e-04 5.390882e-03 0.000000e+00 5.192757e-04 0.000000e+00 0.000000e+00 0.000000e+00
PROFILE_ITER 1 83 5.600452e-04 5.365849e-03 0.000000e+00 5.488396e-04 0.000000e+00 0.000000e+00 0.000000e+00
PROFILE_ITER 1 84 5.638599e-04 5.363226e-03 0.000000e+00 5.521774e-04 0.000000e+00 0.000000e+00 9.536743e-07
PROFILE_ITER 1 85 5.280972e-04 5.399942e-03 0.000000e+00 5.190372e-04 0.000000e+00 0.000000e+00 0.000000e+00
PROFILE_ITER 0 81 4.488945e-03 1.430035e-03 0.000000e+00 2.071857e-03 0.000000e+00 9.536743e-07 0.000000e+00
PROFILE_ITER 0 82 4.497051e-03 1.422882e-03 0.000000e+00 2.073050e-03 0.000000e+00 0.000000e+00 0.000000e+00
PROFILE_ITER 1 86 5.590916e-04 5.385876e-03 0.000000e+00 5.481243e-04 0.000000e+00 0.000000e+00 0.000000e+00
PROFILE_ITER 1 87 5.800724e-04 5.357981e-03 0.000000e+00 5.710125e-04 0.000000e+00 0.000000e+00 0.000000e+00
PROFILE_ITER 0 83 4.502058e-03 1.423836e-03 0.000000e+00 2.074957e-03 0.000000e+00 0.000000e+00 0.000000e+00
PROFILE_ITER 0 84 4.495859e-03 1.431227e-03 0.000000e+00 2.073050e-03 0.000000e+00 0.000000e+00 0.000000e+00
PROFILE_ITER 0 85 4.494905e-03 1.432180e-03 0.000000e+00 2.067804e-03 0.000000e+00 0.000000e+00 0.000000e+00
PROFILE_ITER 1 88 5.478859e-04 5.374193e-03 0.000000e+00 5.369186e-04 0.000000e+00 0.000000e+00 0.000000e+00
PROFILE_ITER 1 89 5.197525e-04 5.410194e-03 0.000000e+00 5.106926e-04 0.000000e+00 0.000000e+00 0.000000e+00
PROFILE_ITER 1 90 5.719662e-04 5.342960e-03 0.000000e+00 5.619526e-04 0.000000e+00 0.000000e+00 0.000000e+00
PROFILE_ITER 1 91 5.531311e-04 5.367994e-03 0.000000e+00 5.431175e-04 0.000000e+00 0.000000e+00 0.000000e+00
PROFILE_ITER 1 92 5.300045e-04 5.403996e-03 0.000000e+00 5.190372e-04 0.000000e+00 0.000000e+00 0.000000e+00
PROFILE_ITER 1 93 5.559921e-04 5.378008e-03 0.000000e+00 5.450249e-04 0.000000e+00 0.000000e+00 0.000000e+00
PROFILE_ITER 1 94 5.240440e-04 5.400896e-03 0.000000e+00 5.130768e-04 0.000000e+00 0.000000e+00 0.000000e+00
PROFILE_ITER 0 86 4.507065e-03 1.438856e-03 0.000000e+00 2.078056e-03 0.000000e+00 0.000000e+00 0.000000e+00
PROFILE_ITER 0 87 4.498005e-03 1.440048e-03 0.000000e+00 2.077103e-03 0.000000e+00 0.000000e+00 0.000000e+00
PROFILE_ITER 0 88 4.496813e-03 1.425266e-03 0.000000e+00 2.078772e-03 0.000000e+00 0.000000e+00 0.000000e+00
PROFILE_ITER 0 89 4.492998e-03 1.435995e-03 0.000000e+00 2.071857e-03 0.000000e+00 0.000000e+00 0.000000e+00
PROFILE_ITER 0 90 4.487991e-03 1.426935e-03 0.000000e+00 2.076864e-03 0.000000e+00 0.000000e+00 9.536743e-07
PROFILE_ITER 1 95 5.280972e-04 5.404949e-03 0.000000e+00 5.173683e-04 0.000000e+00 0.000000e+00 0.000000e+00
PROFILE_ITER 1 96 5.226135e-04 5.415201e-03 0.000000e+00 5.128384e-04 0.000000e+00 0.000000e+00 0.000000e+00
PROFILE_ITER 0 91 4.491091e-03 1.430035e-03 0.000000e+00 2.070189e-03 0.000000e+00 0.000000e+00 0.000000e+00
PROFILE_ITER 0 92 4.503727e-03 1.429081e-03 0.000000e+00 2.076864e-03 0.000000e+00 0.000000e+00 0.000000e+00
PROFILE_ITER 1 97 5.269051e-04 5.407095e-03 1.192093e-06 5.156994e-04 0.000000e+00 0.000000e+00 0.000000e+00
PROFILE_ITER 1 98 5.519390e-04 5.367041e-03 0.000000e+00 5.421638e-04 0.000000e+00 0.000000e+00 0.000000e+00
PROFILE_ITER 0 93 4.498005e-03 1.434803e-03 0.000000e+00 2.078056e-03 0.000000e+00 9.536743e-07 0.000000e+00
PROFILE_ITER 0 94 4.493952e-03 1.432180e-03 0.000000e+00 2.071142e-03 9.536743e-07 0.000000e+00 0.000000e+00
PROFILE_ITER 1 99 5.779266e-04 5.361080e-03 0.000000e+00 5.669594e-04 0.000000e+00 0.000000e+00 0.000000e+00
PROFILE_ITER 1 100 5.359650e-04 5.406141e-03 0.000000e+00 5.271435e-04 0.000000e+00 0.000000e+00 0.000000e+00
PROFILE_ITER 0 95 4.504919e-03 1.428127e-03 0.000000e+00 2.078056e-03 0.000000e+00 9.536743e-07 0.000000e+00
PROFILE_ITER 0 96 4.507065e-03 1.431942e-03 0.000000e+00 2.077103e-03 0.000000e+00 0.000000e+00 0.000000e+00
PROFILE_ITER 1 101 5.037785e-04 5.447149e-03 0.000000e+00 4.937649e-04 0.000000e+00 0.000000e+00 0.000000e+00
PROFILE_ITER 1 102 5.121231e-04 5.414009e-03 0.000000e+00 5.021095e-04 0.000000e+00 0.000000e+00 0.000000e+00
PROFILE_ITER 0 97 4.506111e-03 1.426697e-03 0.000000e+00 2.079010e-03 0.000000e+00 0.000000e+00 0.000000e+00
PROFILE_ITER 0 98 4.498005e-03 1.420975e-03 0.000000e+00 2.077103e-03 0.000000e+00 0.000000e+00 0.000000e+00
PROFILE_ITER 1 103 5.309582e-04 5.405903e-03 0.000000e+00 5.190372e-04 0.000000e+00 0.000000e+00 9.536743e-07
PROFILE_ITER 1 104 5.381107e-04 5.370855e-03 0.000000e+00 5.257130e-04 1.192093e-06 0.000000e+00 0.000000e+00
PROFILE_ITER 1 105 5.209446e-04 5.395174e-03 0.000000e+00 5.111694e-04 0.000000e+00 0.000000e+00 0.000000e+00
PROFILE_ITER 1 106 5.729198e-04 5.350113e-03 0.000000e+00 5.619526e-04 0.000000e+00 0.000000e+00 0.000000e+00
PROFILE_ITER 1 107 5.741119e-04 5.357742e-03 0.000000e+00 5.626678e-04 0.000000e+00 0.000000e+00 0.000000e+00
PROFILE_ITER 1 108 5.557537e-04 5.365372e-03 0.000000e+00 5.459785e-04 0.000000e+00 0.000000e+00 0.000000e+00
PROFILE_ITER 1 109 5.340576e-04 5.394936e-03 0.000000e+00 5.240440e-04 0.000000e+00 0.000000e+00 0.000000e+00
PROFILE_ITER 1 110 5.121231e-04 5.429745e-03 0.000000e+00 5.011559e-04 0.000000e+00 0.000000e+00 0.000000e+00
PROFILE_ITER 1 111 5.369186e-04 5.380154e-03 0.000000e+00 5.259514e-04 0.000000e+00 0.000000e+00 0.000000e+00
PROFILE_ITER 1 112 5.419254e-04 5.388021e-03 9.536743e-07 5.321503e-04 0.000000e+00 0.000000e+00 0.000000e+00
PROFILE_ITER 1 113 5.230904e-04 5.403996e-03 9.536743e-07 5.121231e-04 0.000000e+00 0.000000e+00 0.000000e+00
PROFILE_ITER 1 114 5.509853e-04 5.372047e-03 0.000000e+00 5.409718e-04 0.000000e+00 0.000000e+00 0.000000e+00
PROFILE_ITER 1 115 5.578995e-04 5.376101e-03 0.000000e+00 5.478859e-04 0.000000e+00 0.000000e+00 0.000000e+00
PROFILE_ITER 0 99 4.500151e-03 1.438856e-03 0.000000e+00 2.075195e-03 0.000000e+00 0.000000e+00 0.000000e+00
PROFILE_ITER 0 100 4.503965e-03 1.438141e-03 0.000000e+00 2.077103e-03 0.000000e+00 0.000000e+00 0.000000e+00
PROFILE_ITER 0 101 4.513025e-03 1.437902e-03 0.000000e+00 2.080202e-03 0.000000e+00 0.000000e+00 0.000000e+00
PROFILE_ITER 0 102 4.487276e-03 1.438856e-03 0.000000e+00 2.079248e-03 0.000000e+00 0.000000e+00 0.000000e+00
PROFILE_ITER 0 103 4.498959e-03 1.437902e-03 0.000000e+00 2.071857e-03 0.000000e+00 0.000000e+00 0.000000e+00
PROFILE_ITER 0 104 4.479885e-03 1.429081e-03 0.000000e+00 2.075911e-03 0.000000e+00 0.000000e+00 0.000000e+00
PROFILE_ITER 0 105 4.482031e-03 1.432896e-03 9.536743e-07 2.071857e-03 0.000000e+00 0.000000e+00 0.000000e+00
PROFILE_ITER 0 106 4.493952e-03 1.429081e-03 0.000000e+00 2.073050e-03 0.000000e+00 0.000000e+00 9.536743e-07
PROFILE_ITER 0 107 4.492760e-03 1.439095e-03 0.000000e+00 2.075911e-03 0.000000e+00 0.000000e+00 0.000000e+00
PROFILE_ITER 0 108 4.491091e-03 1.430035e-03 0.000000e+00 2.074242e-03 0.000000e+00 0.000000e+00 0.000000e+00
PROFILE_ITER 0 109 4.498005e-03 1.430988e-03 0.000000e+00 2.078056e-03 0.000000e+00 0.000000e+00 0.000000e+00
PROFILE_ITER 0 110 4.505157e-03 1.436710e-03 0.000000e+00 2.079010e-03 0.000000e+00 0.000000e+00 0.000000e+00
PROFILE_ITER 0 111 4.492998e-03 1.424074e-03 0.000000e+00 2.074957e-03 0.000000e+00 0.000000e+00 0.000000e+00
PROFILE_ITER 0 112 4.490852e-03 1.440287e-03 0.000000e+00 2.072096e-03 0.000000e+00 9.536743e-07 0.000000e+00
PROFILE_ITER 0 113 4.492998e-03 1.432896e-03 9.536743e-07 2.080917e-03 0.000000e+00 0.000000e+00 0.000000e+00
PROFILE_ITER 0 114 4.498005e-03 1.425028e-03 0.000000e+00 2.071142e-03 0.000000e+00 0.000000e+00 0.000000e+00
PROFILE_ITER 0 115 4.500866e-03 1.433134e-03 0.000000e+00 2.075911e-03 0.000000e+00 0.000000e+00 0.000000e+00
PROFILE_ITER 1 116 5.469322e-04 5.376101e-03 0.000000e+00 5.357265e-04 0.000000e+00 0.000000e+00 0.000000e+00
PROFILE_ITER 1 117 5.059242e-04 5.428076e-03 0.000000e+00 4.951954e-04 0.000000e+00 0.000000e+00 0.000000e+00
PROFILE_ITER 1 118 5.130768e-04 5.418777e-03 0.000000e+00 5.030632e-04 0.000000e+00 0.000000e+00 0.000000e+00
PROFILE_ITER 1 119 5.421638e-04 5.398989e-03 0.000000e+00 5.309582e-04 0.000000e+00 0.000000e+00 1.192093e-06
PROFILE_ITER 0 116 4.489183e-03 1.433849e-03 0.000000e+00 2.078295e-03 0.000000e+00 0.000000e+00 0.000000e+00
PROFILE_ITER 0 117 4.503012e-03 1.430988e-03 0.000000e+00 2.075911e-03 0.000000e+00 0.000000e+00 0.000000e+00
PROFILE_ITER 0 118 4.499674e-03 1.432180e-03 0.000000e+00 2.074957e-03 9.536743e-07 0.000000e+00 0.000000e+00
PROFILE_ITER 1 120 5.230904e-04 5.410910e-03 0.000000e+00 5.121231e-04 9.536743e-07 0.000000e+00 0.000000e+00
PROFILE_ITER 1 121 5.481243e-04 5.387783e-03 0.000000e+00 5.350113e-04 0.000000e+00 0.000000e+00 0.000000e+00
PROFILE_ITER 1 122 5.280972e-04 5.405903e-03 0.000000e+00 5.180836e-04 0.000000e+00 0.000000e+00 0.000000e+00
PROFILE_ITER 0 119 4.511118e-03 1.429081e-03 0.000000e+00 2.075195e-03 0.000000e+00 0.000000e+00 0.000000e+00
PROFILE_ITER 0 120 4.497766e-03 1.437187e-03 0.000000e+00 2.075911e-03 0.000000e+00 0.000000e+00 0.000000e+00
PROFILE_ITER 0 121 4.507065e-03 1.427889e-03 0.000000e+00 2.078056e-03 0.000000e+00 0.000000e+00 0.000000e+00
PROFILE_ITER 1 123 5.750656e-04 5.370855e-03 0.000000e+00 5.629063e-04 0.000000e+00 0.000000e+00 0.000000e+00
PROFILE_ITER 1 124 5.319118e-04 5.412102e-03 0.000000e+00 5.230904e-04 0.000000e+00 0.000000e+00 0.000000e+00
PROFILE_ITER 1 125 5.590916e-04 5.362034e-03 0.000000e+00 5.469322e-04 0.000000e+00 0.000000e+00 0.000000e+00
PROFILE_ITER 0 122 4.504919e-03 1.428127e-03 0.000000e+00 2.074003e-03 0.000000e+00 0.000000e+00 0.000000e+00
PROFILE_ITER 0 123 4.511118e-03 1.435757e-03 0.000000e+00 2.073050e-03 0.000000e+00 0.000000e+00 9.536743e-07
PROFILE_ITER 1 126 5.269051e-04 5.403042e-03 1.192093e-06 5.156994e-04 0.000000e+00 0.000000e+00 0.000000e+00
PROFILE_ITER 1 127 5.540848e-04 5.374908e-03 0.000000e+00 5.440712e-04 0.000000e+00 0.000000e+00 0.000000e+00
PROFILE_ITER 0 124 4.506111e-03 1.437902e-03 0.000000e+00 2.080917e-03 0.000000e+00 0.000000e+00 0.000000e+00
PROFILE_ITER 0 125 4.485130e-03 1.435041e-03 0.000000e+00 2.071857e-03 1.192093e-06 0.000000e+00 0.000000e+00
PROFILE_ITER 1 128 5.140305e-04 5.423069e-03 0.000000e+00 5.030632e-04 0.000000e+00 0.000000e+00 9.536743e-07
PROFILE_ITER 1 129 5.130768e-04 5.430937e-03 0.000000e+00 5.030632e-04 0.000000e+00 0.000000e+00 0.000000e+00
PROFILE_ITER 0 126 4.494905e-03 1.435041e-03 0.000000e+00 2.071142e-03 0.000000e+00 0.000000e+00 0.000000e+00
PROFILE_ITER 0 127 4.498959e-03 1.430035e-03 0.000000e+00 2.074957e-03 0.000000e+00 0.000000e+00 0.000000e+00
PROFILE_ITER 1 130 5.431175e-04 5.366802e-03 0.000000e+00 5.331039e-04 0.000000e+00 0.000000e+00 0.000000e+00
PROFILE_ITER 1 131 5.731583e-04 5.369902e-03 0.000000e+00 5.629063e-04 0.000000e+00 0.000000e+00 0.000000e+00
PROFILE_ITER 1 132 5.538464e-04 5.361080e-03 0.000000e+00 5.421638e-04 0.000000e+00 0.000000e+00 9.536743e-07
PROFILE_ITER 0 128 4.499912e-03 1.437187e-03 0.000000e+00 2.078056e-03 0.000000e+00 0.000000e+00 0.000000e+00
PROFILE_ITER 0 129 4.507303e-03 1.436710e-03 0.000000e+00 2.074003e-03 0.000000e+00 0.000000e+00 0.000000e+00
PROFILE_ITER 0 130 4.484892e-03 1.425028e-03 0.000000e+00 2.073765e-03 0.000000e+00 0.000000e+00 0.000000e+00
PROFILE_ITER 1 133 5.497932e-04 5.356312e-03 0.000000e+00 5.397797e-04 0.000000e+00 0.000000e+00 0.000000e+00
PROFILE_ITER 1 134 5.159378e-04 5.401850e-03 0.000000e+00 5.059242e-04 0.000000e+00 0.000000e+00 0.000000e+00
PROFILE_ITER 1 135 5.450249e-04 5.388021e-03 0.000000e+00 5.333424e-04 0.000000e+00 0.000000e+00 0.000000e+00
PROFILE_ITER 0 131 4.510164e-03 1.432896e-03 0.000000e+00 2.078056e-03 0.000000e+00 1.192093e-06 0.000000e+00
PROFILE_ITER 0 132 4.490852e-03 1.424074e-03 0.000000e+00 2.075195e-03 0.000000e+00 0.000000e+00 0.000000e+00
PROFILE_ITER 0 133 4.483938e-03 1.422167e-03 0.000000e+00 2.079964e-03 0.000000e+00 0.000000e+00 0.000000e+00
PROFILE_ITER 0 134 4.486084e-03 1.431704e-03 0.000000e+00 2.074957e-03 0.000000e+00 0.000000e+00 0.000000e+00
PROFILE_ITER 0 135 4.503965e-03 1.429081e-03 9.536743e-07 2.074003e-03 0.000000e+00 0.000000e+00 0.000000e+00
PROFILE_ITER 1 136 5.490780e-04 5.376101e-03 0.000000e+00 5.381107e-04 0.000000e+00 0.000000e+00 0.000000e+00
PROFILE_ITER 1 137 5.490780e-04 5.375862e-03 0.000000e+00 5.388260e-04 0.000000e+00 0.000000e+00 0.000000e+00
PROFILE_ITER 1 138 5.548000e-04 5.377054e-03 0.000000e+00 5.447865e-04 0.000000e+00 0.000000e+00 0.000000e+00
PROFILE_ITER 1 139 5.471706e-04 5.373955e-03 0.000000e+00 5.369186e-04 0.000000e+00 0.000000e+00 0.000000e+00
PROFILE_ITER 1 140 5.278587e-04 5.402088e-03 0.000000e+00 5.180836e-04 0.000000e+00 0.000000e+00 0.000000e+00
PROFILE_ITER 1 141 5.340576e-04 5.393982e-03 0.000000e+00 5.252361e-04 0.000000e+00 0.000000e+00 0.000000e+00
PROFILE_ITER 0 136 4.492044e-03 1.433134e-03 0.000000e+00 2.072096e-03 0.000000e+00 9.536743e-07 0.000000e+00
PROFILE_ITER 0 137 4.498720e-03 1.426220e-03 0.000000e+00 2.069712e-03 0.000000e+00 0.000000e+00 0.000000e+00
PROFILE_ITER 1 142 5.381107e-04 5.408764e-03 0.000000e+00 5.271435e-04 0.000000e+00 0.000000e+00 0.000000e+00
PROFILE_ITER 1 143 5.419254e-04 5.384207e-03 0.000000e+00 5.309582e-04 0.000000e+00 0.000000e+00 0.000000e+00
PROFILE_ITER 0 138 4.492998e-03 1.437902e-03 0.000000e+00 2.077103e-03 9.536743e-07 0.000000e+00 0.000000e+00
PROFILE_ITER 1 144 5.500317e-04 5.369902e-03 0.000000e+00 5.393028e-04 0.000000e+00 0.000000e+00 9.536743e-07
PROFILE_ITER 1 145 5.257130e-04 5.406380e-03 0.000000e+00 5.137920e-04 0.000000e+00 0.000000e+00 0.000000e+00
PROFILE_ITER 0 139 4.496098e-03 1.425982e-03 0.000000e+00 2.076149e-03 0.000000e+00 0.000000e+00 0.000000e+00
PROFILE_ITER 0 140 4.493952e-03 1.435995e-03 0.000000e+00 2.075672e-03 0.000000e+00 0.000000e+00 0.000000e+00
PROFILE_ITER 1 146 5.548000e-04 5.368233e-03 0.000000e+00 5.459785e-04 0.000000e+00 0.000000e+00 0.000000e+00
PROFILE_ITER 1 147 5.297661e-04 5.397081e-03 0.000000e+00 5.209446e-04 0.000000e+00 0.000000e+00 0.000000e+00
PROFILE_ITER 1 148 5.331039e-04 5.382061e-03 0.000000e+00 5.230904e-04 0.000000e+00 0.000000e+00 0.000000e+00
PROFILE_ITER 0 141 4.487991e-03 1.440048e-03 0.000000e+00 2.071857e-03 0.000000e+00 0.000000e+00 0.000000e+00
PROFILE_ITER 0 142 4.500151e-03 1.446724e-03 0.000000e+00 2.072334e-03 0.000000e+00 0.000000e+00 0.000000e+00
PROFILE_ITER 0 143 4.495144e-03 1.430988e-03 0.000000e+00 2.078056e-03 0.000000e+00 0.000000e+00 0.000000e+00
PROFILE_ITER 0 144 4.498005e-03 1.422882e-03 0.000000e+00 2.074957e-03 0.000000e+00 9.536743e-07 0.000000e+00
PROFILE_ITER 1 149 5.216599e-04 5.397320e-03 0.000000e+00 5.106926e-04 0.000000e+00 0.000000e+00 0.000000e+00
PROFILE_ITER 1 150 5.490780e-04 5.364895e-03 0.000000e+00 5.371571e-04 0.000000e+00 0.000000e+00 0.000000e+00
PROFILE_ITER 1 151 5.600452e-04 5.362988e-03 0.000000e+00 5.488396e-04 0.000000e+00 0.000000e+00 0.000000e+00
PROFILE_ITER 0 145 4.495144e-03 1.435995e-03 0.000000e+00 2.074003e-03 0.000000e+00 0.000000e+00 0.000000e+00
PROFILE_ITER 0 146 4.494190e-03 1.428843e-03 0.000000e+00 2.075911e-03 0.000000e+00 0.000000e+00 0.000000e+00
PROFILE_ITER 1 152 5.588531e-04 5.386114e-03 0.000000e+00 5.469322e-04 0.000000e+00 0.000000e+00 0.000000e+00
PROFILE_ITER 1 153 5.271435e-04 5.401850e-03 0.000000e+00 5.171299e-04 0.000000e+00 0.000000e+00 0.000000e+00
PROFILE_ITER 0 147 4.491091e-03 1.434803e-03 0.000000e+00 2.075195e-03 0.000000e+00 0.000000e+00 0.000000e+00
PROFILE_ITER 0 148 4.487991e-03 1.428127e-03 0.000000e+00 2.075911e-03 0.000000e+00 0.000000e+00 0.000000e+00
PROFILE_ITER 0 149 4.492044e-03 1.426935e-03 0.000000e+00 2.075911e-03 0.000000e+00 0.000000e+00 0.000000e+00
PROFILE_ITER 1 154 5.538464e-04 5.372047e-03 0.000000e+00 5.428791e-04 0.000000e+00 0.000000e+00 0.000000e+00
PROFILE_ITER 1 155 5.221367e-04 5.393028e-03 0.000000e+00 5.111694e-04 0.000000e+00 0.000000e+00 0.000000e+00
PROFILE_ITER 1 156 5.269051e-04 5.405903e-03 0.000000e+00 5.171299e-04 0.000000e+00 0.000000e+00 0.000000e+00
PROFILE_ITER 0 150 4.489899e-03 1.423120e-03 0.000000e+00 2.076149e-03 0.000000e+00 0.000000e+00 0.000000e+00
PROFILE_ITER 0 151 4.491091e-03 1.432896e-03 0.000000e+00 2.074003e-03 0.000000e+00 0.000000e+00 0.000000e+00
PROFILE_ITER 0 152 4.503012e-03 1.441956e-03 0.000000e+00 2.078772e-03 0.000000e+00 1.192093e-06 0.000000e+00
PROFILE_ITER 0 153 4.492044e-03 1.436949e-03 0.000000e+00 2.071857e-03 0.000000e+00 0.000000e+00 0.000000e+00
PROFILE_ITER 1 157 5.519390e-04 5.375147e-03 0.000000e+00 5.409718e-04 0.000000e+00 0.000000e+00 0.000000e+00
PROFILE_ITER 1 158 5.531311e-04 5.392790e-03 0.000000e+00 5.419254e-04 0.000000e+00 0.000000e+00 0.000000e+00
PROFILE_ITER 1 159 5.497932e-04 5.380392e-03 0.000000e+00 5.390644e-04 0.000000e+00 0.000000e+00 9.536743e-07
PROFILE_ITER 1 160 5.328655e-04 5.406141e-03 0.000000e+00 5.240440e-04 0.000000e+00 0.000000e+00 0.000000e+00
PROFILE_ITER 0 154 4.499912e-03 1.425982e-03 0.000000e+00 2.074957e-03 0.000000e+00 0.000000e+00 0.000000e+00
PROFILE_ITER 0 155 4.489899e-03 1.425266e-03 0.000000e+00 2.073050e-03 0.000000e+00 0.000000e+00 0.000000e+00
PROFILE_ITER 0 156 4.496098e-03 1.436710e-03 0.000000e+00 2.080917e-03 0.000000e+00 0.000000e+00 0.000000e+00
PROFILE_ITER 0 157 4.497051e-03 1.430035e-03 0.000000e+00 2.073050e-03 0.000000e+00 0.000000e+00 0.000000e+00
PROFILE_ITER 0 158 4.500151e-03 1.445770e-03 0.000000e+00 2.081871e-03 0.000000e+00 0.000000e+00 0.000000e+00
PROFILE_ITER 1 161 4.920959e-04 5.451918e-03 0.000000e+00 4.827976e-04 0.000000e+00 0.000000e+00 0.000000e+00
PROFILE_ITER 1 162 5.350113e-04 5.374908e-03 0.000000e+00 5.238056e-04 0.000000e+00 0.000000e+00 0.000000e+00
PROFILE_ITER 0 159 4.503965e-03 1.426220e-03 9.536743e-07 2.074003e-03 0.000000e+00 0.000000e+00 0.000000e+00
PROFILE_ITER 0 160 4.501820e-03 1.439095e-03 0.000000e+00 2.076864e-03 0.000000e+00 0.000000e+00 0.000000e+00
PROFILE_ITER 0 161 4.502058e-03 1.439095e-03 0.000000e+00 2.079010e-03 0.000000e+00 0.000000e+00 0.000000e+00
PROFILE_ITER 1 163 5.478859e-04 5.365133e-03 0.000000e+00 5.371571e-04 9.536743e-07 0.000000e+00 0.000000e+00
PROFILE_ITER 1 164 5.369186e-04 5.409002e-03 0.000000e+00 5.259514e-04 0.000000e+00 0.000000e+00 0.000000e+00
PROFILE_ITER 1 165 5.400181e-04 5.383968e-03 0.000000e+00 5.278587e-04 0.000000e+00 0.000000e+00 9.536743e-07
PROFILE_ITER 1 166 5.478859e-04 5.371094e-03 0.000000e+00 5.381107e-04 0.000000e+00 0.000000e+00 0.000000e+00
PROFILE_ITER 0 162 4.488945e-03 1.420975e-03 0.000000e+00 2.076149e-03 9.536743e-07 0.000000e+00 0.000000e+00
PROFILE_ITER 0 163 4.487038e-03 1.425982e-03 0.000000e+00 2.069950e-03 0.000000e+00 9.536743e-07 0.000000e+00
PROFILE_ITER 1 167 5.509853e-04 5.371094e-03 0.000000e+00 5.409718e-04 0.000000e+00 0.000000e+00 0.000000e+00
PROFILE_ITER 1 168 5.378723e-04 5.385160e-03 0.000000e+00 5.280972e-04 0.000000e+00 0.000000e+00 0.000000e+00
PROFILE_ITER 1 169 5.290508e-04 5.407810e-03 0.000000e+00 5.190372e-04 0.000000e+00 0.000000e+00 0.000000e+00
PROFILE_ITER 0 164 4.506826e-03 1.439095e-03 0.000000e+00 2.083063e-03 0.000000e+00 0.000000e+00 0.000000e+00
PROFILE_ITER 0 165 4.490137e-03 1.433849e-03 0.000000e+00 2.079010e-03 0.000000e+00 0.000000e+00 0.000000e+00
PROFILE_ITER 0 166 4.492998e-03 1.425028e-03 0.000000e+00 2.081156e-03 0.000000e+00 0.000000e+00 0.000000e+00
PROFILE_ITER 1 170 5.218983e-04 5.411148e-03 0.000000e+00 5.099773e-04 0.000000e+00 0.000000e+00 9.536743e-07
PROFILE_ITER 1 171 5.486012e-04 5.374432e-03 0.000000e+00 5.388260e-04 0.000000e+00 0.000000e+00 0.000000e+00
PROFILE_ITER 1 172 5.319118e-04 5.388021e-03 9.536743e-07 5.209446e-04 0.000000e+00 0.000000e+00 0.000000e+00
PROFILE_ITER 0 167 4.482031e-03 1.441002e-03 0.000000e+00 2.077103e-03 0.000000e+00 0.000000e+00 0.000000e+00
PROFILE_ITER 0 168 4.489899e-03 1.434088e-03 0.000000e+00 2.079010e-03 0.000000e+00 0.000000e+00 0.000000e+00
PROFILE_ITER 1 173 5.581379e-04 5.376816e-03 0.000000e+00 5.490780e-04 0.000000e+00 0.000000e+00 0.000000e+00
PROFILE_ITER 0 169 4.497051e-03 1.437902e-03 0.000000e+00 2.076149e-03 0.000000e+00 0.000000e+00 0.000000e+00
PROFILE_ITER 0 170 4.495859e-03 1.438141e-03 0.000000e+00 2.076864e-03 0.000000e+00 0.000000e+00 0.000000e+00
PROFILE_ITER 0 171 4.494905e-03 1.428127e-03 0.000000e+00 2.076149e-03 0.000000e+00 0.000000e+00 0.000000e+00
PROFILE_ITER 1 174 5.588531e-04 5.377293e-03 0.000000e+00 5.490780e-04 0.000000e+00 0.000000e+00 0.000000e+00
PROFILE_ITER 1 175 5.452633e-04 5.385637e-03 9.536743e-07 5.328655e-04 0.000000e+00 0.000000e+00 0.000000e+00
PROFILE_ITER 1 176 5.469322e-04 5.421162e-03 9.536743e-07 5.359650e-04 0.000000e+00 0.000000e+00 0.000000e+00
PROFILE_ITER 0 172 4.489899e-03 1.430035e-03 0.000000e+00 2.074957e-03 0.000000e+00 0.000000e+00 0.000000e+00
PROFILE_ITER 1 177 5.192757e-04 5.428791e-03 0.000000e+00 5.090237e-04 0.000000e+00 0.000000e+00 0.000000e+00
PROFILE_ITER 0 173 4.493952e-03 1.441002e-03 0.000000e+00 2.076149e-03 0.000000e+00 0.000000e+00 0.000000e+00
PROFILE_ITER 0 174 4.498959e-03 1.437187e-03 0.000000e+00 2.080917e-03 0.000000e+00 0.000000e+00 9.536743e-07
PROFILE_ITER 1 178 5.230904e-04 5.462885e-03 0.000000e+00 5.121231e-04 0.000000e+00 0.000000e+00 0.000000e+00
PROFILE_ITER 1 179 5.421638e-04 5.423784e-03 0.000000e+00 5.321503e-04 0.000000e+00 0.000000e+00 0.000000e+00
PROFILE_ITER 1 180 5.638599e-04 5.406141e-03 0.000000e+00 5.540848e-04 0.000000e+00 0.000000e+00 0.000000e+00
PROFILE_ITER 0 175 4.502058e-03 1.428843e-03 0.000000e+00 2.074718e-03 0.000000e+00 0.000000e+00 0.000000e+00
PROFILE_ITER 0 176 4.530191e-03 1.438856e-03 0.000000e+00 2.082109e-03 0.000000e+00 0.000000e+00 0.000000e+00
PROFILE_ITER 1 181 5.688667e-04 5.390167e-03 0.000000e+00 5.578995e-04 0.000000e+00 0.000000e+00 0.000000e+00
PROFILE_ITER 1 182 5.791187e-04 5.332947e-03 0.000000e+00 5.686283e-04 0.000000e+00 0.000000e+00 1.192093e-06
PROFILE_ITER 0 177 4.521847e-03 1.425266e-03 0.000000e+00 2.069712e-03 0.000000e+00 0.000000e+00 0.000000e+00
PROFILE_ITER 0 178 4.549980e-03 1.435041e-03 0.000000e+00 2.075195e-03 0.000000e+00 0.000000e+00 0.000000e+00
PROFILE_ITER 1 183 5.249977e-04 5.385876e-03 0.000000e+00 5.128384e-04 9.536743e-07 0.000000e+00 0.000000e+00
PROFILE_ITER 1 184 5.269051e-04 5.406141e-03 0.000000e+00 5.171299e-04 0.000000e+00 0.000000e+00 0.000000e+00
PROFILE_ITER 0 179 4.534006e-03 1.432896e-03 0.000000e+00 2.079010e-03 0.000000e+00 0.000000e+00 0.000000e+00
PROFILE_ITER 0 180 4.542112e-03 1.427889e-03 0.000000e+00 2.082109e-03 0.000000e+00 0.000000e+00 9.536743e-07
PROFILE_ITER 1 185 5.187988e-04 5.448103e-03 0.000000e+00 5.078316e-04 0.000000e+00 0.000000e+00 0.000000e+00
PROFILE_ITER 1 186 5.550385e-04 5.397081e-03 0.000000e+00 5.450249e-04 0.000000e+00 0.000000e+00 0.000000e+00
PROFILE_ITER 0 181 4.520178e-03 1.438856e-03 0.000000e+00 2.080917e-03 0.000000e+00 0.000000e+00 0.000000e+00
PROFILE_ITER 0 182 4.472971e-03 1.439095e-03 0.000000e+00 2.078772e-03 0.000000e+00 0.000000e+00 0.000000e+00
PROFILE_ITER 0 183 4.473925e-03 1.436949e-03 9.536743e-07 2.073765e-03 0.000000e+00 0.000000e+00 0.000000e+00
PROFILE_ITER 0 184 4.507303e-03 1.425743e-03 0.000000e+00 2.074957e-03 0.000000e+00 0.000000e+00 0.000000e+00
PROFILE_ITER 1 187 5.249977e-04 5.449057e-03 0.000000e+00 5.130768e-04 0.000000e+00 0.000000e+00 9.536743e-07
PROFILE_ITER 1 188 5.609989e-04 5.405903e-03 0.000000e+00 5.497932e-04 0.000000e+00 0.000000e+00 0.000000e+00
PROFILE_ITER 0 185 4.534245e-03 1.432657e-03 0.000000e+00 2.076149e-03 0.000000e+00 0.000000e+00 0.000000e+00
PROFILE_ITER 0 186 4.528761e-03 1.423359e-03 0.000000e+00 2.072811e-03 0.000000e+00 0.000000e+00 0.000000e+00
PROFILE_ITER 1 189 5.528927e-04 5.418062e-03 0.000000e+00 5.419254e-04 0.000000e+00 0.000000e+00 0.000000e+00
PROFILE_ITER 1 190 5.121231e-04 5.386829e-03 9.536743e-07 5.011559e-04 0.000000e+00 0.000000e+00 0.000000e+00
PROFILE_ITER 0 187 4.531860e-03 1.442194e-03 0.000000e+00 2.076149e-03 0.000000e+00 0.000000e+00 0.000000e+00
PROFILE_ITER 0 188 4.535198e-03 1.431704e-03 0.000000e+00 2.079964e-03 0.000000e+00 0.000000e+00 0.000000e+00
PROFILE_ITER 1 191 5.502701e-04 5.355835e-03 0.000000e+00 5.390644e-04 0.000000e+00 0.000000e+00 0.000000e+00
PROFILE_ITER 1 192 5.319118e-04 5.378008e-03 0.000000e+00 5.230904e-04 0.000000e+00 0.000000e+00 0.000000e+00
PROFILE_ITER 0 189 4.543066e-03 1.427889e-03 0.000000e+00 2.076864e-03 9.536743e-07 0.000000e+00 0.000000e+00
PROFILE_ITER 0 190 4.474163e-03 1.424789e-03 0.000000e+00 2.073050e-03 0.000000e+00 0.000000e+00 0.000000e+00
PROFILE_ITER 1 193 5.450249e-04 5.370140e-03 0.000000e+00 5.350113e-04 0.000000e+00 0.000000e+00 0.000000e+00
PROFILE_ITER 1 194 5.528927e-04 5.369902e-03 0.000000e+00 5.431175e-04 0.000000e+00 0.000000e+00 0.000000e+00
PROFILE_ITER 0 191 4.478931e-03 1.427174e-03 0.000000e+00 2.075911e-03 0.000000e+00 0.000000e+00 0.000000e+00
PROFILE_ITER 0 192 4.482031e-03 1.428843e-03 0.000000e+00 2.072096e-03 9.536743e-07 0.000000e+00 0.000000e+00
PROFILE_ITER 1 195 5.548000e-04 5.365372e-03 0.000000e+00 5.438328e-04 0.000000e+00 0.000000e+00 0.000000e+00
PROFILE_ITER 1 196 5.507469e-04 5.370140e-03 0.000000e+00 5.400181e-04 0.000000e+00 0.000000e+00 0.000000e+00
PROFILE_ITER 0 193 4.485846e-03 1.428366e-03 0.000000e+00 2.075911e-03 0.000000e+00 0.000000e+00 0.000000e+00
PROFILE_ITER 0 194 4.488945e-03 1.433849e-03 0.000000e+00 2.076149e-03 0.000000e+00 0.000000e+00 0.000000e+00
PROFILE_ITER 1 197 5.381107e-04 5.383968e-03 0.000000e+00 5.259514e-04 0.000000e+00 0.000000e+00 0.000000e+00
PROFILE_ITER 1 198 5.428791e-04 5.412102e-03 0.000000e+00 5.331039e-04 0.000000e+00 0.000000e+00 0.000000e+00
PROFILE_ITER 1 199 5.269051e-04 5.398035e-03 0.000000e+00 5.168915e-04 0.000000e+00 0.000000e+00 0.000000e+00
PROFILE_ITER 0 195 4.495859e-03 1.424313e-03 0.000000e+00 2.076864e-03 0.000000e+00 0.000000e+00 0.000000e+00
PROFILE_ITER 0 196 4.496098e-03 1.424789e-03 0.000000e+00 2.078056e-03 0.000000e+00 0.000000e+00 0.000000e+00
PROFILE_ITER 0 197 4.486799e-03 1.435280e-03 0.000000e+00 2.075911e-03 0.000000e+00 0.000000e+00 0.000000e+00
PROFILE_ACCUM 1 spmv=1.085691e-01 vecops=1.267844e+00 send_fill=1.287460e-05 local_spmv=1.064470e-01 comm_wait=5.960464e-06 shared_spmv=0.000000e+00 send_wait=1.764297e-05
PROFILE_ITER 0 198 4.522800e-03 1.432180e-03 9.536743e-07 2.075672e-03 0.000000e+00 0.000000e+00 0.000000e+00
PROFILE_ITER 0 199 4.492998e-03 1.431942e-03 0.000000e+00 2.074957e-03 0.000000e+00 0.000000e+00 0.000000e+00
PROFILE_ACCUM 0 spmv=9.003229e-01 vecops=2.869709e-01 send_fill=1.049042e-05 local_spmv=4.153278e-01 comm_wait=1.430511e-05 shared_spmv=1.311302e-05 send_wait=5.722046e-06
