Matrix name : /home/bugra/Workspace/C/HetHypPar_rewrite/data/matrices/cage12_1c_15g/cage12_1c_15g.mtx

	****	Matrix File readed	****LOG: Finished Creating Shard CSC
LOG: Finished Creating Vectors
PROFILE_HEADER rank iter spmv vecops send_fill local_spmv comm_wait shared_spmv send_wait
PROFILE_ITER 1 0 4.372120e-03 2.267368e-01 0.000000e+00 4.086971e-03 0.000000e+00 0.000000e+00 0.000000e+00
PROFILE_ITER 1 1 3.364086e-03 3.181934e-03 0.000000e+00 3.321171e-03 0.000000e+00 0.000000e+00 0.000000e+00
PROFILE_ITER 1 2 3.247976e-03 3.256083e-03 0.000000e+00 3.206015e-03 0.000000e+00 0.000000e+00 0.000000e+00
PROFILE_ITER 1 3 3.156185e-03 3.320694e-03 0.000000e+00 3.112078e-03 0.000000e+00 0.000000e+00 0.000000e+00
PROFILE_ITER 1 4 3.174067e-03 3.282070e-03 0.000000e+00 3.131151e-03 0.000000e+00 0.000000e+00 9.536743e-07
PROFILE_ITER 1 5 3.100634e-03 3.355265e-03 0.000000e+00 3.058672e-03 0.000000e+00 0.000000e+00 0.000000e+00
PROFILE_ITER 1 6 3.094196e-03 3.327847e-03 0.000000e+00 3.051043e-03 0.000000e+00 0.000000e+00 1.192093e-06
PROFILE_ITER 1 7 3.093958e-03 3.351927e-03 0.000000e+00 3.053188e-03 0.000000e+00 0.000000e+00 0.000000e+00
PROFILE_ITER 1 8 3.096104e-03 3.342867e-03 9.536743e-07 3.053188e-03 0.000000e+00 0.000000e+00 0.000000e+00
PROFILE_ITER 1 9 3.072977e-03 3.358126e-03 0.000000e+00 3.031015e-03 0.000000e+00 0.000000e+00 0.000000e+00
PROFILE_ITER 1 10 3.093004e-03 3.341913e-03 0.000000e+00 3.049850e-03 0.000000e+00 0.000000e+00 0.000000e+00
PROFILE_ITER 1 11 3.170967e-03 3.286123e-03 1.192093e-06 3.126860e-03 0.000000e+00 0.000000e+00 0.000000e+00
PROFILE_ITER 1 12 3.108263e-03 3.315687e-03 0.000000e+00 3.066063e-03 0.000000e+00 0.000000e+00 0.000000e+00
PROFILE_ITER 1 13 3.219843e-03 3.265142e-03 0.000000e+00 3.176928e-03 0.000000e+00 0.000000e+00 0.000000e+00
PROFILE_ITER 1 14 3.115177e-03 3.325939e-03 0.000000e+00 3.072262e-03 0.000000e+00 0.000000e+00 9.536743e-07
PROFILE_ITER 1 15 3.093958e-03 3.344059e-03 0.000000e+00 3.049850e-03 0.000000e+00 0.000000e+00 0.000000e+00
PROFILE_ITER 1 16 3.099203e-03 3.345728e-03 0.000000e+00 3.056288e-03 0.000000e+00 0.000000e+00 9.536743e-07
PROFILE_ITER 1 17 3.117085e-03 3.340960e-03 0.000000e+00 3.074884e-03 0.000000e+00 0.000000e+00 0.000000e+00
PROFILE_ITER 1 18 3.135204e-03 3.327847e-03 0.000000e+00 3.092289e-03 0.000000e+00 0.000000e+00 0.000000e+00
PROFILE_ITER 1 19 3.087997e-03 3.345966e-03 0.000000e+00 3.044128e-03 0.000000e+00 0.000000e+00 0.000000e+00
PROFILE_ITER 1 20 3.098965e-03 3.339052e-03 0.000000e+00 3.054857e-03 0.000000e+00 0.000000e+00 0.000000e+00
PROFILE_ITER 1 21 3.132105e-03 3.301859e-03 0.000000e+00 3.088236e-03 0.000000e+00 0.000000e+00 0.000000e+00
PROFILE_ITER 1 22 3.203154e-03 3.329754e-03 0.000000e+00 3.161907e-03 0.000000e+00 0.000000e+00 0.000000e+00
PROFILE_ITER 1 23 3.216982e-03 3.274202e-03 0.000000e+00 3.173828e-03 0.000000e+00 0.000000e+00 1.192093e-06
PROFILE_ITER 1 24 3.105164e-03 3.334761e-03 0.000000e+00 3.062248e-03 0.000000e+00 0.000000e+00 0.000000e+00
PROFILE_ITER 1 25 3.110886e-03 3.314018e-03 0.000000e+00 3.068686e-03 0.000000e+00 0.000000e+00 0.000000e+00
PROFILE_ITER 1 26 3.082037e-03 3.356934e-03 0.000000e+00 3.040075e-03 0.000000e+00 0.000000e+00 0.000000e+00
PROFILE_ITER 1 27 3.083944e-03 3.343105e-03 0.000000e+00 3.042936e-03 0.000000e+00 0.000000e+00 0.000000e+00
PROFILE_ITER 1 28 3.077030e-03 3.377914e-03 0.000000e+00 3.035069e-03 0.000000e+00 0.000000e+00 0.000000e+00
PROFILE_ITER 1 29 3.083944e-03 3.338099e-03 0.000000e+00 3.041029e-03 0.000000e+00 0.000000e+00 0.000000e+00
PROFILE_ITER 1 30 3.101826e-03 3.350973e-03 0.000000e+00 3.057957e-03 0.000000e+00 0.000000e+00 0.000000e+00
PROFILE_ITER 1 31 3.145933e-03 3.309250e-03 1.192093e-06 3.101826e-03 0.000000e+00 0.000000e+00 9.536743e-07
PROFILE_ITER 1 32 3.176928e-03 3.279924e-03 0.000000e+00 3.135920e-03 0.000000e+00 0.000000e+00 0.000000e+00
PROFILE_ITER 1 33 3.095150e-03 3.343821e-03 9.536743e-07 3.053188e-03 0.000000e+00 0.000000e+00 0.000000e+00
PROFILE_ITER 1 34 3.093719e-03 3.331184e-03 9.536743e-07 3.049850e-03 0.000000e+00 0.000000e+00 9.536743e-07
PROFILE_ITER 1 35 3.098965e-03 3.337145e-03 0.000000e+00 3.057957e-03 0.000000e+00 0.000000e+00 0.000000e+00
PROFILE_ITER 1 36 3.176928e-03 3.329039e-03 0.000000e+00 3.132105e-03 0.000000e+00 0.000000en_iters : 200 
spmv : 1.290470 
file_read : 5.613071 
relative_residual : 2.838505E-16
everything_total : 7.119310

----------------------------------------------------------------------
PROFILE_HEADER rank iter spmv vecops send_fill local_spmv comm_wait shared_spmv send_wait
PROFILE_ITER 0 0 5.560160e-03 1.889944e-03 0.000000e+00 2.266884e-03 0.000000e+00 0.000000e+00 0.000000e+00
PROFILE_ITER 0 1 5.104065e-03 1.442909e-03 0.000000e+00 2.264023e-03 0.000000e+00 0.000000e+00 0.000000e+00
PROFILE_ITER 0 2 5.066156e-03 1.437902e-03 9.536743e-07 2.266169e-03 0.000000e+00 0.000000e+00 0.000000e+00
PROFILE_ITER 0 3 5.048037e-03 1.428843e-03 0.000000e+00 2.264023e-03 1.192093e-06 0.000000e+00 0.000000e+00
PROFILE_ITER 0 4 5.023956e-03 1.432180e-03 0.000000e+00 2.265930e-03 0.000000e+00 0.000000e+00 0.000000e+00
PROFILE_ITER 0 5 5.018950e-03 1.436949e-03 0.000000e+00 2.267122e-03 0.000000e+00 0.000000e+00 0.000000e+00
PROFILE_ITER 0 6 4.987001e-03 1.435041e-03 0.000000e+00 2.262115e-03 0.000000e+00 0.000000e+00 0.000000e+00
PROFILE_ITER 0 7 5.011320e-03 1.434565e-03 0.000000e+00 2.268076e-03 1.192093e-06 0.000000e+00 0.000000e+00
PROFILE_ITER 0 8 4.999161e-03 1.439810e-03 9.536743e-07 2.264977e-03 0.000000e+00 0.000000e+00 0.000000e+00
PROFILE_ITER 0 9 5.002022e-03 1.429081e-03 0.000000e+00 2.265215e-03 0.000000e+00 0.000000e+00 0.000000e+00
PROFILE_ITER 0 10 5.002022e-03 1.433849e-03 0.000000e+00 2.268076e-03 0.000000e+00 0.000000e+00 0.000000e+00
PROFILE_ITER 0 11 5.023956e-03 1.432180e-03 0.000000e+00 2.267838e-03 0.000000e+00 0.000000e+00 0.000000e+00
PROFILE_ITER 0 12 4.994869e-03 1.428127e-03 9.536743e-07 2.259016e-03 0.000000e+00 0.000000e+00 0.000000e+00
PROFILE_ITER 0 13 5.045652e-03 1.440287e-03 0.000000e+00 2.260685e-03 9.536743e-07 0.000000e+00 0.000000e+00
PROFILE_ITER 0 14 5.004883e-03 1.435041e-03 0.000000e+00 2.260208e-03 0.000000e+00 0.000000e+00 0.000000e+00
PROFILE_ITER 0 15 5.003929e-03 1.435280e-03 0.000000e+00 2.267838e-03 9.536743e-07 0.000000e+00 0.000000e+00
PROFILE_ITER 0 16 5.013943e-03 1.430988e-03 0.000000e+00 2.264023e-03 0.000000e+00 9.536743e-07 0.000000e+00
PROFILE_ITER 0 17 5.018950e-03 1.439095e-03 0.000000e+00 2.264261e-03 0.000000e+00 0.000000e+00 0.000000e+00
PROFILE_ITER 0 18 5.030155e-03 1.432896e-03 0.000000e+00 2.263069e-03 0.000000e+00 0.000000e+00 0.000000e+00
PROFILE_ITER 0 19 4.999876e-03 1.434088e-03 0.000000e+00 2.259731e-03 9.536743e-07 0.000000e+00 0.000000e+00
PROFILE_ITER 0 20 5.007029e-03 1.429796e-03 0.000000e+00 2.261162e-03 0.000000e+00 0.000000e+00 0.000000e+00
PROFILE_ITER 0 21 5.002975e-03 1.430035e-03 0.000000e+00 2.255201e-03 0.000000e+00 0.000000e+00 0.000000e+00
PROFILE_ITER 0 22 5.099058e-03 1.434803e-03 0.000000e+00 2.265930e-03 9.536743e-07 0.000000e+00 0.000000e+00
PROFILE_ITER 0 23 5.053997e-03 1.436949e-03 0.000000e+00 2.265930e-03 0.000000e+00 0.000000e+00 0.000000e+00
PROFILE_ITER 0 24 5.014181e-03 1.426935e-03 0.000000e+00 2.269268e-03 0.000000e+00 0.000000e+00 0.000000e+00
PROFILE_ITER 0 25 4.992008e-03 1.433849e-03 0.000000e+00 2.261162e-03 0.000000e+00 0.000000e+00 0.000000e+00
PROFILE_ITER 0 26 5.005836e-03 1.436234e-03 0.000000e+00 2.263069e-03 9.536743e-07 0.000000e+00 0.000000e+00
PROFILE_ITER 0 27 4.997015e-03 1.426935e-03 9.536743e-07 2.265930e-03 0.000000e+00 0.000000e+00 0.000000e+00
PROFILE_ITER 0 28 5.011082e-03 1.445055e-03 0.000000e+00 2.260923e-03 0.000000e+00 0.000000e+00 0.000000e+00
PROFILE_ITER 0 29 4.985809e-03 1.436234e-03 9.536743e-07 2.264977e-03 9.536743e-07 0.000000e+00 0.000000e+00
PROFILE_ITER 0 30 5.015135e-03 1.437664e-03 0.000000e+00 2.264023e-03 0.000000e+00 0.000000e+00 0.000000e+00
PROFILE_ITER 0 31 5.015135e-03 1.440048e-03 9.536743e-07 2.265215e-03 0.000000e+00 0.000000e+00 0.000000e+00
PROFILE_ITER 0 32 5.027056e-03 1.429796e-03 0.000000e+00 2.260923e-03 0.000000e+00 0.000000e+00 0.000000e+00
PROFILE_ITER 0 33 5.005836e-03 1.434326e-03 9.536743e-07 2.258062e-03 9.536743e-07 0.000000e+00 0.000000e+00
PROFILE_ITER 0 34 4.988909e-03 1.435995e-03 9.536743e-07 2.258062e-03 0.000000e+00 0.000000e+00 0.000000e+00
PROFILE_ITER 0+00 0.000000e+00
PROFILE_ITER 1 37 3.217936e-03 3.269911e-03 0.000000e+00 3.176928e-03 0.000000e+00 0.000000e+00 0.000000e+00
PROFILE_ITER 1 38 3.093958e-03 3.336191e-03 0.000000e+00 3.050089e-03 0.000000e+00 0.000000e+00 9.536743e-07
PROFILE_ITER 1 39 3.108025e-03 3.330946e-03 0.000000e+00 3.062963e-03 0.000000e+00 0.000000e+00 0.000000e+00
PROFILE_ITER 1 40 3.096104e-03 3.325939e-03 0.000000e+00 3.055096e-03 0.000000e+00 0.000000e+00 0.000000e+00
PROFILE_ITER 1 41 3.092051e-03 3.328800e-03 0.000000e+00 3.049135e-03 0.000000e+00 0.000000e+00 9.536743e-07
PROFILE_ITER 1 42 3.087997e-03 3.342152e-03 0.000000e+00 3.046989e-03 0.000000e+00 0.000000e+00 0.000000e+00
PROFILE_ITER 1 43 3.165960e-03 3.329992e-03 0.000000e+00 3.122807e-03 0.000000e+00 0.000000e+00 9.536743e-07
PROFILE_ITER 1 44 3.186941e-03 3.303051e-03 0.000000e+00 3.144264e-03 0.000000e+00 0.000000e+00 9.536743e-07
PROFILE_ITER 1 45 3.192186e-03 3.301859e-03 0.000000e+00 3.150225e-03 0.000000e+00 0.000000e+00 0.000000e+00
PROFILE_ITER 1 46 3.247023e-03 3.279924e-03 0.000000e+00 3.204823e-03 0.000000e+00 0.000000e+00 0.000000e+00
PROFILE_ITER 1 47 3.122091e-03 3.336906e-03 0.000000e+00 3.079176e-03 0.000000e+00 0.000000e+00 0.000000e+00
PROFILE_ITER 1 48 3.163099e-03 3.314018e-03 0.000000e+00 3.120899e-03 0.000000e+00 0.000000e+00 0.000000e+00
PROFILE_ITER 1 49 3.475189e-03 3.225803e-03 0.000000e+00 3.427029e-03 0.000000e+00 0.000000e+00 0.000000e+00
PROFILE_ITER 1 50 3.553867e-03 3.076077e-03 0.000000e+00 3.507853e-03 0.000000e+00 0.000000e+00 9.536743e-07
PROFILE_ITER 1 51 3.143787e-03 3.307104e-03 0.000000e+00 3.097057e-03 9.536743e-07 0.000000e+00 0.000000e+00
PROFILE_ITER 1 52 3.139019e-03 3.307104e-03 0.000000e+00 3.095865e-03 0.000000e+00 0.000000e+00 9.536743e-07
PROFILE_ITER 1 53 3.107786e-03 3.331184e-03 0.000000e+00 3.064871e-03 0.000000e+00 0.000000e+00 0.000000e+00
PROFILE_ITER 1 54 3.081083e-03 3.345966e-03 0.000000e+00 3.038883e-03 0.000000e+00 0.000000e+00 1.192093e-06
PROFILE_ITER 1 55 3.058910e-03 3.369093e-03 0.000000e+00 3.015995e-03 0.000000e+00 0.000000e+00 0.000000e+00
PROFILE_ITER 1 56 3.230810e-03 3.269196e-03 0.000000e+00 3.188848e-03 0.000000e+00 0.000000e+00 0.000000e+00
PROFILE_ITER 1 57 3.120899e-03 3.324986e-03 0.000000e+00 3.078938e-03 0.000000e+00 0.000000e+00 0.000000e+00
PROFILE_ITER 1 58 3.086090e-03 3.339052e-03 0.000000e+00 3.044128e-03 0.000000e+00 0.000000e+00 0.000000e+00
PROFILE_ITER 1 59 3.074884e-03 3.362179e-03 0.000000e+00 3.031969e-03 0.000000e+00 0.000000e+00 9.536743e-07
PROFILE_ITER 1 60 3.084898e-03 3.355026e-03 0.000000e+00 3.041983e-03 0.000000e+00 0.000000e+00 0.000000e+00
PROFILE_ITER 1 61 3.073931e-03 3.343105e-03 9.536743e-07 3.031015e-03 0.000000e+00 0.000000e+00 0.000000e+00
PROFILE_ITER 1 62 3.134012e-03 3.324986e-03 0.000000e+00 3.092051e-03 0.000000e+00 0.000000e+00 0.000000e+00
PROFILE_ITER 1 63 3.128052e-03 3.307819e-03 0.000000e+00 3.087044e-03 0.000000e+00 0.000000e+00 0.000000e+00
PROFILE_ITER 1 64 3.111839e-03 3.304243e-03 0.000000e+00 3.069878e-03 0.000000e+00 0.000000e+00 0.000000e+00
PROFILE_ITER 1 65 3.116131e-03 3.307819e-03 0.000000e+00 3.069878e-03 0.000000e+00 0.000000e+00 0.000000e+00
PROFILE_ITER 1 66 3.174782e-03 3.288269e-03 0.000000e+00 3.131866e-03 0.000000e+00 0.000000e+00 9.536743e-07
PROFILE_ITER 1 67 3.098965e-03 3.337145e-03 0.000000e+00 3.055096e-03 0.000000e+00 0.000000e+00 0.000000e+00
PROFILE_ITER 1 68 3.140926e-03 3.321886e-03 0.000000e+00 3.098011e-03 0.000000e+00 0.000000e+00 0.000000e+00
PROFILE_ITER 1 69 3.116846e-03 3.318310e-03 0.000000e+00 3.074884e-03 0.000000e+00 0.000000e+00 0.000000e+00
PROFILE_ITER 1 70 3.057003e-03 3.383875e-03 0.000000e+00 3.015041e-03 0.000000e+00 0.000000e+00 9.536743e-07
PROFILE_ITER 1 71 3.112793e-03 3.323317e-03 0.000000e+00 3.068924e-03 0.000000e+00 0.000000e+00 9.536743e-07
PROFILE_ITER 1 72 3.103256e-03 3.326654e-03 0.000000e+00 3.061056e-03 0.000000e+00 0.000000e+00 0.000000e+00
PROFILE_ITER 1 73 3.091097e-03 3.330946e-03 0.000000e+00 3.048182e-03 0.000000e+00 0.000000e+00 0.000000e+00
PROFILE_ITER 1 74 3.082991e-03 3.348112e-03 0. 35 5.003214e-03 1.432896e-03 0.000000e+00 2.266169e-03 0.000000e+00 0.000000e+00 0.000000e+00
PROFILE_ITER 0 36 5.069017e-03 1.436949e-03 0.000000e+00 2.264977e-03 0.000000e+00 0.000000e+00 0.000000e+00
PROFILE_ITER 0 37 5.048037e-03 1.439810e-03 0.000000e+00 2.264023e-03 0.000000e+00 0.000000e+00 0.000000e+00
PROFILE_ITER 0 38 4.995108e-03 1.434088e-03 0.000000e+00 2.261877e-03 0.000000e+00 0.000000e+00 0.000000e+00
PROFILE_ITER 0 39 5.012035e-03 1.426935e-03 0.000000e+00 2.267122e-03 0.000000e+00 0.000000e+00 0.000000e+00
PROFILE_ITER 0 40 4.991055e-03 1.430988e-03 9.536743e-07 2.262115e-03 0.000000e+00 0.000000e+00 0.000000e+00
PROFILE_ITER 0 41 4.995823e-03 1.424074e-03 0.000000e+00 2.266884e-03 0.000000e+00 0.000000e+00 0.000000e+00
PROFILE_ITER 0 42 4.992008e-03 1.441002e-03 0.000000e+00 2.261162e-03 0.000000e+00 0.000000e+00 0.000000e+00
PROFILE_ITER 0 43 5.062103e-03 1.431942e-03 0.000000e+00 2.260208e-03 0.000000e+00 0.000000e+00 0.000000e+00
PROFILE_ITER 0 44 5.061150e-03 1.428843e-03 0.000000e+00 2.262831e-03 1.192093e-06 0.000000e+00 0.000000e+00
PROFILE_ITER 0 45 5.063057e-03 1.431942e-03 0.000000e+00 2.264977e-03 0.000000e+00 9.536743e-07 0.000000e+00
PROFILE_ITER 0 46 5.103827e-03 1.422167e-03 0.000000e+00 2.264977e-03 0.000000e+00 0.000000e+00 0.000000e+00
PROFILE_ITER 0 47 5.021095e-03 1.438856e-03 0.000000e+00 2.255917e-03 0.000000e+00 0.000000e+00 0.000000e+00
PROFILE_ITER 0 48 5.041122e-03 1.435995e-03 0.000000e+00 2.262831e-03 1.192093e-06 0.000000e+00 0.000000e+00
PROFILE_ITER 0 49 5.266190e-03 1.434803e-03 0.000000e+00 2.263069e-03 0.000000e+00 0.000000e+00 0.000000e+00
PROFILE_ITER 0 50 5.197048e-03 1.434803e-03 0.000000e+00 2.262831e-03 9.536743e-07 0.000000e+00 0.000000e+00
PROFILE_ITER 0 51 5.013227e-03 1.435757e-03 0.000000e+00 2.262115e-03 9.536743e-07 0.000000e+00 0.000000e+00
PROFILE_ITER 0 52 5.009890e-03 1.436234e-03 1.192093e-06 2.252102e-03 9.536743e-07 0.000000e+00 0.000000e+00
PROFILE_ITER 0 53 4.999638e-03 1.439333e-03 0.000000e+00 2.265692e-03 0.000000e+00 0.000000e+00 0.000000e+00
PROFILE_ITER 0 54 4.995108e-03 1.432896e-03 0.000000e+00 2.258062e-03 9.536743e-07 0.000000e+00 0.000000e+00
PROFILE_ITER 0 55 4.986048e-03 1.441956e-03 9.536743e-07 2.262831e-03 0.000000e+00 0.000000e+00 0.000000e+00
PROFILE_ITER 0 56 5.064249e-03 1.435757e-03 9.536743e-07 2.263069e-03 0.000000e+00 0.000000e+00 0.000000e+00
PROFILE_ITER 0 57 5.016088e-03 1.429796e-03 0.000000e+00 2.256155e-03 9.536743e-07 0.000000e+00 0.000000e+00
PROFILE_ITER 0 58 4.994154e-03 1.430988e-03 0.000000e+00 2.264977e-03 0.000000e+00 0.000000e+00 0.000000e+00
PROFILE_ITER 0 59 5.006075e-03 1.430988e-03 0.000000e+00 2.268076e-03 0.000000e+00 0.000000e+00 0.000000e+00
PROFILE_ITER 0 60 5.000353e-03 1.439571e-03 0.000000e+00 2.261162e-03 0.000000e+00 0.000000e+00 0.000000e+00
PROFILE_ITER 0 61 4.986048e-03 1.430988e-03 0.000000e+00 2.264023e-03 0.000000e+00 0.000000e+00 0.000000e+00
PROFILE_ITER 0 62 5.023003e-03 1.436949e-03 0.000000e+00 2.258062e-03 9.536743e-07 0.000000e+00 0.000000e+00
PROFILE_ITER 0 63 5.012989e-03 1.422882e-03 0.000000e+00 2.259970e-03 0.000000e+00 0.000000e+00 0.000000e+00
PROFILE_ITER 0 64 4.985094e-03 1.430988e-03 0.000000e+00 2.254009e-03 0.000000e+00 0.000000e+00 0.000000e+00
PROFILE_ITER 0 65 4.991055e-03 1.432896e-03 1.192093e-06 2.263069e-03 9.536743e-07 0.000000e+00 0.000000e+00
PROFILE_ITER 0 66 5.042076e-03 1.423120e-03 1.907349e-06 2.263308e-03 0.000000e+00 0.000000e+00 0.000000e+00
PROFILE_ITER 0 67 5.006075e-03 1.427889e-03 1.192093e-06 2.262115e-03 0.000000e+00 0.000000e+00 0.000000e+00
PROFILE_ITER 0 68 5.028963e-03 1.433849e-03 0.000000e+00 2.262831e-03 0.000000e+00 0.000000e+00 0.000000e+00
PROFILE_ITER 0 69 5.008936e-03 1.426220e-03 9.536743e-07 2.252817e-03 0.000000e+00 0.000000e+00 1.192093e-06
PROFILE_ITER 0 70 5.015135e-03 1.425743e-03 0.000000e+00 2.262115e-03 0.000000e+00 0.000000e+00 0.000000e+00
PROFILE_ITER 0 71 5.004883e-03 1.431227e-03 1.192093e-06 2.261877e-03 0.000000e+00 0.000000e+00 0.000000e+00
PROFILE_ITER 0 72 4.996061e-03 1.432896e-03 0.000000e+00 2.256155e-03 9.53674000000e+00 3.040075e-03 0.000000e+00 0.000000e+00 9.536743e-07
PROFILE_ITER 1 75 3.226042e-03 3.261805e-03 0.000000e+00 3.184080e-03 0.000000e+00 0.000000e+00 0.000000e+00
PROFILE_ITER 1 76 3.108025e-03 3.340960e-03 0.000000e+00 3.064871e-03 0.000000e+00 0.000000e+00 1.192093e-06
PROFILE_ITER 1 77 3.093958e-03 3.337145e-03 0.000000e+00 3.052950e-03 0.000000e+00 0.000000e+00 0.000000e+00
PROFILE_ITER 1 78 3.116846e-03 3.308058e-03 0.000000e+00 3.072977e-03 0.000000e+00 0.000000e+00 0.000000e+00
PROFILE_ITER 1 79 3.077984e-03 3.350019e-03 0.000000e+00 3.036022e-03 0.000000e+00 0.000000e+00 0.000000e+00
PROFILE_ITER 1 80 3.124952e-03 3.320217e-03 0.000000e+00 3.083944e-03 0.000000e+00 0.000000e+00 0.000000e+00
PROFILE_ITER 1 81 3.108263e-03 3.312588e-03 9.536743e-07 3.064394e-03 0.000000e+00 0.000000e+00 0.000000e+00
PROFILE_ITER 1 82 3.136158e-03 3.305912e-03 0.000000e+00 3.093004e-03 0.000000e+00 0.000000e+00 0.000000e+00
PROFILE_ITER 1 83 3.136158e-03 3.309727e-03 0.000000e+00 3.094196e-03 0.000000e+00 0.000000e+00 0.000000e+00
PROFILE_ITER 1 84 3.160715e-03 3.327370e-03 0.000000e+00 3.118753e-03 0.000000e+00 0.000000e+00 0.000000e+00
PROFILE_ITER 1 85 3.192902e-03 3.274202e-03 0.000000e+00 3.150940e-03 0.000000e+00 0.000000e+00 0.000000e+00
PROFILE_ITER 1 86 3.111124e-03 3.332853e-03 0.000000e+00 3.069162e-03 0.000000e+00 0.000000e+00 0.000000e+00
PROFILE_ITER 1 87 3.108025e-03 3.319979e-03 0.000000e+00 3.064871e-03 0.000000e+00 0.000000e+00 0.000000e+00
PROFILE_ITER 1 88 3.135920e-03 3.321886e-03 0.000000e+00 3.093958e-03 0.000000e+00 0.000000e+00 0.000000e+00
PROFILE_ITER 1 89 3.100872e-03 3.326178e-03 0.000000e+00 3.059864e-03 0.000000e+00 0.000000e+00 0.000000e+00
PROFILE_ITER 1 90 3.087759e-03 3.349304e-03 0.000000e+00 3.045797e-03 0.000000e+00 0.000000e+00 0.000000e+00
PROFILE_ITER 1 91 3.098011e-03 3.331900e-03 0.000000e+00 3.055811e-03 0.000000e+00 0.000000e+00 0.000000e+00
PROFILE_ITER 1 92 3.087759e-03 3.345251e-03 0.000000e+00 3.045797e-03 0.000000e+00 0.000000e+00 0.000000e+00
PROFILE_ITER 1 93 3.084183e-03 3.348827e-03 0.000000e+00 3.042221e-03 0.000000e+00 0.000000e+00 0.000000e+00
PROFILE_ITER 1 94 3.216028e-03 3.320932e-03 0.000000e+00 3.172874e-03 0.000000e+00 0.000000e+00 0.000000e+00
PROFILE_ITER 1 95 3.242016e-03 3.269196e-03 0.000000e+00 3.199100e-03 0.000000e+00 0.000000e+00 9.536743e-07
PROFILE_ITER 1 96 3.163815e-03 3.313065e-03 0.000000e+00 3.121853e-03 0.000000e+00 0.000000e+00 0.000000e+00
PROFILE_ITER 1 97 3.107071e-03 3.309011e-03 0.000000e+00 3.065109e-03 0.000000e+00 0.000000e+00 0.000000e+00
PROFILE_ITER 1 98 3.090143e-03 3.315687e-03 0.000000e+00 3.044844e-03 0.000000e+00 0.000000e+00 1.192093e-06
PROFILE_ITER 1 99 3.072739e-03 3.334284e-03 0.000000e+00 3.031731e-03 0.000000e+00 0.000000e+00 0.000000e+00
PROFILE_ITER 1 100 3.046989e-03 3.343105e-03 0.000000e+00 3.004074e-03 0.000000e+00 0.000000e+00 0.000000e+00
PROFILE_ITER 1 101 3.078938e-03 3.354073e-03 0.000000e+00 3.036976e-03 0.000000e+00 0.000000e+00 9.536743e-07
PROFILE_ITER 1 102 3.215075e-03 3.295898e-03 0.000000e+00 3.171682e-03 0.000000e+00 0.000000e+00 0.000000e+00
PROFILE_ITER 1 103 3.285170e-03 3.235817e-03 0.000000e+00 3.243208e-03 0.000000e+00 0.000000e+00 0.000000e+00
PROFILE_ITER 1 104 3.115892e-03 3.306150e-03 0.000000e+00 3.073931e-03 0.000000e+00 0.000000e+00 9.536743e-07
PROFILE_ITER 1 105 3.077030e-03 3.319025e-03 0.000000e+00 3.034830e-03 0.000000e+00 0.000000e+00 0.000000e+00
PROFILE_ITER 1 106 3.041983e-03 3.381968e-03 0.000000e+00 2.999067e-03 0.000000e+00 0.000000e+00 9.536743e-07
PROFILE_ITER 1 107 3.069878e-03 3.324032e-03 0.000000e+00 3.027916e-03 0.000000e+00 0.000000e+00 0.000000e+00
PROFILE_ITER 1 108 3.041029e-03 3.350019e-03 0.000000e+00 2.999067e-03 0.000000e+00 0.000000e+00 0.000000e+00
PROFILE_ITER 1 109 3.085136e-03 3.350019e-03 9.536743e-07 3.044128e-03 0.000000e+00 0.000000e+00 0.000000e+00
PROFILE_ITER 1 110 3.072023e-03 3.345966e-03 9.536743e-07 3.030062e-03 0.000000e+00 0.000000e+00 0.000000e+00
PROFILE_ITER 1 111 3.077269e-03 3.344536e-03 0.000000e+00 3.035069e-03 0.000000e+00 0.000000e+00 03e-07 0.000000e+00 0.000000e+00
PROFILE_ITER 0 73 4.994869e-03 1.428127e-03 0.000000e+00 2.264738e-03 0.000000e+00 0.000000e+00 0.000000e+00
PROFILE_ITER 0 74 4.987001e-03 1.445055e-03 0.000000e+00 2.258062e-03 0.000000e+00 0.000000e+00 9.536743e-07
PROFILE_ITER 0 75 5.053997e-03 1.432896e-03 1.192093e-06 2.259970e-03 9.536743e-07 0.000000e+00 0.000000e+00
PROFILE_ITER 0 76 5.011082e-03 1.437902e-03 0.000000e+00 2.260923e-03 0.000000e+00 0.000000e+00 0.000000e+00
PROFILE_ITER 0 77 4.997015e-03 1.433134e-03 0.000000e+00 2.266169e-03 9.536743e-07 0.000000e+00 0.000000e+00
PROFILE_ITER 0 78 4.995823e-03 1.429081e-03 0.000000e+00 2.256870e-03 0.000000e+00 0.000000e+00 1.907349e-06
PROFILE_ITER 0 79 4.988909e-03 1.440048e-03 0.000000e+00 2.262831e-03 0.000000e+00 0.000000e+00 0.000000e+00
PROFILE_ITER 0 80 5.017996e-03 1.427174e-03 0.000000e+00 2.264261e-03 0.000000e+00 0.000000e+00 0.000000e+00
PROFILE_ITER 0 81 4.992247e-03 1.428604e-03 0.000000e+00 2.258301e-03 9.536743e-07 0.000000e+00 0.000000e+00
PROFILE_ITER 0 82 5.003929e-03 1.439095e-03 1.907349e-06 2.259970e-03 0.000000e+00 0.000000e+00 0.000000e+00
PROFILE_ITER 0 83 5.006075e-03 1.437902e-03 0.000000e+00 2.259016e-03 0.000000e+00 0.000000e+00 0.000000e+00
PROFILE_ITER 0 84 5.053759e-03 1.435280e-03 0.000000e+00 2.266884e-03 0.000000e+00 0.000000e+00 0.000000e+00
PROFILE_ITER 0 85 5.028009e-03 1.439095e-03 0.000000e+00 2.257824e-03 9.536743e-07 0.000000e+00 0.000000e+00
PROFILE_ITER 0 86 5.005360e-03 1.438618e-03 0.000000e+00 2.265215e-03 0.000000e+00 0.000000e+00 0.000000e+00
PROFILE_ITER 0 87 4.992962e-03 1.435041e-03 0.000000e+00 2.264023e-03 0.000000e+00 0.000000e+00 0.000000e+00
PROFILE_ITER 0 88 5.021095e-03 1.436710e-03 0.000000e+00 2.264023e-03 0.000000e+00 0.000000e+00 0.000000e+00
PROFILE_ITER 0 89 4.995108e-03 1.431942e-03 0.000000e+00 2.257824e-03 0.000000e+00 0.000000e+00 0.000000e+00
PROFILE_ITER 0 90 4.994869e-03 1.442194e-03 0.000000e+00 2.259970e-03 0.000000e+00 0.000000e+00 0.000000e+00
PROFILE_ITER 0 91 4.997015e-03 1.432896e-03 0.000000e+00 2.254009e-03 0.000000e+00 0.000000e+00 0.000000e+00
PROFILE_ITER 0 92 5.005121e-03 1.427889e-03 9.536743e-07 2.268076e-03 0.000000e+00 0.000000e+00 0.000000e+00
PROFILE_ITER 0 93 4.996061e-03 1.435995e-03 9.536743e-07 2.260208e-03 9.536743e-07 0.000000e+00 0.000000e+00
PROFILE_ITER 0 94 5.096674e-03 1.441240e-03 9.536743e-07 2.260923e-03 0.000000e+00 0.000000e+00 0.000000e+00
PROFILE_ITER 0 95 5.069017e-03 1.441002e-03 0.000000e+00 2.259970e-03 0.000000e+00 0.000000e+00 0.000000e+00
PROFILE_ITER 0 96 5.047083e-03 1.430988e-03 0.000000e+00 2.259970e-03 0.000000e+00 0.000000e+00 0.000000e+00
PROFILE_ITER 0 97 4.987955e-03 1.428127e-03 0.000000e+00 2.260923e-03 0.000000e+00 0.000000e+00 0.000000e+00
PROFILE_ITER 0 98 4.966974e-03 1.438856e-03 0.000000e+00 2.257824e-03 0.000000e+00 0.000000e+00 0.000000e+00
PROFILE_ITER 0 99 4.968166e-03 1.437902e-03 0.000000e+00 2.255917e-03 0.000000e+00 0.000000e+00 0.000000e+00
PROFILE_ITER 0 100 4.956007e-03 1.435041e-03 0.000000e+00 2.258062e-03 0.000000e+00 0.000000e+00 0.000000e+00
PROFILE_ITER 0 101 4.992008e-03 1.441002e-03 0.000000e+00 2.262115e-03 0.000000e+00 0.000000e+00 0.000000e+00
PROFILE_ITER 0 102 5.083084e-03 1.427889e-03 0.000000e+00 2.266169e-03 9.536743e-07 0.000000e+00 0.000000e+00
PROFILE_ITER 0 103 5.093098e-03 1.427889e-03 0.000000e+00 2.263069e-03 0.000000e+00 0.000000e+00 0.000000e+00
PROFILE_ITER 0 104 4.991055e-03 1.430988e-03 9.536743e-07 2.256155e-03 0.000000e+00 0.000000e+00 0.000000e+00
PROFILE_ITER 0 105 4.962921e-03 1.433134e-03 9.536743e-07 2.255917e-03 0.000000e+00 0.000000e+00 0.000000e+00
PROFILE_ITER 0 106 4.981279e-03 1.444578e-03 0.000000e+00 2.264023e-03 0.000000e+00 1.192093e-06 0.000000e+00
PROFILE_ITER 0 107 4.975796e-03 1.416206e-03 0.000000e+00 2.263069e-03 0.000000e+00 0.000000e+00 0.000000e+00
PROFILE_ITER 0 108 4.965305e-03 1.426697e-03 1.907349e-06 2.260208e-03 0.000000e+00 0.000000e+00 0.000000e+00
PROFILE_ITER 0 109 4.999161e-03 1.435995e-03 0.000000e+00 2.258062e-03 9.536743e-07 0.000000e+00 0.000000e+00
PROFILE_ITER 0 110 4..000000e+00
PROFILE_ITER 1 112 3.082991e-03 3.332138e-03 9.536743e-07 3.041029e-03 0.000000e+00 0.000000e+00 0.000000e+00
PROFILE_ITER 1 113 3.110886e-03 3.327131e-03 9.536743e-07 3.067970e-03 0.000000e+00 0.000000e+00 0.000000e+00
PROFILE_ITER 1 114 3.081083e-03 3.346920e-03 0.000000e+00 3.039122e-03 0.000000e+00 0.000000e+00 9.536743e-07
PROFILE_ITER 1 115 3.112078e-03 3.314972e-03 0.000000e+00 3.069162e-03 0.000000e+00 0.000000e+00 0.000000e+00
PROFILE_ITER 1 116 3.315210e-03 3.271818e-03 0.000000e+00 3.272057e-03 0.000000e+00 0.000000e+00 0.000000e+00
PROFILE_ITER 1 117 3.235817e-03 3.242016e-03 0.000000e+00 3.193140e-03 0.000000e+00 0.000000e+00 9.536743e-07
PROFILE_ITER 1 118 3.118038e-03 3.307104e-03 0.000000e+00 3.077030e-03 0.000000e+00 0.000000e+00 0.000000e+00
PROFILE_ITER 1 119 3.109932e-03 3.324032e-03 0.000000e+00 3.067017e-03 0.000000e+00 0.000000e+00 0.000000e+00
PROFILE_ITER 1 120 3.084183e-03 3.345728e-03 0.000000e+00 3.042221e-03 0.000000e+00 0.000000e+00 9.536743e-07
PROFILE_ITER 1 121 3.101826e-03 3.334999e-03 0.000000e+00 3.058910e-03 0.000000e+00 0.000000e+00 9.536743e-07
PROFILE_ITER 1 122 3.104925e-03 3.320217e-03 0.000000e+00 3.062963e-03 0.000000e+00 0.000000e+00 9.536743e-07
PROFILE_ITER 1 123 3.146172e-03 3.315687e-03 0.000000e+00 3.104210e-03 0.000000e+00 0.000000e+00 0.000000e+00
PROFILE_ITER 1 124 3.116846e-03 3.325224e-03 0.000000e+00 3.074884e-03 0.000000e+00 0.000000e+00 9.536743e-07
PROFILE_ITER 1 125 3.175020e-03 3.280878e-03 0.000000e+00 3.133059e-03 0.000000e+00 0.000000e+00 0.000000e+00
PROFILE_ITER 1 126 3.106117e-03 3.331900e-03 0.000000e+00 3.064156e-03 0.000000e+00 0.000000e+00 0.000000e+00
PROFILE_ITER 1 127 3.145933e-03 3.301144e-03 0.000000e+00 3.103018e-03 0.000000e+00 0.000000e+00 9.536743e-07
PROFILE_ITER 1 128 3.096104e-03 3.342867e-03 0.000000e+00 3.055096e-03 0.000000e+00 0.000000e+00 0.000000e+00
PROFILE_ITER 1 129 3.156900e-03 3.304243e-03 0.000000e+00 3.113985e-03 0.000000e+00 0.000000e+00 0.000000e+00
PROFILE_ITER 1 130 3.213167e-03 3.296614e-03 0.000000e+00 3.170967e-03 0.000000e+00 0.000000e+00 0.000000e+00
PROFILE_ITER 1 131 3.197908e-03 3.288269e-03 0.000000e+00 3.153801e-03 0.000000e+00 0.000000e+00 1.907349e-06
PROFILE_ITER 1 132 3.110886e-03 3.317118e-03 0.000000e+00 3.067970e-03 0.000000e+00 0.000000e+00 0.000000e+00
PROFILE_ITER 1 133 3.056049e-03 3.345966e-03 0.000000e+00 3.013134e-03 0.000000e+00 0.000000e+00 9.536743e-07
PROFILE_ITER 1 134 3.065109e-03 3.349781e-03 0.000000e+00 3.022909e-03 0.000000e+00 0.000000e+00 0.000000e+00
987955e-03 1.428843e-03 0.000000e+00 2.261877e-03 0.000000e+00 0.000000e+00 0.000000e+00
PROFILE_ITER 0 111 4.986048e-03 1.436949e-03 9.536743e-07 2.261162e-03 0.000000e+00 0.000000e+00 0.000000e+00
PROFILE_ITER 0 112 4.981756e-03 1.432419e-03 0.000000e+00 2.258062e-03 9.536743e-07 0.000000e+00 0.000000e+00
PROFILE_ITER 0 113 4.996777e-03 1.444101e-03 0.000000e+00 2.259970e-03 0.000000e+00 0.000000e+00 0.000000e+00
PROFILE_ITER 0 114 4.995108e-03 1.430988e-03 9.536743e-07 2.260923e-03 1.192093e-06 0.000000e+00 0.000000e+00
PROFILE_ITER 0 115 5.004883e-03 1.422167e-03 0.000000e+00 2.261162e-03 9.536743e-07 0.000000e+00 0.000000e+00
PROFILE_ITER 0 116 5.149126e-03 1.437902e-03 0.000000e+00 2.258062e-03 0.000000e+00 0.000000e+00 0.000000e+00
PROFILE_ITER 0 117 5.043983e-03 1.433849e-03 0.000000e+00 2.258062e-03 0.000000e+00 0.000000e+00 0.000000e+00
PROFILE_ITER 0 118 4.997015e-03 1.429081e-03 9.536743e-07 2.257109e-03 0.000000e+00 0.000000e+00 0.000000e+00
PROFILE_ITER 0 119 5.007982e-03 1.425982e-03 9.536743e-07 2.257824e-03 0.000000e+00 0.000000e+00 0.000000e+00
PROFILE_ITER 0 120 4.997969e-03 1.431942e-03 0.000000e+00 2.256393e-03 9.536743e-07 0.000000e+00 0.000000e+00
PROFILE_ITER 0 121 5.002975e-03 1.437187e-03 0.000000e+00 2.261162e-03 0.000000e+00 0.000000e+00 0.000000e+00
PROFILE_ITER 0 122 4.992247e-03 1.430750e-03 0.000000e+00 2.255201e-03 0.000000e+00 0.000000e+00 0.000000e+00
PROFILE_ITER 0 123 5.028963e-03 1.431942e-03 0.000000e+00 2.259970e-03 1.192093e-06 0.000000e+00 0.000000e+00
PROFILE_ITER 0 124 5.011082e-03 1.431942e-03 9.536743e-07 2.256870e-03 0.000000e+00 0.000000e+00 1.192093e-06
PROFILE_ITER 0 125 5.036116e-03 1.419783e-03 0.000000e+00 2.260923e-03 0.000000e+00 0.000000e+00 0.000000e+00
PROFILE_ITER 0 126 4.995823e-03 1.441240e-03 0.000000e+00 2.260923e-03 0.000000e+00 0.000000e+00 0.000000e+00
PROFILE_ITER 0 127 5.018711e-03 1.429319e-03 9.536743e-07 2.258062e-03 0.000000e+00 0.000000e+00 0.000000e+00
PROFILE_ITER 0 128 5.000353e-03 1.437664e-03 1.192093e-06 2.264023e-03 0.000000e+00 0.000000e+00 0.000000e+00
PROFILE_ITER 0 129 5.037785e-03 1.423359e-03 0.000000e+00 2.261877e-03 0.000000e+00 0.000000e+00 0.000000e+00
PROFILE_ITER 1 135 3.028393e-03 3.390551e-03 0.000000e+00 2.985239e-03 0.000000e+00 0.000000e+00 1.192093e-06
PROFILE_ITER 1 136 3.116131e-03 3.342867e-03 0.000000e+00 3.072262e-03 0.000000e+00 0.000000e+00 0.000000e+00
PROFILE_ITER 1 137 3.185034e-03 3.320932e-03 0.000000e+00 3.142118e-03 0.000000e+00 0.000000e+00 0.000000e+00
PROFILE_ITER 1 138 3.232002e-03 3.286123e-03 0.000000e+00 3.189325e-03 0.000000e+00 0.000000e+00 9.536743e-07
PROFILE_ITER 0 130 5.079031e-03 1.430750e-03 9.536743e-07 2.263069e-03 0.000000e+00 0.000000e+00 0.000000e+00
PROFILE_ITER 0 131 5.048037e-03 1.438141e-03 0.000000e+00 2.257109e-03 1.192093e-06 0.000000e+00 0.000000e+00
PROFILE_ITER 0 132 4.989862e-03 1.438141e-03 0.000000e+00 2.263069e-03 0.000000e+00 0.000000e+00 0.000000e+00
PROFILE_ITER 1 139 3.105164e-03 3.322840e-03 0.000000e+00 3.062963e-03 0.000000e+00 0.000000e+00 0.000000e+00
PROFILE_ITER 1 140 3.047943e-03 3.358126e-03 0.000000e+00 3.004789e-03 0.000000e+00 0.000000e+00 1.192093e-06
PROFILE_ITER 0 133 4.969120e-03 1.432896e-03 9.536743e-07 2.258062e-03 1.192093e-06 0.000000e+00 0.000000e+00
PROFILE_ITER 0 134 4.975080e-03 1.438856e-03 9.536743e-07 2.256870e-03 0.000000e+00 0.000000e+00 0.000000e+00
PROFILE_ITER 1 141 3.057003e-03 3.335953e-03 1.192093e-06 3.012896e-03 0.000000e+00 0.000000e+00 0.000000e+00
PROFILE_ITER 1 142 3.087044e-03 3.332853e-03 0.000000e+00 3.045797e-03 0.000000e+00 0.000000e+00 0.000000e+00
PROFILE_ITER 0 135 4.984140e-03 1.435757e-03 0.000000e+00 2.261162e-03 0.000000e+00 0.000000e+00 0.000000e+00
PROFILE_ITER 0 136 5.031824e-03 1.427174e-03 0.000000e+00 2.259016e-03 0.000000e+00 0.000000e+00 0.000000e+00
PROFILE_ITER 1 143 3.058910e-03 3.353119e-03 0.000000e+00 3.015995e-03 0.000000e+00 0.000000e+00 0.000000e+00
PROFILE_ITER 1 144 3.034830e-03 3.366232e-03 0.000000e+00 2.991676e-03 0.000000e+00 0.000000e+00 1.192093e-06
PROFILE_ITER 1 145 3.097773e-03 3.337145e-03 0.000000e+00 3.052950e-03 0.000000e+00 0.000000e+00 0.000000e+00
PROFILE_ITER 0 137 5.081177e-03 1.426935e-03 0.000000e+00 2.265930e-03 1.192093e-06 0.000000e+00 0.000000e+00
PROFILE_ITER 0 138 5.081177e-03 1.434803e-03 0.000000e+00 2.262831e-03 0.000000e+00 0.000000e+00 0.000000e+00
PROFILE_ITER 0 139 4.995823e-03 1.433134e-03 0.000000e+00 2.259016e-03 0.000000e+00 0.000000e+00 0.000000e+00
PROFILE_ITER 1 146 3.192902e-03 3.274202e-03 0.000000e+00 3.146887e-03 0.000000e+00 0.000000e+00 9.536743e-07
PROFILE_ITER 1 147 3.125191e-03 3.316879e-03 0.000000e+00 3.081083e-03 0.000000e+00 0.000000e+00 1.192093e-06
PROFILE_ITER 1 148 3.114939e-03 3.309011e-03 0.000000e+00 3.070116e-03 0.000000e+00 0.000000e+00 0.000000e+00
PROFILE_ITER 0 140 4.976034e-03 1.430035e-03 0.000000e+00 2.256870e-03 0.000000e+00 1.192093e-06 0.000000e+00
PROFILE_ITER 0 141 4.968166e-03 1.424789e-03 0.000000e+00 2.263069e-03 0.000000e+00 0.000000e+00 0.000000e+00
PROFILE_ITER 0 142 4.987955e-03 1.431942e-03 0.000000e+00 2.262115e-03 0.000000e+00 0.000000e+00 0.000000e+00
PROFILE_ITER 1 149 3.165722e-03 3.301144e-03 0.000000e+00 3.123760e-03 0.000000e+00 0.000000e+00 0.000000e+00
PROFILE_ITER 1 150 3.146172e-03 3.312826e-03 0.000000e+00 3.104210e-03 0.000000e+00 0.000000e+00 0.000000e+00
PROFILE_ITER 0 143 4.982233e-03 1.429796e-03 0.000000e+00 2.264977e-03 0.000000e+00 0.000000e+00 0.000000e+00
PROFILE_ITER 0 144 4.970789e-03 1.430273e-03 0.000000e+00 2.259970e-03 9.536743e-07 0.000000e+00 0.000000e+00
PROFILE_ITER 0 145 5.002022e-03 1.434088e-03 0.000000e+00 2.260208e-03 0.000000e+00 0.000000e+00 0.000000e+00
PROFILE_ITER 1 151 3.177166e-03 3.278971e-03 0.000000e+00 3.133297e-03 0.000000e+00 0.000000e+00 0.000000e+00
PROFILE_ITER 1 152 3.093004e-03 3.368855e-03 0.000000e+00 3.051043e-03 0.000000e+00 0.000000e+00 0.000000e+00
PROFILE_ITER 1 153 3.129959e-03 3.316164e-03 0.000000e+00 3.085136e-03 0.000000e+00 0.000000e+00 0.000000e+00
PROFILE_ITER 0 146 5.036831e-03 1.429081e-03 0.000000e+00 2.257824e-03 9.536743e-07 0.000000e+00 0.000000e+00
PROFILE_ITER 0 147 5.002022e-03 1.440048e-03 9.536743e-07 2.259016e-03 0.000000e+00 0.000000e+00 0.000000e+00
PROFILE_ITER 0 148 4.995108e-03 1.428843e-03 0.000000e+00 2.261162e-03 9.536743e-07 0.000000e+00 0.000000e+00
PROFILE_ITER 0 149 5.031109e-03 1.435757e-03 0.000000e+00 2.263308e-03 0.000000e+00 0.000000e+00 0.000000e+00
PROFILE_ITER 1 154 3.103971e-03 3.345966e-03 0.000000e+00 3.062010e-03 0.000000e+00 0.000000e+00 0.000000e+00
PROFILE_ITER 1 155 3.178358e-03 3.321648e-03 0.000000e+00 3.137350e-03 0.000000e+00 0.000000e+00 0.000000e+00
PROFILE_ITER 1 156 3.170967e-03 3.304005e-03 0.000000e+00 3.129959e-03 0.000000e+00 0.000000e+00 0.000000e+00
PROFILE_ITER 1 157 3.155947e-03 3.324032e-03 0.000000e+00 3.113031e-03 0.000000e+00 0.000000e+00 0.000000e+00
PROFILE_ITER 1 158 3.150940e-03 3.303051e-03 0.000000e+00 3.108025e-03 0.000000e+00 0.000000e+00 0.000000e+00
PROFILE_ITER 0 150 5.023956e-03 1.434088e-03 0.000000e+00 2.259254e-03 0.000000e+00 0.000000e+00 0.000000e+00
PROFILE_ITER 0 151 5.026102e-03 1.430035e-03 0.000000e+00 2.260208e-03 9.536743e-07 0.000000e+00 0.000000e+00
PROFILE_ITER 0 152 5.011082e-03 1.450777e-03 0.000000e+00 2.268076e-03 9.536743e-07 0.000000e+00 0.000000e+00
PROFILE_ITER 1 159 3.123045e-03 3.318787e-03 0.000000e+00 3.081083e-03 0.000000e+00 0.000000e+00 0.000000e+00
PROFILE_ITER 1 160 3.135920e-03 3.288269e-03 0.000000e+00 3.092051e-03 0.000000e+00 0.000000e+00 0.000000e+00
PROFILE_ITER 1 161 3.193855e-03 3.289938e-03 0.000000e+00 3.152847e-03 0.000000e+00 0.000000e+00 0.000000e+00
PROFILE_ITER 1 162 3.082037e-03 3.340960e-03 0.000000e+00 3.039122e-03 0.000000e+00 0.000000e+00 9.536743e-07
PROFILE_ITER 1 163 3.156185e-03 3.300905e-03 0.000000e+00 3.112793e-03 0.000000e+00 0.000000e+00 0.000000e+00
PROFILE_ITER 1 164 3.121138e-03 3.323793e-03 0.000000e+00 3.077030e-03 0.000000e+00 0.000000e+00 0.000000e+00
PROFILE_ITER 0 153 5.015850e-03 1.430273e-03 0.000000e+00 2.255917e-03 9.536743e-07 0.000000e+00 0.000000e+00
PROFILE_ITER 0 154 5.013943e-03 1.436949e-03 0.000000e+00 2.259970e-03 0.000000e+00 0.000000e+00 0.000000e+00
PROFILE_ITER 0 155 5.062103e-03 1.437902e-03 0.000000e+00 2.261162e-03 0.000000e+00 0.000000e+00 0.000000e+00
PROFILE_ITER 0 156 5.047083e-03 1.427889e-03 0.000000e+00 2.264977e-03 9.536743e-07 0.000000e+00 0.000000e+00
PROFILE_ITER 0 157 5.041838e-03 1.438141e-03 0.000000e+00 2.257824e-03 0.000000e+00 0.000000e+00 0.000000e+00
PROFILE_ITER 0 158 5.026102e-03 1.427889e-03 0.000000e+00 2.258062e-03 0.000000e+00 0.000000e+00 0.000000e+00
PROFILE_ITER 1 165 3.232002e-03 3.272057e-03 0.000000e+00 3.190041e-03 0.000000e+00 0.000000e+00 0.000000e+00
PROFILE_ITER 1 166 3.119946e-03 3.332138e-03 0.000000e+00 3.078222e-03 0.000000e+00 0.000000e+00 9.536743e-07
PROFILE_ITER 1 167 3.094912e-03 3.350973e-03 0.000000e+00 3.051996e-03 0.000000e+00 0.000000e+00 0.000000e+00
PROFILE_ITER 1 168 3.093958e-03 3.326178e-03 0.000000e+00 3.051996e-03 0.000000e+00 0.000000e+00 0.000000e+00
PROFILE_ITER 0 159 5.012989e-03 1.429081e-03 0.000000e+00 2.254248e-03 0.000000e+00 0.000000e+00 0.000000e+00
PROFILE_ITER 0 160 4.999876e-03 1.425266e-03 0.000000e+00 2.262115e-03 0.000000e+00 0.000000e+00 0.000000e+00
PROFILE_ITER 0 161 5.047083e-03 1.437902e-03 9.536743e-07 2.259970e-03 0.000000e+00 0.000000e+00 0.000000e+00
PROFILE_ITER 0 162 4.993916e-03 1.426935e-03 0.000000e+00 2.260923e-03 0.000000e+00 0.000000e+00 0.000000e+00
PROFILE_ITER 0 163 5.022049e-03 1.435041e-03 0.000000e+00 2.259970e-03 0.000000e+00 0.000000e+00 0.000000e+00
PROFILE_ITER 0 164 5.006075e-03 1.438856e-03 0.000000e+00 2.254963e-03 0.000000e+00 0.000000e+00 0.000000e+00
PROFILE_ITER 0 165 5.069971e-03 1.434088e-03 0.000000e+00 2.264977e-03 0.000000e+00 0.000000e+00 0.000000e+00
PROFILE_ITER 0 166 5.012751e-03 1.439333e-03 0.000000e+00 2.261877e-03 0.000000e+00 0.000000e+00 0.000000e+00
PROFILE_ITER 1 169 3.097057e-03 3.333807e-03 0.000000e+00 3.053904e-03 0.000000e+00 0.000000e+00 0.000000e+00
PROFILE_ITER 1 170 3.226995e-03 3.276110e-03 0.000000e+00 3.183126e-03 0.000000e+00 0.000000e+00 0.000000e+00
PROFILE_ITER 1 171 3.087997e-03 3.342867e-03 0.000000e+00 3.044128e-03 9.536743e-07 0.000000e+00 9.536743e-07
PROFILE_ITER 1 172 3.091097e-03 3.335953e-03 0.000000e+00 3.048182e-03 0.000000e+00 0.000000e+00 0.000000e+00
PROFILE_ITER 1 173 3.114939e-03 3.322124e-03 0.000000e+00 3.072977e-03 0.000000e+00 0.000000e+00 0.000000e+00
PROFILE_ITER 1 174 3.117085e-03 3.350973e-03 0.000000e+00 3.074169e-03 0.000000e+00 0.000000e+00 9.536743e-07
PROFILE_ITER 1 175 3.193855e-03 3.285170e-03 0.000000e+00 3.151894e-03 9.536743e-07 0.000000e+00 0.000000e+00
PROFILE_ITER 0 167 5.012035e-03 1.433849e-03 0.000000e+00 2.264977e-03 0.000000e+00 0.000000e+00 0.000000e+00
PROFILE_ITER 0 168 4.992962e-03 1.427174e-03 0.000000e+00 2.258062e-03 0.000000e+00 0.000000e+00 0.000000e+00
PROFILE_ITER 0 169 4.999161e-03 1.432657e-03 0.000000e+00 2.261162e-03 1.192093e-06 0.000000e+00 0.000000e+00
PROFILE_ITER 1 176 3.123999e-03 3.326893e-03 0.000000e+00 3.078938e-03 0.000000e+00 0.000000e+00 0.000000e+00
PROFILE_ITER 1 177 3.174305e-03 3.293753e-03 0.000000e+00 3.132105e-03 0.000000e+00 0.000000e+00 0.000000e+00
PROFILE_ITER 0 170 5.060911e-03 1.440048e-03 0.000000e+00 2.263069e-03 1.907349e-06 0.000000e+00 0.000000e+00
PROFILE_ITER 0 171 4.989862e-03 1.440048e-03 0.000000e+00 2.258062e-03 9.536743e-07 0.000000e+00 0.000000e+00
PROFILE_ITER 1 178 3.120184e-03 3.297806e-03 0.000000e+00 3.077030e-03 0.000000e+00 0.000000e+00 0.000000e+00
PROFILE_ITER 1 179 3.127098e-03 3.309965e-03 0.000000e+00 3.084183e-03 0.000000e+00 0.000000e+00 0.000000e+00
PROFILE_ITER 0 172 4.987001e-03 1.440048e-03 0.000000e+00 2.259970e-03 9.536743e-07 0.000000e+00 0.000000e+00
PROFILE_ITER 0 173 5.002022e-03 1.435041e-03 9.536743e-07 2.260923e-03 0.000000e+00 0.000000e+00 0.000000e+00
PROFILE_ITER 1 180 3.185749e-03 3.269196e-03 0.000000e+00 3.142118e-03 0.000000e+00 0.000000e+00 9.536743e-07
PROFILE_ITER 1 181 3.106833e-03 3.334999e-03 0.000000e+00 3.064871e-03 0.000000e+00 0.000000e+00 0.000000e+00
PROFILE_ITER 1 182 3.092289e-03 3.334761e-03 0.000000e+00 3.048182e-03 0.000000e+00 0.000000e+00 1.192093e-06
PROFILE_ITER 0 174 5.026102e-03 1.441956e-03 0.000000e+00 2.262115e-03 9.536743e-07 0.000000e+00 0.000000e+00
PROFILE_ITER 0 175 5.047083e-03 1.430750e-03 0.000000e+00 2.266169e-03 9.536743e-07 0.000000e+00 0.000000e+00
PROFILE_ITER 0 176 5.011082e-03 1.440048e-03 0.000000e+00 2.263069e-03 0.000000e+00 0.000000e+00 0.000000e+00
PROFILE_ITER 1 183 3.143072e-03 3.302097e-03 9.536743e-07 3.100157e-03 0.000000e+00 0.000000e+00 0.000000e+00
PROFILE_ITER 1 184 3.077030e-03 3.348827e-03 0.000000e+00 3.031969e-03 0.000000e+00 0.000000e+00 9.536743e-07
PROFILE_ITER 0 177 5.039930e-03 1.428127e-03 9.536743e-07 2.264023e-03 9.536743e-07 0.000000e+00 0.000000e+00
PROFILE_ITER 0 178 4.999876e-03 1.419067e-03 0.000000e+00 2.259016e-03 0.000000e+00 0.000000e+00 0.000000e+00
PROFILE_ITER 1 185 3.190994e-03 3.297091e-03 0.000000e+00 3.147125e-03 0.000000e+00 0.000000e+00 0.000000e+00
PROFILE_ITER 1 186 3.114939e-03 3.314018e-03 0.000000e+00 3.072023e-03 0.000000e+00 0.000000e+00 9.536743e-07
PROFILE_ITER 1 187 3.055096e-03 3.351927e-03 0.000000e+00 3.011227e-03 0.000000e+00 0.000000e+00 9.536743e-07
PROFILE_ITER 1 188 3.057003e-03 3.346920e-03 0.000000e+00 3.015995e-03 0.000000e+00 0.000000e+00 0.000000e+00
PROFILE_ITER 1 189 3.055811e-03 3.332138e-03 0.000000e+00 3.014803e-03 0.000000e+00 0.000000e+00 0.000000e+00
PROFILE_ITER 0 179 5.003214e-03 1.432657e-03 9.536743e-07 2.259970e-03 1.192093e-06 0.000000e+00 0.000000e+00
PROFILE_ITER 0 180 5.024910e-03 1.430035e-03 0.000000e+00 2.255917e-03 0.000000e+00 0.000000e+00 0.000000e+00
PROFILE_ITER 0 181 4.997015e-03 1.444817e-03 0.000000e+00 2.263069e-03 0.000000e+00 0.000000e+00 0.000000e+00
PROFILE_ITER 0 182 4.989862e-03 1.437187e-03 0.000000e+00 2.259016e-03 0.000000e+00 0.000000e+00 0.000000e+00
PROFILE_ITER 0 183 5.012035e-03 1.431942e-03 1.192093e-06 2.257109e-03 0.000000e+00 0.000000e+00 0.000000e+00
PROFILE_ITER 1 190 3.068924e-03 3.337145e-03 0.000000e+00 3.026962e-03 0.000000e+00 0.000000e+00 9.536743e-07
PROFILE_ITER 1 191 3.056049e-03 3.341913e-03 0.000000e+00 3.013849e-03 0.000000e+00 0.000000e+00 0.000000e+00
PROFILE_ITER 0 184 4.992962e-03 1.434088e-03 0.000000e+00 2.258062e-03 0.000000e+00 0.000000e+00 0.000000e+00
PROFILE_ITER 0 185 5.048990e-03 1.440048e-03 0.000000e+00 2.259970e-03 0.000000e+00 0.000000e+00 0.000000e+00
PROFILE_ITER 1 192 3.107786e-03 3.322363e-03 0.000000e+00 3.064871e-03 0.000000e+00 0.000000e+00 9.536743e-07
PROFILE_ITER 1 193 3.080845e-03 3.319979e-03 0.000000e+00 3.040075e-03 0.000000e+00 0.000000e+00 0.000000e+00
PROFILE_ITER 1 194 3.030062e-03 3.380060e-03 0.000000e+00 2.988100e-03 9.536743e-07 0.000000e+00 0.000000e+00
PROFILE_ITER 1 195 3.062010e-03 3.340006e-03 0.000000e+00 3.018141e-03 0.000000e+00 0.000000e+00 0.000000e+00
PROFILE_ITER 0 186 4.994154e-03 1.432896e-03 0.000000e+00 2.259016e-03 0.000000e+00 0.000000e+00 9.536743e-07
PROFILE_ITER 0 187 4.977942e-03 1.429081e-03 0.000000e+00 2.257824e-03 0.000000e+00 0.000000e+00 0.000000e+00
PROFILE_ITER 1 196 3.051996e-03 3.345966e-03 0.000000e+00 3.008842e-03 0.000000e+00 0.000000e+00 0.000000e+00
PROFILE_ITER 1 197 3.051043e-03 3.346920e-03 0.000000e+00 3.008127e-03 0.000000e+00 0.000000e+00 9.536743e-07
PROFILE_ITER 0 188 4.968166e-03 1.435757e-03 9.536743e-07 2.258062e-03 0.000000e+00 0.000000e+00 0.000000e+00
PROFILE_ITER 0 189 4.964113e-03 1.423836e-03 0.000000e+00 2.262831e-03 0.000000e+00 0.000000e+00 0.000000e+00
PROFILE_ITER 1 198 3.042936e-03 3.369093e-03 0.000000e+00 3.000021e-03 0.000000e+00 0.000000e+00 0.000000e+00
PROFILE_ITER 1 199 3.057003e-03 3.332138e-03 0.000000e+00 3.015995e-03 0.000000e+00 0.000000e+00 0.000000e+00
PROFILE_ITER 0 190 4.972935e-03 1.433134e-03 0.000000e+00 2.263069e-03 0.000000e+00 0.000000e+00 0.000000e+00
PROFILE_ITER 0 191 4.959822e-03 1.438141e-03 0.000000e+00 2.254963e-03 0.000000e+00 0.000000e+00 0.000000e+00
PROFILE_ACCUM 1 spmv=6.264775e-01 vecops=8.876371e-01 send_fill=1.311302e-05 local_spmv=6.176915e-01 comm_wait=3.814697e-06 shared_spmv=0.000000e+00 send_wait=5.292892e-05
PROFILE_ITER 0 192 4.997015e-03 1.433134e-03 0.000000e+00 2.250910e-03 0.000000e+00 0.000000e+00 0.000000e+00
PROFILE_ITER 0 193 4.978180e-03 1.424789e-03 0.000000e+00 2.258062e-03 0.000000e+00 0.000000e+00 0.000000e+00
PROFILE_ITER 0 194 4.971981e-03 1.435995e-03 1.907349e-06 2.258062e-03 9.536743e-07 0.000000e+00 0.000000e+00
PROFILE_ITER 0 195 4.972219e-03 1.430750e-03 9.536743e-07 2.267361e-03 0.000000e+00 0.000000e+00 0.000000e+00
PROFILE_ITER 0 196 4.967928e-03 1.430035e-03 0.000000e+00 2.260208e-03 9.536743e-07 0.000000e+00 0.000000e+00
PROFILE_ITER 0 197 4.971027e-03 1.426935e-03 0.000000e+00 2.257109e-03 9.536743e-07 0.000000e+00 0.000000e+00
PROFILE_ITER 0 198 4.974127e-03 1.437902e-03 0.000000e+00 2.259016e-03 0.000000e+00 0.000000e+00 0.000000e+00
PROFILE_ITER 0 199 4.963398e-03 1.425743e-03 0.000000e+00 2.260208e-03 0.000000e+00 0.000000e+00 0.000000e+00
PROFILE_ACCUM 0 spmv=1.003324e+00 vecops=2.871377e-01 send_fill=4.744530e-05 local_spmv=4.522364e-01 comm_wait=5.316734e-05 shared_spmv=4.291534e-06 send_wait=6.198883e-06
