Matrix name : /home/bugra/Workspace/C/HetHypPar_rewrite/data/matrices/cage11_1c_9g/cage11_1c_9g.mtx

	****	Matrix File readed	****LOG: Finished Creating Shard CSC
LOG: Finished Creating Vectors
n_iters : 200 
spmv : 0.236028 
file_read : 0.997391 
relative_residual : 2.992386E-16
everything_total : 1.376955

----------------------------------------------------------------------
PROFILE_HEADER rank iter spmv vecops send_fill local_spmv comm_wait shared_spmv send_wait
PROFILE_ITER 0 0 1.048088e-03 6.299019e-04 0.000000e+00 3.988743e-04 0.000000e+00 1.192093e-06 0.000000e+00
PROFILE_ITER 0 1 8.878708e-04 3.061295e-04 0.000000e+00 3.938675e-04 0.000000e+00 0.000000e+00 0.000000e+00
PROFILE_ITER 0 2 8.802414e-04 3.027916e-04 0.000000e+00 3.931522e-04 0.000000e+00 0.000000e+00 0.000000e+00
PROFILE_ITER 0 3 8.790493e-04 2.930164e-04 0.000000e+00 3.929138e-04 9.536743e-07 0.000000e+00 0.000000e+00
PROFILE_ITER 0 4 8.766651e-04 3.013611e-04 0.000000e+00 3.929138e-04 0.000000e+00 0.000000e+00 0.000000e+00
PROFILE_ITER 0 5 8.752346e-04 2.996922e-04 0.000000e+00 3.919601e-04 0.000000e+00 0.000000e+00 0.000000e+00
PROFILE_ITER 0 6 8.707047e-04 2.982616e-04 0.000000e+00 3.919601e-04 0.000000e+00 0.000000e+00 0.000000e+00
PROFILE_ITER 0 7 8.821487e-04 2.939701e-04 0.000000e+00 3.929138e-04 0.000000e+00 0.000000e+00 0.000000e+00
PROFILE_ITER 0 8 8.749962e-04 2.908707e-04 0.000000e+00 3.919601e-04 0.000000e+00 0.000000e+00 0.000000e+00
PROFILE_ITER 0 9 8.778572e-04 3.082752e-04 0.000000e+00 3.929138e-04 0.000000e+00 0.000000e+00 0.000000e+00
PROFILE_ITER 0 10 8.800030e-04 2.958775e-04 0.000000e+00 3.938675e-04 0.000000e+00 0.000000e+00 0.000000e+00
PROFILE_ITER 0 11 8.971691e-04 3.058910e-04 0.000000e+00 3.931522e-04 0.000000e+00 0.000000e+00 0.000000e+00
PROFILE_ITER 0 12 9.539127e-04 2.930164e-04 0.000000e+00 3.950596e-04 0.000000e+00 0.000000e+00 0.000000e+00
PROFILE_ITER 0 13 8.759499e-04 3.092289e-04 0.000000e+00 3.919601e-04 0.000000e+00 0.000000e+00 0.000000e+00
PROFILE_ITER 0 14 8.716583e-04 2.901554e-04 0.000000e+00 3.900528e-04 0.000000e+00 0.000000e+00 0.000000e+00
PROFILE_ITER 0 15 8.821487e-04 2.999306e-04 0.000000e+00 3.929138e-04 0.000000e+00 0.000000e+00 0.000000e+00
PROFILE_ITER 0 16 8.752346e-04 3.037453e-04 0.000000e+00 3.929138e-04 0.000000e+00 0.000000e+00 0.000000e+00
PROFILE_ITER 0 17 8.759499e-04 2.980232e-04 0.000000e+00 3.929138e-04 0.000000e+00 0.000000e+00 0.000000e+00
PROFILE_ITER 0 18 8.761883e-04 3.008842e-04 0.000000e+00 3.910065e-04 0.000000e+00 0.000000e+00 0.000000e+00
PROFILE_ITER 0 19 8.740425e-04 3.068447e-04 0.000000e+00 3.919601e-04 0.000000e+00 0.000000e+00 0.000000e+00
PROFILE_ITER 0 20 8.759499e-04 2.970695e-04 0.000000e+00 3.919601e-04 9.536743e-07 0.000000e+00 0.000000e+00
PROFILE_ITER 0 21 8.821487e-04 2.989769e-04 9.536743e-07 3.950596e-04 0.000000e+00 0.000000e+00 0.000000e+00
PROFILE_ITER 0 22 8.790493e-04 2.989769e-04 0.000000e+00 3.929138e-04 0.000000e+00 0.000000e+00 0.000000e+00
PROFILE_ITER 0 23 8.742809e-04 2.906322e-04 0.000000e+00 3.900528e-04 0.000000e+00 0.000000e+00 0.000000e+00
PROFILE_ITER 0 24 8.749962e-04 3.011227e-04 0.000000e+00 3.929138e-04 0.000000e+00 0.000000e+00 0.000000e+00
PROFILE_ITER 0 25 9.169579e-04 2.968311e-04 0.000000e+00 3.929138e-04 0.000000e+00 0.000000e+00 9.536743e-07
PROFILE_ITER 0 26 8.790493e-04 2.951622e-04 0.000000e+00 3.910065e-04 0.000000e+00 0.000000e+00 0.000000e+00
PROFILE_ITER 0 27 8.778572e-04 2.920628e-04 0.000000e+00 3.929138e-04 0.000000e+00 0.000000e+00 1.192093e-06
PROFILE_ITER 0 28 8.740425e-04 2.908707e-04 0.000000e+00 3.910065e-04 0.000000e+00 0.000000e+00 0.000000e+00
PROFILE_ITER 0 29 8.859634e-04 2.980232e-04 0.000000e+00 3.910065e-04 0.000000e+00 0.000000e+00 0.000000e+00
PROFILE_ITER 0 30 8.730888e-04 3.008842e-04 0.000000e+00 3.900528e-04 1.192093e-06 0.000000e+00 0.000000e+00
PROFILE_ITER 0 31 8.749962e-04 2.930164e-04 0.000000e+00 3.910065e-04 0.000000e+00 0.000000e+00 0.000000e+00
PROFILE_ITER 0 32 8.797646e-04 2.882481e-04 0.000000e+00 3.919601e-04 0.000000e+00 0.000000e+00 0.000000e+00
PROFILE_ITER 0 33 8.811951e-04 3.027916e-04 0.000000e+00 3.941059e-04 0.000000e+00 0.000000e+00 0.000000e+00
PROFILE_ITER 0 34 8.738041e-04 3.023148e-04 0.000000e+00 3.919601e-04 0.000000e+00 0.000000e+00 0.000000e+00
PROFILE_ITER 0PROFILE_HEADER rank iter spmv vecops send_fill local_spmv comm_wait shared_spmv send_wait
PROFILE_ITER 1 0 9.858608e-04 1.449420e-01 0.000000e+00 8.909702e-04 9.536743e-07 0.000000e+00 0.000000e+00
PROFILE_ITER 1 1 5.130768e-04 6.809235e-04 0.000000e+00 5.030632e-04 0.000000e+00 0.000000e+00 0.000000e+00
PROFILE_ITER 1 2 5.359650e-04 6.461143e-04 0.000000e+00 5.249977e-04 0.000000e+00 0.000000e+00 0.000000e+00
PROFILE_ITER 1 3 5.159378e-04 6.570816e-04 0.000000e+00 5.049706e-04 0.000000e+00 0.000000e+00 0.000000e+00
PROFILE_ITER 1 4 5.140305e-04 6.639957e-04 0.000000e+00 5.052090e-04 0.000000e+00 0.000000e+00 0.000000e+00
PROFILE_ITER 1 5 5.519390e-04 6.229877e-04 0.000000e+00 5.419254e-04 0.000000e+00 0.000000e+00 0.000000e+00
PROFILE_ITER 1 6 5.097389e-04 6.592274e-04 0.000000e+00 5.009174e-04 0.000000e+00 0.000000e+00 0.000000e+00
PROFILE_ITER 1 7 4.930496e-04 6.830692e-04 9.536743e-07 4.839897e-04 0.000000e+00 0.000000e+00 0.000000e+00
PROFILE_ITER 1 8 4.997253e-04 6.670952e-04 0.000000e+00 4.880428e-04 0.000000e+00 0.000000e+00 0.000000e+00
PROFILE_ITER 1 9 5.128384e-04 6.732941e-04 0.000000e+00 5.040169e-04 0.000000e+00 0.000000e+00 0.000000e+00
PROFILE_ITER 1 10 5.850792e-04 5.908012e-04 9.536743e-07 5.738735e-04 0.000000e+00 0.000000e+00 0.000000e+00
PROFILE_ITER 1 11 5.350113e-04 6.680489e-04 0.000000e+00 5.259514e-04 0.000000e+00 0.000000e+00 1.192093e-06
PROFILE_ITER 1 12 5.280972e-04 7.188320e-04 0.000000e+00 5.192757e-04 0.000000e+00 0.000000e+00 0.000000e+00
PROFILE_ITER 1 13 5.228519e-04 6.623268e-04 1.192093e-06 5.128384e-04 0.000000e+00 0.000000e+00 0.000000e+00
PROFILE_ITER 1 14 4.858971e-04 6.759167e-04 0.000000e+00 4.768372e-04 0.000000e+00 0.000000e+00 0.000000e+00
PROFILE_ITER 1 15 5.147457e-04 6.663799e-04 0.000000e+00 5.059242e-04 0.000000e+00 0.000000e+00 0.000000e+00
PROFILE_ITER 1 16 5.369186e-04 6.420612e-04 0.000000e+00 5.271435e-04 0.000000e+00 0.000000e+00 0.000000e+00
PROFILE_ITER 1 17 5.288124e-04 6.451607e-04 0.000000e+00 5.209446e-04 0.000000e+00 0.000000e+00 0.000000e+00
PROFILE_ITER 1 18 5.319118e-04 6.451607e-04 0.000000e+00 5.218983e-04 0.000000e+00 0.000000e+00 0.000000e+00
PROFILE_ITER 1 19 5.340576e-04 6.468296e-04 0.000000e+00 5.249977e-04 0.000000e+00 0.000000e+00 0.000000e+00
PROFILE_ITER 1 20 4.918575e-04 6.811619e-04 0.000000e+00 4.827976e-04 0.000000e+00 0.000000e+00 0.000000e+00
PROFILE_ITER 1 21 5.338192e-04 6.473064e-04 0.000000e+00 5.240440e-04 0.000000e+00 0.000000e+00 0.000000e+00
PROFILE_ITER 1 22 5.300045e-04 6.480217e-04 0.000000e+00 5.209446e-04 0.000000e+00 0.000000e+00 0.000000e+00
PROFILE_ITER 1 23 5.140305e-04 6.508827e-04 0.000000e+00 5.042553e-04 0.000000e+00 0.000000e+00 0.000000e+00
PROFILE_ITER 1 24 5.030632e-04 6.730556e-04 0.000000e+00 4.928112e-04 0.000000e+00 0.000000e+00 0.000000e+00
PROFILE_ITER 1 25 4.951954e-04 7.176399e-04 0.000000e+00 4.854202e-04 0.000000e+00 0.000000e+00 0.000000e+00
PROFILE_ITER 1 26 5.140305e-04 6.601810e-04 0.000000e+00 5.030632e-04 0.000000e+00 0.000000e+00 1.192093e-06
PROFILE_ITER 1 27 5.378723e-04 6.320477e-04 0.000000e+00 5.280972e-04 0.000000e+00 0.000000e+00 0.000000e+00
PROFILE_ITER 1 28 4.899502e-04 6.749630e-04 0.000000e+00 4.808903e-04 0.000000e+00 0.000000e+00 0.000000e+00
PROFILE_ITER 1 29 5.340576e-04 6.499290e-04 0.000000e+00 5.252361e-04 0.000000e+00 0.000000e+00 0.000000e+00
PROFILE_ITER 1 30 5.319118e-04 6.420612e-04 9.536743e-07 5.218983e-04 0.000000e+00 0.000000e+00 0.000000e+00
PROFILE_ITER 1 31 4.911423e-04 6.768703e-04 0.000000e+00 4.801750e-04 0.000000e+00 0.000000e+00 0.000000e+00
PROFILE_ITER 1 32 5.357265e-04 6.322861e-04 9.536743e-07 5.259514e-04 0.000000e+00 0.000000e+00 0.000000e+00
PROFILE_ITER 1 33 5.140305e-04 6.699562e-04 0.000000e+00 5.040169e-04 0.000000e+00 0.000000e+00 0.000000e+00
PROFILE_ITER 1 34 5.102158e-04 6.659031e-04 0.000000e+00 5.009174e-04 0.000000e+00 0.000000e+00 0.000000e+00
PROFILE_ITER 1 35 5.130768e-04 6.489754e-04 0.000000e+00 5.030632e-04 0.000000e+00 0.000000e+00 0.000000e+00
PROFILE_ITER 1 36 5.209446e-04 6.580353e-04 0.000000e+00 5.090237e-04 0.000000e+00 0.000000e 35 8.749962e-04 2.870560e-04 0.000000e+00 3.919601e-04 0.000000e+00 0.000000e+00 0.000000e+00
PROFILE_ITER 0 36 8.788109e-04 3.001690e-04 0.000000e+00 3.938675e-04 0.000000e+00 0.000000e+00 0.000000e+00
PROFILE_ITER 0 37 8.728504e-04 3.030300e-04 0.000000e+00 3.910065e-04 9.536743e-07 0.000000e+00 0.000000e+00
PROFILE_ITER 0 38 8.709431e-04 2.980232e-04 0.000000e+00 3.888607e-04 0.000000e+00 0.000000e+00 0.000000e+00
PROFILE_ITER 0 39 8.740425e-04 2.989769e-04 0.000000e+00 3.926754e-04 0.000000e+00 0.000000e+00 0.000000e+00
PROFILE_ITER 0 40 9.140968e-04 2.849102e-04 0.000000e+00 3.941059e-04 0.000000e+00 0.000000e+00 0.000000e+00
PROFILE_ITER 0 41 9.660721e-04 3.049374e-04 0.000000e+00 3.912449e-04 0.000000e+00 0.000000e+00 0.000000e+00
PROFILE_ITER 0 42 8.771420e-04 3.058910e-04 0.000000e+00 3.919601e-04 0.000000e+00 0.000000e+00 0.000000e+00
PROFILE_ITER 0 43 8.761883e-04 3.058910e-04 0.000000e+00 3.921986e-04 0.000000e+00 0.000000e+00 0.000000e+00
PROFILE_ITER 0 44 8.740425e-04 3.068447e-04 0.000000e+00 3.941059e-04 0.000000e+00 0.000000e+00 0.000000e+00
PROFILE_ITER 0 45 8.761883e-04 2.908707e-04 0.000000e+00 3.921986e-04 9.536743e-07 0.000000e+00 0.000000e+00
PROFILE_ITER 0 46 8.761883e-04 3.049374e-04 0.000000e+00 3.919601e-04 0.000000e+00 0.000000e+00 0.000000e+00
PROFILE_ITER 0 47 8.761883e-04 2.927780e-04 0.000000e+00 3.943443e-04 0.000000e+00 0.000000e+00 0.000000e+00
PROFILE_ITER 0 48 8.721352e-04 2.977848e-04 0.000000e+00 3.910065e-04 0.000000e+00 0.000000e+00 0.000000e+00
PROFILE_ITER 0 49 8.759499e-04 3.089905e-04 0.000000e+00 3.919601e-04 9.536743e-07 0.000000e+00 0.000000e+00
PROFILE_ITER 0 50 8.752346e-04 3.039837e-04 0.000000e+00 3.900528e-04 0.000000e+00 0.000000e+00 0.000000e+00
PROFILE_ITER 0 51 8.752346e-04 2.915859e-04 0.000000e+00 3.929138e-04 0.000000e+00 0.000000e+00 0.000000e+00
PROFILE_ITER 0 52 8.742809e-04 3.108978e-04 0.000000e+00 3.900528e-04 0.000000e+00 0.000000e+00 0.000000e+00
PROFILE_ITER 0 53 8.728504e-04 2.870560e-04 0.000000e+00 3.888607e-04 0.000000e+00 0.000000e+00 9.536743e-07
PROFILE_ITER 0 54 8.769035e-04 2.961159e-04 0.000000e+00 3.931522e-04 0.000000e+00 0.000000e+00 0.000000e+00
PROFILE_ITER 0 55 8.780956e-04 2.977848e-04 1.192093e-06 3.941059e-04 0.000000e+00 0.000000e+00 0.000000e+00
PROFILE_ITER 0 56 8.759499e-04 2.970695e-04 0.000000e+00 3.929138e-04 0.000000e+00 0.000000e+00 1.192093e-06
PROFILE_ITER 0 57 8.759499e-04 3.030300e-04 0.000000e+00 3.900528e-04 9.536743e-07 0.000000e+00 0.000000e+00
PROFILE_ITER 0 58 8.749962e-04 2.980232e-04 0.000000e+00 3.919601e-04 0.000000e+00 0.000000e+00 0.000000e+00
PROFILE_ITER 0 59 8.766651e-04 3.023148e-04 0.000000e+00 3.919601e-04 0.000000e+00 0.000000e+00 9.536743e-07
PROFILE_ITER 0 60 8.752346e-04 3.037453e-04 0.000000e+00 3.900528e-04 0.000000e+00 0.000000e+00 0.000000e+00
PROFILE_ITER 0 61 8.769035e-04 3.051758e-04 0.000000e+00 3.948212e-04 0.000000e+00 0.000000e+00 0.000000e+00
PROFILE_ITER 0 62 8.761883e-04 3.008842e-04 9.536743e-07 3.931522e-04 0.000000e+00 0.000000e+00 0.000000e+00
PROFILE_ITER 0 63 8.800030e-04 3.008842e-04 0.000000e+00 3.929138e-04 0.000000e+00 0.000000e+00 0.000000e+00
PROFILE_ITER 0 64 8.721352e-04 2.899170e-04 0.000000e+00 3.898144e-04 0.000000e+00 0.000000e+00 0.000000e+00
PROFILE_ITER 0 65 8.740425e-04 2.980232e-04 0.000000e+00 3.929138e-04 0.000000e+00 0.000000e+00 0.000000e+00
PROFILE_ITER 0 66 8.752346e-04 2.987385e-04 0.000000e+00 3.900528e-04 0.000000e+00 0.000000e+00 0.000000e+00
PROFILE_ITER 0 67 8.718967e-04 3.001690e-04 0.000000e+00 3.907681e-04 0.000000e+00 0.000000e+00 0.000000e+00
PROFILE_ITER 0 68 8.790493e-04 3.008842e-04 0.000000e+00 3.929138e-04 0.000000e+00 0.000000e+00 0.000000e+00
PROFILE_ITER 0 69 8.740425e-04 3.070831e-04 0.000000e+00 3.931522e-04 0.000000e+00 0.000000e+00 0.000000e+00
PROFILE_ITER 0 70 8.759499e-04 3.039837e-04 0.000000e+00 3.929138e-04 0.000000e+00 0.000000e+00 0.000000e+00
PROFILE_ITER 0 71 8.797646e-04 3.082752e-04 0.000000e+00 3.910065e-04 9.536743e-07 0.000000e+00 0.000000e+00
PROFILE_ITER 0 72 8.790493e-04 2.918243e-04 0.000000e+00 3.950596e-04 0.00000+00 9.536743e-07
PROFILE_ITER 1 37 5.359650e-04 6.399155e-04 0.000000e+00 5.247593e-04 0.000000e+00 0.000000e+00 9.536743e-07
PROFILE_ITER 1 38 5.133152e-04 6.556511e-04 0.000000e+00 5.040169e-04 0.000000e+00 0.000000e+00 0.000000e+00
PROFILE_ITER 1 39 5.121231e-04 6.599426e-04 0.000000e+00 5.011559e-04 0.000000e+00 0.000000e+00 0.000000e+00
PROFILE_ITER 1 40 5.152225e-04 6.847382e-04 0.000000e+00 5.049706e-04 0.000000e+00 0.000000e+00 0.000000e+00
PROFILE_ITER 1 41 5.707741e-04 7.002354e-04 0.000000e+00 5.598068e-04 0.000000e+00 0.000000e+00 0.000000e+00
PROFILE_ITER 1 42 5.388260e-04 6.442070e-04 0.000000e+00 5.290508e-04 0.000000e+00 0.000000e+00 0.000000e+00
PROFILE_ITER 1 43 4.928112e-04 6.892681e-04 0.000000e+00 4.839897e-04 0.000000e+00 0.000000e+00 0.000000e+00
PROFILE_ITER 1 44 5.121231e-04 6.687641e-04 0.000000e+00 5.033016e-04 0.000000e+00 0.000000e+00 0.000000e+00
PROFILE_ITER 1 45 5.128384e-04 6.542206e-04 0.000000e+00 5.037785e-04 0.000000e+00 0.000000e+00 0.000000e+00
PROFILE_ITER 1 46 5.371571e-04 6.439686e-04 0.000000e+00 5.271435e-04 0.000000e+00 0.000000e+00 0.000000e+00
PROFILE_ITER 1 47 4.909039e-04 6.780624e-04 0.000000e+00 4.830360e-04 0.000000e+00 0.000000e+00 0.000000e+00
PROFILE_ITER 1 48 5.328655e-04 6.380081e-04 0.000000e+00 5.240440e-04 0.000000e+00 0.000000e+00 0.000000e+00
PROFILE_ITER 1 49 5.340576e-04 6.508827e-04 0.000000e+00 5.233288e-04 0.000000e+00 0.000000e+00 1.907349e-06
PROFILE_ITER 1 50 5.118847e-04 6.673336e-04 0.000000e+00 5.021095e-04 0.000000e+00 0.000000e+00 0.000000e+00
PROFILE_ITER 1 51 5.130768e-04 6.537437e-04 0.000000e+00 5.042553e-04 0.000000e+00 0.000000e+00 0.000000e+00
PROFILE_ITER 1 52 5.140305e-04 6.711483e-04 0.000000e+00 5.040169e-04 0.000000e+00 0.000000e+00 1.192093e-06
PROFILE_ITER 1 53 4.906654e-04 6.692410e-04 0.000000e+00 4.799366e-04 0.000000e+00 0.000000e+00 0.000000e+00
PROFILE_ITER 1 54 5.359650e-04 6.370544e-04 0.000000e+00 5.249977e-04 0.000000e+00 0.000000e+00 0.000000e+00
PROFILE_ITER 1 55 5.350113e-04 6.408691e-04 0.000000e+00 5.259514e-04 0.000000e+00 0.000000e+00 0.000000e+00
PROFILE_ITER 1 56 4.911423e-04 6.818771e-04 0.000000e+00 4.820824e-04 0.000000e+00 0.000000e+00 0.000000e+00
PROFILE_ITER 1 57 5.111694e-04 6.678104e-04 1.192093e-06 5.009174e-04 0.000000e+00 0.000000e+00 0.000000e+00
PROFILE_ITER 1 58 5.340576e-04 6.389618e-04 0.000000e+00 5.249977e-04 0.000000e+00 0.000000e+00 0.000000e+00
PROFILE_ITER 1 59 4.911423e-04 6.878376e-04 0.000000e+00 4.823208e-04 0.000000e+00 0.000000e+00 0.000000e+00
PROFILE_ITER 1 60 5.331039e-04 6.458759e-04 0.000000e+00 5.230904e-04 0.000000e+00 0.000000e+00 0.000000e+00
PROFILE_ITER 1 61 5.140305e-04 6.680489e-04 0.000000e+00 5.040169e-04 0.000000e+00 0.000000e+00 0.000000e+00
0e+00 0.000000e+00 0.000000e+00
PROFILE_ITER 0 73 8.730888e-04 2.970695e-04 0.000000e+00 3.898144e-04 1.192093e-06 0.000000e+00 0.000000e+00
PROFILE_ITER 0 74 8.769035e-04 2.970695e-04 0.000000e+00 3.900528e-04 0.000000e+00 0.000000e+00 0.000000e+00
PROFILE_ITER 0 75 8.730888e-04 2.877712e-04 0.000000e+00 3.919601e-04 0.000000e+00 0.000000e+00 0.000000e+00
PROFILE_ITER 0 76 8.749962e-04 3.011227e-04 0.000000e+00 3.929138e-04 0.000000e+00 0.000000e+00 0.000000e+00
PROFILE_ITER 0 77 8.771420e-04 2.937317e-04 0.000000e+00 3.910065e-04 0.000000e+00 0.000000e+00 9.536743e-07
PROFILE_ITER 0 78 8.749962e-04 3.011227e-04 0.000000e+00 3.919601e-04 0.000000e+00 0.000000e+00 0.000000e+00
PROFILE_ITER 0 79 8.759499e-04 2.939701e-04 0.000000e+00 3.929138e-04 0.000000e+00 0.000000e+00 0.000000e+00
PROFILE_ITER 0 80 8.800030e-04 2.989769e-04 0.000000e+00 3.938675e-04 0.000000e+00 0.000000e+00 0.000000e+00
PROFILE_ITER 0 81 9.090900e-04 3.099442e-04 0.000000e+00 3.890991e-04 0.000000e+00 0.000000e+00 0.000000e+00
PROFILE_ITER 0 82 8.878708e-04 3.020763e-04 0.000000e+00 3.931522e-04 0.000000e+00 0.000000e+00 0.000000e+00
PROFILE_ITER 0 83 8.759499e-04 3.001690e-04 0.000000e+00 3.919601e-04 9.536743e-07 0.000000e+00 0.000000e+00
PROFILE_ITER 0 84 8.759499e-04 2.901554e-04 0.000000e+00 3.929138e-04 0.000000e+00 0.000000e+00 0.000000e+00
PROFILE_ITER 0 85 8.809566e-04 2.949238e-04 0.000000e+00 3.950596e-04 0.000000e+00 0.000000e+00 0.000000e+00
PROFILE_ITER 0 86 8.761883e-04 2.958775e-04 0.000000e+00 3.921986e-04 0.000000e+00 0.000000e+00 0.000000e+00
PROFILE_ITER 0 87 8.759499e-04 2.980232e-04 9.536743e-07 3.941059e-04 9.536743e-07 0.000000e+00 0.000000e+00
PROFILE_ITER 0 88 8.780956e-04 3.089905e-04 0.000000e+00 3.910065e-04 0.000000e+00 0.000000e+00 0.000000e+00
PROFILE_ITER 0 89 8.740425e-04 2.977848e-04 0.000000e+00 3.931522e-04 0.000000e+00 0.000000e+00 0.000000e+00
PROFILE_ITER 0 90 8.749962e-04 2.920628e-04 0.000000e+00 3.919601e-04 0.000000e+00 0.000000e+00 0.000000e+00
PROFILE_ITER 1 62 5.149841e-04 6.620884e-04 0.000000e+00 5.030632e-04 0.000000e+00 0.000000e+00 0.000000e+00
PROFILE_ITER 1 63 5.338192e-04 6.470680e-04 0.000000e+00 5.247593e-04 0.000000e+00 0.000000e+00 0.000000e+00
PROFILE_ITER 1 64 5.321503e-04 6.299019e-04 0.000000e+00 5.230904e-04 0.000000e+00 0.000000e+00 0.000000e+00
PROFILE_ITER 1 65 4.897118e-04 6.814003e-04 0.000000e+00 4.808903e-04 0.000000e+00 0.000000e+00 0.000000e+00
PROFILE_ITER 1 66 5.331039e-04 6.408691e-04 0.000000e+00 5.240440e-04 0.000000e+00 0.000000e+00 0.000000e+00
PROFILE_ITER 1 67 5.106926e-04 6.613731e-04 0.000000e+00 5.009174e-04 0.000000e+00 0.000000e+00 0.000000e+00
PROFILE_ITER 1 68 5.102158e-04 6.697178e-04 0.000000e+00 5.009174e-04 0.000000e+00 0.000000e+00 0.000000e+00
PROFILE_ITER 1 69 5.359650e-04 6.451607e-04 0.000000e+00 5.269051e-04 0.000000e+00 0.000000e+00 0.000000e+00
PROFILE_ITER 1 70 5.319118e-04 6.480217e-04 9.536743e-07 5.209446e-04 0.000000e+00 0.000000e+00 0.000000e+00
PROFILE_ITER 1 71 5.359650e-04 6.520748e-04 0.000000e+00 5.271435e-04 0.000000e+00 0.000000e+00 0.000000e+00
PROFILE_ITER 0 91 8.759499e-04 2.961159e-04 0.000000e+00 3.890991e-04 0.000000e+00 9.536743e-07 0.000000e+00
PROFILE_ITER 0 92 8.790493e-04 2.989769e-04 0.000000e+00 3.931522e-04 0.000000e+00 0.000000e+00 0.000000e+00
PROFILE_ITER 0 93 8.759499e-04 3.070831e-04 0.000000e+00 3.921986e-04 0.000000e+00 0.000000e+00 0.000000e+00
PROFILE_ITER 0 94 8.738041e-04 3.001690e-04 0.000000e+00 3.919601e-04 0.000000e+00 0.000000e+00 0.000000e+00
PROFILE_ITER 0 95 8.740425e-04 2.949238e-04 0.000000e+00 3.919601e-04 0.000000e+00 9.536743e-07 0.000000e+00
PROFILE_ITER 0 96 8.697510e-04 3.011227e-04 0.000000e+00 3.919601e-04 0.000000e+00 0.000000e+00 0.000000e+00
PROFILE_ITER 0 97 8.769035e-04 2.973080e-04 0.000000e+00 3.919601e-04 0.000000e+00 0.000000e+00 0.000000e+00
PROFILE_ITER 0 98 8.730888e-04 2.977848e-04 0.000000e+00 3.900528e-04 0.000000e+00 0.000000e+00 0.000000e+00
PROFILE_ITER 0 99 8.718967e-04 2.892017e-04 9.536743e-07 3.919601e-04 0.000000e+00 0.000000e+00 0.000000e+00
PROFILE_ITER 1 72 5.106926e-04 6.601810e-04 0.000000e+00 5.018711e-04 0.000000e+00 0.000000e+00 0.000000e+00
PROFILE_ITER 1 73 5.130768e-04 6.580353e-04 0.000000e+00 5.018711e-04 0.000000e+00 0.000000e+00 0.000000e+00
PROFILE_ITER 1 74 5.340576e-04 6.399155e-04 0.000000e+00 5.259514e-04 0.000000e+00 0.000000e+00 0.000000e+00
PROFILE_ITER 1 75 5.309582e-04 6.299019e-04 0.000000e+00 5.218983e-04 0.000000e+00 0.000000e+00 0.000000e+00
PROFILE_ITER 1 76 5.340576e-04 6.420612e-04 0.000000e+00 5.240440e-04 0.000000e+00 0.000000e+00 9.536743e-07
PROFILE_ITER 1 77 5.359650e-04 6.349087e-04 0.000000e+00 5.269051e-04 0.000000e+00 0.000000e+00 0.000000e+00
PROFILE_ITER 1 78 5.352497e-04 6.408691e-04 0.000000e+00 5.240440e-04 0.000000e+00 0.000000e+00 0.000000e+00
PROFILE_ITER 1 79 5.347729e-04 6.351471e-04 0.000000e+00 5.257130e-04 0.000000e+00 0.000000e+00 0.000000e+00
PROFILE_ITER 0 100 8.749962e-04 3.030300e-04 0.000000e+00 3.910065e-04 0.000000e+00 0.000000e+00 0.000000e+00
PROFILE_ITER 0 101 8.752346e-04 3.006458e-04 0.000000e+00 3.929138e-04 1.192093e-06 0.000000e+00 0.000000e+00
PROFILE_ITER 0 102 8.759499e-04 2.920628e-04 0.000000e+00 3.929138e-04 0.000000e+00 0.000000e+00 0.000000e+00
PROFILE_ITER 1 80 5.338192e-04 6.451607e-04 0.000000e+00 5.257130e-04 0.000000e+00 0.000000e+00 0.000000e+00
PROFILE_ITER 1 81 5.159378e-04 7.030964e-04 0.000000e+00 5.080700e-04 0.000000e+00 0.000000e+00 0.000000e+00
PROFILE_ITER 1 82 5.099773e-04 6.799698e-04 0.000000e+00 4.999638e-04 9.536743e-07 0.000000e+00 0.000000e+00
PROFILE_ITER 0 103 8.730888e-04 2.989769e-04 0.000000e+00 3.881454e-04 9.536743e-07 0.000000e+00 0.000000e+00
PROFILE_ITER 0 104 8.788109e-04 2.970695e-04 0.000000e+00 3.919601e-04 9.536743e-07 0.000000e+00 0.000000e+00
PROFILE_ITER 0 105 8.740425e-04 3.099442e-04 0.000000e+00 3.919601e-04 0.000000e+00 0.000000e+00 0.000000e+00
PROFILE_ITER 0 106 8.749962e-04 2.911091e-04 0.000000e+00 3.919601e-04 0.000000e+00 0.000000e+00 0.000000e+00
PROFILE_ITER 0 107 8.749962e-04 3.068447e-04 0.000000e+00 3.921986e-04 0.000000e+00 0.000000e+00 0.000000e+00
PROFILE_ITER 0 108 8.790493e-04 2.930164e-04 0.000000e+00 3.929138e-04 0.000000e+00 0.000000e+00 0.000000e+00
PROFILE_ITER 1 83 4.949570e-04 6.799698e-04 0.000000e+00 4.849434e-04 0.000000e+00 0.000000e+00 0.000000e+00
PROFILE_ITER 1 84 4.911423e-04 6.759167e-04 0.000000e+00 4.818439e-04 0.000000e+00 0.000000e+00 0.000000e+00
PROFILE_ITER 0 109 8.788109e-04 2.992153e-04 0.000000e+00 3.929138e-04 0.000000e+00 0.000000e+00 0.000000e+00
PROFILE_ITER 0 110 8.749962e-04 2.930164e-04 0.000000e+00 3.929138e-04 0.000000e+00 9.536743e-07 0.000000e+00
PROFILE_ITER 1 85 4.909039e-04 6.849766e-04 0.000000e+00 4.818439e-04 0.000000e+00 0.000000e+00 0.000000e+00
PROFILE_ITER 0 111 8.769035e-04 2.970695e-04 0.000000e+00 3.929138e-04 0.000000e+00 0.000000e+00 0.000000e+00
PROFILE_ITER 0 112 8.747578e-04 3.013611e-04 0.000000e+00 3.941059e-04 0.000000e+00 0.000000e+00 0.000000e+00
PROFILE_ITER 0 113 8.752346e-04 2.937317e-04 0.000000e+00 3.921986e-04 0.000000e+00 0.000000e+00 0.000000e+00
PROFILE_ITER 1 86 5.190372e-04 6.530285e-04 0.000000e+00 5.080700e-04 0.000000e+00 0.000000e+00 9.536743e-07
PROFILE_ITER 1 87 5.321503e-04 6.408691e-04 0.000000e+00 5.230904e-04 0.000000e+00 0.000000e+00 0.000000e+00
PROFILE_ITER 1 88 5.302429e-04 6.577969e-04 0.000000e+00 5.211830e-04 0.000000e+00 0.000000e+00 0.000000e+00
PROFILE_ITER 0 114 8.759499e-04 2.930164e-04 0.000000e+00 3.919601e-04 0.000000e+00 0.000000e+00 0.000000e+00
PROFILE_ITER 0 115 8.752346e-04 3.046989e-04 0.000000e+00 3.910065e-04 0.000000e+00 0.000000e+00 0.000000e+00
PROFILE_ITER 1 89 5.338192e-04 6.380081e-04 0.000000e+00 5.247593e-04 0.000000e+00 0.000000e+00 0.000000e+00
PROFILE_ITER 0 116 8.738041e-04 3.073215e-04 0.000000e+00 3.917217e-04 0.000000e+00 0.000000e+00 0.000000e+00
PROFILE_ITER 0 117 8.769035e-04 2.920628e-04 0.000000e+00 3.910065e-04 0.000000e+00 0.000000e+00 0.000000e+00
PROFILE_ITER 0 118 8.749962e-04 3.080368e-04 0.000000e+00 3.941059e-04 0.000000e+00 0.000000e+00 0.000000e+00
PROFILE_ITER 1 90 5.102158e-04 6.568432e-04 0.000000e+00 5.021095e-04 0.000000e+00 0.000000e+00 0.000000e+00
PROFILE_ITER 1 91 5.350113e-04 6.370544e-04 0.000000e+00 5.240440e-04 0.000000e+00 0.000000e+00 0.000000e+00
PROFILE_ITER 0 119 8.728504e-04 2.920628e-04 0.000000e+00 3.910065e-04 0.000000e+00 0.000000e+00 0.000000e+00
PROFILE_ITER 0 120 8.738041e-04 2.992153e-04 0.000000e+00 3.919601e-04 0.000000e+00 0.000000e+00 0.000000e+00
PROFILE_ITER 1 92 5.128384e-04 6.651878e-04 0.000000e+00 5.028248e-04 0.000000e+00 0.000000e+00 0.000000e+00
PROFILE_ITER 1 93 5.340576e-04 6.489754e-04 0.000000e+00 5.249977e-04 0.000000e+00 0.000000e+00 0.000000e+00
PROFILE_ITER 1 94 5.309582e-04 6.430149e-04 0.000000e+00 5.221367e-04 0.000000e+00 0.000000e+00 0.000000e+00
PROFILE_ITER 1 95 5.300045e-04 6.389618e-04 0.000000e+00 5.207062e-04 0.000000e+00 0.000000e+00 0.000000e+00
PROFILE_ITER 1 96 5.300045e-04 6.408691e-04 9.536743e-07 5.199909e-04 0.000000e+00 0.000000e+00 0.000000e+00
PROFILE_ITER 1 97 5.369186e-04 6.372929e-04 0.000000e+00 5.271435e-04 0.000000e+00 0.000000e+00 0.000000e+00
PROFILE_ITER 1 98 5.097389e-04 6.611347e-04 0.000000e+00 4.990101e-04 0.000000e+00 0.000000e+00 0.000000e+00
PROFILE_ITER 1 99 5.319118e-04 6.291866e-04 0.000000e+00 5.209446e-04 9.536743e-07 0.000000e+00 0.000000e+00
PROFILE_ITER 0 121 8.769035e-04 2.932549e-04 0.000000e+00 3.919601e-04 0.000000e+00 0.000000e+00 0.000000e+00
PROFILE_ITER 0 122 8.699894e-04 2.958775e-04 9.536743e-07 3.900528e-04 0.000000e+00 0.000000e+00 0.000000e+00
PROFILE_ITER 0 123 8.759499e-04 2.880096e-04 0.000000e+00 3.929138e-04 0.000000e+00 0.000000e+00 0.000000e+00
PROFILE_ITER 0 124 8.780956e-04 2.970695e-04 0.000000e+00 3.919601e-04 0.000000e+00 0.000000e+00 0.000000e+00
PROFILE_ITER 0 125 9.231567e-04 2.927780e-04 0.000000e+00 3.919601e-04 0.000000e+00 0.000000e+00 0.000000e+00
PROFILE_ITER 0 126 8.821487e-04 2.996922e-04 0.000000e+00 3.931522e-04 0.000000e+00 0.000000e+00 0.000000e+00
PROFILE_ITER 0 127 8.752346e-04 3.058910e-04 0.000000e+00 3.931522e-04 0.000000e+00 0.000000e+00 0.000000e+00
PROFILE_ITER 0 128 8.811951e-04 2.937317e-04 0.000000e+00 3.929138e-04 0.000000e+00 0.000000e+00 0.000000e+00
PROFILE_ITER 0 129 8.721352e-04 3.058910e-04 0.000000e+00 3.910065e-04 0.000000e+00 0.000000e+00 0.000000e+00
PROFILE_ITER 0 130 8.761883e-04 2.958775e-04 0.000000e+00 3.931522e-04 0.000000e+00 0.000000e+00 0.000000e+00
PROFILE_ITER 0 131 8.771420e-04 3.008842e-04 1.192093e-06 3.929138e-04 0.000000e+00 0.000000e+00 0.000000e+00
PROFILE_ITER 0 132 8.759499e-04 2.911091e-04 0.000000e+00 3.919601e-04 0.000000e+00 0.000000e+00 0.000000e+00
PROFILE_ITER 0 133 8.730888e-04 3.018379e-04 0.000000e+00 3.890991e-04 0.000000e+00 0.000000e+00 0.000000e+00
PROFILE_ITER 0 134 8.747578e-04 2.992153e-04 0.000000e+00 3.907681e-04 0.000000e+00 0.000000e+00 0.000000e+00
PROFILE_ITER 1 100 5.359650e-04 6.420612e-04 0.000000e+00 5.257130e-04 0.000000e+00 0.000000e+00 0.000000e+00
PROFILE_ITER 1 101 4.897118e-04 6.861687e-04 0.000000e+00 4.808903e-04 0.000000e+00 0.000000e+00 0.000000e+00
PROFILE_ITER 1 102 5.328655e-04 6.351471e-04 0.000000e+00 5.228519e-04 0.000000e+00 0.000000e+00 9.536743e-07
PROFILE_ITER 0 135 8.730888e-04 2.880096e-04 0.000000e+00 3.919601e-04 0.000000e+00 0.000000e+00 0.000000e+00
PROFILE_ITER 1 103 4.930496e-04 6.790161e-04 0.000000e+00 4.830360e-04 0.000000e+00 0.000000e+00 0.000000e+00
PROFILE_ITER 1 104 4.880428e-04 6.878376e-04 0.000000e+00 4.789829e-04 0.000000e+00 0.000000e+00 0.000000e+00
PROFILE_ITER 0 136 8.740425e-04 3.087521e-04 0.000000e+00 3.941059e-04 0.000000e+00 0.000000e+00 0.000000e+00
PROFILE_ITER 0 137 9.191036e-04 3.070831e-04 0.000000e+00 3.910065e-04 1.192093e-06 0.000000e+00 0.000000e+00
PROFILE_ITER 0 138 9.019375e-04 2.999306e-04 0.000000e+00 3.919601e-04 0.000000e+00 0.000000e+00 0.000000e+00
PROFILE_ITER 1 105 4.878044e-04 6.961823e-04 0.000000e+00 4.789829e-04 0.000000e+00 0.000000e+00 0.000000e+00
PROFILE_ITER 1 106 5.321503e-04 6.339550e-04 0.000000e+00 5.240440e-04 0.000000e+00 0.000000e+00 0.000000e+00
PROFILE_ITER 1 107 5.118847e-04 6.699562e-04 0.000000e+00 5.028248e-04 0.000000e+00 0.000000e+00 0.000000e+00
PROFILE_ITER 0 139 9.200573e-04 2.980232e-04 9.536743e-07 3.907681e-04 0.000000e+00 0.000000e+00 0.000000e+00
PROFILE_ITER 0 140 8.780956e-04 2.918243e-04 0.000000e+00 3.910065e-04 0.000000e+00 0.000000e+00 0.000000e+00
PROFILE_ITER 0 141 8.721352e-04 3.018379e-04 0.000000e+00 3.910065e-04 0.000000e+00 0.000000e+00 0.000000e+00
PROFILE_ITER 1 108 5.118847e-04 6.611347e-04 0.000000e+00 5.030632e-04 0.000000e+00 0.000000e+00 0.000000e+00
PROFILE_ITER 0 142 8.749962e-04 2.851486e-04 0.000000e+00 3.900528e-04 0.000000e+00 0.000000e+00 9.536743e-07
PROFILE_ITER 0 143 8.749962e-04 3.049374e-04 0.000000e+00 3.910065e-04 0.000000e+00 0.000000e+00 0.000000e+00
PROFILE_ITER 1 109 4.951954e-04 6.828308e-04 0.000000e+00 4.849434e-04 0.000000e+00 0.000000e+00 0.000000e+00
PROFILE_ITER 1 110 5.319118e-04 6.370544e-04 0.000000e+00 5.230904e-04 0.000000e+00 0.000000e+00 0.000000e+00
PROFILE_ITER 1 111 5.147457e-04 6.582737e-04 0.000000e+00 5.059242e-04 0.000000e+00 0.000000e+00 0.000000e+00
PROFILE_ITER 0 144 8.730888e-04 3.018379e-04 0.000000e+00 3.900528e-04 0.000000e+00 0.000000e+00 0.000000e+00
PROFILE_ITER 0 145 8.780956e-04 3.008842e-04 0.000000e+00 3.929138e-04 1.192093e-06 0.000000e+00 0.000000e+00
PROFILE_ITER 0 146 8.740425e-04 2.999306e-04 0.000000e+00 3.929138e-04 0.000000e+00 0.000000e+00 0.000000e+00
PROFILE_ITER 0 147 8.766651e-04 2.994537e-04 0.000000e+00 3.929138e-04 0.000000e+00 0.000000e+00 0.000000e+00
PROFILE_ITER 1 112 4.909039e-04 6.852150e-04 0.000000e+00 4.830360e-04 0.000000e+00 0.000000e+00 0.000000e+00
PROFILE_ITER 1 113 4.906654e-04 6.783009e-04 0.000000e+00 4.818439e-04 0.000000e+00 0.000000e+00 0.000000e+00
PROFILE_ITER 0 148 8.790493e-04 2.999306e-04 0.000000e+00 3.929138e-04 0.000000e+00 0.000000e+00 0.000000e+00
PROFILE_ITER 0 149 8.730888e-04 2.939701e-04 0.000000e+00 3.900528e-04 0.000000e+00 0.000000e+00 0.000000e+00
PROFILE_ITER 0 150 8.749962e-04 3.039837e-04 0.000000e+00 3.919601e-04 0.000000e+00 0.000000e+00 0.000000e+00
PROFILE_ITER 1 114 4.949570e-04 6.740093e-04 0.000000e+00 4.839897e-04 0.000000e+00 0.000000e+00 0.000000e+00
PROFILE_ITER 1 115 5.140305e-04 6.659031e-04 0.000000e+00 5.040169e-04 0.000000e+00 0.000000e+00 9.536743e-07
PROFILE_ITER 0 151 8.771420e-04 3.058910e-04 0.000000e+00 3.910065e-04 0.000000e+00 0.000000e+00 0.000000e+00
PROFILE_ITER 1 116 4.892349e-04 6.918907e-04 0.000000e+00 4.799366e-04 0.000000e+00 0.000000e+00 0.000000e+00
PROFILE_ITER 0 152 9.100437e-04 2.989769e-04 0.000000e+00 3.919601e-04 9.536743e-07 9.536743e-07 0.000000e+00
PROFILE_ITER 0 153 8.809566e-04 2.939701e-04 0.000000e+00 3.919601e-04 0.000000e+00 9.536743e-07 0.000000e+00
PROFILE_ITER 1 117 5.350113e-04 6.339550e-04 0.000000e+00 5.249977e-04 0.000000e+00 0.000000e+00 0.000000e+00
PROFILE_ITER 1 118 5.149841e-04 6.680489e-04 0.000000e+00 5.059242e-04 0.000000e+00 0.000000e+00 0.000000e+00
PROFILE_ITER 0 154 8.740425e-04 2.930164e-04 0.000000e+00 3.919601e-04 0.000000e+00 0.000000e+00 0.000000e+00
PROFILE_ITER 0 155 8.971691e-04 2.887249e-04 0.000000e+00 3.929138e-04 0.000000e+00 0.000000e+00 0.000000e+00
PROFILE_ITER 0 156 8.790493e-04 2.930164e-04 0.000000e+00 3.910065e-04 0.000000e+00 0.000000e+00 0.000000e+00
PROFILE_ITER 1 119 5.309582e-04 6.339550e-04 0.000000e+00 5.228519e-04 0.000000e+00 0.000000e+00 0.000000e+00
PROFILE_ITER 1 120 4.930496e-04 6.799698e-04 0.000000e+00 4.842281e-04 0.000000e+00 0.000000e+00 0.000000e+00
PROFILE_ITER 0 157 8.769035e-04 2.970695e-04 0.000000e+00 3.929138e-04 0.000000e+00 0.000000e+00 0.000000e+00
PROFILE_ITER 0 158 8.730888e-04 2.908707e-04 0.000000e+00 3.941059e-04 0.000000e+00 0.000000e+00 0.000000e+00
PROFILE_ITER 0 159 8.740425e-04 2.970695e-04 0.000000e+00 3.910065e-04 0.000000e+00 0.000000e+00 0.000000e+00
PROFILE_ITER 1 121 4.899502e-04 6.802082e-04 0.000000e+00 4.808903e-04 0.000000e+00 0.000000e+00 0.000000e+00
PROFILE_ITER 1 122 4.899502e-04 6.759167e-04 0.000000e+00 4.801750e-04 0.000000e+00 0.000000e+00 0.000000e+00
PROFILE_ITER 0 160 8.749962e-04 3.058910e-04 9.536743e-07 3.919601e-04 0.000000e+00 0.000000e+00 0.000000e+00
PROFILE_ITER 0 161 8.730888e-04 2.989769e-04 0.000000e+00 3.910065e-04 0.000000e+00 0.000000e+00 0.000000e+00
PROFILE_ITER 0 162 8.749962e-04 2.961159e-04 0.000000e+00 3.919601e-04 0.000000e+00 0.000000e+00 0.000000e+00
PROFILE_ITER 1 123 5.240440e-04 6.399155e-04 0.000000e+00 5.140305e-04 0.000000e+00 0.000000e+00 0.000000e+00
PROFILE_ITER 0 163 8.699894e-04 2.899170e-04 0.000000e+00 3.881454e-04 0.000000e+00 0.000000e+00 0.000000e+00
PROFILE_ITER 0 164 8.740425e-04 3.039837e-04 0.000000e+00 3.929138e-04 0.000000e+00 0.000000e+00 0.000000e+00
PROFILE_ITER 1 124 5.121231e-04 6.630421e-04 0.000000e+00 5.021095e-04 0.000000e+00 0.000000e+00 0.000000e+00
PROFILE_ITER 0 165 8.869171e-04 2.989769e-04 0.000000e+00 3.919601e-04 0.000000e+00 0.000000e+00 0.000000e+00
PROFILE_ITER 1 125 5.640984e-04 6.518364e-04 0.000000e+00 5.533695e-04 0.000000e+00 0.000000e+00 0.000000e+00
PROFILE_ITER 1 126 5.309582e-04 6.508827e-04 0.000000e+00 5.221367e-04 0.000000e+00 0.000000e+00 0.000000e+00
PROFILE_ITER 0 166 8.890629e-04 3.049374e-04 0.000000e+00 3.941059e-04 0.000000e+00 0.000000e+00 0.000000e+00
PROFILE_ITER 0 167 8.759499e-04 3.020763e-04 0.000000e+00 3.910065e-04 0.000000e+00 0.000000e+00 0.000000e+00
PROFILE_ITER 0 168 8.749962e-04 3.020763e-04 0.000000e+00 3.919601e-04 0.000000e+00 0.000000e+00 0.000000e+00
PROFILE_ITER 1 127 5.331039e-04 6.480217e-04 0.000000e+00 5.240440e-04 0.000000e+00 0.000000e+00 0.000000e+00
PROFILE_ITER 1 128 4.920959e-04 6.837845e-04 0.000000e+00 4.830360e-04 0.000000e+00 0.000000e+00 0.000000e+00
PROFILE_ITER 0 169 8.730888e-04 2.958775e-04 0.000000e+00 3.900528e-04 0.000000e+00 0.000000e+00 0.000000e+00
PROFILE_ITER 0 170 8.759499e-04 2.961159e-04 0.000000e+00 3.900528e-04 0.000000e+00 0.000000e+00 0.000000e+00
PROFILE_ITER 0 171 8.740425e-04 2.858639e-04 0.000000e+00 3.921986e-04 0.000000e+00 0.000000e+00 0.000000e+00
PROFILE_ITER 1 129 5.321503e-04 6.449223e-04 0.000000e+00 5.221367e-04 0.000000e+00 0.000000e+00 9.536743e-07
PROFILE_ITER 0 172 8.740425e-04 3.011227e-04 0.000000e+00 3.910065e-04 0.000000e+00 0.000000e+00 0.000000e+00
PROFILE_ITER 0 173 8.718967e-04 3.030300e-04 0.000000e+00 3.900528e-04 0.000000e+00 0.000000e+00 0.000000e+00
PROFILE_ITER 0 174 8.716583e-04 3.032684e-04 9.536743e-07 3.910065e-04 0.000000e+00 0.000000e+00 0.000000e+00
PROFILE_ITER 0 175 8.759499e-04 2.880096e-04 0.000000e+00 3.910065e-04 0.000000e+00 1.907349e-06 0.000000e+00
PROFILE_ITER 1 130 5.331039e-04 6.389618e-04 0.000000e+00 5.249977e-04 0.000000e+00 0.000000e+00 0.000000e+00
PROFILE_ITER 1 131 5.359650e-04 6.420612e-04 0.000000e+00 5.259514e-04 0.000000e+00 0.000000e+00 0.000000e+00
PROFILE_ITER 1 132 5.338192e-04 6.332397e-04 0.000000e+00 5.238056e-04 0.000000e+00 0.000000e+00 0.000000e+00
PROFILE_ITER 0 176 8.752346e-04 3.087521e-04 0.000000e+00 3.910065e-04 0.000000e+00 0.000000e+00 0.000000e+00
PROFILE_ITER 0 177 8.742809e-04 2.958775e-04 0.000000e+00 3.910065e-04 0.000000e+00 0.000000e+00 1.192093e-06
PROFILE_ITER 0 178 8.771420e-04 2.977848e-04 0.000000e+00 3.941059e-04 0.000000e+00 0.000000e+00 0.000000e+00
PROFILE_ITER 1 133 5.297661e-04 6.451607e-04 0.000000e+00 5.209446e-04 0.000000e+00 0.000000e+00 0.000000e+00
PROFILE_ITER 1 134 5.342960e-04 6.396770e-04 1.192093e-06 5.240440e-04 0.000000e+00 0.000000e+00 0.000000e+00
PROFILE_ITER 0 179 8.771420e-04 3.008842e-04 0.000000e+00 3.929138e-04 0.000000e+00 0.000000e+00 0.000000e+00
PROFILE_ITER 0 180 8.769035e-04 2.920628e-04 0.000000e+00 3.931522e-04 0.000000e+00 0.000000e+00 0.000000e+00
PROFILE_ITER 1 135 4.887581e-04 6.711483e-04 0.000000e+00 4.796982e-04 0.000000e+00 0.000000e+00 0.000000e+00
PROFILE_ITER 1 136 5.340576e-04 6.499290e-04 9.536743e-07 5.249977e-04 0.000000e+00 0.000000e+00 0.000000e+00
PROFILE_ITER 0 181 8.740425e-04 2.839565e-04 0.000000e+00 3.919601e-04 9.536743e-07 0.000000e+00 0.000000e+00
PROFILE_ITER 0 182 8.780956e-04 2.968311e-04 0.000000e+00 3.941059e-04 0.000000e+00 1.192093e-06 0.000000e+00
PROFILE_ITER 0 183 8.831024e-04 2.958775e-04 9.536743e-07 3.929138e-04 0.000000e+00 0.000000e+00 0.000000e+00
PROFILE_ITER 1 137 5.371571e-04 6.890297e-04 0.000000e+00 5.271435e-04 0.000000e+00 0.000000e+00 0.000000e+00
PROFILE_ITER 0 184 8.749962e-04 2.930164e-04 0.000000e+00 3.919601e-04 0.000000e+00 0.000000e+00 0.000000e+00
PROFILE_ITER 1 138 5.557537e-04 6.470680e-04 0.000000e+00 5.459785e-04 0.000000e+00 0.000000e+00 0.000000e+00
PROFILE_ITER 1 139 5.779266e-04 6.392002e-04 0.000000e+00 5.679131e-04 0.000000e+00 0.000000e+00 0.000000e+00
PROFILE_ITER 0 185 8.809566e-04 2.961159e-04 0.000000e+00 3.938675e-04 0.000000e+00 0.000000e+00 0.000000e+00
PROFILE_ITER 0 186 8.721352e-04 3.039837e-04 0.000000e+00 3.890991e-04 0.000000e+00 9.536743e-07 0.000000e+00
PROFILE_ITER 0 187 8.721352e-04 2.958775e-04 0.000000e+00 3.910065e-04 0.000000e+00 0.000000e+00 0.000000e+00
PROFILE_ITER 1 140 4.992485e-04 6.706715e-04 0.000000e+00 4.889965e-04 0.000000e+00 0.000000e+00 0.000000e+00
PROFILE_ITER 0 188 8.778572e-04 3.011227e-04 0.000000e+00 3.919601e-04 0.000000e+00 0.000000e+00 9.536743e-07
PROFILE_ITER 0 189 8.771420e-04 2.996922e-04 0.000000e+00 3.950596e-04 0.000000e+00 0.000000e+00 0.000000e+00
PROFILE_ITER 1 141 4.920959e-04 6.818771e-04 0.000000e+00 4.820824e-04 0.000000e+00 0.000000e+00 9.536743e-07
PROFILE_ITER 1 142 5.130768e-04 6.470680e-04 0.000000e+00 5.030632e-04 0.000000e+00 0.000000e+00 0.000000e+00
PROFILE_ITER 0 190 8.740425e-04 2.961159e-04 0.000000e+00 3.919601e-04 0.000000e+00 0.000000e+00 0.000000e+00
PROFILE_ITER 0 191 8.769035e-04 2.980232e-04 0.000000e+00 3.929138e-04 0.000000e+00 0.000000e+00 0.000000e+00
PROFILE_ITER 1 143 5.319118e-04 6.480217e-04 0.000000e+00 5.228519e-04 0.000000e+00 0.000000e+00 0.000000e+00
PROFILE_ITER 1 144 4.940033e-04 6.809235e-04 0.000000e+00 4.849434e-04 0.000000e+00 0.000000e+00 0.000000e+00
PROFILE_ITER 1 145 4.899502e-04 6.890297e-04 0.000000e+00 4.808903e-04 0.000000e+00 0.000000e+00 0.000000e+00
PROFILE_ITER 0 192 8.711815e-04 2.968311e-04 0.000000e+00 3.933907e-04 0.000000e+00 0.000000e+00 0.000000e+00
PROFILE_ITER 0 193 8.840561e-04 2.970695e-04 0.000000e+00 3.919601e-04 0.000000e+00 0.000000e+00 0.000000e+00
PROFILE_ITER 0 194 9.171963e-04 2.946854e-04 0.000000e+00 3.900528e-04 0.000000e+00 0.000000e+00 0.000000e+00
PROFILE_ITER 1 146 5.331039e-04 6.408691e-04 9.536743e-07 5.240440e-04 0.000000e+00 0.000000e+00 0.000000e+00
PROFILE_ITER 0 195 9.312630e-04 3.006458e-04 0.000000e+00 3.941059e-04 0.000000e+00 0.000000e+00 0.000000e+00
PROFILE_ITER 0 196 8.931160e-04 2.999306e-04 0.000000e+00 3.910065e-04 0.000000e+00 0.000000e+00 0.000000e+00
PROFILE_ITER 0 197 8.728504e-04 2.992153e-04 0.000000e+00 3.907681e-04 0.000000e+00 0.000000e+00 0.000000e+00
PROFILE_ITER 0 198 8.771420e-04 2.958775e-04 0.000000e+00 3.941059e-04 0.000000e+00 0.000000e+00 0.000000e+00
PROFILE_ITER 1 147 5.149841e-04 6.611347e-04 0.000000e+00 5.042553e-04 0.000000e+00 0.000000e+00 9.536743e-07
PROFILE_ITER 1 148 5.128384e-04 6.661415e-04 0.000000e+00 5.037785e-04 0.000000e+00 0.000000e+00 0.000000e+00
PROFILE_ITER 0 199 8.740425e-04 2.999306e-04 0.000000e+00 3.900528e-04 0.000000e+00 0.000000e+00 0.000000e+00
PROFILE_ITER 1 149 5.331039e-04 6.339550e-04 0.000000e+00 5.240440e-04 0.000000e+00 0.000000e+00 0.000000e+00
PROFILE_ACCUM 0 spmv=1.760163e-01 vecops=6.000209e-02 send_fill=1.096725e-05 local_spmv=7.841349e-02 comm_wait=1.835823e-05 shared_spmv=1.001358e-05 send_wait=9.298325e-06
PROFILE_ITER 1 150 4.909039e-04 6.890297e-04 0.000000e+00 4.818439e-04 0.000000e+00 0.000000e+00 0.000000e+00
PROFILE_ITER 1 151 5.359650e-04 6.470680e-04 0.000000e+00 5.259514e-04 0.000000e+00 0.000000e+00 0.000000e+00
PROFILE_ITER 1 152 5.199909e-04 6.890297e-04 0.000000e+00 5.099773e-04 0.000000e+00 0.000000e+00 9.536743e-07
PROFILE_ITER 1 153 5.440712e-04 6.308556e-04 0.000000e+00 5.347729e-04 0.000000e+00 0.000000e+00 0.000000e+00
PROFILE_ITER 1 154 5.140305e-04 6.530285e-04 0.000000e+00 5.049706e-04 0.000000e+00 0.000000e+00 0.000000e+00
PROFILE_ITER 1 155 4.940033e-04 6.918907e-04 0.000000e+00 4.830360e-04 0.000000e+00 0.000000e+00 9.536743e-07
PROFILE_ITER 1 156 5.388260e-04 6.332397e-04 0.000000e+00 5.288124e-04 0.000000e+00 0.000000e+00 0.000000e+00
PROFILE_ITER 1 157 5.149841e-04 6.589890e-04 0.000000e+00 5.047321e-04 1.192093e-06 0.000000e+00 0.000000e+00
PROFILE_ITER 1 158 5.359650e-04 6.279945e-04 0.000000e+00 5.247593e-04 0.000000e+00 0.000000e+00 0.000000e+00
PROFILE_ITER 1 159 5.118847e-04 6.592274e-04 0.000000e+00 5.028248e-04 0.000000e+00 0.000000e+00 0.000000e+00
PROFILE_ITER 1 160 5.149841e-04 6.659031e-04 0.000000e+00 5.047321e-04 0.000000e+00 0.000000e+00 0.000000e+00
PROFILE_ITER 1 161 4.878044e-04 6.842613e-04 0.000000e+00 4.799366e-04 0.000000e+00 0.000000e+00 0.000000e+00
PROFILE_ITER 1 162 5.149841e-04 6.561279e-04 0.000000e+00 5.049706e-04 0.000000e+00 0.000000e+00 0.000000e+00
PROFILE_ITER 1 163 5.328655e-04 6.270409e-04 0.000000e+00 5.230904e-04 0.000000e+00 0.000000e+00 0.000000e+00
PROFILE_ITER 1 164 5.319118e-04 6.461143e-04 0.000000e+00 5.228519e-04 0.000000e+00 0.000000e+00 0.000000e+00
PROFILE_ITER 1 165 5.118847e-04 6.740093e-04 0.000000e+00 5.028248e-04 0.000000e+00 0.000000e+00 0.000000e+00
PROFILE_ITER 1 166 5.500317e-04 6.439686e-04 0.000000e+00 5.400181e-04 0.000000e+00 0.000000e+00 0.000000e+00
PROFILE_ITER 1 167 5.362034e-04 6.418228e-04 0.000000e+00 5.261898e-04 0.000000e+00 0.000000e+00 0.000000e+00
PROFILE_ITER 1 168 5.350113e-04 6.420612e-04 0.000000e+00 5.259514e-04 0.000000e+00 0.000000e+00 0.000000e+00
PROFILE_ITER 1 169 4.920959e-04 6.768703e-04 0.000000e+00 4.801750e-04 0.000000e+00 0.000000e+00 0.000000e+00
PROFILE_ITER 1 170 5.111694e-04 6.608963e-04 0.000000e+00 5.018711e-04 0.000000e+00 0.000000e+00 0.000000e+00
PROFILE_ITER 1 171 5.109310e-04 6.489754e-04 0.000000e+00 5.009174e-04 0.000000e+00 0.000000e+00 0.000000e+00
PROFILE_ITER 1 172 4.899502e-04 6.852150e-04 0.000000e+00 4.801750e-04 0.000000e+00 0.000000e+00 0.000000e+00
PROFILE_ITER 1 173 5.338192e-04 6.420612e-04 0.000000e+00 5.259514e-04 0.000000e+00 0.000000e+00 0.000000e+00
PROFILE_ITER 1 174 4.930496e-04 6.809235e-04 0.000000e+00 4.842281e-04 0.000000e+00 0.000000e+00 0.000000e+00
PROFILE_ITER 1 175 5.099773e-04 6.539822e-04 0.000000e+00 5.009174e-04 0.000000e+00 0.000000e+00 0.000000e+00
PROFILE_ITER 1 176 5.140305e-04 6.699562e-04 0.000000e+00 5.049706e-04 0.000000e+00 0.000000e+00 0.000000e+00
PROFILE_ITER 1 177 5.140305e-04 6.561279e-04 0.000000e+00 5.042553e-04 0.000000e+00 0.000000e+00 0.000000e+00
PROFILE_ITER 1 178 5.338192e-04 6.411076e-04 0.000000e+00 5.247593e-04 0.000000e+00 0.000000e+00 0.000000e+00
PROFILE_ITER 1 179 5.352497e-04 6.427765e-04 0.000000e+00 5.271435e-04 0.000000e+00 0.000000e+00 0.000000e+00
PROFILE_ITER 1 180 5.359650e-04 6.330013e-04 0.000000e+00 5.261898e-04 9.536743e-07 0.000000e+00 0.000000e+00
PROFILE_ITER 1 181 5.109310e-04 6.470680e-04 0.000000e+00 5.018711e-04 0.000000e+00 0.000000e+00 0.000000e+00
PROFILE_ITER 1 182 5.180836e-04 6.568432e-04 0.000000e+00 5.078316e-04 9.536743e-07 0.000000e+00 1.192093e-06
PROFILE_ITER 1 183 5.350113e-04 6.420612e-04 0.000000e+00 5.249977e-04 0.000000e+00 0.000000e+00 9.536743e-07
PROFILE_ITER 1 184 4.899502e-04 6.799698e-04 0.000000e+00 4.811287e-04 0.000000e+00 0.000000e+00 0.000000e+00
PROFILE_ITER 1 185 4.930496e-04 6.849766e-04 0.000000e+00 4.839897e-04 0.000000e+00 0.000000e+00 0.000000e+00
PROFILE_ITER 1 186 5.109310e-04 6.651878e-04 0.000000e+00 5.011559e-04 0.000000e+00 0.000000e+00 9.536743e-07
PROFILE_ITER 1 187 5.097389e-04 6.582737e-04 0.000000e+00 5.018711e-04 0.000000e+00 0.000000e+00 0.000000e+00
PROFILE_ITER 1 188 5.350113e-04 6.439686e-04 0.000000e+00 5.249977e-04 0.000000e+00 0.000000e+00 0.000000e+00
PROFILE_ITER 1 189 5.071163e-04 6.697178e-04 9.536743e-07 4.971027e-04 0.000000e+00 0.000000e+00 0.000000e+00
PROFILE_ITER 1 190 5.321503e-04 6.380081e-04 0.000000e+00 5.218983e-04 0.000000e+00 0.000000e+00 0.000000e+00
PROFILE_ITER 1 191 5.338192e-04 6.411076e-04 0.000000e+00 5.249977e-04 0.000000e+00 0.000000e+00 0.000000e+00
PROFILE_ITER 1 192 4.909039e-04 6.771088e-04 0.000000e+00 4.799366e-04 0.000000e+00 0.000000e+00 0.000000e+00
PROFILE_ITER 1 193 5.130768e-04 6.680489e-04 0.000000e+00 5.030632e-04 0.000000e+00 0.000000e+00 0.000000e+00
PROFILE_ITER 1 194 5.407333e-04 6.711483e-04 0.000000e+00 5.316734e-04 0.000000e+00 0.000000e+00 0.000000e+00
PROFILE_ITER 1 195 5.469322e-04 6.849766e-04 0.000000e+00 5.371571e-04 0.000000e+00 0.000000e+00 0.000000e+00
PROFILE_ITER 1 196 5.428791e-04 6.501675e-04 0.000000e+00 5.331039e-04 0.000000e+00 0.000000e+00 0.000000e+00
PROFILE_ITER 1 197 4.928112e-04 6.792545e-04 0.000000e+00 4.847050e-04 0.000000e+00 0.000000e+00 0.000000e+00
PROFILE_ITER 1 198 5.159378e-04 6.570816e-04 0.000000e+00 5.040169e-04 0.000000e+00 0.000000e+00 9.536743e-07
PROFILE_ITER 1 199 5.128384e-04 6.611347e-04 0.000000e+00 5.028248e-04 0.000000e+00 0.000000e+00 0.000000e+00
PROFILE_ACCUM 1 spmv=1.042864e-01 vecops=2.759845e-01 send_fill=1.215935e-05 local_spmv=1.022835e-01 comm_wait=5.960464e-06 shared_spmv=0.000000e+00 send_wait=2.002716e-05
