Matrix name : /home/bugra/Workspace/C/HetHypPar_rewrite/data/matrices/cage11_1c_1g/cage11_1c_1g.mtx

	****	Matrix File readed	****LOG: Finished Creating Shard CSC
LOG: Finished Creating Vectors
n_iters : 200 
spmv : 0.135361 
file_read : 0.204780 
relative_residual : 2.931697E-16
everything_total : 0.455148

----------------------------------------------------------------------
PROFILE_HEADER rank iter spmv vecops send_fill local_spmv comm_wait shared_spmv send_wait
PROFILE_ITER 0 0 1.668930e-04 1.295090e-03 0.000000e+00 6.699562e-05 0.000000e+00 0.000000e+00 0.000000e+00
PROFILE_ITER 0 1 1.530647e-04 5.140305e-04 0.000000e+00 6.437302e-05 0.000000e+00 0.000000e+00 0.000000e+00
PROFILE_ITER 0 2 1.471043e-04 5.269051e-04 0.000000e+00 6.294250e-05 0.000000e+00 0.000000e+00 0.000000e+00
PROFILE_ITER 0 3 1.490116e-04 5.369186e-04 0.000000e+00 6.198883e-05 0.000000e+00 0.000000e+00 0.000000e+00
PROFILE_ITER 0 4 1.480579e-04 5.860329e-04 0.000000e+00 6.294250e-05 0.000000e+00 0.000000e+00 0.000000e+00
PROFILE_ITER 0 5 1.461506e-04 5.478859e-04 0.000000e+00 6.198883e-05 0.000000e+00 0.000000e+00 0.000000e+00
PROFILE_ITER 0 6 1.573563e-04 5.366802e-04 0.000000e+00 6.318092e-05 0.000000e+00 1.192093e-06 0.000000e+00
PROFILE_ITER 0 7 1.509190e-04 4.999638e-04 0.000000e+00 6.389618e-05 0.000000e+00 0.000000e+00 0.000000e+00
PROFILE_ITER 0 8 1.480579e-04 5.018711e-04 0.000000e+00 6.389618e-05 0.000000e+00 0.000000e+00 0.000000e+00
PROFILE_ITER 0 9 1.480579e-04 5.199909e-04 0.000000e+00 6.413460e-05 0.000000e+00 0.000000e+00 0.000000e+00
PROFILE_ITER 0 10 1.497269e-04 5.202293e-04 0.000000e+00 6.294250e-05 0.000000e+00 0.000000e+00 0.000000e+00
PROFILE_ITER 0 11 1.499653e-04 4.990101e-04 0.000000e+00 6.484985e-05 0.000000e+00 0.000000e+00 0.000000e+00
PROFILE_ITER 0 12 1.468658e-04 5.002022e-04 0.000000e+00 6.294250e-05 0.000000e+00 0.000000e+00 0.000000e+00
PROFILE_ITER 0 13 1.461506e-04 5.509853e-04 0.000000e+00 6.198883e-05 0.000000e+00 0.000000e+00 0.000000e+00
PROFILE_ITER 0 14 1.478195e-04 5.421638e-04 0.000000e+00 6.294250e-05 0.000000e+00 0.000000e+00 0.000000e+00
PROFILE_ITER 0 15 1.468658e-04 4.999638e-04 0.000000e+00 6.198883e-05 0.000000e+00 0.000000e+00 0.000000e+00
PROFILE_ITER 0 16 1.478195e-04 5.242825e-04 0.000000e+00 6.294250e-05 0.000000e+00 0.000000e+00 0.000000e+00
PROFILE_ITER 0 17 1.461506e-04 5.469322e-04 0.000000e+00 6.198883e-05 0.000000e+00 0.000000e+00 0.000000e+00
PROFILE_ITER 0 18 1.468658e-04 5.030632e-04 0.000000e+00 6.294250e-05 0.000000e+00 0.000000e+00 0.000000e+00
PROFILE_ITER 0 19 1.471043e-04 4.999638e-04 0.000000e+00 6.198883e-05 0.000000e+00 0.000000e+00 0.000000e+00
PROFILE_ITER 0 20 1.480579e-04 5.009174e-04 0.000000e+00 6.198883e-05 0.000000e+00 0.000000e+00 0.000000e+00
PROFILE_ITER 0 21 1.478195e-04 5.180836e-04 0.000000e+00 6.294250e-05 0.000000e+00 0.000000e+00 0.000000e+00
PROFILE_ITER 0 22 1.478195e-04 5.242825e-04 0.000000e+00 6.389618e-05 0.000000e+00 0.000000e+00 0.000000e+00
PROFILE_ITER 0 23 1.459122e-04 5.049706e-04 0.000000e+00 6.294250e-05 0.000000e+00 0.000000e+00 0.000000e+00
PROFILE_ITER 0 24 1.471043e-04 5.028248e-04 0.000000e+00 6.198883e-05 0.000000e+00 0.000000e+00 0.000000e+00
PROFILE_ITER 0 25 1.480579e-04 5.450249e-04 0.000000e+00 6.318092e-05 0.000000e+00 0.000000e+00 0.000000e+00
PROFILE_ITER 0 26 1.492500e-04 5.407333e-04 0.000000e+00 6.318092e-05 0.000000e+00 9.536743e-07 0.000000e+00
PROFILE_ITER 0 27 1.480579e-04 4.990101e-04 0.000000e+00 6.294250e-05 0.000000e+00 0.000000e+00 0.000000e+00
PROFILE_ITER 0 28 1.482964e-04 5.266666e-04 0.000000e+00 6.413460e-05 0.000000e+00 0.000000e+00 0.000000e+00
PROFILE_ITER 0 29 1.471043e-04 5.049706e-04 0.000000e+00 6.198883e-05 0.000000e+00 0.000000e+00 0.000000e+00
PROFILE_ITER 0 30 1.459122e-04 5.009174e-04 0.000000e+00 6.198883e-05 0.000000e+00 0.000000e+00 0.000000e+00
PROFILE_ITER 0 31 1.490116e-04 5.240440e-04 0.000000e+00 6.294250e-05 0.000000e+00 0.000000e+00 0.000000e+00
PROFILE_ITER 0 32 1.449585e-04 5.090237e-04 0.000000e+00 6.198883e-05 0.000000e+00 0.000000e+00 0.000000e+00
PROFILE_ITER 0 33 1.468658e-04 5.412102e-04 0.000000e+00 6.198883e-05 0.000000e+00 0.000000e+00 0.000000e+00
PROFILE_ITER 0 34 1.478195e-04 5.421638e-04 0.000000e+00 6.294250e-05 0.000000e+00 0.000000e+00 0.000000e+00
PROFILE_ITER 0PROFILE_HEADER rank iter spmv vecops send_fill local_spmv comm_wait shared_spmv send_wait
PROFILE_ITER 1 0 7.998943e-04 1.152570e-01 0.000000e+00 7.128716e-04 0.000000e+00 0.000000e+00 0.000000e+00
PROFILE_ITER 1 1 4.920959e-04 1.759529e-04 0.000000e+00 4.811287e-04 9.536743e-07 0.000000e+00 0.000000e+00
PROFILE_ITER 1 2 5.128384e-04 1.611710e-04 0.000000e+00 5.040169e-04 0.000000e+00 0.000000e+00 0.000000e+00
PROFILE_ITER 1 3 5.271435e-04 1.587868e-04 0.000000e+00 5.180836e-04 0.000000e+00 0.000000e+00 0.000000e+00
PROFILE_ITER 1 4 5.657673e-04 1.683235e-04 0.000000e+00 5.538464e-04 0.000000e+00 0.000000e+00 0.000000e+00
PROFILE_ITER 1 5 5.350113e-04 1.590252e-04 0.000000e+00 5.249977e-04 0.000000e+00 0.000000e+00 0.000000e+00
PROFILE_ITER 1 6 5.321503e-04 1.618862e-04 0.000000e+00 5.240440e-04 0.000000e+00 0.000000e+00 0.000000e+00
PROFILE_ITER 1 7 4.878044e-04 1.630783e-04 0.000000e+00 4.780293e-04 0.000000e+00 0.000000e+00 0.000000e+00
PROFILE_ITER 1 8 4.923344e-04 1.575947e-04 0.000000e+00 4.799366e-04 0.000000e+00 0.000000e+00 9.536743e-07
PROFILE_ITER 1 9 5.099773e-04 1.580715e-04 0.000000e+00 4.999638e-04 0.000000e+00 0.000000e+00 0.000000e+00
PROFILE_ITER 1 10 5.099773e-04 1.599789e-04 0.000000e+00 5.011559e-04 0.000000e+00 0.000000e+00 0.000000e+00
PROFILE_ITER 1 11 4.889965e-04 1.599789e-04 0.000000e+00 4.811287e-04 0.000000e+00 0.000000e+00 0.000000e+00
PROFILE_ITER 1 12 4.870892e-04 1.599789e-04 0.000000e+00 4.789829e-04 0.000000e+00 0.000000e+00 0.000000e+00
PROFILE_ITER 1 13 5.369186e-04 1.602173e-04 0.000000e+00 5.271435e-04 0.000000e+00 0.000000e+00 0.000000e+00
PROFILE_ITER 1 14 5.309582e-04 1.590252e-04 0.000000e+00 5.218983e-04 0.000000e+00 0.000000e+00 0.000000e+00
PROFILE_ITER 1 15 4.880428e-04 1.587868e-04 0.000000e+00 4.789829e-04 0.000000e+00 0.000000e+00 0.000000e+00
PROFILE_ITER 1 16 5.109310e-04 1.611710e-04 0.000000e+00 5.006790e-04 0.000000e+00 0.000000e+00 0.000000e+00
PROFILE_ITER 1 17 5.340576e-04 1.590252e-04 0.000000e+00 5.249977e-04 0.000000e+00 0.000000e+00 0.000000e+00
PROFILE_ITER 1 18 4.899502e-04 1.599789e-04 0.000000e+00 4.818439e-04 0.000000e+00 0.000000e+00 0.000000e+00
PROFILE_ITER 1 19 4.858971e-04 1.611710e-04 0.000000e+00 4.770756e-04 0.000000e+00 0.000000e+00 0.000000e+00
PROFILE_ITER 1 20 4.889965e-04 1.599789e-04 0.000000e+00 4.789829e-04 0.000000e+00 0.000000e+00 0.000000e+00
PROFILE_ITER 1 21 5.090237e-04 1.568794e-04 0.000000e+00 4.971027e-04 9.536743e-07 0.000000e+00 0.000000e+00
PROFILE_ITER 1 22 5.118847e-04 1.602173e-04 0.000000e+00 5.040169e-04 0.000000e+00 0.000000e+00 0.000000e+00
PROFILE_ITER 1 23 4.899502e-04 1.609325e-04 0.000000e+00 4.818439e-04 0.000000e+00 0.000000e+00 0.000000e+00
PROFILE_ITER 1 24 4.899502e-04 1.599789e-04 0.000000e+00 4.820824e-04 0.000000e+00 0.000000e+00 0.000000e+00
PROFILE_ITER 1 25 5.328655e-04 1.602173e-04 0.000000e+00 5.238056e-04 0.000000e+00 0.000000e+00 0.000000e+00
PROFILE_ITER 1 26 5.311966e-04 1.587868e-04 0.000000e+00 5.221367e-04 0.000000e+00 0.000000e+00 0.000000e+00
PROFILE_ITER 1 27 4.868507e-04 1.602173e-04 0.000000e+00 4.789829e-04 0.000000e+00 0.000000e+00 0.000000e+00
PROFILE_ITER 1 28 5.161762e-04 1.587868e-04 0.000000e+00 5.071163e-04 0.000000e+00 0.000000e+00 0.000000e+00
PROFILE_ITER 1 29 4.930496e-04 1.590252e-04 0.000000e+00 4.839897e-04 0.000000e+00 0.000000e+00 0.000000e+00
PROFILE_ITER 1 30 4.880428e-04 1.587868e-04 0.000000e+00 4.789829e-04 0.000000e+00 0.000000e+00 0.000000e+00
PROFILE_ITER 1 31 5.140305e-04 1.590252e-04 0.000000e+00 5.040169e-04 0.000000e+00 0.000000e+00 0.000000e+00
PROFILE_ITER 1 32 4.940033e-04 1.590252e-04 0.000000e+00 4.839897e-04 0.000000e+00 0.000000e+00 9.536743e-07
PROFILE_ITER 1 33 5.288124e-04 1.602173e-04 0.000000e+00 5.199909e-04 0.000000e+00 0.000000e+00 0.000000e+00
PROFILE_ITER 1 34 5.311966e-04 1.587868e-04 0.000000e+00 5.221367e-04 0.000000e+00 0.000000e+00 0.000000e+00
PROFILE_ITER 1 35 5.340576e-04 1.590252e-04 0.000000e+00 5.249977e-04 0.000000e+00 0.000000e+00 0.000000e+00
PROFILE_ITER 1 36 5.097389e-04 1.602173e-04 0.000000e+00 4.997253e-04 0.000000e+00 0.000000e 35 1.473427e-04 5.457401e-04 0.000000e+00 6.318092e-05 0.000000e+00 0.000000e+00 0.000000e+00
PROFILE_ITER 0 36 1.471043e-04 5.228519e-04 0.000000e+00 6.198883e-05 0.000000e+00 0.000000e+00 0.000000e+00
PROFILE_ITER 0 37 1.411438e-04 5.068779e-04 0.000000e+00 6.389618e-05 0.000000e+00 0.000000e+00 0.000000e+00
PROFILE_ITER 0 38 1.449585e-04 5.450249e-04 0.000000e+00 6.198883e-05 0.000000e+00 0.000000e+00 0.000000e+00
PROFILE_ITER 0 39 1.459122e-04 5.440712e-04 0.000000e+00 6.389618e-05 0.000000e+00 0.000000e+00 0.000000e+00
PROFILE_ITER 0 40 1.487732e-04 5.002022e-04 0.000000e+00 6.294250e-05 0.000000e+00 0.000000e+00 0.000000e+00
PROFILE_ITER 0 41 1.471043e-04 5.028248e-04 0.000000e+00 6.198883e-05 0.000000e+00 0.000000e+00 0.000000e+00
PROFILE_ITER 0 42 1.480579e-04 5.009174e-04 0.000000e+00 6.294250e-05 0.000000e+00 0.000000e+00 0.000000e+00
PROFILE_ITER 0 43 1.478195e-04 5.261898e-04 9.536743e-07 6.198883e-05 0.000000e+00 0.000000e+00 0.000000e+00
PROFILE_ITER 0 44 1.478195e-04 5.023479e-04 0.000000e+00 6.294250e-05 0.000000e+00 0.000000e+00 0.000000e+00
PROFILE_ITER 0 45 1.480579e-04 4.968643e-04 0.000000e+00 6.198883e-05 0.000000e+00 0.000000e+00 9.536743e-07
PROFILE_ITER 0 46 1.471043e-04 5.459785e-04 0.000000e+00 6.198883e-05 0.000000e+00 0.000000e+00 0.000000e+00
PROFILE_ITER 0 47 1.468658e-04 5.021095e-04 0.000000e+00 6.198883e-05 0.000000e+00 0.000000e+00 0.000000e+00
PROFILE_ITER 0 48 1.471043e-04 4.987717e-04 0.000000e+00 6.198883e-05 0.000000e+00 0.000000e+00 0.000000e+00
PROFILE_ITER 0 49 1.480579e-04 5.450249e-04 0.000000e+00 6.318092e-05 0.000000e+00 0.000000e+00 0.000000e+00
PROFILE_ITER 0 50 1.471043e-04 5.438328e-04 0.000000e+00 6.198883e-05 0.000000e+00 0.000000e+00 0.000000e+00
PROFILE_ITER 0 51 1.461506e-04 5.447865e-04 0.000000e+00 6.198883e-05 0.000000e+00 0.000000e+00 0.000000e+00
PROFILE_ITER 0 52 1.478195e-04 5.443096e-04 0.000000e+00 6.389618e-05 0.000000e+00 0.000000e+00 0.000000e+00
PROFILE_ITER 0 53 1.492500e-04 4.997253e-04 0.000000e+00 6.437302e-05 0.000000e+00 0.000000e+00 0.000000e+00
PROFILE_ITER 0 54 1.463890e-04 5.466938e-04 0.000000e+00 6.198883e-05 0.000000e+00 0.000000e+00 0.000000e+00
PROFILE_ITER 0 55 1.471043e-04 4.997253e-04 0.000000e+00 6.318092e-05 0.000000e+00 0.000000e+00 0.000000e+00
PROFILE_ITER 0 56 1.471043e-04 5.240440e-04 0.000000e+00 6.198883e-05 0.000000e+00 0.000000e+00 0.000000e+00
PROFILE_ITER 0 57 1.478195e-04 5.221367e-04 0.000000e+00 6.294250e-05 0.000000e+00 0.000000e+00 0.000000e+00
PROFILE_ITER 0 58 1.487732e-04 5.443096e-04 0.000000e+00 6.294250e-05 0.000000e+00 0.000000e+00 0.000000e+00
PROFILE_ITER 0 59 1.409054e-04 5.071163e-04 0.000000e+00 6.294250e-05 0.000000e+00 0.000000e+00 0.000000e+00
PROFILE_ITER 0 60 1.471043e-04 5.447865e-04 0.000000e+00 6.198883e-05 0.000000e+00 0.000000e+00 0.000000e+00
PROFILE_ITER 0 61 1.471043e-04 4.968643e-04 0.000000e+00 6.294250e-05 0.000000e+00 0.000000e+00 0.000000e+00
PROFILE_ITER 0 62 1.468658e-04 5.002022e-04 0.000000e+00 6.294250e-05 0.000000e+00 0.000000e+00 0.000000e+00
PROFILE_ITER 0 63 1.480579e-04 4.959106e-04 0.000000e+00 6.222725e-05 0.000000e+00 0.000000e+00 0.000000e+00
PROFILE_ITER 0 64 1.471043e-04 5.447865e-04 1.192093e-06 6.198883e-05 0.000000e+00 0.000000e+00 0.000000e+00
PROFILE_ITER 0 65 1.478195e-04 5.452633e-04 0.000000e+00 6.389618e-05 0.000000e+00 0.000000e+00 0.000000e+00
PROFILE_ITER 0 66 1.468658e-04 5.002022e-04 0.000000e+00 6.294250e-05 0.000000e+00 0.000000e+00 0.000000e+00
PROFILE_ITER 0 67 1.492500e-04 4.987717e-04 0.000000e+00 6.389618e-05 0.000000e+00 0.000000e+00 0.000000e+00
PROFILE_ITER 0 68 1.468658e-04 5.240440e-04 0.000000e+00 6.389618e-05 0.000000e+00 0.000000e+00 0.000000e+00
PROFILE_ITER 0 69 1.471043e-04 5.500317e-04 0.000000e+00 6.198883e-05 0.000000e+00 0.000000e+00 0.000000e+00
PROFILE_ITER 0 70 1.471043e-04 5.006790e-04 1.192093e-06 6.198883e-05 0.000000e+00 0.000000e+00 0.000000e+00
PROFILE_ITER 0 71 1.471043e-04 5.240440e-04 0.000000e+00 6.294250e-05 0.000000e+00 0.000000e+00 0.000000e+00
PROFILE_ITER 0 72 1.449585e-04 5.450249e-04 0.000000e+00 6.198883e-05 0.00000+00 0.000000e+00
PROFILE_ITER 1 37 4.868507e-04 1.611710e-04 0.000000e+00 4.770756e-04 0.000000e+00 0.000000e+00 0.000000e+00
PROFILE_ITER 1 38 5.309582e-04 1.590252e-04 0.000000e+00 5.218983e-04 0.000000e+00 0.000000e+00 0.000000e+00
PROFILE_ITER 1 39 5.290508e-04 1.609325e-04 0.000000e+00 5.199909e-04 0.000000e+00 0.000000e+00 0.000000e+00
PROFILE_ITER 1 40 4.880428e-04 1.609325e-04 0.000000e+00 4.782677e-04 0.000000e+00 0.000000e+00 9.536743e-07
PROFILE_ITER 1 41 4.899502e-04 1.599789e-04 0.000000e+00 4.820824e-04 0.000000e+00 0.000000e+00 0.000000e+00
PROFILE_ITER 1 42 4.889965e-04 1.599789e-04 0.000000e+00 4.799366e-04 0.000000e+00 0.000000e+00 0.000000e+00
PROFILE_ITER 1 43 5.140305e-04 1.599789e-04 0.000000e+00 5.059242e-04 0.000000e+00 0.000000e+00 0.000000e+00
PROFILE_ITER 1 44 4.899502e-04 1.602173e-04 0.000000e+00 4.808903e-04 0.000000e+00 0.000000e+00 0.000000e+00
PROFILE_ITER 1 45 4.880428e-04 1.568794e-04 0.000000e+00 4.761219e-04 9.536743e-07 0.000000e+00 0.000000e+00
PROFILE_ITER 1 46 5.326271e-04 1.604557e-04 0.000000e+00 5.249977e-04 0.000000e+00 0.000000e+00 0.000000e+00
PROFILE_ITER 1 47 4.889965e-04 1.590252e-04 0.000000e+00 4.780293e-04 0.000000e+00 0.000000e+00 0.000000e+00
PROFILE_ITER 1 48 4.880428e-04 1.587868e-04 0.000000e+00 4.770756e-04 0.000000e+00 0.000000e+00 0.000000e+00
PROFILE_ITER 1 49 5.340576e-04 1.590252e-04 0.000000e+00 5.238056e-04 0.000000e+00 0.000000e+00 1.192093e-06
PROFILE_ITER 1 50 5.321503e-04 1.587868e-04 0.000000e+00 5.230904e-04 0.000000e+00 0.000000e+00 0.000000e+00
PROFILE_ITER 1 51 5.309582e-04 1.599789e-04 0.000000e+00 5.230904e-04 0.000000e+00 0.000000e+00 0.000000e+00
PROFILE_ITER 1 52 5.300045e-04 1.621246e-04 0.000000e+00 5.209446e-04 9.536743e-07 0.000000e+00 0.000000e+00
PROFILE_ITER 1 53 4.913807e-04 1.575947e-04 0.000000e+00 4.799366e-04 0.000000e+00 0.000000e+00 0.000000e+00
PROFILE_ITER 1 54 5.328655e-04 1.602173e-04 0.000000e+00 5.221367e-04 0.000000e+00 0.000000e+00 0.000000e+00
PROFILE_ITER 1 55 4.868507e-04 1.599789e-04 0.000000e+00 4.780293e-04 0.000000e+00 0.000000e+00 0.000000e+00
PROFILE_ITER 1 56 5.118847e-04 1.592636e-04 0.000000e+00 5.018711e-04 0.000000e+00 0.000000e+00 0.000000e+00
PROFILE_ITER 1 57 5.099773e-04 1.599789e-04 0.000000e+00 4.990101e-04 0.000000e+00 0.000000e+00 9.536743e-07
PROFILE_ITER 1 58 5.319118e-04 1.611710e-04 0.000000e+00 5.228519e-04 0.000000e+00 0.000000e+00 0.000000e+00
PROFILE_ITER 1 59 4.870892e-04 1.609325e-04 0.000000e+00 4.758835e-04 1.192093e-06 0.000000e+00 0.000000e+00
PROFILE_ITER 1 60 5.309582e-04 1.609325e-04 0.000000e+00 5.218983e-04 0.000000e+00 0.000000e+00 0.000000e+00
PROFILE_ITER 1 61 4.851818e-04 1.587868e-04 0.000000e+00 4.761219e-04 0.000000e+00 0.000000e+00 0.000000e+00
PROFILE_ITER 1 62 4.880428e-04 1.590252e-04 0.000000e+00 4.770756e-04 0.000000e+00 0.000000e+00 0.000000e+00
PROFILE_ITER 1 63 4.858971e-04 1.571178e-04 0.000000e+00 4.749298e-04 0.000000e+00 0.000000e+00 0.000000e+00
PROFILE_ITER 1 64 5.309582e-04 1.609325e-04 0.000000e+00 5.230904e-04 0.000000e+00 0.000000e+00 0.000000e+00
PROFILE_ITER 1 65 5.331039e-04 1.599789e-04 0.000000e+00 5.207062e-04 0.000000e+00 0.000000e+00 1.192093e-06
PROFILE_ITER 1 66 4.870892e-04 1.599789e-04 9.536743e-07 4.770756e-04 0.000000e+00 0.000000e+00 0.000000e+00
PROFILE_ITER 1 67 4.878044e-04 1.602173e-04 0.000000e+00 4.780293e-04 0.000000e+00 0.000000e+00 0.000000e+00
PROFILE_ITER 1 68 5.121231e-04 1.587868e-04 0.000000e+00 5.021095e-04 0.000000e+00 0.000000e+00 0.000000e+00
PROFILE_ITER 1 69 5.359650e-04 1.611710e-04 0.000000e+00 5.280972e-04 0.000000e+00 0.000000e+00 0.000000e+00
PROFILE_ITER 1 70 4.880428e-04 1.597404e-04 0.000000e+00 4.780293e-04 0.000000e+00 0.000000e+00 0.000000e+00
PROFILE_ITER 1 71 5.109310e-04 1.602173e-04 0.000000e+00 5.018711e-04 0.000000e+00 0.000000e+00 0.000000e+00
PROFILE_ITER 1 72 5.290508e-04 1.609325e-04 0.000000e+00 5.209446e-04 0.000000e+00 0.000000e+00 0.000000e+00
PROFILE_ITER 1 73 4.880428e-04 1.609325e-04 0.000000e+00 4.799366e-04 0.000000e+00 0.000000e+00 0.000000e+00
PROFILE_ITER 1 74 5.099773e-04 1.609325e-04 0.0e+00 0.000000e+00 0.000000e+00
PROFILE_ITER 0 73 1.482964e-04 5.006790e-04 0.000000e+00 6.437302e-05 0.000000e+00 0.000000e+00 0.000000e+00
PROFILE_ITER 0 74 1.392365e-04 5.316734e-04 0.000000e+00 6.198883e-05 0.000000e+00 0.000000e+00 0.000000e+00
PROFILE_ITER 0 75 1.471043e-04 5.459785e-04 0.000000e+00 6.413460e-05 0.000000e+00 0.000000e+00 0.000000e+00
PROFILE_ITER 0 76 1.471043e-04 5.419254e-04 0.000000e+00 6.198883e-05 0.000000e+00 0.000000e+00 0.000000e+00
PROFILE_ITER 0 77 1.471043e-04 5.059242e-04 0.000000e+00 6.198883e-05 0.000000e+00 0.000000e+00 0.000000e+00
PROFILE_ITER 0 78 1.461506e-04 5.006790e-04 0.000000e+00 6.294250e-05 0.000000e+00 0.000000e+00 0.000000e+00
PROFILE_ITER 0 79 1.509190e-04 5.002022e-04 0.000000e+00 6.294250e-05 0.000000e+00 0.000000e+00 0.000000e+00
PROFILE_ITER 0 80 1.459122e-04 5.459785e-04 0.000000e+00 6.294250e-05 0.000000e+00 0.000000e+00 0.000000e+00
PROFILE_ITER 0 81 1.468658e-04 5.211830e-04 0.000000e+00 6.294250e-05 0.000000e+00 0.000000e+00 0.000000e+00
PROFILE_ITER 0 82 1.468658e-04 5.242825e-04 0.000000e+00 6.294250e-05 0.000000e+00 0.000000e+00 0.000000e+00
PROFILE_ITER 0 83 1.499653e-04 5.228519e-04 0.000000e+00 6.198883e-05 0.000000e+00 0.000000e+00 0.000000e+00
PROFILE_ITER 0 84 1.518726e-04 5.431175e-04 0.000000e+00 6.389618e-05 0.000000e+00 0.000000e+00 0.000000e+00
PROFILE_ITER 0 85 1.518726e-04 5.393028e-04 0.000000e+00 6.198883e-05 0.000000e+00 0.000000e+00 0.000000e+00
PROFILE_ITER 0 86 1.471043e-04 5.228519e-04 0.000000e+00 6.318092e-05 0.000000e+00 0.000000e+00 0.000000e+00
PROFILE_ITER 0 87 1.482964e-04 5.435944e-04 0.000000e+00 6.437302e-05 0.000000e+00 0.000000e+00 0.000000e+00
PROFILE_ITER 0 88 1.499653e-04 4.990101e-04 0.000000e+00 6.198883e-05 0.000000e+00 0.000000e+00 0.000000e+00
PROFILE_ITER 0 89 1.468658e-04 5.040169e-04 0.000000e+00 6.198883e-05 0.000000e+00 0.000000e+00 0.000000e+00
PROFILE_ITER 0 90 1.480579e-04 5.240440e-04 0.000000e+00 6.198883e-05 0.000000e+00 0.000000e+00 0.000000e+00
PROFILE_ITER 0 91 1.490116e-04 5.009174e-04 0.000000e+00 6.222725e-05 0.000000e+00 0.000000e+00 0.000000e+00
PROFILE_ITER 0 92 1.468658e-04 5.481243e-04 0.000000e+00 6.294250e-05 0.000000e+00 0.000000e+00 0.000000e+00
PROFILE_ITER 0 93 1.471043e-04 5.469322e-04 0.000000e+00 6.413460e-05 0.000000e+00 0.000000e+00 0.000000e+00
PROFILE_ITER 0 94 1.492500e-04 5.457401e-04 9.536743e-07 6.413460e-05 0.000000e+00 0.000000e+00 0.000000e+00
PROFILE_ITER 0 95 1.492500e-04 5.488396e-04 0.000000e+00 6.294250e-05 0.000000e+00 0.000000e+00 0.000000e+00
PROFILE_ITER 0 96 1.459122e-04 5.490780e-04 0.000000e+00 6.294250e-05 0.000000e+00 0.000000e+00 0.000000e+00
PROFILE_ITER 0 97 1.478195e-04 5.421638e-04 0.000000e+00 6.198883e-05 0.000000e+00 0.000000e+00 0.000000e+00
PROFILE_ITER 0 98 1.480579e-04 5.438328e-04 0.000000e+00 6.413460e-05 0.000000e+00 0.000000e+00 0.000000e+00
PROFILE_ITER 0 99 1.461506e-04 5.469322e-04 0.000000e+00 6.318092e-05 0.000000e+00 0.000000e+00 0.000000e+00
PROFILE_ITER 0 100 1.478195e-04 5.400181e-04 0.000000e+00 6.198883e-05 0.000000e+00 0.000000e+00 0.000000e+00
PROFILE_ITER 0 101 1.471043e-04 5.450249e-04 0.000000e+00 6.198883e-05 0.000000e+00 0.000000e+00 0.000000e+00
PROFILE_ITER 0 102 1.490116e-04 5.009174e-04 0.000000e+00 6.198883e-05 0.000000e+00 0.000000e+00 0.000000e+00
PROFILE_ITER 0 103 1.468658e-04 5.211830e-04 0.000000e+00 6.389618e-05 0.000000e+00 0.000000e+00 0.000000e+00
PROFILE_ITER 0 104 1.509190e-04 5.409718e-04 0.000000e+00 6.389618e-05 0.000000e+00 0.000000e+00 0.000000e+00
PROFILE_ITER 0 105 1.518726e-04 5.171299e-04 0.000000e+00 6.294250e-05 0.000000e+00 0.000000e+00 0.000000e+00
PROFILE_ITER 0 106 1.530647e-04 5.400181e-04 0.000000e+00 6.198883e-05 0.000000e+00 9.536743e-07 0.000000e+00
PROFILE_ITER 0 107 1.506805e-04 5.004406e-04 0.000000e+00 6.294250e-05 0.000000e+00 0.000000e+00 0.000000e+00
PROFILE_ITER 0 108 1.528263e-04 5.071163e-04 0.000000e+00 6.198883e-05 0.000000e+00 0.000000e+00 0.000000e+00
PROFILE_ITER 0 109 1.530647e-04 5.438328e-04 0.000000e+00 6.318092e-05 0.000000e+00 0.000000e+00 0.000000e+00
PROFILE_ITER 0 110 1000000e+00 5.002022e-04 0.000000e+00 0.000000e+00 0.000000e+00
PROFILE_ITER 1 75 5.319118e-04 1.611710e-04 0.000000e+00 5.209446e-04 0.000000e+00 0.000000e+00 9.536743e-07
PROFILE_ITER 1 76 5.300045e-04 1.590252e-04 0.000000e+00 5.209446e-04 0.000000e+00 0.000000e+00 0.000000e+00
PROFILE_ITER 1 77 4.930496e-04 1.599789e-04 0.000000e+00 4.839897e-04 0.000000e+00 0.000000e+00 0.000000e+00
PROFILE_ITER 1 78 4.849434e-04 1.618862e-04 0.000000e+00 4.758835e-04 0.000000e+00 0.000000e+00 0.000000e+00
PROFILE_ITER 1 79 4.889965e-04 1.611710e-04 0.000000e+00 4.808903e-04 0.000000e+00 0.000000e+00 0.000000e+00
PROFILE_ITER 1 80 5.321503e-04 1.597404e-04 0.000000e+00 5.211830e-04 0.000000e+00 0.000000e+00 0.000000e+00
PROFILE_ITER 1 81 5.080700e-04 1.599789e-04 0.000000e+00 4.978180e-04 0.000000e+00 0.000000e+00 0.000000e+00
PROFILE_ITER 1 82 5.099773e-04 1.611710e-04 0.000000e+00 5.018711e-04 0.000000e+00 0.000000e+00 0.000000e+00
PROFILE_ITER 1 83 5.130768e-04 1.587868e-04 0.000000e+00 5.016327e-04 0.000000e+00 0.000000e+00 0.000000e+00
PROFILE_ITER 1 84 5.328655e-04 1.621246e-04 0.000000e+00 5.218983e-04 0.000000e+00 0.000000e+00 9.536743e-07
PROFILE_ITER 1 85 5.319118e-04 1.592636e-04 0.000000e+00 5.228519e-04 0.000000e+00 0.000000e+00 0.000000e+00
PROFILE_ITER 1 86 5.099773e-04 1.599789e-04 0.000000e+00 5.009174e-04 0.000000e+00 0.000000e+00 0.000000e+00
PROFILE_ITER 1 87 5.321503e-04 1.597404e-04 0.000000e+00 5.240440e-04 0.000000e+00 0.000000e+00 0.000000e+00
PROFILE_ITER 1 88 4.909039e-04 1.580715e-04 0.000000e+00 4.801750e-04 1.907349e-06 0.000000e+00 0.000000e+00
PROFILE_ITER 1 89 4.920959e-04 1.599789e-04 0.000000e+00 4.830360e-04 0.000000e+00 0.000000e+00 0.000000e+00
PROFILE_ITER 1 90 5.130768e-04 1.590252e-04 0.000000e+00 5.021095e-04 0.000000e+00 0.000000e+00 0.000000e+00
PROFILE_ITER 1 91 4.909039e-04 1.590252e-04 0.000000e+00 4.818439e-04 0.000000e+00 0.000000e+00 0.000000e+00
PROFILE_ITER 1 92 5.359650e-04 1.590252e-04 0.000000e+00 5.261898e-04 0.000000e+00 0.000000e+00 0.000000e+00
PROFILE_ITER 1 93 5.350113e-04 1.590252e-04 0.000000e+00 5.249977e-04 0.000000e+00 0.000000e+00 0.000000e+00
PROFILE_ITER 1 94 5.350113e-04 1.599789e-04 0.000000e+00 5.259514e-04 0.000000e+00 0.000000e+00 0.000000e+00
PROFILE_ITER 1 95 5.381107e-04 1.599789e-04 0.000000e+00 5.290508e-04 0.000000e+00 0.000000e+00 0.000000e+00
PROFILE_ITER 1 96 5.359650e-04 1.590252e-04 0.000000e+00 5.269051e-04 0.000000e+00 0.000000e+00 0.000000e+00
PROFILE_ITER 1 97 5.319118e-04 1.580715e-04 0.000000e+00 5.218983e-04 0.000000e+00 0.000000e+00 9.536743e-07
PROFILE_ITER 1 98 5.309582e-04 1.599789e-04 0.000000e+00 5.228519e-04 0.000000e+00 0.000000e+00 0.000000e+00
PROFILE_ITER 1 99 5.340576e-04 1.590252e-04 9.536743e-07 5.240440e-04 0.000000e+00 0.000000e+00 0.000000e+00
PROFILE_ITER 1 100 5.290508e-04 1.587868e-04 9.536743e-07 5.190372e-04 0.000000e+00 0.000000e+00 0.000000e+00
PROFILE_ITER 1 101 5.311966e-04 1.609325e-04 0.000000e+00 5.230904e-04 0.000000e+00 0.000000e+00 0.000000e+00
PROFILE_ITER 1 102 4.901886e-04 1.597404e-04 0.000000e+00 4.789829e-04 1.192093e-06 0.000000e+00 0.000000e+00
PROFILE_ITER 1 103 5.071163e-04 1.609325e-04 0.000000e+00 4.980564e-04 0.000000e+00 0.000000e+00 0.000000e+00
PROFILE_ITER 1 104 5.319118e-04 1.599789e-04 0.000000e+00 5.211830e-04 0.000000e+00 0.000000e+00 9.536743e-07
PROFILE_ITER 1 105 5.121231e-04 1.568794e-04 0.000000e+00 5.011559e-04 0.000000e+00 0.000000e+00 0.000000e+00
PROFILE_ITER 1 106 5.309582e-04 1.621246e-04 0.000000e+00 5.199909e-04 0.000000e+00 0.000000e+00 0.000000e+00
PROFILE_ITER 1 107 4.899502e-04 1.611710e-04 0.000000e+00 4.811287e-04 0.000000e+00 0.000000e+00 0.000000e+00
PROFILE_ITER 1 108 4.961491e-04 1.637936e-04 0.000000e+00 4.858971e-04 0.000000e+00 0.000000e+00 0.000000e+00
PROFILE_ITER 1 109 5.347729e-04 1.621246e-04 0.000000e+00 5.249977e-04 0.000000e+00 0.000000e+00 0.000000e+00
PROFILE_ITER 1 110 5.300045e-04 1.599789e-04 0.000000e+00 5.199909e-04 0.000000e+00 0.000000e+00 0.000000e+00
PROFILE_ITER 1 111 5.369186e-04 1.592636e-04 0.000000e+00 5.280972e-04 0.000000e+00 0.000000e+00 0.000000e+00
PROFILE_ITER 1 112 5.290508e-04 1.578331e-04 0.000000e+00 5.168915e-04 0.000000e+00 0.000000e+00 9.536743e-07
PROFILE_ITER 1 113 4.868507e-04 1.602173e-04 0.000000e+00 4.780293e-04 0.000000e+00 0.000000e+00 0.000000e+00
PROFILE_ITER 1 114 5.140305e-04 1.590252e-04 0.000000e+00 5.049706e-04 0.000000e+00 0.000000e+00 0.000000e+00
PROFILE_ITER 1 115 5.340576e-04 1.587868e-04 0.000000e+00 5.240440e-04 0.000000e+00 0.000000e+00 0.000000e+00
PROFILE_ITER 1 116 5.309582e-04 1.580715e-04 0.000000e+00 5.202293e-04 0.000000e+00 0.000000e+00 9.536743e-07
PROFILE_ITER 1 117 5.321503e-04 1.578331e-04 0.000000e+00 5.211830e-04 0.000000e+00 0.000000e+00 9.536743e-07
PROFILE_ITER 1 118 5.309582e-04 1.599789e-04 0.000000e+00 5.230904e-04 0.000000e+00 0.000000e+00 0.000000e+00
PROFILE_ITER 1 119 5.090237e-04 1.580715e-04 0.000000e+00 4.987717e-04 1.192093e-06 0.000000e+00 0.000000e+00
PROFILE_ITER 1 120 5.118847e-04 1.602173e-04 0.000000e+00 5.030632e-04 0.000000e+00 0.000000e+00 0.000000e+00
PROFILE_ITER 1 121 4.880428e-04 1.587868e-04 0.000000e+00 4.770756e-04 0.000000e+00 0.000000e+00 9.536743e-07
PROFILE_ITER 1 122 5.328655e-04 1.592636e-04 0.000000e+00 5.240440e-04 0.000000e+00 0.000000e+00 0.000000e+00
PROFILE_ITER 1 123 5.331039e-04 1.597404e-04 0.000000e+00 5.230904e-04 0.000000e+00 0.000000e+00 0.000000e+00
PROFILE_ITER 1 124 5.328655e-04 1.602173e-04 0.000000e+00 5.228519e-04 0.000000e+00 0.000000e+00 0.000000e+00
PROFILE_ITER 1 125 4.880428e-04 1.580715e-04 0.000000e+00 4.789829e-04 0.000000e+00 0.000000e+00 0.000000e+00
PROFILE_ITER 1 126 5.109310e-04 1.599789e-04 0.000000e+00 5.018711e-04 0.000000e+00 0.000000e+00 0.000000e+00
PROFILE_ITER 1 127 5.140305e-04 1.590252e-04 0.000000e+00 5.049706e-04 0.000000e+00 0.000000e+00 0.000000e+00
PROFILE_ITER 1 128 5.290508e-04 1.599789e-04 0.000000e+00 5.197525e-04 0.000000e+00 0.000000e+00 0.000000e+00
PROFILE_ITER 1 129 4.911423e-04 1.606941e-04 0.000000e+00 4.820824e-04 0.000000e+00 0.000000e+00 0.000000e+00
PROFILE_ITER 1 130 5.428791e-04 1.602173e-04 0.000000e+00 5.338192e-04 0.000000e+00 0.000000e+00 0.000000e+00
PROFILE_ITER 1 131 4.889965e-04 1.580715e-04 0.000000e+00 4.780293e-04 0.000000e+00 0.000000e+00 0.000000e+00
PROFILE_ITER 1 132 5.137920e-04 1.630783e-04 0.000000e+00 5.040169e-04 0.000000e+00 0.000000e+00 0.000000e+00
PROFILE_ITER 1 133 5.359650e-04 1.590252e-04 0.000000e+00 5.261898e-04 0.000000e+00 0.000000e+00 0.000000e+00
PROFILE_ITER 1 134 5.109310e-04 1.590252e-04 0.000000e+00 5.011559e-04 0.000000e+00 0.000000e+00 0.000000e+00
PROFILE_ITER 1 135 5.309582e-04 1.590252e-04 0.000000e+00 5.209446e-04 0.000000e+00 0.000000e+00 0.000000e+00
PROFILE_ITER 1 136 5.340576e-04 1.587868e-04 0.000000e+00 5.249977e-04 0.000000e+00 0.000000e+00 0.000000e+00
PROFILE_ITER 1 137 4.868507e-04 1.611710e-04 0.000000e+00 4.758835e-04 0.000000e+00 0.000000e+00 0.000000e+00
.499653e-04 5.400181e-04 0.000000e+00 6.198883e-05 0.000000e+00 0.000000e+00 1.192093e-06
PROFILE_ITER 0 111 1.487732e-04 5.474091e-04 0.000000e+00 6.389618e-05 0.000000e+00 0.000000e+00 0.000000e+00
PROFILE_ITER 0 112 1.459122e-04 5.409718e-04 0.000000e+00 6.389618e-05 0.000000e+00 0.000000e+00 0.000000e+00
PROFILE_ITER 0 113 1.471043e-04 4.999638e-04 0.000000e+00 6.198883e-05 0.000000e+00 0.000000e+00 0.000000e+00
PROFILE_ITER 0 114 1.478195e-04 5.252361e-04 0.000000e+00 6.198883e-05 0.000000e+00 0.000000e+00 0.000000e+00
PROFILE_ITER 0 115 1.478195e-04 5.450249e-04 0.000000e+00 6.294250e-05 0.000000e+00 0.000000e+00 0.000000e+00
PROFILE_ITER 0 116 1.449585e-04 5.440712e-04 0.000000e+00 6.294250e-05 0.000000e+00 0.000000e+00 0.000000e+00
PROFILE_ITER 0 117 1.471043e-04 5.428791e-04 0.000000e+00 6.413460e-05 0.000000e+00 0.000000e+00 0.000000e+00
PROFILE_ITER 0 118 1.449585e-04 5.471706e-04 0.000000e+00 6.294250e-05 0.000000e+00 0.000000e+00 0.000000e+00
PROFILE_ITER 0 119 1.480579e-04 5.178452e-04 0.000000e+00 6.318092e-05 0.000000e+00 0.000000e+00 0.000000e+00
PROFILE_ITER 0 120 1.449585e-04 5.271435e-04 0.000000e+00 6.294250e-05 0.000000e+00 0.000000e+00 0.000000e+00
PROFILE_ITER 0 121 1.459122e-04 5.009174e-04 0.000000e+00 6.198883e-05 0.000000e+00 0.000000e+00 0.000000e+00
PROFILE_ITER 0 122 1.468658e-04 5.452633e-04 0.000000e+00 6.389618e-05 0.000000e+00 0.000000e+00 0.000000e+00
PROFILE_ITER 0 123 1.471043e-04 5.457401e-04 0.000000e+00 6.413460e-05 0.000000e+00 0.000000e+00 0.000000e+00
PROFILE_ITER 0 124 1.468658e-04 5.462170e-04 9.536743e-07 6.294250e-05 0.000000e+00 0.000000e+00 0.000000e+00
PROFILE_ITER 0 125 1.401901e-04 5.059242e-04 0.000000e+00 6.198883e-05 0.000000e+00 0.000000e+00 0.000000e+00
PROFILE_ITER 0 126 1.490116e-04 5.218983e-04 0.000000e+00 6.389618e-05 0.000000e+00 0.000000e+00 0.000000e+00
PROFILE_ITER 0 127 1.471043e-04 5.259514e-04 0.000000e+00 6.294250e-05 0.000000e+00 0.000000e+00 0.000000e+00
PROFILE_ITER 0 128 1.471043e-04 5.419254e-04 0.000000e+00 6.318092e-05 0.000000e+00 0.000000e+00 0.000000e+00
PROFILE_ITER 0 129 1.478195e-04 5.040169e-04 0.000000e+00 6.294250e-05 0.000000e+00 0.000000e+00 0.000000e+00
PROFILE_ITER 0 130 1.459122e-04 5.571842e-04 0.000000e+00 6.198883e-05 0.000000e+00 0.000000e+00 0.000000e+00
PROFILE_ITER 0 131 1.399517e-04 5.071163e-04 0.000000e+00 6.389618e-05 0.000000e+00 0.000000e+00 0.000000e+00
PROFILE_ITER 0 132 1.449585e-04 5.319118e-04 0.000000e+00 6.198883e-05 0.000000e+00 0.000000e+00 0.000000e+00
PROFILE_ITER 0 133 1.478195e-04 5.471706e-04 0.000000e+00 6.198883e-05 0.000000e+00 0.000000e+00 0.000000e+00
PROFILE_ITER 1 138 5.328655e-04 1.592636e-04 0.000000e+00 5.228519e-04 0.000000e+00 0.000000e+00 0.000000e+00
PROFILE_ITER 1 139 5.121231e-04 1.587868e-04 0.000000e+00 5.018711e-04 0.000000e+00 0.000000e+00 1.192093e-06
PROFILE_ITER 1 140 5.331039e-04 1.578331e-04 0.000000e+00 5.209446e-04 0.000000e+00 0.000000e+00 9.536743e-07
PROFILE_ITER 1 141 5.309582e-04 1.580715e-04 0.000000e+00 5.202293e-04 0.000000e+00 0.000000e+00 0.000000e+00
PROFILE_ITER 0 134 1.480579e-04 5.218983e-04 0.000000e+00 6.198883e-05 9.536743e-07 0.000000e+00 0.000000e+00
PROFILE_ITER 0 135 1.490116e-04 5.421638e-04 0.000000e+00 6.389618e-05 0.000000e+00 0.000000e+00 0.000000e+00
PROFILE_ITER 0 136 1.478195e-04 5.459785e-04 0.000000e+00 6.294250e-05 0.000000e+00 0.000000e+00 0.000000e+00
PROFILE_ITER 0 137 1.478195e-04 4.992485e-04 0.000000e+00 6.294250e-05 0.000000e+00 0.000000e+00 9.536743e-07
PROFILE_ITER 1 142 5.099773e-04 1.590252e-04 0.000000e+00 5.011559e-04 0.000000e+00 0.000000e+00 0.000000e+00
PROFILE_ITER 1 143 5.128384e-04 1.602173e-04 0.000000e+00 5.040169e-04 0.000000e+00 0.000000e+00 0.000000e+00
PROFILE_ITER 1 144 4.870892e-04 1.587868e-04 9.536743e-07 4.780293e-04 0.000000e+00 0.000000e+00 0.000000e+00
PROFILE_ITER 0 138 1.468658e-04 5.452633e-04 0.000000e+00 6.198883e-05 0.000000e+00 0.000000e+00 0.000000e+00
PROFILE_ITER 0 139 1.392365e-04 5.316734e-04 0.000000e+00 6.318092e-05 0.000000e+00 0.000000e+00 0.000000e+00
PROFILE_ITER 1 145 4.918575e-04 1.583099e-04 0.000000e+00 4.818439e-04 0.000000e+00 0.000000e+00 0.000000e+00
PROFILE_ITER 1 146 4.892349e-04 1.616478e-04 0.000000e+00 4.789829e-04 0.000000e+00 0.000000e+00 0.000000e+00
PROFILE_ITER 1 147 4.868507e-04 1.602173e-04 0.000000e+00 4.789829e-04 0.000000e+00 0.000000e+00 0.000000e+00
PROFILE_ITER 0 140 1.473427e-04 5.435944e-04 0.000000e+00 6.318092e-05 0.000000e+00 0.000000e+00 0.000000e+00
PROFILE_ITER 0 141 1.480579e-04 5.409718e-04 0.000000e+00 6.318092e-05 0.000000e+00 0.000000e+00 0.000000e+00
PROFILE_ITER 0 142 1.459122e-04 5.230904e-04 0.000000e+00 6.294250e-05 0.000000e+00 0.000000e+00 0.000000e+00
PROFILE_ITER 0 143 1.451969e-04 5.278587e-04 0.000000e+00 6.198883e-05 0.000000e+00 0.000000e+00 0.000000e+00
PROFILE_ITER 1 148 5.362034e-04 1.587868e-04 0.000000e+00 5.257130e-04 0.000000e+00 0.000000e+00 0.000000e+00
PROFILE_ITER 1 149 5.350113e-04 1.609325e-04 0.000000e+00 5.261898e-04 0.000000e+00 0.000000e+00 0.000000e+00
PROFILE_ITER 0 144 1.480579e-04 4.978180e-04 0.000000e+00 6.413460e-05 0.000000e+00 0.000000e+00 0.000000e+00
PROFILE_ITER 0 145 1.478195e-04 5.023479e-04 0.000000e+00 6.198883e-05 0.000000e+00 0.000000e+00 0.000000e+00
PROFILE_ITER 1 150 5.259514e-04 1.611710e-04 0.000000e+00 5.178452e-04 0.000000e+00 0.000000e+00 0.000000e+00
PROFILE_ITER 1 151 5.340576e-04 1.568794e-04 0.000000e+00 5.240440e-04 0.000000e+00 0.000000e+00 0.000000e+00
PROFILE_ITER 1 152 5.338192e-04 1.602173e-04 0.000000e+00 5.249977e-04 0.000000e+00 0.000000e+00 0.000000e+00
PROFILE_ITER 0 146 1.449585e-04 5.059242e-04 0.000000e+00 6.294250e-05 0.000000e+00 0.000000e+00 0.000000e+00
PROFILE_ITER 0 147 1.480579e-04 4.980564e-04 0.000000e+00 6.318092e-05 0.000000e+00 0.000000e+00 0.000000e+00
PROFILE_ITER 1 153 5.071163e-04 1.587868e-04 0.000000e+00 4.980564e-04 0.000000e+00 0.000000e+00 0.000000e+00
PROFILE_ITER 1 154 4.889965e-04 1.590252e-04 0.000000e+00 4.801750e-04 9.536743e-07 0.000000e+00 0.000000e+00
PROFILE_ITER 1 155 5.328655e-04 1.611710e-04 0.000000e+00 5.230904e-04 9.536743e-07 0.000000e+00 0.000000e+00
PROFILE_ITER 0 148 1.482964e-04 5.466938e-04 0.000000e+00 6.198883e-05 0.000000e+00 0.000000e+00 0.000000e+00
PROFILE_ITER 0 149 1.471043e-04 5.488396e-04 0.000000e+00 6.294250e-05 0.000000e+00 0.000000e+00 0.000000e+00
PROFILE_ITER 0 150 1.459122e-04 5.412102e-04 0.000000e+00 6.294250e-05 0.000000e+00 0.000000e+00 0.000000e+00
PROFILE_ITER 0 151 1.468658e-04 5.440712e-04 0.000000e+00 6.294250e-05 0.000000e+00 0.000000e+00 0.000000e+00
PROFILE_ITER 0 152 1.461506e-04 5.478859e-04 0.000000e+00 6.318092e-05 0.000000e+00 0.000000e+00 0.000000e+00
PROFILE_ITER 1 156 5.338192e-04 1.602173e-04 0.000000e+00 5.249977e-04 0.000000e+00 0.000000e+00 0.000000e+00
PROFILE_ITER 1 157 5.099773e-04 1.590252e-04 0.000000e+00 5.009174e-04 0.000000e+00 0.000000e+00 0.000000e+00
PROFILE_ITER 0 153 1.468658e-04 5.190372e-04 9.536743e-07 6.294250e-05 0.000000e+00 0.000000e+00 0.000000e+00
PROFILE_ITER 0 154 1.451969e-04 5.028248e-04 0.000000e+00 6.198883e-05 0.000000e+00 0.000000e+00 0.000000e+00
PROFILE_ITER 0 155 1.490116e-04 5.450249e-04 0.000000e+00 6.389618e-05 0.000000e+00 0.000000e+00 0.000000e+00
PROFILE_ITER 1 158 5.342960e-04 1.585484e-04 0.000000e+00 5.218983e-04 1.192093e-06 0.000000e+00 0.000000e+00
PROFILE_ITER 1 159 5.319118e-04 1.592636e-04 0.000000e+00 5.228519e-04 0.000000e+00 0.000000e+00 0.000000e+00
PROFILE_ITER 1 160 5.130768e-04 1.578331e-04 0.000000e+00 5.030632e-04 0.000000e+00 0.000000e+00 0.000000e+00
PROFILE_ITER 0 156 1.533031e-04 5.407333e-04 0.000000e+00 6.294250e-05 0.000000e+00 0.000000e+00 0.000000e+00
PROFILE_ITER 0 157 1.471043e-04 5.218983e-04 0.000000e+00 6.294250e-05 0.000000e+00 0.000000e+00 0.000000e+00
PROFILE_ITER 0 158 1.471043e-04 5.457401e-04 0.000000e+00 6.318092e-05 0.000000e+00 0.000000e+00 0.000000e+00
PROFILE_ITER 0 159 1.478195e-04 5.433559e-04 0.000000e+00 6.198883e-05 0.000000e+00 0.000000e+00 0.000000e+00
PROFILE_ITER 1 161 4.930496e-04 1.580715e-04 0.000000e+00 4.830360e-04 0.000000e+00 0.000000e+00 0.000000e+00
PROFILE_ITER 1 162 4.870892e-04 1.587868e-04 0.000000e+00 4.770756e-04 0.000000e+00 0.000000e+00 0.000000e+00
PROFILE_ITER 1 163 4.868507e-04 1.602173e-04 0.000000e+00 4.780293e-04 0.000000e+00 0.000000e+00 0.000000e+00
PROFILE_ITER 1 164 4.880428e-04 1.599789e-04 0.000000e+00 4.799366e-04 0.000000e+00 0.000000e+00 0.000000e+00
PROFILE_ITER 1 165 4.880428e-04 1.609325e-04 0.000000e+00 4.777908e-04 0.000000e+00 0.000000e+00 0.000000e+00
PROFILE_ITER 1 166 5.331039e-04 1.587868e-04 0.000000e+00 5.240440e-04 0.000000e+00 0.000000e+00 0.000000e+00
PROFILE_ITER 1 167 5.328655e-04 1.602173e-04 0.000000e+00 5.240440e-04 0.000000e+00 0.000000e+00 0.000000e+00
PROFILE_ITER 0 160 1.492500e-04 5.216599e-04 0.000000e+00 6.198883e-05 0.000000e+00 0.000000e+00 0.000000e+00
PROFILE_ITER 0 161 1.473427e-04 5.037785e-04 0.000000e+00 6.318092e-05 0.000000e+00 0.000000e+00 0.000000e+00
PROFILE_ITER 0 162 1.471043e-04 4.987717e-04 0.000000e+00 6.294250e-05 0.000000e+00 0.000000e+00 0.000000e+00
PROFILE_ITER 0 163 1.487732e-04 4.982948e-04 0.000000e+00 6.294250e-05 0.000000e+00 0.000000e+00 0.000000e+00
PROFILE_ITER 0 164 1.471043e-04 5.018711e-04 0.000000e+00 6.318092e-05 0.000000e+00 0.000000e+00 0.000000e+00
PROFILE_ITER 1 168 4.913807e-04 1.566410e-04 0.000000e+00 4.787445e-04 0.000000e+00 0.000000e+00 1.192093e-06
PROFILE_ITER 1 169 5.130768e-04 1.587868e-04 0.000000e+00 5.040169e-04 0.000000e+00 0.000000e+00 0.000000e+00
PROFILE_ITER 0 165 1.499653e-04 4.980564e-04 0.000000e+00 6.294250e-05 0.000000e+00 0.000000e+00 0.000000e+00
PROFILE_ITER 0 166 1.480579e-04 5.438328e-04 0.000000e+00 6.294250e-05 0.000000e+00 0.000000e+00 0.000000e+00
PROFILE_ITER 0 167 1.471043e-04 5.459785e-04 0.000000e+00 6.294250e-05 0.000000e+00 0.000000e+00 0.000000e+00
PROFILE_ITER 1 170 5.340576e-04 1.590252e-04 0.000000e+00 5.230904e-04 0.000000e+00 0.000000e+00 0.000000e+00
PROFILE_ITER 1 171 5.300045e-04 1.590252e-04 0.000000e+00 5.221367e-04 0.000000e+00 0.000000e+00 0.000000e+00
PROFILE_ITER 1 172 5.309582e-04 1.609325e-04 0.000000e+00 5.221367e-04 0.000000e+00 0.000000e+00 0.000000e+00
PROFILE_ITER 0 168 1.471043e-04 5.009174e-04 0.000000e+00 6.389618e-05 0.000000e+00 0.000000e+00 0.000000e+00
PROFILE_ITER 0 169 1.480579e-04 5.238056e-04 0.000000e+00 6.318092e-05 0.000000e+00 0.000000e+00 0.000000e+00
PROFILE_ITER 0 170 1.459122e-04 5.471706e-04 0.000000e+00 6.198883e-05 0.000000e+00 0.000000e+00 0.000000e+00
PROFILE_ITER 0 171 1.471043e-04 5.419254e-04 0.000000e+00 6.198883e-05 0.000000e+00 0.000000e+00 0.000000e+00
PROFILE_ITER 1 173 4.930496e-04 1.590252e-04 0.000000e+00 4.827976e-04 0.000000e+00 0.000000e+00 0.000000e+00
PROFILE_ITER 1 174 5.311966e-04 1.587868e-04 0.000000e+00 5.221367e-04 0.000000e+00 0.000000e+00 0.000000e+00
PROFILE_ITER 1 175 4.868507e-04 1.592636e-04 0.000000e+00 4.768372e-04 0.000000e+00 0.000000e+00 0.000000e+00
PROFILE_ITER 1 176 4.880428e-04 1.587868e-04 0.000000e+00 4.789829e-04 0.000000e+00 0.000000e+00 0.000000e+00
PROFILE_ITER 1 177 5.290508e-04 1.599789e-04 0.000000e+00 5.209446e-04 0.000000e+00 0.000000e+00 0.000000e+00
PROFILE_ITER 1 178 5.080700e-04 1.599789e-04 0.000000e+00 5.002022e-04 0.000000e+00 0.000000e+00 0.000000e+00
PROFILE_ITER 0 172 1.490116e-04 5.428791e-04 9.536743e-07 6.294250e-05 0.000000e+00 0.000000e+00 0.000000e+00
PROFILE_ITER 0 173 1.471043e-04 5.049706e-04 0.000000e+00 6.294250e-05 0.000000e+00 0.000000e+00 0.000000e+00
PROFILE_ITER 1 179 4.899502e-04 1.611710e-04 0.000000e+00 4.811287e-04 0.000000e+00 0.000000e+00 0.000000e+00
PROFILE_ITER 1 180 4.889965e-04 1.568794e-04 0.000000e+00 4.789829e-04 9.536743e-07 0.000000e+00 0.000000e+00
PROFILE_ITER 0 174 1.471043e-04 5.428791e-04 0.000000e+00 6.318092e-05 0.000000e+00 0.000000e+00 0.000000e+00
PROFILE_ITER 0 175 1.471043e-04 4.990101e-04 0.000000e+00 6.318092e-05 0.000000e+00 0.000000e+00 0.000000e+00
PROFILE_ITER 0 176 1.461506e-04 5.006790e-04 0.000000e+00 6.198883e-05 0.000000e+00 0.000000e+00 0.000000e+00
PROFILE_ITER 0 177 1.459122e-04 5.431175e-04 0.000000e+00 6.198883e-05 0.000000e+00 0.000000e+00 0.000000e+00
PROFILE_ITER 0 178 1.487732e-04 5.192757e-04 0.000000e+00 6.389618e-05 0.000000e+00 0.000000e+00 0.000000e+00
PROFILE_ITER 1 181 4.918575e-04 1.611710e-04 0.000000e+00 4.830360e-04 0.000000e+00 0.000000e+00 0.000000e+00
PROFILE_ITER 1 182 5.359650e-04 1.599789e-04 0.000000e+00 5.261898e-04 0.000000e+00 0.000000e+00 0.000000e+00
PROFILE_ITER 1 183 5.278587e-04 1.592636e-04 0.000000e+00 5.199909e-04 0.000000e+00 0.000000e+00 0.000000e+00
PROFILE_ITER 0 179 1.478195e-04 5.033016e-04 0.000000e+00 6.389618e-05 0.000000e+00 0.000000e+00 0.000000e+00
PROFILE_ITER 0 180 1.490116e-04 4.968643e-04 0.000000e+00 6.389618e-05 0.000000e+00 0.000000e+00 0.000000e+00
PROFILE_ITER 1 184 4.880428e-04 1.599789e-04 0.000000e+00 4.768372e-04 0.000000e+00 0.000000e+00 0.000000e+00
PROFILE_ITER 1 185 4.932880e-04 1.597404e-04 0.000000e+00 4.839897e-04 0.000000e+00 0.000000e+00 0.000000e+00
PROFILE_ITER 0 181 1.459122e-04 5.071163e-04 0.000000e+00 6.294250e-05 0.000000e+00 0.000000e+00 0.000000e+00
PROFILE_ITER 0 182 1.480579e-04 5.478859e-04 0.000000e+00 6.294250e-05 0.000000e+00 0.000000e+00 9.536743e-07
PROFILE_ITER 1 186 5.140305e-04 1.587868e-04 0.000000e+00 5.049706e-04 0.000000e+00 0.000000e+00 0.000000e+00
PROFILE_ITER 1 187 5.099773e-04 1.590252e-04 0.000000e+00 4.999638e-04 0.000000e+00 0.000000e+00 0.000000e+00
PROFILE_ITER 1 188 5.130768e-04 1.590252e-04 0.000000e+00 5.040169e-04 0.000000e+00 0.000000e+00 0.000000e+00
PROFILE_ITER 0 183 1.459122e-04 5.421638e-04 0.000000e+00 6.294250e-05 0.000000e+00 0.000000e+00 0.000000e+00
PROFILE_ITER 0 184 1.482964e-04 4.997253e-04 0.000000e+00 6.437302e-05 0.000000e+00 0.000000e+00 0.000000e+00
PROFILE_ITER 0 185 1.480579e-04 5.049706e-04 0.000000e+00 6.294250e-05 0.000000e+00 0.000000e+00 0.000000e+00
PROFILE_ITER 0 186 1.478195e-04 5.249977e-04 0.000000e+00 6.294250e-05 0.000000e+00 0.000000e+00 0.000000e+00
PROFILE_ITER 1 189 5.319118e-04 1.599789e-04 0.000000e+00 5.240440e-04 0.000000e+00 0.000000e+00 0.000000e+00
PROFILE_ITER 1 190 5.290508e-04 1.611710e-04 0.000000e+00 5.199909e-04 0.000000e+00 0.000000e+00 0.000000e+00
PROFILE_ITER 1 191 5.359650e-04 1.590252e-04 0.000000e+00 5.249977e-04 0.000000e+00 0.000000e+00 9.536743e-07
PROFILE_ITER 1 192 5.340576e-04 1.597404e-04 0.000000e+00 5.230904e-04 0.000000e+00 0.000000e+00 0.000000e+00
PROFILE_ITER 1 193 4.880428e-04 1.590252e-04 0.000000e+00 4.789829e-04 0.000000e+00 0.000000e+00 0.000000e+00
PROFILE_ITER 0 187 1.499653e-04 5.190372e-04 0.000000e+00 6.389618e-05 0.000000e+00 0.000000e+00 0.000000e+00
PROFILE_ITER 0 188 1.487732e-04 5.233288e-04 0.000000e+00 6.389618e-05 0.000000e+00 0.000000e+00 0.000000e+00
PROFILE_ITER 1 194 4.866123e-04 1.595020e-04 0.000000e+00 4.777908e-04 0.000000e+00 0.000000e+00 0.000000e+00
PROFILE_ITER 1 195 5.302429e-04 1.597404e-04 0.000000e+00 5.199909e-04 0.000000e+00 0.000000e+00 0.000000e+00
PROFILE_ITER 0 189 1.490116e-04 5.428791e-04 0.000000e+00 6.294250e-05 0.000000e+00 0.000000e+00 0.000000e+00
PROFILE_ITER 0 190 1.487732e-04 5.414486e-04 0.000000e+00 6.294250e-05 0.000000e+00 0.000000e+00 0.000000e+00
PROFILE_ITER 1 196 5.321503e-04 1.597404e-04 0.000000e+00 5.240440e-04 0.000000e+00 0.000000e+00 0.000000e+00
PROFILE_ITER 1 197 5.128384e-04 1.583099e-04 0.000000e+00 5.030632e-04 0.000000e+00 0.000000e+00 0.000000e+00
PROFILE_ITER 1 198 4.880428e-04 1.618862e-04 0.000000e+00 4.799366e-04 0.000000e+00 0.000000e+00 0.000000e+00
PROFILE_ITER 0 191 1.490116e-04 5.459785e-04 0.000000e+00 6.389618e-05 0.000000e+00 0.000000e+00 0.000000e+00
PROFILE_ITER 0 192 1.459122e-04 5.478859e-04 0.000000e+00 6.198883e-05 0.000000e+00 0.000000e+00 0.000000e+00
PROFILE_ITER 0 193 1.480579e-04 4.990101e-04 0.000000e+00 6.389618e-05 0.000000e+00 0.000000e+00 0.000000e+00
PROFILE_ITER 1 199 5.331039e-04 1.587868e-04 0.000000e+00 5.221367e-04 0.000000e+00 0.000000e+00 0.000000e+00
PROFILE_ITER 0 194 1.459122e-04 5.002022e-04 0.000000e+00 6.198883e-05 0.000000e+00 0.000000e+00 0.000000e+00
PROFILE_ACCUM 1 spmv=1.028962e-01 vecops=1.470537e-01 send_fill=3.814697e-06 local_spmv=1.009092e-01 comm_wait=1.335144e-05 shared_spmv=0.000000e+00 send_wait=1.811981e-05
PROFILE_ITER 0 195 1.480579e-04 5.409718e-04 0.000000e+00 6.413460e-05 0.000000e+00 0.000000e+00 0.000000e+00
PROFILE_ITER 0 196 1.480579e-04 5.438328e-04 0.000000e+00 6.389618e-05 0.000000e+00 0.000000e+00 0.000000e+00
PROFILE_ITER 0 197 1.468658e-04 5.242825e-04 0.000000e+00 6.198883e-05 0.000000e+00 0.000000e+00 0.000000e+00
PROFILE_ITER 0 198 1.478195e-04 5.021095e-04 0.000000e+00 6.389618e-05 0.000000e+00 0.000000e+00 0.000000e+00
PROFILE_ITER 0 199 1.482964e-04 5.445480e-04 0.000000e+00 6.437302e-05 0.000000e+00 0.000000e+00 0.000000e+00
PROFILE_ACCUM 0 spmv=2.952766e-02 vecops=1.058302e-01 send_fill=7.152557e-06 local_spmv=1.258349e-02 comm_wait=9.536743e-07 shared_spmv=3.099442e-06 send_wait=4.053116e-06
