Matrix name : /home/bugra/Workspace/C/HetHypPar_rewrite/data/matrices/cage11_1c_20g/cage11_1c_20g.mtx

	****	Matrix File readed	****LOG: Finished Creating Shard CSC
LOG: Finished Creating Vectors
PROFILE_HEADER rank iter spmv vecops send_fill local_spmv comm_wait shared_spmv send_wait
PROFILE_ITER 1 0 9.520054e-04 1.659250e-01 0.000000e+00 9.300709e-04 0.000000e+00 0.000000e+00 9.536743e-07
PROFILE_ITER 1 1 5.240440e-04 1.997948e-03 0.000000e+00 5.130768e-04 0.000000e+00 0.000000e+00 9.536743e-07
PROFILE_ITER 1 2 4.911423e-04 2.024889e-03 0.000000e+00 4.811287e-04 0.000000e+00 0.000000e+00 0.000000e+00
PROFILE_ITER 1 3 4.928112e-04 2.001286e-03 0.000000e+00 4.811287e-04 9.536743e-07 0.000000e+00 0.000000e+00
PROFILE_ITER 1 4 5.140305e-04 1.997948e-03 0.000000e+00 5.040169e-04 0.000000e+00 0.000000e+00 9.536743e-07
PROFILE_ITER 1 5 5.378723e-04 1.972198e-03 0.000000e+00 5.288124e-04 0.000000e+00 0.000000e+00 0.000000e+00
PROFILE_ITER 1 6 5.109310e-04 2.013922e-03 0.000000e+00 5.009174e-04 0.000000e+00 0.000000e+00 0.000000e+00
PROFILE_ITER 1 7 5.121231e-04 1.995802e-03 0.000000e+00 5.018711e-04 0.000000e+00 0.000000e+00 0.000000e+00
PROFILE_ITER 1 8 4.918575e-04 2.015352e-03 0.000000e+00 4.818439e-04 0.000000e+00 0.000000e+00 9.536743e-07
PROFILE_ITER 1 9 4.909039e-04 2.034903e-03 0.000000e+00 4.808903e-04 0.000000e+00 0.000000e+00 0.000000e+00
PROFILE_ITER 1 10 5.338192e-04 1.981258e-03 0.000000e+00 5.249977e-04 0.000000e+00 0.000000e+00 0.000000e+00
PROFILE_ITER 1 11 5.140305e-04 1.996040e-03 0.000000e+00 5.052090e-04 0.000000e+00 0.000000e+00 0.000000e+00
PROFILE_ITER 1 12 5.130768e-04 2.003908e-03 0.000000e+00 5.030632e-04 0.000000e+00 0.000000e+00 0.000000e+00
PROFILE_ITER 1 13 5.125999e-04 2.002478e-03 0.000000e+00 5.037785e-04 0.000000e+00 0.000000e+00 0.000000e+00
PROFILE_ITER 1 14 5.109310e-04 1.989841e-03 0.000000e+00 5.030632e-04 0.000000e+00 0.000000e+00 0.000000e+00
PROFILE_ITER 1 15 4.930496e-04 2.015114e-03 0.000000e+00 4.839897e-04 0.000000e+00 0.000000e+00 0.000000e+00
PROFILE_ITER 1 16 5.087852e-04 2.001047e-03 0.000000e+00 4.990101e-04 0.000000e+00 0.000000e+00 0.000000e+00
PROFILE_ITER 1 17 5.338192e-04 1.972198e-03 0.000000e+00 5.240440e-04 0.000000e+00 0.000000e+00 9.536743e-07
PROFILE_ITER 1 18 5.109310e-04 2.001286e-03 0.000000e+00 5.030632e-04 0.000000e+00 0.000000e+00 0.000000e+00
PROFILE_ITER 1 19 5.321503e-04 1.974821e-03 0.000000e+00 5.221367e-04 0.000000e+00 0.000000e+00 0.000000e+00
PROFILE_ITER 1 20 5.331039e-04 1.974821e-03 0.000000e+00 5.240440e-04 0.000000e+00 0.000000e+00 0.000000e+00
PROFILE_ITER 1 21 5.099773e-04 1.990080e-03 0.000000e+00 4.999638e-04 0.000000e+00 0.000000e+00 0.000000e+00
PROFILE_ITER 1 22 5.078316e-04 1.991987e-03 0.000000e+00 4.997253e-04 0.000000e+00 0.000000e+00 0.000000e+00
PROFILE_ITER 1 23 5.118847e-04 2.000332e-03 0.000000e+00 5.037785e-04 0.000000e+00 0.000000e+00 0.000000e+00
PROFILE_ITER 1 24 5.109310e-04 2.006054e-03 0.000000e+00 5.018711e-04 0.000000e+00 0.000000e+00 0.000000e+00
PROFILE_ITER 1 25 5.121231e-04 2.001762e-03 0.000000e+00 5.030632e-04 0.000000e+00 0.000000e+00 0.000000e+00
PROFILE_ITER 1 26 5.340576e-04 1.978874e-03 0.000000e+00 5.238056e-04 0.000000e+00 0.000000e+00 0.000000e+00
PROFILE_ITER 1 27 4.911423e-04 2.012014e-03 0.000000e+00 4.830360e-04 0.000000e+00 0.000000e+00 0.000000e+00
PROFILE_ITER 1 28 5.121231e-04 1.996756e-03 0.000000e+00 5.030632e-04 0.000000e+00 0.000000e+00 9.536743e-07
PROFILE_ITER 1 29 5.140305e-04 1.994133e-03 0.000000e+00 5.037785e-04 0.000000e+00 0.000000e+00 0.000000e+00
PROFILE_ITER 1 30 5.137920e-04 2.000093e-03 0.000000e+00 5.037785e-04 0.000000e+00 0.000000e+00 0.000000e+00
PROFILE_ITER 1 31 5.357265e-04 1.971245e-03 0.000000e+00 5.269051e-04 0.000000e+00 0.000000e+00 0.000000e+00
PROFILE_ITER 1 32 5.128384e-04 1.981258e-03 0.000000e+00 5.040169e-04 0.000000e+00 0.000000e+00 0.000000e+00
PROFILE_ITER 1 33 5.340576e-04 1.979828e-03 0.000000e+00 5.242825e-04 0.000000e+00 0.000000e+00 0.000000e+00
PROFILE_ITER 1 34 5.319118e-04 1.978159e-03 0.000000e+00 5.228519e-04 0.000000e+00 0.000000e+00 0.000000e+00
PROFILE_ITER 1 35 5.338192e-04 1.970291e-03 0.000000e+00 5.249977e-04 0.000000e+00 0.000000e+00 0.000000e+00
PROFILE_ITER 1 36 4.901886e-04 2.016783e-03 0.000000e+00 4.808903e-04 0.000000e+00 0.000000en_iters : 200 
spmv : 0.501885 
file_read : 2.096489 
relative_residual : 2.904662E-16
everything_total : 2.758220

----------------------------------------------------------------------
PROFILE_HEADER rank iter spmv vecops send_fill local_spmv comm_wait shared_spmv send_wait
PROFILE_ITER 0 0 1.995802e-03 1.242161e-03 0.000000e+00 8.609295e-04 0.000000e+00 0.000000e+00 0.000000e+00
PROFILE_ITER 0 1 1.868010e-03 6.539822e-04 0.000000e+00 8.580685e-04 0.000000e+00 0.000000e+00 0.000000e+00
PROFILE_ITER 0 2 1.861095e-03 6.549358e-04 0.000000e+00 8.571148e-04 0.000000e+00 9.536743e-07 0.000000e+00
PROFILE_ITER 0 3 1.858711e-03 6.353855e-04 0.000000e+00 8.559227e-04 0.000000e+00 0.000000e+00 9.536743e-07
PROFILE_ITER 0 4 1.868248e-03 6.437302e-04 0.000000e+00 8.580685e-04 0.000000e+00 0.000000e+00 0.000000e+00
PROFILE_ITER 0 5 1.864910e-03 6.451607e-04 0.000000e+00 8.587837e-04 0.000000e+00 0.000000e+00 0.000000e+00
PROFILE_ITER 0 6 1.865864e-03 6.589890e-04 0.000000e+00 8.568764e-04 0.000000e+00 0.000000e+00 0.000000e+00
PROFILE_ITER 0 7 1.863003e-03 6.449223e-04 0.000000e+00 8.568764e-04 0.000000e+00 0.000000e+00 0.000000e+00
PROFILE_ITER 0 8 1.867771e-03 6.394386e-04 0.000000e+00 8.568764e-04 0.000000e+00 0.000000e+00 0.000000e+00
PROFILE_ITER 0 9 1.871824e-03 6.539822e-04 0.000000e+00 8.556843e-04 1.192093e-06 0.000000e+00 0.000000e+00
PROFILE_ITER 0 10 1.864910e-03 6.501675e-04 0.000000e+00 8.549690e-04 0.000000e+00 0.000000e+00 0.000000e+00
PROFILE_ITER 0 11 1.860142e-03 6.499290e-04 0.000000e+00 8.568764e-04 0.000000e+00 0.000000e+00 0.000000e+00
PROFILE_ITER 0 12 1.868963e-03 6.480217e-04 0.000000e+00 8.590221e-04 0.000000e+00 0.000000e+00 0.000000e+00
PROFILE_ITER 0 13 1.856804e-03 6.582737e-04 0.000000e+00 8.599758e-04 0.000000e+00 0.000000e+00 0.000000e+00
PROFILE_ITER 0 14 1.861811e-03 6.389618e-04 0.000000e+00 8.568764e-04 0.000000e+00 0.000000e+00 0.000000e+00
PROFILE_ITER 0 15 1.862049e-03 6.470680e-04 0.000000e+00 8.578300e-04 0.000000e+00 0.000000e+00 0.000000e+00
PROFILE_ITER 0 16 1.863003e-03 6.458759e-04 0.000000e+00 8.549690e-04 0.000000e+00 0.000000e+00 0.000000e+00
PROFILE_ITER 0 17 1.855850e-03 6.492138e-04 0.000000e+00 8.537769e-04 0.000000e+00 0.000000e+00 0.000000e+00
PROFILE_ITER 0 18 1.868963e-03 6.442070e-04 0.000000e+00 8.571148e-04 0.000000e+00 0.000000e+00 0.000000e+00
PROFILE_ITER 0 19 1.863241e-03 6.437302e-04 0.000000e+00 8.599758e-04 0.000000e+00 0.000000e+00 0.000000e+00
PROFILE_ITER 0 20 1.864195e-03 6.437302e-04 0.000000e+00 8.542538e-04 9.536743e-07 0.000000e+00 0.000000e+00
PROFILE_ITER 0 21 1.860857e-03 6.392002e-04 0.000000e+00 8.549690e-04 0.000000e+00 0.000000e+00 0.000000e+00
PROFILE_ITER 0 22 1.859903e-03 6.399155e-04 0.000000e+00 8.540154e-04 0.000000e+00 0.000000e+00 0.000000e+00
PROFILE_ITER 0 23 1.865864e-03 6.463528e-04 0.000000e+00 8.578300e-04 0.000000e+00 0.000000e+00 0.000000e+00
PROFILE_ITER 0 24 1.863956e-03 6.530285e-04 0.000000e+00 8.568764e-04 0.000000e+00 9.536743e-07 0.000000e+00
PROFILE_ITER 0 25 1.865149e-03 6.487370e-04 0.000000e+00 8.568764e-04 0.000000e+00 0.000000e+00 0.000000e+00
PROFILE_ITER 0 26 1.863956e-03 6.489754e-04 0.000000e+00 8.540154e-04 9.536743e-07 0.000000e+00 0.000000e+00
PROFILE_ITER 0 27 1.862049e-03 6.411076e-04 0.000000e+00 8.561611e-04 0.000000e+00 0.000000e+00 0.000000e+00
PROFILE_ITER 0 28 1.860857e-03 6.480217e-04 0.000000e+00 8.549690e-04 0.000000e+00 0.000000e+00 0.000000e+00
PROFILE_ITER 0 29 1.861095e-03 6.480217e-04 0.000000e+00 8.561611e-04 0.000000e+00 0.000000e+00 0.000000e+00
PROFILE_ITER 0 30 1.866102e-03 6.477833e-04 0.000000e+00 8.580685e-04 0.000000e+00 0.000000e+00 0.000000e+00
PROFILE_ITER 0 31 1.863956e-03 6.430149e-04 0.000000e+00 8.587837e-04 0.000000e+00 0.000000e+00 0.000000e+00
PROFILE_ITER 0 32 1.862049e-03 6.320477e-04 0.000000e+00 8.568764e-04 0.000000e+00 1.192093e-06 0.000000e+00
PROFILE_ITER 0 33 1.862049e-03 6.518364e-04 0.000000e+00 8.590221e-04 0.000000e+00 0.000000e+00 0.000000e+00
PROFILE_ITER 0 34 1.867771e-03 6.422997e-04 0.000000e+00 8.568764e-04 0.000000e+00 0.000000e+00 0.000000e+00
PROFILE_ITER 0+00 1.192093e-06
PROFILE_ITER 1 37 4.880428e-04 2.019882e-03 0.000000e+00 4.782677e-04 0.000000e+00 0.000000e+00 0.000000e+00
PROFILE_ITER 1 38 4.920959e-04 2.018929e-03 0.000000e+00 4.820824e-04 0.000000e+00 0.000000e+00 0.000000e+00
PROFILE_ITER 1 39 5.331039e-04 1.971006e-03 0.000000e+00 5.240440e-04 0.000000e+00 0.000000e+00 0.000000e+00
PROFILE_ITER 1 40 5.128384e-04 1.989126e-03 0.000000e+00 5.040169e-04 9.536743e-07 0.000000e+00 0.000000e+00
PROFILE_ITER 1 41 4.911423e-04 2.013922e-03 0.000000e+00 4.820824e-04 0.000000e+00 0.000000e+00 0.000000e+00
PROFILE_ITER 1 42 5.099773e-04 1.987934e-03 0.000000e+00 4.999638e-04 0.000000e+00 0.000000e+00 0.000000e+00
PROFILE_ITER 1 43 5.319118e-04 1.974106e-03 0.000000e+00 5.240440e-04 0.000000e+00 0.000000e+00 0.000000e+00
PROFILE_ITER 1 44 5.118847e-04 2.001047e-03 0.000000e+00 4.999638e-04 0.000000e+00 0.000000e+00 9.536743e-07
PROFILE_ITER 1 45 5.090237e-04 2.005100e-03 0.000000e+00 4.999638e-04 0.000000e+00 0.000000e+00 0.000000e+00
PROFILE_ITER 1 46 5.218983e-04 1.984119e-03 0.000000e+00 5.118847e-04 0.000000e+00 0.000000e+00 0.000000e+00
PROFILE_ITER 1 47 5.090237e-04 1.996040e-03 0.000000e+00 5.009174e-04 0.000000e+00 0.000000e+00 0.000000e+00
PROFILE_ITER 1 48 4.930496e-04 2.010822e-03 0.000000e+00 4.849434e-04 0.000000e+00 0.000000e+00 0.000000e+00
PROFILE_ITER 1 49 5.331039e-04 1.988888e-03 0.000000e+00 5.218983e-04 0.000000e+00 0.000000e+00 0.000000e+00
PROFILE_ITER 1 50 4.937649e-04 2.004147e-03 0.000000e+00 4.839897e-04 0.000000e+00 0.000000e+00 0.000000e+00
PROFILE_ITER 1 51 5.331039e-04 1.980066e-03 9.536743e-07 5.240440e-04 0.000000e+00 0.000000e+00 0.000000e+00
PROFILE_ITER 1 52 5.171299e-04 1.994848e-03 0.000000e+00 5.071163e-04 9.536743e-07 0.000000e+00 0.000000e+00
PROFILE_ITER 1 53 5.311966e-04 1.969814e-03 0.000000e+00 5.221367e-04 0.000000e+00 0.000000e+00 0.000000e+00
PROFILE_ITER 1 54 5.159378e-04 1.981974e-03 0.000000e+00 5.052090e-04 0.000000e+00 0.000000e+00 9.536743e-07
PROFILE_ITER 1 55 5.118847e-04 1.999140e-03 0.000000e+00 5.030632e-04 0.000000e+00 0.000000e+00 9.536743e-07
PROFILE_ITER 1 56 5.331039e-04 1.975060e-03 0.000000e+00 5.240440e-04 0.000000e+00 0.000000e+00 0.000000e+00
PROFILE_ITER 1 57 5.121231e-04 2.000809e-03 0.000000e+00 5.021095e-04 0.000000e+00 0.000000e+00 0.000000e+00
PROFILE_ITER 1 58 5.369186e-04 1.971960e-03 0.000000e+00 5.257130e-04 0.000000e+00 0.000000e+00 1.192093e-06
PROFILE_ITER 1 59 5.109310e-04 2.031088e-03 0.000000e+00 5.009174e-04 0.000000e+00 0.000000e+00 0.000000e+00
PROFILE_ITER 1 60 5.109310e-04 1.997232e-03 0.000000e+00 5.009174e-04 0.000000e+00 0.000000e+00 0.000000e+00
PROFILE_ITER 1 61 5.297661e-04 1.979113e-03 0.000000e+00 5.197525e-04 0.000000e+00 0.000000e+00 9.536743e-07
PROFILE_ITER 1 62 4.899502e-04 2.021074e-03 0.000000e+00 4.792213e-04 0.000000e+00 0.000000e+00 0.000000e+00
PROFILE_ITER 1 63 5.109310e-04 1.998186e-03 0.000000e+00 5.021095e-04 0.000000e+00 0.000000e+00 0.000000e+00
PROFILE_ITER 1 64 5.161762e-04 2.161741e-03 2.145767e-06 5.059242e-04 0.000000e+00 0.000000e+00 0.000000e+00
PROFILE_ITER 1 65 4.909039e-04 2.020121e-03 0.000000e+00 4.830360e-04 0.000000e+00 0.000000e+00 0.000000e+00
PROFILE_ITER 1 66 5.118847e-04 1.986980e-03 0.000000e+00 5.021095e-04 0.000000e+00 0.000000e+00 9.536743e-07
PROFILE_ITER 1 67 5.130768e-04 1.998901e-03 0.000000e+00 5.030632e-04 0.000000e+00 0.000000e+00 0.000000e+00
PROFILE_ITER 1 68 5.331039e-04 1.971960e-03 0.000000e+00 5.228519e-04 0.000000e+00 0.000000e+00 0.000000e+00
PROFILE_ITER 1 69 4.880428e-04 2.014875e-03 0.000000e+00 4.792213e-04 0.000000e+00 0.000000e+00 0.000000e+00
PROFILE_ITER 1 70 4.889965e-04 2.020121e-03 0.000000e+00 4.799366e-04 0.000000e+00 0.000000e+00 0.000000e+00
PROFILE_ITER 1 71 4.909039e-04 2.018213e-03 0.000000e+00 4.808903e-04 0.000000e+00 0.000000e+00 0.000000e+00
PROFILE_ITER 1 72 4.901886e-04 2.013683e-03 0.000000e+00 4.801750e-04 0.000000e+00 0.000000e+00 9.536743e-07
PROFILE_ITER 1 73 4.920959e-04 2.017975e-03 0.000000e+00 4.820824e-04 0.000000e+00 0.000000e+00 1.192093e-06
PROFILE_ITER 1 74 5.338192e-04 1.978159e-03 0. 35 1.857042e-03 6.470680e-04 0.000000e+00 8.540154e-04 0.000000e+00 0.000000e+00 0.000000e+00
PROFILE_ITER 0 36 1.869917e-03 6.380081e-04 0.000000e+00 8.587837e-04 0.000000e+00 0.000000e+00 0.000000e+00
PROFILE_ITER 0 37 1.863003e-03 6.458759e-04 0.000000e+00 8.568764e-04 0.000000e+00 0.000000e+00 0.000000e+00
PROFILE_ITER 0 38 1.870871e-03 6.401539e-04 0.000000e+00 8.578300e-04 0.000000e+00 0.000000e+00 0.000000e+00
PROFILE_ITER 0 39 1.858950e-03 6.451607e-04 0.000000e+00 8.549690e-04 0.000000e+00 0.000000e+00 0.000000e+00
PROFILE_ITER 0 40 1.859903e-03 6.420612e-04 0.000000e+00 8.528233e-04 0.000000e+00 0.000000e+00 0.000000e+00
PROFILE_ITER 0 41 1.863003e-03 6.420612e-04 0.000000e+00 8.578300e-04 0.000000e+00 0.000000e+00 0.000000e+00
PROFILE_ITER 0 42 1.856804e-03 6.411076e-04 0.000000e+00 8.549690e-04 0.000000e+00 0.000000e+00 0.000000e+00
PROFILE_ITER 0 43 1.853943e-03 6.520748e-04 0.000000e+00 8.528233e-04 0.000000e+00 0.000000e+00 0.000000e+00
PROFILE_ITER 0 44 1.872063e-03 6.408691e-04 0.000000e+00 8.518696e-04 9.536743e-07 0.000000e+00 1.192093e-06
PROFILE_ITER 0 45 1.860142e-03 6.539822e-04 0.000000e+00 8.568764e-04 0.000000e+00 0.000000e+00 0.000000e+00
PROFILE_ITER 0 46 1.863718e-03 6.422997e-04 0.000000e+00 8.540154e-04 0.000000e+00 0.000000e+00 9.536743e-07
PROFILE_ITER 0 47 1.858950e-03 6.461143e-04 0.000000e+00 8.559227e-04 0.000000e+00 0.000000e+00 0.000000e+00
PROFILE_ITER 0 48 1.861811e-03 6.420612e-04 0.000000e+00 8.568764e-04 0.000000e+00 0.000000e+00 0.000000e+00
PROFILE_ITER 0 49 1.867056e-03 6.549358e-04 0.000000e+00 8.561611e-04 0.000000e+00 0.000000e+00 0.000000e+00
PROFILE_ITER 0 50 1.857042e-03 6.408691e-04 0.000000e+00 8.530617e-04 0.000000e+00 0.000000e+00 0.000000e+00
PROFILE_ITER 0 51 1.863003e-03 6.492138e-04 0.000000e+00 8.568764e-04 0.000000e+00 0.000000e+00 0.000000e+00
PROFILE_ITER 0 52 1.863718e-03 6.482601e-04 1.192093e-06 8.559227e-04 0.000000e+00 0.000000e+00 0.000000e+00
PROFILE_ITER 0 53 1.860142e-03 6.418228e-04 0.000000e+00 8.559227e-04 0.000000e+00 0.000000e+00 0.000000e+00
PROFILE_ITER 0 54 1.854658e-03 6.422997e-04 0.000000e+00 8.516312e-04 0.000000e+00 0.000000e+00 0.000000e+00
PROFILE_ITER 0 55 1.858950e-03 6.511211e-04 0.000000e+00 8.540154e-04 0.000000e+00 0.000000e+00 0.000000e+00
PROFILE_ITER 0 56 1.859188e-03 6.489754e-04 0.000000e+00 8.578300e-04 0.000000e+00 0.000000e+00 0.000000e+00
PROFILE_ITER 0 57 1.856804e-03 6.561279e-04 0.000000e+00 8.528233e-04 0.000000e+00 0.000000e+00 0.000000e+00
PROFILE_ITER 0 58 1.857996e-03 6.508827e-04 0.000000e+00 8.568764e-04 0.000000e+00 0.000000e+00 0.000000e+00
PROFILE_ITER 0 59 1.883030e-03 6.580353e-04 0.000000e+00 8.559227e-04 0.000000e+00 0.000000e+00 0.000000e+00
PROFILE_ITER 0 60 1.864910e-03 6.442070e-04 0.000000e+00 8.580685e-04 0.000000e+00 0.000000e+00 0.000000e+00
PROFILE_ITER 0 61 1.860857e-03 6.480217e-04 0.000000e+00 8.530617e-04 0.000000e+00 0.000000e+00 9.536743e-07
PROFILE_ITER 0 62 1.863003e-03 6.480217e-04 9.536743e-07 8.540154e-04 0.000000e+00 0.000000e+00 0.000000e+00
PROFILE_ITER 0 63 1.857996e-03 6.520748e-04 0.000000e+00 8.511543e-04 0.000000e+00 0.000000e+00 0.000000e+00
PROFILE_ITER 0 64 1.908064e-03 7.688999e-04 0.000000e+00 8.609295e-04 0.000000e+00 0.000000e+00 0.000000e+00
PROFILE_ITER 0 65 1.866817e-03 6.442070e-04 0.000000e+00 8.549690e-04 0.000000e+00 0.000000e+00 0.000000e+00
PROFILE_ITER 0 66 1.858950e-03 6.399155e-04 0.000000e+00 8.530617e-04 0.000000e+00 0.000000e+00 0.000000e+00
PROFILE_ITER 0 67 1.862764e-03 6.492138e-04 0.000000e+00 8.549690e-04 0.000000e+00 0.000000e+00 0.000000e+00
PROFILE_ITER 0 68 1.863956e-03 6.411076e-04 0.000000e+00 8.559227e-04 0.000000e+00 0.000000e+00 0.000000e+00
PROFILE_ITER 0 69 1.863003e-03 6.399155e-04 0.000000e+00 8.537769e-04 9.536743e-07 0.000000e+00 0.000000e+00
PROFILE_ITER 0 70 1.857042e-03 6.520748e-04 0.000000e+00 8.530617e-04 0.000000e+00 0.000000e+00 0.000000e+00
PROFILE_ITER 0 71 1.863003e-03 6.461143e-04 0.000000e+00 8.568764e-04 0.000000e+00 0.000000e+00 0.000000e+00
PROFILE_ITER 0 72 1.861334e-03 6.425381e-04 0.000000e+00 8.578300e-04 0.000000e+00 0.000000e+00 0.000000e+00
PROFILE_ITER 0 73 1.865149e-03 6.449223e-04 0.000000e+00 8.583069e-04 0.000000e+00 0.000000e+00 0.000000e+00
PROFILE_ITER 0 74 1.868010e-03 6.439686e-04 0.000000e+00 8.549690e-04 0.000000e+00 0.000000e+00 0.000000e+00
PROFILE_ITER 0 75 1.860142e-03 6.499290e-04 0.000000e+00 8.518696e-04 0.000000e+00 0.000000e+00 0.000000e+00
PROFILE_ITER 0 76 1.857996e-03 6.449223e-04 0.000000e+00 8.583069e-04 0.000000e+00 0.000000e+00 0.000000e+00
PROFILE_ITER 0 77 1.865149e-03 6.418228e-04 0.000000e+00 8.552074e-04 0.000000e+00 0.000000e+00 0.000000e+00
PROFILE_ITER 0 78 1.859903e-03 6.442070e-04 0.000000e+00 8.559227e-04 0.000000e+00 0.000000e+00 0.000000e+00
PROFILE_ITER 0 79 1.856804e-03 6.561279e-04 0.000000e+00 8.537769e-04 0.000000e+00 0.000000e+00 0.000000e+00
PROFILE_ITER 0 80 1.855135e-03 6.549358e-04 0.000000e+00 8.537769e-04 0.000000e+00 0.000000e+00 0.000000e+00
PROFILE_ITER 0 81 1.866102e-03 6.537437e-04 0.000000e+00 8.580685e-04 0.000000e+00 0.000000e+00 0.000000e+00
PROFILE_ITER 0 82 1.863003e-03 6.470680e-04 0.000000e+00 8.571148e-04 0.000000e+00 0.000000e+00 0.000000e+00
PROFILE_ITER 0 83 1.858950e-03 6.561279e-04 0.000000e+00 8.568764e-04 0.000000e+00 0.000000e+00 0.000000e+00
PROFILE_ITER 0 84 1.858950e-03 6.508827e-04 0.000000e+00 8.559227e-04 0.000000e+00 0.000000e+00 0.000000e+00
PROFILE_ITER 0 85 1.861811e-03 6.422997e-04 0.000000e+00 8.559227e-04 0.000000e+00 0.000000e+00 0.000000e+00
PROFILE_ITER 0 86 1.862049e-03 6.408691e-04 0.000000e+00 8.561611e-04 9.536743e-07 0.000000e+00 0.000000e+00
PROFILE_ITER 0 87 1.861095e-03 6.480217e-04 0.000000e+00 8.568764e-04 0.000000e+00 0.000000e+00 0.000000e+00
PROFILE_ITER 0 88 1.857996e-03 6.339550e-04 0.000000e+00 8.537769e-04 0.000000e+00 0.000000e+00 0.000000e+00
PROFILE_ITER 0 89 1.864195e-03 6.446838e-04 1.907349e-06 8.530617e-04 0.000000e+00 0.000000e+00 0.000000e+00
000000e+00 5.230904e-04 0.000000e+00 0.000000e+00 9.536743e-07
PROFILE_ITER 1 75 5.118847e-04 1.998186e-03 0.000000e+00 5.028248e-04 0.000000e+00 0.000000e+00 0.000000e+00
PROFILE_ITER 1 76 5.352497e-04 1.968622e-03 9.536743e-07 5.238056e-04 0.000000e+00 0.000000e+00 0.000000e+00
PROFILE_ITER 1 77 5.128384e-04 1.993179e-03 0.000000e+00 5.049706e-04 0.000000e+00 0.000000e+00 0.000000e+00
PROFILE_ITER 1 78 5.099773e-04 1.993179e-03 0.000000e+00 5.002022e-04 0.000000e+00 0.000000e+00 0.000000e+00
PROFILE_ITER 1 79 4.928112e-04 2.020121e-03 0.000000e+00 4.830360e-04 0.000000e+00 0.000000e+00 0.000000e+00
PROFILE_ITER 1 80 5.319118e-04 1.978159e-03 9.536743e-07 5.221367e-04 9.536743e-07 0.000000e+00 0.000000e+00
PROFILE_ITER 1 81 4.920959e-04 2.027750e-03 0.000000e+00 4.830360e-04 0.000000e+00 0.000000e+00 0.000000e+00
PROFILE_ITER 1 82 5.109310e-04 1.999140e-03 0.000000e+00 5.011559e-04 0.000000e+00 0.000000e+00 0.000000e+00
PROFILE_ITER 1 83 5.147457e-04 1.999378e-03 0.000000e+00 5.059242e-04 0.000000e+00 0.000000e+00 9.536743e-07
PROFILE_ITER 1 84 4.878044e-04 2.022028e-03 0.000000e+00 4.777908e-04 0.000000e+00 0.000000e+00 0.000000e+00
PROFILE_ITER 1 85 4.949570e-04 2.009153e-03 0.000000e+00 4.858971e-04 0.000000e+00 0.000000e+00 0.000000e+00
PROFILE_ITER 1 86 5.371571e-04 1.965761e-03 0.000000e+00 5.269051e-04 0.000000e+00 0.000000e+00 0.000000e+00
PROFILE_ITER 1 87 5.159378e-04 1.991987e-03 0.000000e+00 5.071163e-04 0.000000e+00 0.000000e+00 0.000000e+00
PROFILE_ITER 1 88 5.130768e-04 1.980066e-03 0.000000e+00 5.040169e-04 0.000000e+00 0.000000e+00 0.000000e+00
PROFILE_ITER 1 89 5.180836e-04 1.990795e-03 0.000000e+00 5.080700e-04 0.000000e+00 0.000000e+00 0.000000e+00
PROFILE_ITER 1 90 5.149841e-04 1.973152e-03 0.000000e+00 5.071163e-04 0.000000e+00 0.000000e+00 0.000000e+00
PROFILE_ITER 1 91 4.928112e-04 2.000093e-03 0.000000e+00 4.839897e-04 0.000000e+00 0.000000e+00 0.000000e+00
PROFILE_ITER 1 92 4.911423e-04 2.011061e-03 0.000000e+00 4.801750e-04 0.000000e+00 0.000000e+00 0.000000e+00
PROFILE_ITER 1 93 5.369186e-04 1.960993e-03 0.000000e+00 5.269051e-04 0.000000e+00 0.000000e+00 0.000000e+00
PROFILE_ITER 1 94 5.106926e-04 1.985312e-03 0.000000e+00 5.028248e-04 0.000000e+00 0.000000e+00 0.000000e+00
PROFILE_ITER 1 95 5.159378e-04 2.004147e-03 0.000000e+00 5.042553e-04 0.000000e+00 0.000000e+00 0.000000e+00
PROFILE_ITER 1 96 5.090237e-04 1.992941e-03 0.000000e+00 4.990101e-04 9.536743e-07 0.000000e+00 0.000000e+00
PROFILE_ITER 1 97 4.899502e-04 2.012968e-03 0.000000e+00 4.808903e-04 0.000000e+00 0.000000e+00 0.000000e+00
PROFILE_ITER 1 98 5.078316e-04 1.995087e-03 0.000000e+00 4.999638e-04 0.000000e+00 0.000000e+00 0.000000e+00
PROFILE_ITER 1 99 4.940033e-04 2.032995e-03 0.000000e+00 4.839897e-04 0.000000e+00 0.000000e+00 0.000000e+00
PROFILE_ITER 1 100 5.121231e-04 1.996040e-03 0.000000e+00 5.021095e-04 0.000000e+00 0.000000e+00 9.536743e-07
PROFILE_ITER 1 101 5.340576e-04 1.965761e-03 0.000000e+00 5.230904e-04 0.000000e+00 0.000000e+00 0.000000e+00
PROFILE_ITER 1 102 4.909039e-04 2.022028e-03 0.000000e+00 4.827976e-04 0.000000e+00 0.000000e+00 0.000000e+00
PROFILE_ITER 1 103 5.156994e-04 1.989365e-03 0.000000e+00 5.068779e-04 0.000000e+00 0.000000e+00 9.536743e-07
PROFILE_ITER 1 104 4.911423e-04 2.014875e-03 0.000000e+00 4.799366e-04 0.000000e+00 0.000000e+00 1.192093e-06
PROFILE_ITER 1 105 5.350113e-04 1.967907e-03 0.000000e+00 5.247593e-04 0.000000e+00 0.000000e+00 0.000000e+00
PROFILE_ITER 0 90 1.860142e-03 6.279945e-04 0.000000e+00 8.580685e-04 0.000000e+00 0.000000e+00 0.000000e+00
PROFILE_ITER 0 91 1.853704e-03 6.392002e-04 0.000000e+00 8.518696e-04 0.000000e+00 0.000000e+00 0.000000e+00
PROFILE_ITER 0 92 1.856089e-03 6.470680e-04 0.000000e+00 8.530617e-04 0.000000e+00 0.000000e+00 0.000000e+00
PROFILE_ITER 0 93 1.855850e-03 6.420612e-04 0.000000e+00 8.540154e-04 0.000000e+00 0.000000e+00 0.000000e+00
PROFILE_ITER 0 94 1.856089e-03 6.399155e-04 0.000000e+00 8.549690e-04 0.000000e+00 0.000000e+00 0.000000e+00
PROFILE_ITER 0 95 1.859903e-03 6.601810e-04 0.000000e+00 8.537769e-04 0.000000e+00 0.000000e+00 0.000000e+00
PROFILE_ITER 0 96 1.857996e-03 6.439686e-04 0.000000e+00 8.549690e-04 0.000000e+00 0.000000e+00 0.000000e+00
PROFILE_ITER 0 97 1.857042e-03 6.458759e-04 0.000000e+00 8.549690e-04 0.000000e+00 0.000000e+00 0.000000e+00
PROFILE_ITER 0 98 1.859188e-03 6.437302e-04 0.000000e+00 8.587837e-04 0.000000e+00 0.000000e+00 0.000000e+00
PROFILE_ITER 0 99 1.871824e-03 6.551743e-04 0.000000e+00 8.568764e-04 0.000000e+00 0.000000e+00 0.000000e+00
PROFILE_ITER 0 100 1.864910e-03 6.432533e-04 9.536743e-07 8.521080e-04 0.000000e+00 9.536743e-07 9.536743e-07
PROFILE_ITER 1 106 5.307198e-04 1.974344e-03 0.000000e+00 5.228519e-04 0.000000e+00 0.000000e+00 0.000000e+00
PROFILE_ITER 1 107 5.340576e-04 1.977921e-03 0.000000e+00 5.230904e-04 0.000000e+00 0.000000e+00 0.000000e+00
PROFILE_ITER 1 108 4.901886e-04 2.016783e-03 0.000000e+00 4.799366e-04 0.000000e+00 0.000000e+00 0.000000e+00
PROFILE_ITER 1 109 5.109310e-04 2.007961e-03 9.536743e-07 5.009174e-04 0.000000e+00 0.000000e+00 0.000000e+00
PROFILE_ITER 1 110 4.889965e-04 2.040148e-03 0.000000e+00 4.799366e-04 0.000000e+00 0.000000e+00 0.000000e+00
PROFILE_ITER 0 101 1.859188e-03 6.406307e-04 0.000000e+00 8.540154e-04 0.000000e+00 0.000000e+00 0.000000e+00
PROFILE_ITER 0 102 1.858950e-03 6.551743e-04 0.000000e+00 8.549690e-04 0.000000e+00 0.000000e+00 9.536743e-07
PROFILE_ITER 0 103 1.858950e-03 6.461143e-04 0.000000e+00 8.537769e-04 0.000000e+00 0.000000e+00 0.000000e+00
PROFILE_ITER 1 111 4.940033e-04 2.020836e-03 0.000000e+00 4.837513e-04 0.000000e+00 0.000000e+00 0.000000e+00
PROFILE_ITER 1 112 4.889965e-04 2.027988e-03 0.000000e+00 4.799366e-04 0.000000e+00 0.000000e+00 0.000000e+00
PROFILE_ITER 0 104 1.865864e-03 6.401539e-04 0.000000e+00 8.559227e-04 0.000000e+00 0.000000e+00 0.000000e+00
PROFILE_ITER 0 105 1.855850e-03 6.470680e-04 0.000000e+00 8.540154e-04 0.000000e+00 0.000000e+00 0.000000e+00
PROFILE_ITER 1 113 5.118847e-04 2.015114e-03 0.000000e+00 5.018711e-04 0.000000e+00 0.000000e+00 0.000000e+00
PROFILE_ITER 1 114 5.128384e-04 1.980305e-03 0.000000e+00 5.040169e-04 0.000000e+00 0.000000e+00 0.000000e+00
PROFILE_ITER 1 115 4.920959e-04 1.999855e-03 0.000000e+00 4.830360e-04 0.000000e+00 0.000000e+00 0.000000e+00
PROFILE_ITER 0 106 1.856804e-03 6.482601e-04 0.000000e+00 8.530617e-04 0.000000e+00 0.000000e+00 0.000000e+00
PROFILE_ITER 0 107 1.861095e-03 6.508827e-04 0.000000e+00 8.542538e-04 0.000000e+00 0.000000e+00 0.000000e+00
PROFILE_ITER 0 108 1.857996e-03 6.489754e-04 0.000000e+00 8.518696e-04 0.000000e+00 0.000000e+00 0.000000e+00
PROFILE_ITER 1 116 5.130768e-04 1.987934e-03 0.000000e+00 5.021095e-04 0.000000e+00 0.000000e+00 0.000000e+00
PROFILE_ITER 1 117 5.128384e-04 1.978159e-03 0.000000e+00 5.037785e-04 0.000000e+00 0.000000e+00 0.000000e+00
PROFILE_ITER 1 118 5.311966e-04 1.956701e-03 0.000000e+00 5.221367e-04 0.000000e+00 0.000000e+00 0.000000e+00
PROFILE_ITER 0 109 1.868010e-03 6.508827e-04 0.000000e+00 8.530617e-04 0.000000e+00 9.536743e-07 0.000000e+00
PROFILE_ITER 0 110 1.886129e-03 6.430149e-04 0.000000e+00 8.542538e-04 0.000000e+00 0.000000e+00 0.000000e+00
PROFILE_ITER 0 111 1.868725e-03 6.473064e-04 0.000000e+00 8.549690e-04 0.000000e+00 0.000000e+00 0.000000e+00
PROFILE_ITER 1 119 5.359650e-04 1.967192e-03 0.000000e+00 5.259514e-04 0.000000e+00 0.000000e+00 0.000000e+00
PROFILE_ITER 1 120 5.099773e-04 1.992941e-03 0.000000e+00 4.990101e-04 0.000000e+00 0.000000e+00 0.000000e+00
PROFILE_ITER 0 112 1.875162e-03 6.406307e-04 0.000000e+00 8.537769e-04 0.000000e+00 0.000000e+00 0.000000e+00
PROFILE_ITER 0 113 1.874208e-03 6.527901e-04 0.000000e+00 8.561611e-04 0.000000e+00 0.000000e+00 0.000000e+00
PROFILE_ITER 1 121 5.128384e-04 1.971245e-03 0.000000e+00 5.023479e-04 0.000000e+00 0.000000e+00 9.536743e-07
PROFILE_ITER 1 122 4.911423e-04 2.015829e-03 0.000000e+00 4.801750e-04 0.000000e+00 0.000000e+00 0.000000e+00
PROFILE_ITER 0 114 1.855373e-03 6.377697e-04 0.000000e+00 8.573532e-04 0.000000e+00 0.000000e+00 0.000000e+00
PROFILE_ITER 0 115 1.852989e-03 6.389618e-04 0.000000e+00 8.559227e-04 0.000000e+00 0.000000e+00 0.000000e+00
PROFILE_ITER 0 116 1.851082e-03 6.499290e-04 0.000000e+00 8.540154e-04 0.000000e+00 0.000000e+00 0.000000e+00
PROFILE_ITER 1 123 4.901886e-04 2.009869e-03 0.000000e+00 4.820824e-04 0.000000e+00 0.000000e+00 0.000000e+00
PROFILE_ITER 1 124 4.892349e-04 2.011776e-03 0.000000e+00 4.792213e-04 0.000000e+00 0.000000e+00 0.000000e+00
PROFILE_ITER 1 125 5.133152e-04 1.972675e-03 0.000000e+00 5.042553e-04 0.000000e+00 0.000000e+00 0.000000e+00
PROFILE_ITER 1 126 5.302429e-04 1.967669e-03 0.000000e+00 5.202293e-04 0.000000e+00 0.000000e+00 0.000000e+00
PROFILE_ITER 1 127 5.359650e-04 1.963139e-03 0.000000e+00 5.271435e-04 0.000000e+00 0.000000e+00 0.000000e+00
PROFILE_ITER 1 128 5.357265e-04 1.961231e-03 0.000000e+00 5.259514e-04 0.000000e+00 0.000000e+00 9.536743e-07
PROFILE_ITER 1 129 5.140305e-04 1.991034e-03 0.000000e+00 5.042553e-04 0.000000e+00 0.000000e+00 0.000000e+00
PROFILE_ITER 1 130 5.092621e-04 1.993656e-03 0.000000e+00 4.999638e-04 0.000000e+00 0.000000e+00 0.000000e+00
PROFILE_ITER 0 117 1.852751e-03 6.382465e-04 0.000000e+00 8.568764e-04 0.000000e+00 0.000000e+00 0.000000e+00
PROFILE_ITER 0 118 1.857281e-03 6.306171e-04 0.000000e+00 8.552074e-04 0.000000e+00 0.000000e+00 0.000000e+00
PROFILE_ITER 0 119 1.856804e-03 6.463528e-04 0.000000e+00 8.578300e-04 0.000000e+00 0.000000e+00 0.000000e+00
PROFILE_ITER 0 120 1.861095e-03 6.408691e-04 0.000000e+00 8.587837e-04 0.000000e+00 0.000000e+00 0.000000e+00
PROFILE_ITER 0 121 1.847029e-03 6.370544e-04 0.000000e+00 8.530617e-04 0.000000e+00 0.000000e+00 0.000000e+00
PROFILE_ITER 0 122 1.857042e-03 6.489754e-04 1.192093e-06 8.559227e-04 0.000000e+00 0.000000e+00 0.000000e+00
PROFILE_ITER 0 123 1.855850e-03 6.442070e-04 0.000000e+00 8.559227e-04 0.000000e+00 0.000000e+00 0.000000e+00
PROFILE_ITER 0 124 1.851082e-03 6.499290e-04 0.000000e+00 8.521080e-04 0.000000e+00 0.000000e+00 0.000000e+00
PROFILE_ITER 0 125 1.848936e-03 6.370544e-04 0.000000e+00 8.549690e-04 0.000000e+00 0.000000e+00 0.000000e+00
PROFILE_ITER 0 126 1.856089e-03 6.418228e-04 0.000000e+00 8.549690e-04 0.000000e+00 0.000000e+00 0.000000e+00
PROFILE_ITER 1 131 5.128384e-04 1.981020e-03 9.536743e-07 5.018711e-04 0.000000e+00 0.000000e+00 0.000000e+00
PROFILE_ITER 1 132 5.106926e-04 1.997471e-03 0.000000e+00 5.028248e-04 0.000000e+00 0.000000e+00 0.000000e+00
PROFILE_ITER 1 133 5.128384e-04 1.979113e-03 0.000000e+00 5.040169e-04 0.000000e+00 0.000000e+00 0.000000e+00
PROFILE_ITER 1 134 4.870892e-04 2.005816e-03 0.000000e+00 4.780293e-04 0.000000e+00 0.000000e+00 0.000000e+00
PROFILE_ITER 0 127 1.849890e-03 6.492138e-04 0.000000e+00 8.549690e-04 0.000000e+00 0.000000e+00 0.000000e+00
PROFILE_ITER 0 128 1.857996e-03 6.389618e-04 0.000000e+00 8.578300e-04 0.000000e+00 0.000000e+00 0.000000e+00
PROFILE_ITER 1 135 5.350113e-04 1.966000e-03 0.000000e+00 5.249977e-04 0.000000e+00 0.000000e+00 0.000000e+00
PROFILE_ITER 1 136 4.899502e-04 2.001047e-03 0.000000e+00 4.818439e-04 0.000000e+00 0.000000e+00 0.000000e+00
PROFILE_ITER 0 129 1.851797e-03 6.532669e-04 0.000000e+00 8.549690e-04 0.000000e+00 0.000000e+00 0.000000e+00
PROFILE_ITER 0 130 1.857281e-03 6.456375e-04 0.000000e+00 8.549690e-04 0.000000e+00 0.000000e+00 0.000000e+00
PROFILE_ITER 1 137 5.331039e-04 1.973867e-03 0.000000e+00 5.230904e-04 0.000000e+00 0.000000e+00 0.000000e+00
PROFILE_ITER 1 138 5.111694e-04 2.007008e-03 0.000000e+00 5.011559e-04 0.000000e+00 0.000000e+00 0.000000e+00
PROFILE_ITER 0 131 1.852274e-03 6.415844e-04 0.000000e+00 8.540154e-04 0.000000e+00 0.000000e+00 0.000000e+00
PROFILE_ITER 0 132 1.863003e-03 6.451607e-04 0.000000e+00 8.559227e-04 0.000000e+00 0.000000e+00 0.000000e+00
PROFILE_ITER 0 133 1.854897e-03 6.361008e-04 0.000000e+00 8.559227e-04 9.536743e-07 0.000000e+00 0.000000e+00
PROFILE_ITER 1 139 5.161762e-04 1.980782e-03 0.000000e+00 5.052090e-04 9.536743e-07 0.000000e+00 0.000000e+00
PROFILE_ITER 1 140 5.121231e-04 1.998901e-03 0.000000e+00 5.040169e-04 0.000000e+00 0.000000e+00 0.000000e+00
PROFILE_ITER 0 134 1.856089e-03 6.368160e-04 0.000000e+00 8.573532e-04 0.000000e+00 0.000000e+00 0.000000e+00
PROFILE_ITER 1 141 5.369186e-04 1.966000e-03 0.000000e+00 5.269051e-04 0.000000e+00 0.000000e+00 0.000000e+00
PROFILE_ITER 1 142 5.116463e-04 1.988411e-03 9.536743e-07 5.009174e-04 0.000000e+00 0.000000e+00 9.536743e-07
PROFILE_ITER 0 135 1.852989e-03 6.492138e-04 0.000000e+00 8.587837e-04 0.000000e+00 0.000000e+00 0.000000e+00
PROFILE_ITER 0 136 1.847982e-03 6.418228e-04 0.000000e+00 8.502007e-04 0.000000e+00 0.000000e+00 0.000000e+00
PROFILE_ITER 0 137 1.851082e-03 6.558895e-04 0.000000e+00 8.549690e-04 0.000000e+00 0.000000e+00 0.000000e+00
PROFILE_ITER 0 138 1.859903e-03 6.582737e-04 0.000000e+00 8.568764e-04 0.000000e+00 0.000000e+00 0.000000e+00
PROFILE_ITER 1 143 5.111694e-04 1.984835e-03 0.000000e+00 5.021095e-04 0.000000e+00 0.000000e+00 0.000000e+00
PROFILE_ITER 1 144 5.121231e-04 1.992941e-03 0.000000e+00 5.018711e-04 0.000000e+00 0.000000e+00 0.000000e+00
PROFILE_ITER 1 145 4.920959e-04 2.010822e-03 0.000000e+00 4.839897e-04 0.000000e+00 0.000000e+00 0.000000e+00
PROFILE_ITER 0 139 1.852036e-03 6.449223e-04 0.000000e+00 8.530617e-04 0.000000e+00 0.000000e+00 0.000000e+00
PROFILE_ITER 0 140 1.862049e-03 6.489754e-04 0.000000e+00 8.568764e-04 1.192093e-06 0.000000e+00 0.000000e+00
PROFILE_ITER 1 146 5.087852e-04 1.992226e-03 0.000000e+00 5.009174e-04 0.000000e+00 0.000000e+00 0.000000e+00
PROFILE_ITER 1 147 5.137920e-04 1.989126e-03 0.000000e+00 5.040169e-04 0.000000e+00 0.000000e+00 0.000000e+00
PROFILE_ITER 0 141 1.850128e-03 6.527901e-04 0.000000e+00 8.552074e-04 0.000000e+00 0.000000e+00 0.000000e+00
PROFILE_ITER 1 148 4.911423e-04 2.004862e-03 0.000000e+00 4.830360e-04 0.000000e+00 0.000000e+00 0.000000e+00
PROFILE_ITER 0 142 1.855850e-03 6.442070e-04 0.000000e+00 8.552074e-04 0.000000e+00 0.000000e+00 0.000000e+00
PROFILE_ITER 1 149 5.140305e-04 1.983166e-03 0.000000e+00 5.040169e-04 0.000000e+00 0.000000e+00 0.000000e+00
PROFILE_ITER 1 150 5.130768e-04 1.984835e-03 0.000000e+00 5.049706e-04 0.000000e+00 0.000000e+00 0.000000e+00
PROFILE_ITER 0 143 1.850128e-03 6.458759e-04 0.000000e+00 8.580685e-04 0.000000e+00 0.000000e+00 0.000000e+00
PROFILE_ITER 0 144 1.856089e-03 6.477833e-04 0.000000e+00 8.542538e-04 0.000000e+00 0.000000e+00 0.000000e+00
PROFILE_ITER 1 151 5.159378e-04 1.981974e-03 0.000000e+00 5.059242e-04 0.000000e+00 0.000000e+00 0.000000e+00
PROFILE_ITER 0 145 1.856089e-03 6.480217e-04 0.000000e+00 8.549690e-04 0.000000e+00 0.000000e+00 0.000000e+00
PROFILE_ITER 0 146 1.859903e-03 6.411076e-04 0.000000e+00 8.540154e-04 0.000000e+00 0.000000e+00 0.000000e+00
PROFILE_ITER 1 152 5.118847e-04 1.990080e-03 0.000000e+00 5.040169e-04 0.000000e+00 0.000000e+00 0.000000e+00
PROFILE_ITER 1 153 5.137920e-04 1.981258e-03 0.000000e+00 5.028248e-04 0.000000e+00 0.000000e+00 0.000000e+00
PROFILE_ITER 1 154 5.078316e-04 1.989126e-03 0.000000e+00 4.999638e-04 0.000000e+00 0.000000e+00 0.000000e+00
PROFILE_ITER 1 155 5.118847e-04 1.988173e-03 0.000000e+00 5.018711e-04 0.000000e+00 0.000000e+00 0.000000e+00
PROFILE_ITER 0 147 1.849890e-03 6.530285e-04 9.536743e-07 8.530617e-04 0.000000e+00 0.000000e+00 0.000000e+00
PROFILE_ITER 0 148 1.853228e-03 6.437302e-04 0.000000e+00 8.540154e-04 0.000000e+00 0.000000e+00 0.000000e+00
PROFILE_ITER 0 149 1.852989e-03 6.442070e-04 9.536743e-07 8.530617e-04 0.000000e+00 0.000000e+00 9.536743e-07
PROFILE_ITER 1 156 5.149841e-04 1.978159e-03 0.000000e+00 5.049706e-04 0.000000e+00 0.000000e+00 9.536743e-07
PROFILE_ITER 1 157 4.930496e-04 2.005816e-03 0.000000e+00 4.839897e-04 0.000000e+00 0.000000e+00 0.000000e+00
PROFILE_ITER 1 158 5.130768e-04 1.991034e-03 0.000000e+00 5.033016e-04 0.000000e+00 0.000000e+00 0.000000e+00
PROFILE_ITER 0 150 1.857996e-03 6.399155e-04 1.192093e-06 8.547306e-04 0.000000e+00 0.000000e+00 0.000000e+00
PROFILE_ITER 0 151 1.852989e-03 6.449223e-04 0.000000e+00 8.580685e-04 0.000000e+00 0.000000e+00 0.000000e+00
PROFILE_ITER 1 159 5.121231e-04 1.987696e-03 0.000000e+00 5.042553e-04 0.000000e+00 0.000000e+00 0.000000e+00
PROFILE_ITER 1 160 4.930496e-04 2.014160e-03 0.000000e+00 4.820824e-04 0.000000e+00 0.000000e+00 0.000000e+00
PROFILE_ITER 0 152 1.856089e-03 6.458759e-04 9.536743e-07 8.542538e-04 0.000000e+00 0.000000e+00 0.000000e+00
PROFILE_ITER 0 153 1.854181e-03 6.408691e-04 0.000000e+00 8.559227e-04 0.000000e+00 0.000000e+00 0.000000e+00
PROFILE_ITER 0 154 1.860142e-03 6.368160e-04 0.000000e+00 8.571148e-04 0.000000e+00 0.000000e+00 0.000000e+00
PROFILE_ITER 0 155 1.855850e-03 6.442070e-04 0.000000e+00 8.559227e-04 0.000000e+00 0.000000e+00 0.000000e+00
PROFILE_ITER 1 161 5.321503e-04 1.964808e-03 0.000000e+00 5.230904e-04 0.000000e+00 0.000000e+00 0.000000e+00
PROFILE_ITER 1 162 5.121231e-04 1.996756e-03 0.000000e+00 5.030632e-04 0.000000e+00 0.000000e+00 0.000000e+00
PROFILE_ITER 0 156 1.856804e-03 6.363392e-04 0.000000e+00 8.559227e-04 0.000000e+00 0.000000e+00 0.000000e+00
PROFILE_ITER 1 163 5.140305e-04 1.995087e-03 0.000000e+00 5.040169e-04 0.000000e+00 0.000000e+00 0.000000e+00
PROFILE_ITER 0 157 1.852036e-03 6.468296e-04 9.536743e-07 8.530617e-04 0.000000e+00 0.000000e+00 0.000000e+00
PROFILE_ITER 0 158 1.853943e-03 6.501675e-04 0.000000e+00 8.549690e-04 0.000000e+00 0.000000e+00 0.000000e+00
PROFILE_ITER 1 164 5.090237e-04 2.001047e-03 0.000000e+00 4.980564e-04 0.000000e+00 0.000000e+00 0.000000e+00
PROFILE_ITER 1 165 5.109310e-04 1.987934e-03 0.000000e+00 5.018711e-04 0.000000e+00 0.000000e+00 0.000000e+00
PROFILE_ITER 1 166 5.142689e-04 1.987696e-03 0.000000e+00 5.042553e-04 0.000000e+00 0.000000e+00 0.000000e+00
PROFILE_ITER 0 159 1.852274e-03 6.487370e-04 0.000000e+00 8.552074e-04 0.000000e+00 0.000000e+00 0.000000e+00
PROFILE_ITER 1 167 5.137920e-04 1.976252e-03 0.000000e+00 5.049706e-04 0.000000e+00 0.000000e+00 0.000000e+00
PROFILE_ITER 0 160 1.860142e-03 6.458759e-04 0.000000e+00 8.571148e-04 0.000000e+00 0.000000e+00 0.000000e+00
PROFILE_ITER 1 168 5.130768e-04 1.993895e-03 0.000000e+00 5.037785e-04 0.000000e+00 0.000000e+00 0.000000e+00
PROFILE_ITER 1 169 4.930496e-04 2.014875e-03 0.000000e+00 4.820824e-04 0.000000e+00 0.000000e+00 9.536743e-07
PROFILE_ITER 1 170 5.099773e-04 1.993179e-03 0.000000e+00 5.018711e-04 0.000000e+00 0.000000e+00 0.000000e+00
PROFILE_ITER 0 161 1.853943e-03 6.430149e-04 0.000000e+00 8.578300e-04 0.000000e+00 0.000000e+00 0.000000e+00
PROFILE_ITER 0 162 1.856089e-03 6.527901e-04 0.000000e+00 8.552074e-04 0.000000e+00 0.000000e+00 0.000000e+00
PROFILE_ITER 1 171 5.118847e-04 1.994133e-03 0.000000e+00 5.040169e-04 0.000000e+00 0.000000e+00 0.000000e+00
PROFILE_ITER 1 172 5.109310e-04 1.986027e-03 0.000000e+00 5.009174e-04 0.000000e+00 0.000000e+00 0.000000e+00
PROFILE_ITER 1 173 4.906654e-04 2.004385e-03 0.000000e+00 4.808903e-04 0.000000e+00 0.000000e+00 0.000000e+00
PROFILE_ITER 0 163 1.854897e-03 6.542206e-04 0.000000e+00 8.559227e-04 0.000000e+00 0.000000e+00 0.000000e+00
PROFILE_ITER 0 164 1.856089e-03 6.539822e-04 0.000000e+00 8.549690e-04 0.000000e+00 0.000000e+00 1.192093e-06
PROFILE_ITER 0 165 1.855135e-03 6.437302e-04 0.000000e+00 8.568764e-04 0.000000e+00 0.000000e+00 0.000000e+00
PROFILE_ITER 1 174 4.928112e-04 2.014160e-03 0.000000e+00 4.818439e-04 0.000000e+00 0.000000e+00 9.536743e-07
PROFILE_ITER 1 175 5.149841e-04 1.987934e-03 0.000000e+00 5.049706e-04 9.536743e-07 0.000000e+00 0.000000e+00
PROFILE_ITER 0 166 1.856327e-03 6.456375e-04 0.000000e+00 8.552074e-04 0.000000e+00 0.000000e+00 0.000000e+00
PROFILE_ITER 0 167 1.848936e-03 6.411076e-04 0.000000e+00 8.549690e-04 9.536743e-07 0.000000e+00 0.000000e+00
PROFILE_ITER 1 176 5.121231e-04 1.984835e-03 0.000000e+00 5.011559e-04 0.000000e+00 0.000000e+00 9.536743e-07
PROFILE_ITER 1 177 5.130768e-04 1.987934e-03 0.000000e+00 5.018711e-04 0.000000e+00 0.000000e+00 0.000000e+00
PROFILE_ITER 0 168 1.857042e-03 6.499290e-04 0.000000e+00 8.530617e-04 0.000000e+00 0.000000e+00 0.000000e+00
PROFILE_ITER 0 169 1.853943e-03 6.539822e-04 0.000000e+00 8.568764e-04 0.000000e+00 0.000000e+00 0.000000e+00
PROFILE_ITER 1 178 4.901886e-04 2.007961e-03 0.000000e+00 4.820824e-04 0.000000e+00 0.000000e+00 0.000000e+00
PROFILE_ITER 0 170 1.857042e-03 6.461143e-04 0.000000e+00 8.549690e-04 0.000000e+00 0.000000e+00 0.000000e+00
PROFILE_ITER 0 171 1.851797e-03 6.542206e-04 0.000000e+00 8.540154e-04 0.000000e+00 0.000000e+00 0.000000e+00
PROFILE_ITER 1 179 5.340576e-04 1.976967e-03 0.000000e+00 5.240440e-04 0.000000e+00 0.000000e+00 0.000000e+00
PROFILE_ITER 1 180 4.899502e-04 2.017021e-03 0.000000e+00 4.799366e-04 0.000000e+00 0.000000e+00 0.000000e+00
PROFILE_ITER 0 172 1.853943e-03 6.420612e-04 0.000000e+00 8.528233e-04 0.000000e+00 0.000000e+00 0.000000e+00
PROFILE_ITER 1 181 5.097389e-04 1.992226e-03 0.000000e+00 4.999638e-04 0.000000e+00 0.000000e+00 9.536743e-07
PROFILE_ITER 1 182 4.889965e-04 2.012014e-03 0.000000e+00 4.811287e-04 0.000000e+00 0.000000e+00 0.000000e+00
PROFILE_ITER 0 173 1.849890e-03 6.451607e-04 0.000000e+00 8.571148e-04 0.000000e+00 0.000000e+00 0.000000e+00
PROFILE_ITER 0 174 1.856804e-03 6.501675e-04 0.000000e+00 8.540154e-04 0.000000e+00 0.000000e+00 0.000000e+00
PROFILE_ITER 0 175 1.852989e-03 6.489754e-04 0.000000e+00 8.578300e-04 0.000000e+00 0.000000e+00 0.000000e+00
PROFILE_ITER 0 176 1.860142e-03 6.377697e-04 0.000000e+00 8.561611e-04 0.000000e+00 0.000000e+00 0.000000e+00
PROFILE_ITER 0 177 1.851082e-03 6.499290e-04 0.000000e+00 8.528233e-04 0.000000e+00 0.000000e+00 0.000000e+00
PROFILE_ITER 1 183 5.097389e-04 1.993179e-03 0.000000e+00 4.987717e-04 0.000000e+00 0.000000e+00 9.536743e-07
PROFILE_ITER 1 184 5.099773e-04 1.983166e-03 0.000000e+00 5.009174e-04 0.000000e+00 0.000000e+00 0.000000e+00
PROFILE_ITER 1 185 5.080700e-04 1.986742e-03 0.000000e+00 4.980564e-04 0.000000e+00 0.000000e+00 0.000000e+00
PROFILE_ITER 1 186 5.090237e-04 1.981020e-03 0.000000e+00 5.002022e-04 0.000000e+00 0.000000e+00 0.000000e+00
PROFILE_ITER 0 178 1.855850e-03 6.422997e-04 0.000000e+00 8.578300e-04 0.000000e+00 0.000000e+00 0.000000e+00
PROFILE_ITER 0 179 1.862049e-03 6.489754e-04 0.000000e+00 8.540154e-04 1.192093e-06 0.000000e+00 0.000000e+00
PROFILE_ITER 0 180 1.857996e-03 6.489754e-04 0.000000e+00 8.571148e-04 0.000000e+00 0.000000e+00 0.000000e+00
PROFILE_ITER 1 187 5.128384e-04 1.990080e-03 0.000000e+00 5.030632e-04 0.000000e+00 0.000000e+00 0.000000e+00
PROFILE_ITER 1 188 5.321503e-04 1.965761e-03 0.000000e+00 5.240440e-04 0.000000e+00 0.000000e+00 0.000000e+00
PROFILE_ITER 0 181 1.856089e-03 6.449223e-04 0.000000e+00 8.559227e-04 0.000000e+00 0.000000e+00 0.000000e+00
PROFILE_ITER 0 182 1.851082e-03 6.508827e-04 0.000000e+00 8.530617e-04 0.000000e+00 0.000000e+00 0.000000e+00
PROFILE_ITER 1 189 5.118847e-04 1.993179e-03 0.000000e+00 5.030632e-04 0.000000e+00 0.000000e+00 0.000000e+00
PROFILE_ITER 0 183 1.855850e-03 6.470680e-04 9.536743e-07 8.590221e-04 0.000000e+00 0.000000e+00 0.000000e+00
PROFILE_ITER 1 190 5.359650e-04 1.957893e-03 9.536743e-07 5.261898e-04 0.000000e+00 0.000000e+00 0.000000e+00
PROFILE_ITER 1 191 5.149841e-04 1.991034e-03 0.000000e+00 5.059242e-04 0.000000e+00 0.000000e+00 0.000000e+00
PROFILE_ITER 0 184 1.854181e-03 6.389618e-04 0.000000e+00 8.540154e-04 0.000000e+00 0.000000e+00 0.000000e+00
PROFILE_ITER 0 185 1.853943e-03 6.408691e-04 0.000000e+00 8.540154e-04 9.536743e-07 0.000000e+00 0.000000e+00
PROFILE_ITER 1 192 5.128384e-04 1.981258e-03 0.000000e+00 5.028248e-04 0.000000e+00 0.000000e+00 0.000000e+00
PROFILE_ITER 1 193 5.111694e-04 1.985788e-03 0.000000e+00 5.021095e-04 0.000000e+00 0.000000e+00 0.000000e+00
PROFILE_ITER 1 194 5.106926e-04 1.986265e-03 0.000000e+00 5.006790e-04 0.000000e+00 0.000000e+00 9.536743e-07
PROFILE_ITER 0 186 1.852751e-03 6.372929e-04 0.000000e+00 8.559227e-04 0.000000e+00 0.000000e+00 0.000000e+00
PROFILE_ITER 0 187 1.855850e-03 6.470680e-04 0.000000e+00 8.578300e-04 0.000000e+00 0.000000e+00 0.000000e+00
PROFILE_ITER 0 188 1.852989e-03 6.461143e-04 0.000000e+00 8.540154e-04 0.000000e+00 0.000000e+00 0.000000e+00
PROFILE_ITER 1 195 5.109310e-04 1.984119e-03 0.000000e+00 5.018711e-04 0.000000e+00 0.000000e+00 0.000000e+00
PROFILE_ITER 1 196 5.319118e-04 1.971006e-03 0.000000e+00 5.230904e-04 0.000000e+00 0.000000e+00 0.000000e+00
PROFILE_ITER 1 197 5.118847e-04 1.974106e-03 0.000000e+00 5.030632e-04 0.000000e+00 0.000000e+00 9.536743e-07
PROFILE_ITER 1 198 4.889965e-04 2.011061e-03 0.000000e+00 4.799366e-04 0.000000e+00 0.000000e+00 0.000000e+00
PROFILE_ITER 1 199 5.378723e-04 1.959085e-03 0.000000e+00 5.288124e-04 0.000000e+00 0.000000e+00 0.000000e+00
PROFILE_ITER 0 189 1.853228e-03 6.518364e-04 0.000000e+00 8.552074e-04 0.000000e+00 0.000000e+00 0.000000e+00
PROFILE_ITER 0 190 1.853943e-03 6.399155e-04 0.000000e+00 8.561611e-04 0.000000e+00 0.000000e+00 9.536743e-07
PROFILE_ITER 0 191 1.854897e-03 6.511211e-04 0.000000e+00 8.540154e-04 0.000000e+00 0.000000e+00 0.000000e+00
PROFILE_ITER 0 192 1.855135e-03 6.389618e-04 0.000000e+00 8.511543e-04 0.000000e+00 9.536743e-07 0.000000e+00
PROFILE_ITER 0 193 1.851082e-03 6.458759e-04 0.000000e+00 8.530617e-04 0.000000e+00 0.000000e+00 0.000000e+00
PROFILE_ITER 0 194 1.848936e-03 6.480217e-04 0.000000e+00 8.511543e-04 0.000000e+00 0.000000e+00 9.536743e-07
PROFILE_ITER 0 195 1.850843e-03 6.442070e-04 0.000000e+00 8.537769e-04 0.000000e+00 0.000000e+00 0.000000e+00
PROFILE_ACCUM 1 spmv=1.027520e-01 vecops=5.627620e-01 send_fill=8.821487e-06 local_spmv=1.008358e-01 comm_wait=6.675720e-06 shared_spmv=0.000000e+00 send_wait=3.051758e-05
PROFILE_ITER 0 196 1.859188e-03 6.427765e-04 0.000000e+00 8.592606e-04 0.000000e+00 0.000000e+00 0.000000e+00
PROFILE_ITER 0 197 1.849890e-03 6.361008e-04 0.000000e+00 8.530617e-04 0.000000e+00 0.000000e+00 0.000000e+00
PROFILE_ITER 0 198 1.852989e-03 6.470680e-04 0.000000e+00 8.559227e-04 0.000000e+00 0.000000e+00 0.000000e+00
PROFILE_ITER 0 199 1.850843e-03 6.461143e-04 0.000000e+00 8.549690e-04 0.000000e+00 0.000000e+00 0.000000e+00
PROFILE_ACCUM 0 spmv=3.719914e-01 vecops=1.298859e-01 send_fill=1.215935e-05 local_spmv=1.711020e-01 comm_wait=1.120567e-05 shared_spmv=5.960464e-06 send_wait=1.001358e-05
