Matrix name : /home/bugra/Workspace/C/HetHypPar_rewrite/data/matrices/cage12_1c_9g/cage12_1c_9g.mtx

	****	Matrix File readed	****LOG: Finished Creating Shard CSC
LOG: Finished Creating Vectors
PROFILE_HEADER rank iter spmv vecops send_fill local_spmv comm_wait shared_spmv send_wait
PROFILE_ITER 1 0 3.448248e-03 2.108109e-01 0.000000e+00 3.114939e-03 0.000000e+00 0.000000e+00 1.192093e-06
PROFILE_ITER 1 1 2.854109e-03 1.190662e-03 0.000000e+00 2.810001e-03 0.000000e+00 0.000000e+00 0.000000e+00
PROFILE_ITER 1 2 2.726078e-03 1.248121e-03 0.000000e+00 2.685070e-03 0.000000e+00 0.000000e+00 0.000000e+00
PROFILE_ITER 1 3 2.705097e-03 1.276731e-03 0.000000e+00 2.664089e-03 0.000000e+00 0.000000e+00 0.000000e+00
PROFILE_ITER 1 4 2.710104e-03 1.272917e-03 0.000000e+00 2.666950e-03 0.000000e+00 0.000000e+00 9.536743e-07
PROFILE_ITER 1 5 2.678156e-03 1.297951e-03 0.000000e+00 2.636194e-03 0.000000e+00 0.000000e+00 0.000000e+00
PROFILE_ITER 1 6 2.679110e-03 1.305819e-03 0.000000e+00 2.638102e-03 0.000000e+00 0.000000e+00 0.000000e+00
PROFILE_ITER 1 7 2.721071e-03 1.244068e-03 0.000000e+00 2.679110e-03 0.000000e+00 0.000000e+00 0.000000e+00
PROFILE_ITER 1 8 2.705097e-03 1.258850e-03 0.000000e+00 2.662897e-03 0.000000e+00 0.000000e+00 1.192093e-06
PROFILE_ITER 1 9 2.705097e-03 1.263857e-03 0.000000e+00 2.664089e-03 0.000000e+00 0.000000e+00 0.000000e+00
PROFILE_ITER 1 10 2.709150e-03 1.253843e-03 0.000000e+00 2.665043e-03 0.000000e+00 0.000000e+00 9.536743e-07
PROFILE_ITER 1 11 2.677202e-03 1.303911e-03 0.000000e+00 2.636194e-03 0.000000e+00 0.000000e+00 0.000000e+00
PROFILE_ITER 1 12 2.734184e-03 1.245737e-03 0.000000e+00 2.692223e-03 0.000000e+00 0.000000e+00 0.000000e+00
PROFILE_ITER 1 13 2.735853e-03 1.233101e-03 0.000000e+00 2.692938e-03 9.536743e-07 0.000000e+00 0.000000e+00
PROFILE_ITER 1 14 2.732992e-03 1.240969e-03 0.000000e+00 2.691031e-03 0.000000e+00 0.000000e+00 0.000000e+00
PROFILE_ITER 1 15 2.717018e-03 1.244068e-03 0.000000e+00 2.675056e-03 0.000000e+00 0.000000e+00 9.536743e-07
PROFILE_ITER 1 16 2.715111e-03 1.265764e-03 0.000000e+00 2.672911e-03 0.000000e+00 0.000000e+00 9.536743e-07
PROFILE_ITER 1 17 2.706766e-03 1.255035e-03 0.000000e+00 2.663851e-03 0.000000e+00 0.000000e+00 0.000000e+00
PROFILE_ITER 1 18 2.727032e-03 1.240015e-03 0.000000e+00 2.684116e-03 0.000000e+00 0.000000e+00 0.000000e+00
PROFILE_ITER 1 19 2.698898e-03 1.260042e-03 0.000000e+00 2.657890e-03 0.000000e+00 0.000000e+00 0.000000e+00
PROFILE_ITER 1 20 2.745152e-03 1.236916e-03 0.000000e+00 2.705097e-03 0.000000e+00 0.000000e+00 0.000000e+00
PROFILE_ITER 1 21 2.727747e-03 1.244307e-03 0.000000e+00 2.685785e-03 0.000000e+00 0.000000e+00 0.000000e+00
PROFILE_ITER 1 22 2.703190e-03 1.262903e-03 0.000000e+00 2.660990e-03 0.000000e+00 0.000000e+00 1.192093e-06
PROFILE_ITER 1 23 2.698183e-03 1.266718e-03 0.000000e+00 2.657175e-03 0.000000e+00 0.000000e+00 0.000000e+00
PROFILE_ITER 1 24 2.723932e-03 1.232862e-03 0.000000e+00 2.682209e-03 0.000000e+00 0.000000e+00 0.000000e+00
PROFILE_ITER 1 25 2.707243e-03 1.258850e-03 9.536743e-07 2.665281e-03 0.000000e+00 0.000000e+00 0.000000e+00
PROFILE_ITER 1 26 2.676010e-03 1.287937e-03 0.000000e+00 2.635002e-03 0.000000e+00 0.000000e+00 0.000000e+00
PROFILE_ITER 1 27 2.682924e-03 1.290083e-03 0.000000e+00 2.640963e-03 0.000000e+00 0.000000e+00 0.000000e+00
PROFILE_ITER 1 28 2.698183e-03 1.262903e-03 9.536743e-07 2.656221e-03 0.000000e+00 0.000000e+00 0.000000e+00
PROFILE_ITER 1 29 2.731085e-03 1.266956e-03 0.000000e+00 2.687693e-03 0.000000e+00 0.000000e+00 0.000000e+00
PROFILE_ITER 1 30 2.696037e-03 1.260996e-03 0.000000e+00 2.654076e-03 0.000000e+00 0.000000e+00 0.000000e+00
PROFILE_ITER 1 31 2.711058e-03 1.255035e-03 0.000000e+00 2.667904e-03 0.000000e+00 0.000000e+00 1.907349e-06
PROFILE_ITER 1 32 2.713919e-03 1.247883e-03 0.000000e+00 2.671003e-03 0.000000e+00 0.000000e+00 0.000000e+00
PROFILE_ITER 1 33 2.702951e-03 1.270056e-03 0.000000e+00 2.660036e-03 0.000000e+00 0.000000e+00 0.000000e+00
PROFILE_ITER 1 34 2.708673e-03 1.263380e-03 0.000000e+00 2.667904e-03 0.000000e+00 0.000000e+00 0.000000e+00
PROFILE_ITER 1 35 2.731800e-03 1.259327e-03 0.000000e+00 2.690077e-03 0.000000e+00 0.000000e+00 9.536743e-07
PROFILE_ITER 1 36 2.695084e-03 1.280785e-03 0.000000e+00 2.653122e-03 0.000000e+00 0.000000en_iters : 200 
spmv : 0.794275 
file_read : 3.482812 
relative_residual : 3.003721E-16
everything_total : 4.479747

----------------------------------------------------------------------
PROFILE_HEADER rank iter spmv vecops send_fill local_spmv comm_wait shared_spmv send_wait
PROFILE_ITER 0 0 3.283024e-03 1.831055e-03 0.000000e+00 1.376867e-03 1.192093e-06 0.000000e+00 0.000000e+00
PROFILE_ITER 0 1 3.108025e-03 9.367466e-04 0.000000e+00 1.378059e-03 9.536743e-07 0.000000e+00 0.000000e+00
PROFILE_ITER 0 2 3.057957e-03 9.162426e-04 0.000000e+00 1.379013e-03 9.536743e-07 0.000000e+00 0.000000e+00
PROFILE_ITER 0 3 3.057003e-03 9.248257e-04 0.000000e+00 1.374960e-03 9.536743e-07 0.000000e+00 0.000000e+00
PROFILE_ITER 0 4 3.056049e-03 9.269714e-04 9.536743e-07 1.370907e-03 2.145767e-06 0.000000e+00 0.000000e+00
PROFILE_ITER 0 5 3.051758e-03 9.243488e-04 9.536743e-07 1.373053e-03 0.000000e+00 0.000000e+00 0.000000e+00
PROFILE_ITER 0 6 3.066063e-03 9.188652e-04 0.000000e+00 1.382113e-03 0.000000e+00 0.000000e+00 0.000000e+00
PROFILE_ITER 0 7 3.054857e-03 9.102821e-04 0.000000e+00 1.378059e-03 0.000000e+00 0.000000e+00 0.000000e+00
PROFILE_ITER 0 8 3.041983e-03 9.219646e-04 0.000000e+00 1.371861e-03 0.000000e+00 0.000000e+00 0.000000e+00
PROFILE_ITER 0 9 3.045797e-03 9.231567e-04 0.000000e+00 1.378059e-03 0.000000e+00 0.000000e+00 0.000000e+00
PROFILE_ITER 0 10 3.046989e-03 9.150505e-04 0.000000e+00 1.372099e-03 0.000000e+00 0.000000e+00 0.000000e+00
PROFILE_ITER 0 11 3.058910e-03 9.231567e-04 0.000000e+00 1.382113e-03 9.536743e-07 0.000000e+00 0.000000e+00
PROFILE_ITER 0 12 3.064871e-03 9.150505e-04 0.000000e+00 1.376867e-03 0.000000e+00 0.000000e+00 0.000000e+00
PROFILE_ITER 0 13 3.046274e-03 9.226799e-04 0.000000e+00 1.371145e-03 0.000000e+00 0.000000e+00 0.000000e+00
PROFILE_ITER 0 14 3.060102e-03 9.138584e-04 0.000000e+00 1.381159e-03 0.000000e+00 0.000000e+00 0.000000e+00
PROFILE_ITER 0 15 3.044844e-03 9.162426e-04 0.000000e+00 1.368999e-03 0.000000e+00 0.000000e+00 0.000000e+00
PROFILE_ITER 0 16 3.056049e-03 9.248257e-04 0.000000e+00 1.378775e-03 0.000000e+00 0.000000e+00 0.000000e+00
PROFILE_ITER 0 17 3.044844e-03 9.181499e-04 0.000000e+00 1.374006e-03 0.000000e+00 0.000000e+00 0.000000e+00
PROFILE_ITER 0 18 3.051043e-03 9.160042e-04 0.000000e+00 1.378059e-03 0.000000e+00 0.000000e+00 0.000000e+00
PROFILE_ITER 0 19 3.045797e-03 9.131432e-04 0.000000e+00 1.375914e-03 9.536743e-07 0.000000e+00 0.000000e+00
PROFILE_ITER 0 20 3.058195e-03 9.238720e-04 9.536743e-07 1.376152e-03 9.536743e-07 0.000000e+00 0.000000e+00
PROFILE_ITER 0 21 3.058195e-03 9.148121e-04 9.536743e-07 1.377106e-03 0.000000e+00 0.000000e+00 0.000000e+00
PROFILE_ITER 0 22 3.047943e-03 9.191036e-04 0.000000e+00 1.374722e-03 0.000000e+00 0.000000e+00 0.000000e+00
PROFILE_ITER 0 23 3.054857e-03 9.100437e-04 9.536743e-07 1.374006e-03 0.000000e+00 0.000000e+00 0.000000e+00
PROFILE_ITER 0 24 3.041983e-03 9.160042e-04 0.000000e+00 1.371861e-03 0.000000e+00 0.000000e+00 0.000000e+00
PROFILE_ITER 0 25 3.046989e-03 9.191036e-04 9.536743e-07 1.373053e-03 0.000000e+00 9.536743e-07 0.000000e+00
PROFILE_ITER 0 26 3.048182e-03 9.167194e-04 9.536743e-07 1.373053e-03 0.000000e+00 0.000000e+00 0.000000e+00
PROFILE_ITER 0 27 3.056049e-03 9.169579e-04 0.000000e+00 1.376152e-03 0.000000e+00 0.000000e+00 0.000000e+00
PROFILE_ITER 0 28 3.047943e-03 9.131432e-04 0.000000e+00 1.373053e-03 0.000000e+00 0.000000e+00 0.000000e+00
PROFILE_ITER 0 29 3.069878e-03 9.281635e-04 0.000000e+00 1.377821e-03 0.000000e+00 0.000000e+00 0.000000e+00
PROFILE_ITER 0 30 3.045082e-03 9.129047e-04 0.000000e+00 1.372814e-03 0.000000e+00 0.000000e+00 0.000000e+00
PROFILE_ITER 0 31 3.048897e-03 9.171963e-04 0.000000e+00 1.371861e-03 0.000000e+00 0.000000e+00 0.000000e+00
PROFILE_ITER 0 32 3.042936e-03 9.188652e-04 0.000000e+00 1.374245e-03 0.000000e+00 0.000000e+00 0.000000e+00
PROFILE_ITER 0 33 3.048897e-03 9.241104e-04 0.000000e+00 1.374960e-03 0.000000e+00 0.000000e+00 0.000000e+00
PROFILE_ITER 0 34 3.057003e-03 9.150505e-04 0.000000e+00 1.374722e-03 0.000000e+00 0.000000e+00 0.000000e+00
PROFILE_ITER 0 35 3.076792e-03 9.143353e-04 0.000000e+00 1.372099e-03 0.000000e+00 0.000000e+00 9.536743e-07
PROFILE_ITER 0 36 3.063679e-03 9.121895e-04 0.000000e+00 1.372814e-03 0.000000e+00 0.000000e+00 0.000000e+00
PROFILE_ITER 0 37 3.044128e-03 9.109974e-04 0.000000e+00 1.373768e-03 1.192093e-06 0.000000e+00 9.536743e-07
PROFILE_ITER 0 38 3.051996e-03 9.200573e-04 0.000000e+00 1.369953e-03 0.000000e+00 0.000000e+00 0.000000e+00
PROFILE_ITER 0 39 3.046751e-03 9.150505e-04 0.000000e+00 1.366854e-03 9.536743e-07 0.000000e+00 0.000000e+00
PROFILE_ITER 0 40 3.051996e-03 9.250641e-04 0.000000e+00 1.375198e-03 0.000000e+00 0.000000e+00 0.000000e+00
PROFILE_ITER 0 41 3.051996e-03 9.200573e-04 0.000000e+00 1.375198e-03 0.000000e+00 0.000000e+00 0.000000e+00
PROFILE_ITER 0 42 3.047943e-03 9.200573e-04 0.000000e+00 1.374960e-03 0.000000e+00 9.536743e-07 0.000000e+00
PROFILE_ITER 0 43 3.041983e-03 9.169579e-04 0.000000e+00 1.368999e-03 0.000000e+00 9.536743e-07 0.000000e+00
PROFILE_ITER 0 44 3.048182e-03 9.107590e-04 0.000000e+00 1.371861e-03 0.000000e+00 1.192093e-06 0.000000e+00
PROFILE_ITER 0 45 3.045797e-03 9.152889e-04 0.000000e+00 1.373768e-03 0.000000e+00 9.536743e-07 0.000000e+00
PROFILE_ITER 0 46 3.046989e-03 9.160042e-04 0.000000e+00 1.374960e-03 0.000000e+00 9.536743e-07 0.000000e+00
PROFILE_ITER 0 47 3.043890e-03 9.191036e-04 0.000000e+00 1.371145e-03 0.000000e+00 0.000000e+00 0.000000e+00
PROFILE_ITER 0 48 3.047943e-03 9.231567e-04 0.000000e+00 1.374960e-03 9.536743e-07 0.000000e+00 0.000000e+00
PROFILE_ITER 0 49 3.047943e-03 9.169579e-04 9.536743e-07 1.372337e-03 9.536743e-07 0.000000e+00 0.000000e+00
PROFILE_ITER 0 50 3.046989e-03 9.191036e-04 0.000000e+00 1.368999e-03 0.000000e+00 0.000000e+00 0.000000e+00
PROFILE_ITER 0 51 3.043175e-03 9.176731e-04 0.000000e+00 1.371861e-03 0.000000e+00 0.000000e+00 0.000000e+00
PROFILE_ITER 0 52 3.052950e-03 9.150505e-04 0.000000e+00 1.377106e-03 0.000000e+00 0.000000e+00 0.000000e+00
PROFILE_ITER 0 53 3.055096e-03 9.219646e-04 0.000000e+00 1.373768e-03 0.000000e+00 0.000000e+00 0.000000e+00
PROFILE_ITER 0 54 3.044128e-03 9.169579e-04 0.000000e+00 1.369953e-03 0.000000e+00 9.536743e-07 0.000000e+00
PROFILE_ITER 0 55 3.054142e-03 9.217262e-04 0.000000e+00 1.375198e-03 0.000000e+00 0.000000e+00 0.000000e+00
+00 0.000000e+00
PROFILE_ITER 1 37 2.705812e-03 1.249313e-03 0.000000e+00 2.663851e-03 0.000000e+00 0.000000e+00 0.000000e+00
PROFILE_ITER 1 38 2.712965e-03 1.259089e-03 0.000000e+00 2.671003e-03 0.000000e+00 0.000000e+00 0.000000e+00
PROFILE_ITER 1 39 2.712011e-03 1.249790e-03 0.000000e+00 2.668858e-03 0.000000e+00 0.000000e+00 2.145767e-06
PROFILE_ITER 1 40 2.696991e-03 1.280069e-03 0.000000e+00 2.655983e-03 0.000000e+00 0.000000e+00 0.000000e+00
PROFILE_ITER 1 41 2.718925e-03 1.253128e-03 0.000000e+00 2.676010e-03 0.000000e+00 0.000000e+00 0.000000e+00
PROFILE_ITER 1 42 2.717972e-03 1.250029e-03 0.000000e+00 2.676010e-03 0.000000e+00 0.000000e+00 0.000000e+00
PROFILE_ITER 1 43 2.714157e-03 1.244783e-03 0.000000e+00 2.673149e-03 0.000000e+00 0.000000e+00 0.000000e+00
PROFILE_ITER 1 44 2.667904e-03 1.292229e-03 0.000000e+00 2.625942e-03 0.000000e+00 0.000000e+00 0.000000e+00
PROFILE_ITER 1 45 2.667904e-03 1.291990e-03 0.000000e+00 2.626896e-03 0.000000e+00 0.000000e+00 9.536743e-07
PROFILE_ITER 1 46 2.686024e-03 1.276970e-03 0.000000e+00 2.644062e-03 0.000000e+00 0.000000e+00 0.000000e+00
PROFILE_ITER 1 47 2.703905e-03 1.259089e-03 0.000000e+00 2.660990e-03 0.000000e+00 0.000000e+00 0.000000e+00
PROFILE_ITER 1 48 2.702951e-03 1.268148e-03 1.192093e-06 2.660036e-03 0.000000e+00 0.000000e+00 0.000000e+00
PROFILE_ITER 1 49 2.668142e-03 1.296759e-03 0.000000e+00 2.625942e-03 0.000000e+00 0.000000e+00 0.000000e+00
PROFILE_ITER 1 50 2.722263e-03 1.243830e-03 0.000000e+00 2.680302e-03 0.000000e+00 0.000000e+00 0.000000e+00
PROFILE_ITER 1 51 2.674103e-03 1.286745e-03 1.192093e-06 2.630949e-03 0.000000e+00 0.000000e+00 9.536743e-07
PROFILE_ITER 1 52 2.699137e-03 1.268864e-03 0.000000e+00 2.657175e-03 9.536743e-07 0.000000e+00 0.000000e+00
PROFILE_ITER 1 53 2.707005e-03 1.270056e-03 0.000000e+00 2.665758e-03 0.000000e+00 0.000000e+00 0.000000e+00
PROFILE_ITER 1 54 2.715111e-03 1.245975e-03 0.000000e+00 2.670765e-03 0.000000e+00 0.000000e+00 0.000000e+00
PROFILE_ITER 1 55 2.730131e-03 1.245737e-03 0.000000e+00 2.688169e-03 0.000000e+00 0.000000e+00 0.000000e+00
PROFILE_ITER 1 56 2.681017e-03 1.276970e-03 0.000000e+00 2.640009e-03 0.000000e+00 0.000000e+00 0.000000e+00
PROFILE_ITER 1 57 2.716064e-03 1.241922e-03 0.000000e+00 2.675056e-03 0.000000e+00 0.000000e+00 0.000000e+00
PROFILE_ITER 1 58 2.710104e-03 1.250029e-03 0.000000e+00 2.669096e-03 0.000000e+00 0.000000e+00 0.000000e+00
PROFILE_ITER 1 59 2.716064e-03 1.254797e-03 0.000000e+00 2.675056e-03 0.000000e+00 0.000000e+00 0.000000e+00
PROFILE_ITER 1 60 2.671003e-03 1.294136e-03 9.536743e-07 2.629042e-03 0.000000e+00 0.000000e+00 0.000000e+00
PROFILE_ITER 1 61 2.665997e-03 1.312971e-03 0.000000e+00 2.624035e-03 0.000000e+00 0.000000e+00 0.000000e+00
PROFILE_ITER 1 62 2.713203e-03 1.251698e-03 0.000000e+00 2.671003e-03 0.000000e+00 0.000000e+00 0.000000e+00
PROFILE_ITER 1 63 2.674818e-03 1.298189e-03 0.000000e+00 2.632856e-03 0.000000e+00 0.000000e+00 0.000000e+00
PROFILE_ITER 1 64 2.686262e-03 1.293898e-03 0.000000e+00 2.645016e-03 0.000000e+00 0.000000e+00 0.000000e+00
PROFILE_ITER 1 65 2.683878e-03 1.292944e-03 0.000000e+00 2.641916e-03 0.000000e+00 0.000000e+00 0.000000e+00
PROFILE_ITER 1 66 2.642155e-03 1.328945e-03 0.000000e+00 2.599955e-03 0.000000e+00 0.000000e+00 1.192093e-06
PROFILE_ITER 1 67 2.635002e-03 1.327991e-03 0.000000e+00 2.592802e-03 0.000000e+00 0.000000e+00 1.192093e-06
PROFILE_ITER 1 68 2.671957e-03 1.296997e-03 0.000000e+00 2.629757e-03 0.000000e+00 0.000000e+00 0.000000e+00
PROFILE_ITER 1 69 2.685785e-03 1.279354e-03 0.000000e+00 2.645731e-03 0.000000e+00 0.000000e+00 0.000000e+00
PROFILE_ITER 1 70 2.703905e-03 1.259089e-03 0.000000e+00 2.662897e-03 0.000000e+00 0.000000e+00 0.000000e+00
PROFILE_ITER 1 71 2.688885e-03 1.271009e-03 0.000000e+00 2.645969e-03 0.000000e+00 0.000000e+00 0.000000e+00
PROFILE_ITER 1 72 2.708912e-03 1.247168e-03 0.000000e+00 2.669096e-03 0.000000e+00 0.000000e+00 0.000000e+00
PROFILE_ITER 1 73 2.716780e-03 1.239061e-03 0.000000e+00 2.675772e-03 0.000000e+00 0.000000e+00 0.000000e+00
PROFILE_ITER 1 74 2.690315e-03 1.270771e-03 0.000000e+00 2.647877e-03 0.000000e+00 0.000000e+00 0.000000e+00
PROFILE_ITER 1 75 2.712250e-03 1.258850e-03 0.000000e+00 2.670050e-03 0.000000e+00 0.000000e+00 0.000000e+00
PROFILE_ITER 1 76 2.727747e-03 1.252174e-03 0.000000e+00 2.686977e-03 0.000000e+00 0.000000e+00 0.000000e+00
PROFILE_ITER 1 77 2.715349e-03 1.251698e-03 0.000000e+00 2.672911e-03 0.000000e+00 0.000000e+00 0.000000e+00
PROFILE_ITER 1 78 2.705097e-03 1.254797e-03 0.000000e+00 2.664089e-03 0.000000e+00 0.000000e+00 0.000000e+00
PROFILE_ITER 0 56 3.040791e-03 9.162426e-04 0.000000e+00 1.376867e-03 0.000000e+00 0.000000e+00 0.000000e+00
PROFILE_ITER 0 57 3.044844e-03 9.131432e-04 0.000000e+00 1.372814e-03 0.000000e+00 0.000000e+00 0.000000e+00
PROFILE_ITER 0 58 3.051996e-03 9.081364e-04 0.000000e+00 1.374722e-03 1.192093e-06 0.000000e+00 0.000000e+00
PROFILE_ITER 0 59 3.054142e-03 9.167194e-04 0.000000e+00 1.376152e-03 0.000000e+00 0.000000e+00 0.000000e+00
PROFILE_ITER 0 60 3.047943e-03 9.171963e-04 0.000000e+00 1.378059e-03 0.000000e+00 0.000000e+00 0.000000e+00
PROFILE_ITER 0 61 3.055096e-03 9.229183e-04 0.000000e+00 1.379013e-03 0.000000e+00 0.000000e+00 0.000000e+00
PROFILE_ITER 0 62 3.046989e-03 9.188652e-04 0.000000e+00 1.374006e-03 0.000000e+00 0.000000e+00 0.000000e+00
PROFILE_ITER 0 63 3.045797e-03 9.262562e-04 0.000000e+00 1.373768e-03 0.000000e+00 0.000000e+00 0.000000e+00
PROFILE_ITER 0 64 3.057003e-03 9.241104e-04 0.000000e+00 1.376867e-03 0.000000e+00 0.000000e+00 0.000000e+00
PROFILE_ITER 0 65 3.055096e-03 9.207726e-04 0.000000e+00 1.376152e-03 0.000000e+00 0.000000e+00 0.000000e+00
PROFILE_ITER 0 66 3.049850e-03 9.222031e-04 0.000000e+00 1.375914e-03 9.536743e-07 0.000000e+00 0.000000e+00
PROFILE_ITER 0 67 3.048182e-03 9.148121e-04 0.000000e+00 1.371145e-03 9.536743e-07 0.000000e+00 9.536743e-07
PROFILE_ITER 0 68 3.047943e-03 9.210110e-04 0.000000e+00 1.377106e-03 0.000000e+00 9.536743e-07 0.000000e+00
PROFILE_ITER 0 69 3.050089e-03 9.150505e-04 0.000000e+00 1.375198e-03 0.000000e+00 0.000000e+00 0.000000e+00
PROFILE_ITER 0 70 3.048182e-03 9.148121e-04 0.000000e+00 1.373291e-03 0.000000e+00 0.000000e+00 0.000000e+00
PROFILE_ITER 0 71 3.041029e-03 9.179115e-04 0.000000e+00 1.374245e-03 0.000000e+00 0.000000e+00 0.000000e+00
PROFILE_ITER 0 72 3.040075e-03 9.160042e-04 0.000000e+00 1.370907e-03 0.000000e+00 0.000000e+00 0.000000e+00
PROFILE_ITER 0 73 3.046989e-03 9.098053e-04 0.000000e+00 1.372099e-03 9.536743e-07 0.000000e+00 0.000000e+00
PROFILE_ITER 0 74 3.045082e-03 9.150505e-04 0.000000e+00 1.378298e-03 0.000000e+00 0.000000e+00 0.000000e+00
PROFILE_ITER 0 75 3.048897e-03 9.222031e-04 0.000000e+00 1.370907e-03 0.000000e+00 0.000000e+00 0.000000e+00
PROFILE_ITER 1 79 2.665043e-03 1.297951e-03 0.000000e+00 2.623081e-03 0.000000e+00 0.000000e+00 0.000000e+00
PROFILE_ITER 1 80 2.721071e-03 1.241922e-03 0.000000e+00 2.678871e-03 0.000000e+00 0.000000e+00 0.000000e+00
PROFILE_ITER 1 81 2.715111e-03 1.252890e-03 0.000000e+00 2.674103e-03 0.000000e+00 0.000000e+00 0.000000e+00
PROFILE_ITER 1 82 2.678156e-03 1.285791e-03 0.000000e+00 2.637148e-03 0.000000e+00 0.000000e+00 0.000000e+00
PROFILE_ITER 1 83 2.686024e-03 1.274824e-03 0.000000e+00 2.643824e-03 1.192093e-06 0.000000e+00 0.000000e+00
PROFILE_ITER 1 84 2.712965e-03 1.249075e-03 0.000000e+00 2.669811e-03 0.000000e+00 0.000000e+00 9.536743e-07
PROFILE_ITER 1 85 2.673864e-03 1.277208e-03 0.000000e+00 2.629995e-03 0.000000e+00 0.000000e+00 0.000000e+00
PROFILE_ITER 1 86 2.752304e-03 1.222610e-03 0.000000e+00 2.709389e-03 0.000000e+00 0.000000e+00 9.536743e-07
PROFILE_ITER 1 87 2.768993e-03 1.224995e-03 0.000000e+00 2.727985e-03 0.000000e+00 0.000000e+00 0.000000e+00
PROFILE_ITER 0 76 3.060818e-03 9.191036e-04 0.000000e+00 1.373768e-03 0.000000e+00 9.536743e-07 0.000000e+00
PROFILE_ITER 0 77 3.053188e-03 9.138584e-04 0.000000e+00 1.369238e-03 0.000000e+00 0.000000e+00 0.000000e+00
PROFILE_ITER 0 78 3.048897e-03 9.109974e-04 0.000000e+00 1.375914e-03 0.000000e+00 0.000000e+00 0.000000e+00
PROFILE_ITER 0 79 3.042936e-03 9.191036e-04 0.000000e+00 1.370192e-03 0.000000e+00 0.000000e+00 0.000000e+00
PROFILE_ITER 0 80 3.055096e-03 9.078979e-04 0.000000e+00 1.374960e-03 0.000000e+00 0.000000e+00 0.000000e+00
PROFILE_ITER 0 81 3.050327e-03 9.188652e-04 0.000000e+00 1.374245e-03 0.000000e+00 0.000000e+00 0.000000e+00
PROFILE_ITER 0 82 3.041029e-03 9.229183e-04 0.000000e+00 1.373053e-03 0.000000e+00 0.000000e+00 0.000000e+00
PROFILE_ITER 0 83 3.047943e-03 9.129047e-04 1.192093e-06 1.375914e-03 0.000000e+00 0.000000e+00 0.000000e+00
PROFILE_ITER 1 88 2.687931e-03 1.280069e-03 0.000000e+00 2.646923e-03 0.000000e+00 0.000000e+00 0.000000e+00
PROFILE_ITER 1 89 2.689838e-03 1.268148e-03 0.000000e+00 2.646923e-03 0.000000e+00 0.000000e+00 0.000000e+00
PROFILE_ITER 1 90 2.664804e-03 1.294136e-03 0.000000e+00 2.622843e-03 0.000000e+00 0.000000e+00 0.000000e+00
PROFILE_ITER 1 91 2.704859e-03 1.260042e-03 0.000000e+00 2.661943e-03 0.000000e+00 0.000000e+00 0.000000e+00
PROFILE_ITER 0 84 3.043890e-03 9.181499e-04 0.000000e+00 1.372814e-03 0.000000e+00 0.000000e+00 0.000000e+00
PROFILE_ITER 0 85 3.040075e-03 9.100437e-04 0.000000e+00 1.369953e-03 0.000000e+00 0.000000e+00 0.000000e+00
PROFILE_ITER 1 92 2.671003e-03 1.297951e-03 0.000000e+00 2.629995e-03 0.000000e+00 0.000000e+00 0.000000e+00
PROFILE_ITER 1 93 2.696037e-03 1.264095e-03 0.000000e+00 2.654076e-03 0.000000e+00 0.000000e+00 0.000000e+00
PROFILE_ITER 1 94 2.719164e-03 1.246691e-03 0.000000e+00 2.676249e-03 0.000000e+00 0.000000e+00 9.536743e-07
PROFILE_ITER 0 86 3.058195e-03 9.176731e-04 0.000000e+00 1.373768e-03 1.192093e-06 0.000000e+00 0.000000e+00
PROFILE_ITER 0 87 3.083944e-03 9.100437e-04 0.000000e+00 1.375914e-03 0.000000e+00 0.000000e+00 0.000000e+00
PROFILE_ITER 0 88 3.053904e-03 9.140968e-04 0.000000e+00 1.373053e-03 0.000000e+00 9.536743e-07 0.000000e+00
PROFILE_ITER 0 89 3.047943e-03 9.112358e-04 0.000000e+00 1.374006e-03 0.000000e+00 0.000000e+00 0.000000e+00
PROFILE_ITER 1 95 2.683878e-03 1.284122e-03 0.000000e+00 2.642870e-03 0.000000e+00 0.000000e+00 0.000000e+00
PROFILE_ITER 1 96 2.669096e-03 1.307011e-03 0.000000e+00 2.627134e-03 0.000000e+00 0.000000e+00 9.536743e-07
PROFILE_ITER 1 97 2.671957e-03 1.297951e-03 0.000000e+00 2.630949e-03 0.000000e+00 0.000000e+00 0.000000e+00
PROFILE_ITER 0 90 3.036022e-03 9.229183e-04 0.000000e+00 1.371145e-03 0.000000e+00 0.000000e+00 0.000000e+00
PROFILE_ITER 0 91 3.050089e-03 9.148121e-04 0.000000e+00 1.376152e-03 0.000000e+00 0.000000e+00 0.000000e+00
PROFILE_ITER 1 98 2.709150e-03 1.250029e-03 0.000000e+00 2.668142e-03 0.000000e+00 0.000000e+00 0.000000e+00
PROFILE_ITER 1 99 2.719879e-03 1.235962e-03 0.000000e+00 2.678871e-03 0.000000e+00 0.000000e+00 0.000000e+00
PROFILE_ITER 1 100 2.718210e-03 1.237631e-03 9.536743e-07 2.675056e-03 0.000000e+00 0.000000e+00 0.000000e+00
PROFILE_ITER 0 92 3.053188e-03 9.157658e-04 0.000000e+00 1.373053e-03 0.000000e+00 0.000000e+00 0.000000e+00
PROFILE_ITER 0 93 3.043175e-03 9.169579e-04 0.000000e+00 1.373053e-03 0.000000e+00 0.000000e+00 0.000000e+00
PROFILE_ITER 0 94 3.053904e-03 9.119511e-04 0.000000e+00 1.374245e-03 9.536743e-07 0.000000e+00 0.000000e+00
PROFILE_ITER 1 101 2.701998e-03 1.268148e-03 0.000000e+00 2.658844e-03 0.000000e+00 0.000000e+00 0.000000e+00
PROFILE_ITER 1 102 2.701998e-03 1.253843e-03 0.000000e+00 2.652884e-03 0.000000e+00 0.000000e+00 0.000000e+00
PROFILE_ITER 0 95 3.054142e-03 9.138584e-04 9.536743e-07 1.374960e-03 0.000000e+00 0.000000e+00 0.000000e+00
PROFILE_ITER 0 96 3.051043e-03 9.250641e-04 0.000000e+00 1.372814e-03 9.536743e-07 0.000000e+00 0.000000e+00
PROFILE_ITER 0 97 3.055096e-03 9.148121e-04 0.000000e+00 1.377106e-03 0.000000e+00 0.000000e+00 0.000000e+00
PROFILE_ITER 0 98 3.043890e-03 9.152889e-04 9.536743e-07 1.372099e-03 0.000000e+00 0.000000e+00 0.000000e+00
PROFILE_ITER 0 99 3.045082e-03 9.107590e-04 0.000000e+00 1.375914e-03 0.000000e+00 0.000000e+00 0.000000e+00
PROFILE_ITER 1 103 2.716064e-03 1.245975e-03 0.000000e+00 2.673864e-03 0.000000e+00 0.000000e+00 1.192093e-06
PROFILE_ITER 1 104 2.681971e-03 1.290083e-03 0.000000e+00 2.639055e-03 0.000000e+00 0.000000e+00 0.000000e+00
PROFILE_ITER 1 105 2.708912e-03 1.250982e-03 0.000000e+00 2.666950e-03 0.000000e+00 0.000000e+00 0.000000e+00
PROFILE_ITER 1 106 2.714157e-03 1.255989e-03 0.000000e+00 2.673149e-03 0.000000e+00 0.000000e+00 0.000000e+00
PROFILE_ITER 0 100 3.046036e-03 9.109974e-04 0.000000e+00 1.374960e-03 9.536743e-07 0.000000e+00 0.000000e+00
PROFILE_ITER 0 101 3.052711e-03 9.174347e-04 0.000000e+00 1.379013e-03 0.000000e+00 0.000000e+00 0.000000e+00
PROFILE_ITER 0 102 3.037930e-03 9.179115e-04 0.000000e+00 1.368999e-03 9.536743e-07 0.000000e+00 0.000000e+00
PROFILE_ITER 1 107 2.716064e-03 1.233816e-03 1.192093e-06 2.674818e-03 0.000000e+00 0.000000e+00 0.000000e+00
PROFILE_ITER 1 108 2.716064e-03 1.244068e-03 0.000000e+00 2.671957e-03 0.000000e+00 0.000000e+00 0.000000e+00
PROFILE_ITER 0 103 3.050804e-03 9.112358e-04 0.000000e+00 1.371861e-03 0.000000e+00 0.000000e+00 0.000000e+00
PROFILE_ITER 0 104 3.053904e-03 9.171963e-04 0.000000e+00 1.371145e-03 9.536743e-07 0.000000e+00 0.000000e+00
PROFILE_ITER 0 105 3.041983e-03 9.179115e-04 0.000000e+00 1.371145e-03 9.536743e-07 0.000000e+00 0.000000e+00
PROFILE_ITER 0 106 3.053904e-03 9.171963e-04 0.000000e+00 1.369953e-03 0.000000e+00 0.000000e+00 0.000000e+00
PROFILE_ITER 0 107 3.041029e-03 9.088516e-04 0.000000e+00 1.371145e-03 0.000000e+00 0.000000e+00 0.000000e+00
PROFILE_ITER 0 108 3.043175e-03 9.169579e-04 0.000000e+00 1.370907e-03 0.000000e+00 0.000000e+00 0.000000e+00
PROFILE_ITER 0 109 3.050804e-03 9.112358e-04 0.000000e+00 1.374960e-03 0.000000e+00 0.000000e+00 0.000000e+00
PROFILE_ITER 0 110 3.046036e-03 9.219646e-04 0.000000e+00 1.370907e-03 0.000000e+00 0.000000e+00 0.000000e+00
PROFILE_ITER 0 111 3.040791e-03 9.140968e-04 0.000000e+00 1.374722e-03 0.000000e+00 0.000000e+00 0.000000e+00
PROFILE_ITER 0 112 3.043175e-03 9.129047e-04 0.000000e+00 1.370907e-03 0.000000e+00 0.000000e+00 0.000000e+00
PROFILE_ITER 0 113 3.047228e-03 9.107590e-04 0.000000e+00 1.374006e-03 1.192093e-06 0.000000e+00 0.000000e+00
PROFILE_ITER 0 114 3.049135e-03 9.129047e-04 0.000000e+00 1.378059e-03 0.000000e+00 0.000000e+00 0.000000e+00
PROFILE_ITER 1 109 2.711773e-03 1.250267e-03 0.000000e+00 2.668858e-03 0.000000e+00 0.000000e+00 0.000000e+00
PROFILE_ITER 1 110 2.707005e-03 1.260996e-03 0.000000e+00 2.664089e-03 0.000000e+00 0.000000e+00 0.000000e+00
PROFILE_ITER 1 111 2.716064e-03 1.238823e-03 0.000000e+00 2.674103e-03 0.000000e+00 0.000000e+00 0.000000e+00
PROFILE_ITER 1 112 2.707958e-03 1.247168e-03 0.000000e+00 2.665997e-03 0.000000e+00 0.000000e+00 0.000000e+00
PROFILE_ITER 1 113 2.709866e-03 1.248121e-03 0.000000e+00 2.670050e-03 0.000000e+00 0.000000e+00 0.000000e+00
PROFILE_ITER 1 114 2.675056e-03 1.287937e-03 0.000000e+00 2.635002e-03 0.000000e+00 0.000000e+00 0.000000e+00
PROFILE_ITER 1 115 2.717972e-03 1.251936e-03 0.000000e+00 2.675056e-03 0.000000e+00 0.000000e+00 0.000000e+00
PROFILE_ITER 1 116 2.668142e-03 1.287937e-03 0.000000e+00 2.624989e-03 0.000000e+00 0.000000e+00 0.000000e+00
PROFILE_ITER 1 117 2.701044e-03 1.266003e-03 0.000000e+00 2.659082e-03 0.000000e+00 0.000000e+00 0.000000e+00
PROFILE_ITER 1 118 2.689838e-03 1.268148e-03 0.000000e+00 2.646923e-03 0.000000e+00 0.000000e+00 0.000000e+00
PROFILE_ITER 1 119 2.691031e-03 1.277924e-03 0.000000e+00 2.649069e-03 0.000000e+00 0.000000e+00 0.000000e+00
PROFILE_ITER 1 120 2.708673e-03 1.248360e-03 0.000000e+00 2.667665e-03 0.000000e+00 0.000000e+00 0.000000e+00
PROFILE_ITER 1 121 2.692223e-03 1.277685e-03 0.000000e+00 2.650261e-03 0.000000e+00 0.000000e+00 0.000000e+00
PROFILE_ITER 1 122 2.710104e-03 1.257896e-03 0.000000e+00 2.669096e-03 0.000000e+00 0.000000e+00 0.000000e+00
PROFILE_ITER 0 115 3.055096e-03 9.148121e-04 0.000000e+00 1.376152e-03 0.000000e+00 0.000000e+00 0.000000e+00
PROFILE_ITER 0 116 3.047228e-03 9.088516e-04 0.000000e+00 1.373053e-03 0.000000e+00 0.000000e+00 0.000000e+00
PROFILE_ITER 0 117 3.051043e-03 9.160042e-04 0.000000e+00 1.374006e-03 0.000000e+00 0.000000e+00 0.000000e+00
PROFILE_ITER 0 118 3.040791e-03 9.171963e-04 0.000000e+00 1.373768e-03 0.000000e+00 0.000000e+00 0.000000e+00
PROFILE_ITER 0 119 3.047943e-03 9.210110e-04 0.000000e+00 1.370907e-03 9.536743e-07 0.000000e+00 0.000000e+00
PROFILE_ITER 1 123 2.708912e-03 1.254082e-03 0.000000e+00 2.665997e-03 0.000000e+00 0.000000e+00 0.000000e+00
PROFILE_ITER 1 124 2.717257e-03 1.254797e-03 0.000000e+00 2.674341e-03 0.000000e+00 0.000000e+00 9.536743e-07
PROFILE_ITER 1 125 2.676964e-03 1.296043e-03 0.000000e+00 2.635002e-03 0.000000e+00 0.000000e+00 0.000000e+00
PROFILE_ITER 0 120 3.044844e-03 9.121895e-04 0.000000e+00 1.370668e-03 0.000000e+00 0.000000e+00 0.000000e+00
PROFILE_ITER 0 121 3.051281e-03 9.186268e-04 0.000000e+00 1.373291e-03 0.000000e+00 0.000000e+00 0.000000e+00
PROFILE_ITER 0 122 3.057003e-03 9.109974e-04 0.000000e+00 1.372099e-03 0.000000e+00 0.000000e+00 0.000000e+00
PROFILE_ITER 0 123 3.051758e-03 9.112358e-04 0.000000e+00 1.372099e-03 0.000000e+00 0.000000e+00 0.000000e+00
PROFILE_ITER 1 126 2.676010e-03 1.286983e-03 0.000000e+00 2.633810e-03 0.000000e+00 0.000000e+00 0.000000e+00
PROFILE_ITER 1 127 2.707005e-03 1.245975e-03 0.000000e+00 2.665997e-03 0.000000e+00 0.000000e+00 0.000000e+00
PROFILE_ITER 1 128 2.727985e-03 1.248121e-03 0.000000e+00 2.686024e-03 0.000000e+00 0.000000e+00 9.536743e-07
PROFILE_ITER 1 129 2.690077e-03 1.271725e-03 9.536743e-07 2.645254e-03 0.000000e+00 0.000000e+00 0.000000e+00
PROFILE_ITER 0 124 3.052950e-03 9.191036e-04 0.000000e+00 1.374722e-03 0.000000e+00 0.000000e+00 0.000000e+00
PROFILE_ITER 0 125 3.052950e-03 9.200573e-04 0.000000e+00 1.374006e-03 0.000000e+00 0.000000e+00 0.000000e+00
PROFILE_ITER 1 130 2.733946e-03 1.248121e-03 0.000000e+00 2.692938e-03 0.000000e+00 0.000000e+00 0.000000e+00
PROFILE_ITER 1 131 2.686977e-03 1.288176e-03 0.000000e+00 2.644777e-03 0.000000e+00 0.000000e+00 0.000000e+00
PROFILE_ITER 1 132 2.712965e-03 1.255989e-03 0.000000e+00 2.671003e-03 0.000000e+00 0.000000e+00 0.000000e+00
PROFILE_ITER 1 133 2.710104e-03 1.242876e-03 0.000000e+00 2.669096e-03 0.000000e+00 0.000000e+00 0.000000e+00
PROFILE_ITER 0 126 3.048182e-03 9.148121e-04 0.000000e+00 1.368761e-03 1.192093e-06 0.000000e+00 0.000000e+00
PROFILE_ITER 0 127 3.036976e-03 9.150505e-04 0.000000e+00 1.372814e-03 0.000000e+00 0.000000e+00 0.000000e+00
PROFILE_ITER 0 128 3.062963e-03 9.131432e-04 0.000000e+00 1.371145e-03 0.000000e+00 0.000000e+00 0.000000e+00
PROFILE_ITER 0 129 3.044844e-03 9.169579e-04 0.000000e+00 1.368999e-03 0.000000e+00 0.000000e+00 9.536743e-07
PROFILE_ITER 0 130 3.064156e-03 9.179115e-04 0.000000e+00 1.370907e-03 0.000000e+00 9.536743e-07 0.000000e+00
PROFILE_ITER 0 131 3.050804e-03 9.243488e-04 0.000000e+00 1.376867e-03 0.000000e+00 0.000000e+00 0.000000e+00
PROFILE_ITER 0 132 3.049850e-03 9.191036e-04 0.000000e+00 1.373768e-03 0.000000e+00 0.000000e+00 0.000000e+00
PROFILE_ITER 1 134 2.662182e-03 1.307726e-03 0.000000e+00 2.619028e-03 0.000000e+00 0.000000e+00 0.000000e+00
PROFILE_ITER 1 135 2.708912e-03 1.247168e-03 0.000000e+00 2.667904e-03 0.000000e+00 0.000000e+00 0.000000e+00
PROFILE_ITER 1 136 2.712011e-03 1.245975e-03 0.000000e+00 2.666712e-03 0.000000e+00 0.000000e+00 2.145767e-06
PROFILE_ITER 1 137 2.717018e-03 1.235962e-03 9.536743e-07 2.676010e-03 0.000000e+00 0.000000e+00 0.000000e+00
PROFILE_ITER 1 138 2.683878e-03 1.277208e-03 0.000000e+00 2.642870e-03 0.000000e+00 0.000000e+00 0.000000e+00
PROFILE_ITER 0 133 3.042698e-03 9.102821e-04 0.000000e+00 1.370668e-03 0.000000e+00 0.000000e+00 0.000000e+00
PROFILE_ITER 0 134 3.051996e-03 9.169579e-04 0.000000e+00 1.372099e-03 0.000000e+00 0.000000e+00 0.000000e+00
PROFILE_ITER 1 139 2.669811e-03 1.292229e-03 0.000000e+00 2.628803e-03 0.000000e+00 0.000000e+00 0.000000e+00
PROFILE_ITER 1 140 2.701998e-03 1.261950e-03 0.000000e+00 2.660036e-03 0.000000e+00 0.000000e+00 0.000000e+00
PROFILE_ITER 0 135 3.043890e-03 9.131432e-04 9.536743e-07 1.374245e-03 0.000000e+00 0.000000e+00 0.000000e+00
PROFILE_ITER 0 136 3.045797e-03 9.131432e-04 0.000000e+00 1.375198e-03 0.000000e+00 0.000000e+00 0.000000e+00
PROFILE_ITER 0 137 3.041029e-03 9.119511e-04 0.000000e+00 1.372099e-03 9.536743e-07 0.000000e+00 0.000000e+00
PROFILE_ITER 1 141 2.705097e-03 1.257896e-03 0.000000e+00 2.663136e-03 0.000000e+00 0.000000e+00 0.000000e+00
PROFILE_ITER 1 142 2.708197e-03 1.256943e-03 0.000000e+00 2.665997e-03 0.000000e+00 0.000000e+00 0.000000e+00
PROFILE_ITER 1 143 2.705097e-03 1.241684e-03 0.000000e+00 2.661943e-03 0.000000e+00 0.000000e+00 0.000000e+00
PROFILE_ITER 0 138 3.042936e-03 9.181499e-04 0.000000e+00 1.373053e-03 9.536743e-07 0.000000e+00 0.000000e+00
PROFILE_ITER 0 139 3.051996e-03 9.109974e-04 0.000000e+00 1.378059e-03 0.000000e+00 0.000000e+00 0.000000e+00
PROFILE_ITER 1 144 2.660751e-03 1.298428e-03 0.000000e+00 2.619028e-03 0.000000e+00 0.000000e+00 0.000000e+00
PROFILE_ITER 1 145 2.701998e-03 1.250029e-03 0.000000e+00 2.660036e-03 0.000000e+00 0.000000e+00 9.536743e-07
PROFILE_ITER 1 146 2.679110e-03 1.282692e-03 0.000000e+00 2.638102e-03 0.000000e+00 0.000000e+00 0.000000e+00
PROFILE_ITER 0 140 3.045082e-03 9.179115e-04 0.000000e+00 1.373053e-03 0.000000e+00 0.000000e+00 0.000000e+00
PROFILE_ITER 0 141 3.044128e-03 9.188652e-04 0.000000e+00 1.374006e-03 0.000000e+00 0.000000e+00 0.000000e+00
PROFILE_ITER 0 142 3.043890e-03 9.212494e-04 0.000000e+00 1.375914e-03 0.000000e+00 0.000000e+00 0.000000e+00
PROFILE_ITER 1 147 2.694130e-03 1.255989e-03 0.000000e+00 2.650976e-03 9.536743e-07 0.000000e+00 0.000000e+00
PROFILE_ITER 1 148 2.704859e-03 1.261234e-03 0.000000e+00 2.662897e-03 0.000000e+00 0.000000e+00 0.000000e+00
PROFILE_ITER 0 143 3.036976e-03 9.088516e-04 0.000000e+00 1.371861e-03 0.000000e+00 0.000000e+00 0.000000e+00
PROFILE_ITER 0 144 3.040075e-03 9.200573e-04 0.000000e+00 1.374245e-03 0.000000e+00 0.000000e+00 0.000000e+00
PROFILE_ITER 0 145 3.036976e-03 9.150505e-04 0.000000e+00 1.368999e-03 9.536743e-07 0.000000e+00 9.536743e-07
PROFILE_ITER 1 149 2.671003e-03 1.286983e-03 0.000000e+00 2.629280e-03 0.000000e+00 0.000000e+00 0.000000e+00
PROFILE_ITER 1 150 2.714872e-03 1.242161e-03 0.000000e+00 2.672911e-03 0.000000e+00 0.000000e+00 0.000000e+00
PROFILE_ITER 1 151 2.704144e-03 1.257658e-03 0.000000e+00 2.660990e-03 0.000000e+00 0.000000e+00 0.000000e+00
PROFILE_ITER 0 146 3.045082e-03 9.167194e-04 9.536743e-07 1.369238e-03 0.000000e+00 0.000000e+00 0.000000e+00
PROFILE_ITER 0 147 3.037214e-03 9.129047e-04 0.000000e+00 1.372337e-03 0.000000e+00 0.000000e+00 0.000000e+00
PROFILE_ITER 0 148 3.053904e-03 9.131432e-04 0.000000e+00 1.378775e-03 0.000000e+00 0.000000e+00 0.000000e+00
PROFILE_ITER 0 149 3.047943e-03 9.100437e-04 0.000000e+00 1.375914e-03 0.000000e+00 0.000000e+00 0.000000e+00
PROFILE_ITER 1 152 2.710342e-03 1.256704e-03 0.000000e+00 2.669096e-03 0.000000e+00 0.000000e+00 0.000000e+00
PROFILE_ITER 1 153 2.701998e-03 1.275063e-03 0.000000e+00 2.661943e-03 0.000000e+00 0.000000e+00 0.000000e+00
PROFILE_ITER 1 154 2.682924e-03 1.288176e-03 0.000000e+00 2.641916e-03 0.000000e+00 0.000000e+00 0.000000e+00
PROFILE_ITER 1 155 2.721071e-03 1.242876e-03 0.000000e+00 2.679110e-03 0.000000e+00 0.000000e+00 0.000000e+00
PROFILE_ITER 1 156 2.711296e-03 1.264572e-03 0.000000e+00 2.668142e-03 0.000000e+00 0.000000e+00 0.000000e+00
PROFILE_ITER 1 157 2.732038e-03 1.225948e-03 0.000000e+00 2.688885e-03 0.000000e+00 0.000000e+00 0.000000e+00
PROFILE_ITER 1 158 2.702236e-03 1.260757e-03 0.000000e+00 2.660036e-03 0.000000e+00 0.000000e+00 0.000000e+00
PROFILE_ITER 0 150 3.045797e-03 9.112358e-04 9.536743e-07 1.372814e-03 9.536743e-07 0.000000e+00 0.000000e+00
PROFILE_ITER 0 151 3.049135e-03 9.126663e-04 0.000000e+00 1.371145e-03 0.000000e+00 0.000000e+00 0.000000e+00
PROFILE_ITER 0 152 3.051996e-03 9.150505e-04 0.000000e+00 1.373053e-03 0.000000e+00 0.000000e+00 0.000000e+00
PROFILE_ITER 1 159 2.719879e-03 1.252174e-03 0.000000e+00 2.677917e-03 0.000000e+00 0.000000e+00 0.000000e+00
PROFILE_ITER 1 160 2.703905e-03 1.263142e-03 0.000000e+00 2.662897e-03 0.000000e+00 0.000000e+00 0.000000e+00
PROFILE_ITER 0 153 3.059864e-03 9.171963e-04 0.000000e+00 1.377821e-03 0.000000e+00 0.000000e+00 0.000000e+00
PROFILE_ITER 0 154 3.056288e-03 9.148121e-04 0.000000e+00 1.376152e-03 0.000000e+00 0.000000e+00 0.000000e+00
PROFILE_ITER 0 155 3.049850e-03 9.140968e-04 0.000000e+00 1.377106e-03 0.000000e+00 0.000000e+00 0.000000e+00
PROFILE_ITER 0 156 3.059864e-03 9.160042e-04 0.000000e+00 1.377106e-03 0.000000e+00 0.000000e+00 0.000000e+00
PROFILE_ITER 0 157 3.050089e-03 9.078979e-04 0.000000e+00 1.374960e-03 0.000000e+00 0.000000e+00 0.000000e+00
PROFILE_ITER 0 158 3.051996e-03 9.100437e-04 0.000000e+00 1.373768e-03 9.536743e-07 0.000000e+00 0.000000e+00
PROFILE_ITER 1 161 2.679110e-03 1.278877e-03 0.000000e+00 2.636194e-03 0.000000e+00 0.000000e+00 0.000000e+00
PROFILE_ITER 1 162 2.717972e-03 1.233101e-03 0.000000e+00 2.673864e-03 0.000000e+00 0.000000e+00 0.000000e+00
PROFILE_ITER 1 163 2.712011e-03 1.252890e-03 0.000000e+00 2.668858e-03 0.000000e+00 0.000000e+00 0.000000e+00
PROFILE_ITER 1 164 2.668142e-03 1.297951e-03 0.000000e+00 2.626181e-03 0.000000e+00 0.000000e+00 0.000000e+00
PROFILE_ITER 1 165 2.723217e-03 1.237631e-03 0.000000e+00 2.681255e-03 0.000000e+00 0.000000e+00 0.000000e+00
PROFILE_ITER 1 166 2.700090e-03 1.260042e-03 9.536743e-07 2.657175e-03 0.000000e+00 0.000000e+00 0.000000e+00
PROFILE_ITER 0 159 3.053904e-03 9.181499e-04 0.000000e+00 1.377106e-03 0.000000e+00 0.000000e+00 0.000000e+00
PROFILE_ITER 0 160 3.046989e-03 9.200573e-04 0.000000e+00 1.372099e-03 0.000000e+00 0.000000e+00 0.000000e+00
PROFILE_ITER 0 161 3.045797e-03 9.121895e-04 0.000000e+00 1.370907e-03 0.000000e+00 0.000000e+00 0.000000e+00
PROFILE_ITER 0 162 3.040075e-03 9.109974e-04 0.000000e+00 1.369953e-03 0.000000e+00 0.000000e+00 0.000000e+00
PROFILE_ITER 1 167 2.688646e-03 1.267433e-03 0.000000e+00 2.646923e-03 0.000000e+00 0.000000e+00 0.000000e+00
PROFILE_ITER 1 168 2.708912e-03 1.250029e-03 0.000000e+00 2.669096e-03 0.000000e+00 0.000000e+00 0.000000e+00
PROFILE_ITER 1 169 2.705097e-03 1.264811e-03 0.000000e+00 2.664089e-03 0.000000e+00 0.000000e+00 0.000000e+00
PROFILE_ITER 1 170 2.707005e-03 1.258135e-03 0.000000e+00 2.663851e-03 0.000000e+00 0.000000e+00 0.000000e+00
PROFILE_ITER 1 171 2.656221e-03 1.307726e-03 0.000000e+00 2.614260e-03 0.000000e+00 0.000000e+00 0.000000e+00
PROFILE_ITER 1 172 2.669096e-03 1.291990e-03 0.000000e+00 2.626181e-03 0.000000e+00 0.000000e+00 0.000000e+00
PROFILE_ITER 0 163 3.047943e-03 9.169579e-04 9.536743e-07 1.373053e-03 0.000000e+00 0.000000e+00 0.000000e+00
PROFILE_ITER 0 164 3.055096e-03 9.109974e-04 0.000000e+00 1.374006e-03 0.000000e+00 0.000000e+00 0.000000e+00
PROFILE_ITER 0 165 3.042936e-03 9.169579e-04 9.536743e-07 1.374006e-03 0.000000e+00 0.000000e+00 0.000000e+00
PROFILE_ITER 0 166 3.040791e-03 9.202957e-04 0.000000e+00 1.368046e-03 0.000000e+00 0.000000e+00 0.000000e+00
PROFILE_ITER 0 167 3.040791e-03 9.152889e-04 0.000000e+00 1.372099e-03 0.000000e+00 0.000000e+00 0.000000e+00
PROFILE_ITER 0 168 3.047943e-03 9.109974e-04 0.000000e+00 1.375914e-03 0.000000e+00 0.000000e+00 0.000000e+00
PROFILE_ITER 1 173 2.710104e-03 1.250744e-03 0.000000e+00 2.666950e-03 0.000000e+00 0.000000e+00 0.000000e+00
PROFILE_ITER 1 174 2.705097e-03 1.256943e-03 0.000000e+00 2.665043e-03 0.000000e+00 0.000000e+00 0.000000e+00
PROFILE_ITER 0 169 3.047705e-03 9.222031e-04 0.000000e+00 1.373768e-03 0.000000e+00 0.000000e+00 0.000000e+00
PROFILE_ITER 0 170 3.045082e-03 9.200573e-04 0.000000e+00 1.369238e-03 0.000000e+00 0.000000e+00 0.000000e+00
PROFILE_ITER 0 171 3.047943e-03 9.150505e-04 0.000000e+00 1.371861e-03 9.536743e-07 0.000000e+00 0.000000e+00
PROFILE_ITER 0 172 3.047228e-03 9.126663e-04 9.536743e-07 1.372337e-03 9.536743e-07 0.000000e+00 0.000000e+00
PROFILE_ITER 1 175 2.700806e-03 1.261234e-03 0.000000e+00 2.660036e-03 0.000000e+00 0.000000e+00 0.000000e+00
PROFILE_ITER 1 176 2.690077e-03 1.277924e-03 0.000000e+00 2.647161e-03 0.000000e+00 0.000000e+00 0.000000e+00
PROFILE_ITER 1 177 2.713919e-03 1.246929e-03 0.000000e+00 2.671957e-03 0.000000e+00 0.000000e+00 0.000000e+00
PROFILE_ITER 1 178 2.717972e-03 1.253128e-03 0.000000e+00 2.676010e-03 0.000000e+00 0.000000e+00 0.000000e+00
PROFILE_ITER 1 179 2.715111e-03 1.254797e-03 0.000000e+00 2.673149e-03 0.000000e+00 0.000000e+00 0.000000e+00
PROFILE_ITER 0 173 3.040075e-03 9.210110e-04 0.000000e+00 1.372814e-03 0.000000e+00 0.000000e+00 0.000000e+00
PROFILE_ITER 0 174 3.048897e-03 9.140968e-04 0.000000e+00 1.371145e-03 9.536743e-07 0.000000e+00 0.000000e+00
PROFILE_ITER 1 180 2.719164e-03 1.251936e-03 0.000000e+00 2.677202e-03 0.000000e+00 0.000000e+00 0.000000e+00
PROFILE_ITER 0 175 3.041983e-03 9.200573e-04 0.000000e+00 1.368999e-03 0.000000e+00 0.000000e+00 0.000000e+00
PROFILE_ITER 0 176 3.049850e-03 9.181499e-04 0.000000e+00 1.370907e-03 9.536743e-07 0.000000e+00 0.000000e+00
PROFILE_ITER 1 181 2.699137e-03 1.252890e-03 0.000000e+00 2.658367e-03 0.000000e+00 0.000000e+00 0.000000e+00
PROFILE_ITER 0 177 3.048897e-03 9.119511e-04 0.000000e+00 1.373291e-03 0.000000e+00 0.000000e+00 0.000000e+00
PROFILE_ITER 0 178 3.057241e-03 9.138584e-04 0.000000e+00 1.373291e-03 0.000000e+00 0.000000e+00 0.000000e+00
PROFILE_ITER 1 182 2.712011e-03 1.249075e-03 0.000000e+00 2.669096e-03 0.000000e+00 0.000000e+00 0.000000e+00
PROFILE_ITER 1 183 2.685070e-03 1.280785e-03 0.000000e+00 2.643108e-03 0.000000e+00 0.000000e+00 0.000000e+00
PROFILE_ITER 1 184 2.670050e-03 1.292944e-03 0.000000e+00 2.629042e-03 0.000000e+00 0.000000e+00 0.000000e+00
PROFILE_ITER 1 185 2.711773e-03 1.242161e-03 0.000000e+00 2.670765e-03 0.000000e+00 0.000000e+00 0.000000e+00
PROFILE_ITER 0 179 3.057957e-03 9.119511e-04 0.000000e+00 1.376152e-03 0.000000e+00 0.000000e+00 0.000000e+00
PROFILE_ITER 0 180 3.052950e-03 9.181499e-04 0.000000e+00 1.373768e-03 0.000000e+00 0.000000e+00 0.000000e+00
PROFILE_ITER 1 186 2.688885e-03 1.275301e-03 9.536743e-07 2.647877e-03 0.000000e+00 0.000000e+00 0.000000e+00
PROFILE_ITER 1 187 2.699137e-03 1.259804e-03 0.000000e+00 2.656937e-03 0.000000e+00 0.000000e+00 1.192093e-06
PROFILE_ITER 0 181 3.036976e-03 9.150505e-04 0.000000e+00 1.373768e-03 0.000000e+00 0.000000e+00 0.000000e+00
PROFILE_ITER 0 182 3.048182e-03 9.129047e-04 0.000000e+00 1.370907e-03 0.000000e+00 0.000000e+00 1.192093e-06
PROFILE_ITER 0 183 3.044128e-03 9.217262e-04 0.000000e+00 1.376152e-03 0.000000e+00 0.000000e+00 0.000000e+00
PROFILE_ITER 1 188 2.702951e-03 1.250029e-03 0.000000e+00 2.660990e-03 0.000000e+00 0.000000e+00 0.000000e+00
PROFILE_ITER 1 189 2.711773e-03 1.239300e-03 0.000000e+00 2.668858e-03 0.000000e+00 0.000000e+00 0.000000e+00
PROFILE_ITER 1 190 2.670050e-03 1.282930e-03 0.000000e+00 2.629042e-03 0.000000e+00 0.000000e+00 0.000000e+00
PROFILE_ITER 0 184 3.043175e-03 9.198189e-04 0.000000e+00 1.372099e-03 0.000000e+00 0.000000e+00 0.000000e+00
PROFILE_ITER 0 185 3.039122e-03 9.148121e-04 0.000000e+00 1.368999e-03 0.000000e+00 0.000000e+00 0.000000e+00
PROFILE_ITER 0 186 3.046989e-03 9.171963e-04 9.536743e-07 1.377106e-03 0.000000e+00 0.000000e+00 0.000000e+00
PROFILE_ITER 1 191 2.656937e-03 1.315117e-03 0.000000e+00 2.614021e-03 0.000000e+00 0.000000e+00 0.000000e+00
PROFILE_ITER 1 192 2.712011e-03 1.248837e-03 0.000000e+00 2.670050e-03 0.000000e+00 0.000000e+00 0.000000e+00
PROFILE_ITER 1 193 2.682924e-03 1.277208e-03 0.000000e+00 2.639055e-03 0.000000e+00 0.000000e+00 0.000000e+00
PROFILE_ITER 1 194 2.707958e-03 1.255035e-03 0.000000e+00 2.666950e-03 0.000000e+00 0.000000e+00 0.000000e+00
PROFILE_ITER 0 187 3.047228e-03 9.107590e-04 0.000000e+00 1.370192e-03 1.192093e-06 0.000000e+00 0.000000e+00
PROFILE_ITER 0 188 3.039837e-03 9.131432e-04 0.000000e+00 1.368999e-03 0.000000e+00 9.536743e-07 0.000000e+00
PROFILE_ITER 0 189 3.039122e-03 9.119511e-04 0.000000e+00 1.373053e-03 9.536743e-07 0.000000e+00 0.000000e+00
PROFILE_ITER 1 195 2.681971e-03 1.281977e-03 0.000000e+00 2.640009e-03 0.000000e+00 0.000000e+00 0.000000e+00
PROFILE_ITER 1 196 2.712965e-03 1.240015e-03 0.000000e+00 2.671957e-03 0.000000e+00 0.000000e+00 0.000000e+00
PROFILE_ITER 1 197 2.696037e-03 1.255035e-03 0.000000e+00 2.654076e-03 0.000000e+00 0.000000e+00 0.000000e+00
PROFILE_ITER 0 190 3.034830e-03 9.181499e-04 0.000000e+00 1.369953e-03 1.907349e-06 0.000000e+00 0.000000e+00
PROFILE_ITER 0 191 3.047943e-03 9.229183e-04 0.000000e+00 1.378059e-03 0.000000e+00 0.000000e+00 0.000000e+00
PROFILE_ITER 1 198 2.691031e-03 1.271009e-03 0.000000e+00 2.650023e-03 0.000000e+00 0.000000e+00 0.000000e+00
PROFILE_ITER 1 199 2.684116e-03 1.283884e-03 0.000000e+00 2.642155e-03 0.000000e+00 0.000000e+00 0.000000e+00
PROFILE_ITER 0 192 3.044128e-03 9.179115e-04 0.000000e+00 1.369953e-03 1.192093e-06 0.000000e+00 0.000000e+00
PROFILE_ITER 0 193 3.043890e-03 9.162426e-04 0.000000e+00 1.372814e-03 0.000000e+00 0.000000e+00 0.000000e+00
PROFILE_ITER 0 194 3.046751e-03 9.162426e-04 0.000000e+00 1.376629e-03 0.000000e+00 0.000000e+00 0.000000e+00
PROFILE_ITER 0 195 3.054857e-03 9.090900e-04 0.000000e+00 1.370907e-03 0.000000e+00 0.000000e+00 0.000000e+00
PROFILE_ACCUM 1 spmv=5.410523e-01 vecops=4.623513e-01 send_fill=1.120567e-05 local_spmv=5.323586e-01 comm_wait=4.053116e-06 shared_spmv=0.000000e+00 send_wait=2.789497e-05
PROFILE_ITER 0 196 3.040075e-03 9.129047e-04 0.000000e+00 1.368999e-03 0.000000e+00 0.000000e+00 0.000000e+00
PROFILE_ITER 0 197 3.041029e-03 9.109974e-04 1.192093e-06 1.371861e-03 0.000000e+00 0.000000e+00 0.000000e+00
PROFILE_ITER 0 198 3.045082e-03 9.169579e-04 0.000000e+00 1.372099e-03 9.536743e-07 0.000000e+00 0.000000e+00
PROFILE_ITER 0 199 3.046751e-03 9.212494e-04 0.000000e+00 1.371145e-03 0.000000e+00 0.000000e+00 0.000000e+00
PROFILE_ACCUM 0 spmv=6.100636e-01 vecops=1.842010e-01 send_fill=1.859665e-05 local_spmv=2.747211e-01 comm_wait=4.220009e-05 shared_spmv=1.168251e-05 send_wait=5.960464e-06
