Matrix name : /home/bugra/Workspace/C/HetHypPar_rewrite/data/matrices/cage11_1c_3g/cage11_1c_3g.mtx

	****	Matrix File readed	****LOG: Finished Creating Shard CSC
LOG: Finished Creating Vectors
PROFILE_HEADER rank iter spmv vecops send_fill local_spmv comm_wait shared_spmv send_wait
PROFILE_ITER 1 0 8.230209e-04 1.125228e-01 0.000000e+00 7.388592e-04 0.000000e+00 0.000000e+00 1.192093e-06
PROFILE_ITER 1 1 5.080700e-04 1.840591e-04 0.000000e+00 4.971027e-04 0.000000e+00 0.000000e+00 0.000000e+00
PROFILE_ITER 1 2 5.342960e-04 1.757145e-04 0.000000e+00 5.249977e-04 0.000000e+00 0.000000e+00 0.000000e+00
PROFILE_ITER 1 3 5.359650e-04 1.678467e-04 0.000000e+00 5.269051e-04 0.000000e+00 0.000000e+00 0.000000e+00
PROFILE_ITER 1 4 4.949570e-04 1.752377e-04 0.000000e+00 4.861355e-04 0.000000e+00 0.000000e+00 0.000000e+00
PROFILE_ITER 1 5 5.369186e-04 1.730919e-04 9.536743e-07 5.280972e-04 0.000000e+00 0.000000e+00 0.000000e+00
PROFILE_ITER 1 6 5.350113e-04 1.599789e-04 0.000000e+00 5.240440e-04 0.000000e+00 0.000000e+00 9.536743e-07
PROFILE_ITER 1 7 5.362034e-04 1.597404e-04 0.000000e+00 5.271435e-04 0.000000e+00 0.000000e+00 0.000000e+00
PROFILE_ITER 1 8 5.350113e-04 1.699924e-04 0.000000e+00 5.259514e-04 0.000000e+00 0.000000e+00 0.000000e+00
PROFILE_ITER 1 9 5.321503e-04 1.688004e-04 0.000000e+00 5.230904e-04 0.000000e+00 0.000000e+00 0.000000e+00
PROFILE_ITER 1 10 5.118847e-04 1.602173e-04 0.000000e+00 5.018711e-04 0.000000e+00 0.000000e+00 0.000000e+00
PROFILE_ITER 1 11 4.959106e-04 1.749992e-04 0.000000e+00 4.851818e-04 0.000000e+00 0.000000e+00 0.000000e+00
PROFILE_ITER 1 12 5.319118e-04 1.690388e-04 0.000000e+00 5.228519e-04 0.000000e+00 0.000000e+00 0.000000e+00
PROFILE_ITER 1 13 5.321503e-04 1.678467e-04 0.000000e+00 5.240440e-04 0.000000e+00 0.000000e+00 0.000000e+00
PROFILE_ITER 1 14 5.371571e-04 1.688004e-04 0.000000e+00 5.290508e-04 0.000000e+00 0.000000e+00 0.000000e+00
PROFILE_ITER 1 15 5.393028e-04 1.657009e-04 0.000000e+00 5.290508e-04 0.000000e+00 0.000000e+00 1.192093e-06
PROFILE_ITER 1 16 5.350113e-04 1.780987e-04 0.000000e+00 5.269051e-04 0.000000e+00 0.000000e+00 0.000000e+00
PROFILE_ITER 1 17 5.140305e-04 1.769066e-04 0.000000e+00 5.040169e-04 0.000000e+00 0.000000e+00 0.000000e+00
PROFILE_ITER 1 18 4.920959e-04 1.628399e-04 0.000000e+00 4.820824e-04 0.000000e+00 0.000000e+00 0.000000e+00
PROFILE_ITER 1 19 5.359650e-04 1.611710e-04 0.000000e+00 5.261898e-04 0.000000e+00 0.000000e+00 0.000000e+00
PROFILE_ITER 1 20 5.178452e-04 1.602173e-04 0.000000e+00 5.068779e-04 0.000000e+00 0.000000e+00 0.000000e+00
PROFILE_ITER 1 21 4.909039e-04 1.759529e-04 0.000000e+00 4.820824e-04 0.000000e+00 0.000000e+00 0.000000e+00
PROFILE_ITER 1 22 4.918575e-04 1.592636e-04 0.000000e+00 4.818439e-04 0.000000e+00 0.000000e+00 0.000000e+00
PROFILE_ITER 1 23 5.109310e-04 1.690388e-04 0.000000e+00 5.028248e-04 0.000000e+00 0.000000e+00 0.000000e+00
PROFILE_ITER 1 24 5.359650e-04 1.759529e-04 0.000000e+00 5.249977e-04 0.000000e+00 0.000000e+00 9.536743e-07
PROFILE_ITER 1 25 5.359650e-04 1.671314e-04 0.000000e+00 5.249977e-04 0.000000e+00 0.000000e+00 0.000000e+00
PROFILE_ITER 1 26 5.149841e-04 1.609325e-04 0.000000e+00 5.061626e-04 0.000000e+00 0.000000e+00 0.000000e+00
PROFILE_ITER 1 27 5.400181e-04 1.749992e-04 0.000000e+00 5.300045e-04 0.000000e+00 0.000000e+00 0.000000e+00
PROFILE_ITER 1 28 5.359650e-04 1.680851e-04 0.000000e+00 5.259514e-04 0.000000e+00 0.000000e+00 9.536743e-07
PROFILE_ITER 1 29 5.121231e-04 1.688004e-04 0.000000e+00 5.040169e-04 0.000000e+00 0.000000e+00 0.000000e+00
PROFILE_ITER 1 30 5.002022e-04 1.697540e-04 0.000000e+00 4.920959e-04 0.000000e+00 0.000000e+00 0.000000e+00
PROFILE_ITER 1 31 4.968643e-04 1.692772e-04 0.000000e+00 4.880428e-04 0.000000e+00 0.000000e+00 0.000000e+00
PROFILE_ITER 1 32 5.140305e-04 1.678467e-04 0.000000e+00 5.059242e-04 0.000000e+00 0.000000e+00 0.000000e+00
PROFILE_ITER 1 33 5.359650e-04 1.740456e-04 0.000000e+00 5.271435e-04 0.000000e+00 0.000000e+00 0.000000e+00
PROFILE_ITER 1 34 5.369186e-04 1.711845e-04 0.000000e+00 5.290508e-04 0.000000e+00 0.000000e+00 0.000000e+00
PROFILE_ITER 1 35 5.369186e-04 1.609325e-04 0.000000e+00 5.280972e-04 0.000000e+00 0.000000e+00 0.000000e+00
PROFILE_ITER 1 36 5.140305e-04 1.611710e-04 0.000000e+00 5.049706e-04 0.000000e+00 0.000000en_iters : 200 
spmv : 0.138621 
file_read : 0.390550 
relative_residual : 2.976812E-16
everything_total : 0.641448

----------------------------------------------------------------------
PROFILE_HEADER rank iter spmv vecops send_fill local_spmv comm_wait shared_spmv send_wait
PROFILE_ITER 0 0 4.031658e-04 9.098053e-04 9.536743e-07 1.471043e-04 1.192093e-06 0.000000e+00 0.000000e+00
PROFILE_ITER 0 1 3.581047e-04 3.340244e-04 0.000000e+00 1.440048e-04 0.000000e+00 0.000000e+00 0.000000e+00
PROFILE_ITER 0 2 3.509521e-04 3.600121e-04 0.000000e+00 1.430511e-04 9.536743e-07 0.000000e+00 0.000000e+00
PROFILE_ITER 0 3 3.509521e-04 3.519058e-04 0.000000e+00 1.430511e-04 0.000000e+00 0.000000e+00 0.000000e+00
PROFILE_ITER 0 4 3.449917e-04 3.252029e-04 0.000000e+00 1.420975e-04 0.000000e+00 0.000000e+00 0.000000e+00
PROFILE_ITER 0 5 3.738403e-04 3.361702e-04 9.536743e-07 1.430511e-04 0.000000e+00 0.000000e+00 0.000000e+00
PROFILE_ITER 0 6 3.411770e-04 3.538132e-04 9.536743e-07 1.420975e-04 0.000000e+00 0.000000e+00 0.000000e+00
PROFILE_ITER 0 7 3.411770e-04 3.547668e-04 0.000000e+00 1.440048e-04 0.000000e+00 0.000000e+00 0.000000e+00
PROFILE_ITER 0 8 3.499985e-04 3.550053e-04 0.000000e+00 1.430511e-04 0.000000e+00 0.000000e+00 0.000000e+00
PROFILE_ITER 0 9 3.449917e-04 3.559589e-04 0.000000e+00 1.440048e-04 0.000000e+00 0.000000e+00 0.000000e+00
PROFILE_ITER 0 10 3.499985e-04 3.221035e-04 0.000000e+00 1.440048e-04 0.000000e+00 0.000000e+00 0.000000e+00
PROFILE_ITER 0 11 3.499985e-04 3.209114e-04 0.000000e+00 1.440048e-04 0.000000e+00 0.000000e+00 0.000000e+00
PROFILE_ITER 0 12 3.499985e-04 3.509521e-04 0.000000e+00 1.442432e-04 0.000000e+00 0.000000e+00 0.000000e+00
PROFILE_ITER 0 13 3.530979e-04 3.468990e-04 0.000000e+00 1.459122e-04 0.000000e+00 0.000000e+00 0.000000e+00
PROFILE_ITER 0 14 3.490448e-04 3.569126e-04 0.000000e+00 1.430511e-04 0.000000e+00 0.000000e+00 0.000000e+00
PROFILE_ITER 0 15 3.480911e-04 3.569126e-04 0.000000e+00 1.430511e-04 0.000000e+00 0.000000e+00 0.000000e+00
PROFILE_ITER 0 16 3.499985e-04 3.631115e-04 0.000000e+00 1.430511e-04 9.536743e-07 0.000000e+00 0.000000e+00
PROFILE_ITER 0 17 3.497601e-04 3.411770e-04 0.000000e+00 1.428127e-04 0.000000e+00 0.000000e+00 0.000000e+00
PROFILE_ITER 0 18 3.478527e-04 3.082752e-04 0.000000e+00 1.428127e-04 0.000000e+00 0.000000e+00 0.000000e+00
PROFILE_ITER 0 19 3.478527e-04 3.480911e-04 0.000000e+00 1.418591e-04 0.000000e+00 0.000000e+00 0.000000e+00
PROFILE_ITER 0 20 3.502369e-04 3.278255e-04 0.000000e+00 1.430511e-04 0.000000e+00 0.000000e+00 0.000000e+00
PROFILE_ITER 0 21 3.449917e-04 3.218651e-04 0.000000e+00 1.418591e-04 0.000000e+00 0.000000e+00 0.000000e+00
PROFILE_ITER 0 22 3.488064e-04 3.032684e-04 0.000000e+00 1.428127e-04 0.000000e+00 0.000000e+00 0.000000e+00
PROFILE_ITER 0 23 3.497601e-04 3.292561e-04 0.000000e+00 1.428127e-04 0.000000e+00 0.000000e+00 0.000000e+00
PROFILE_ITER 0 24 3.397465e-04 3.721714e-04 0.000000e+00 1.416206e-04 0.000000e+00 0.000000e+00 0.000000e+00
PROFILE_ITER 0 25 3.490448e-04 3.540516e-04 0.000000e+00 1.430511e-04 0.000000e+00 0.000000e+00 0.000000e+00
PROFILE_ITER 0 26 3.499985e-04 3.268719e-04 0.000000e+00 1.430511e-04 0.000000e+00 0.000000e+00 0.000000e+00
PROFILE_ITER 0 27 3.478527e-04 3.662109e-04 0.000000e+00 1.428127e-04 0.000000e+00 0.000000e+00 0.000000e+00
PROFILE_ITER 0 28 3.421307e-04 3.619194e-04 0.000000e+00 1.440048e-04 0.000000e+00 0.000000e+00 0.000000e+00
PROFILE_ITER 0 29 3.559589e-04 3.249645e-04 0.000000e+00 1.428127e-04 0.000000e+00 0.000000e+00 0.000000e+00
PROFILE_ITER 0 30 3.869534e-04 2.830029e-04 0.000000e+00 1.440048e-04 0.000000e+00 0.000000e+00 0.000000e+00
PROFILE_ITER 0 31 3.519058e-04 3.142357e-04 0.000000e+00 1.430511e-04 0.000000e+00 0.000000e+00 9.536743e-07
PROFILE_ITER 0 32 3.499985e-04 3.318787e-04 0.000000e+00 1.430511e-04 0.000000e+00 0.000000e+00 0.000000e+00
PROFILE_ITER 0 33 3.490448e-04 3.619194e-04 0.000000e+00 1.430511e-04 0.000000e+00 0.000000e+00 0.000000e+00
PROFILE_ITER 0 34 3.449917e-04 3.621578e-04 0.000000e+00 1.428127e-04 0.000000e+00 0.000000e+00 0.000000e+00
PROFILE_ITER 0+00 0.000000e+00
PROFILE_ITER 1 37 5.378723e-04 1.661777e-04 0.000000e+00 5.269051e-04 9.536743e-07 0.000000e+00 0.000000e+00
PROFILE_ITER 1 38 5.390644e-04 1.757145e-04 0.000000e+00 5.311966e-04 0.000000e+00 0.000000e+00 0.000000e+00
PROFILE_ITER 1 39 5.400181e-04 1.749992e-04 0.000000e+00 5.311966e-04 0.000000e+00 0.000000e+00 0.000000e+00
PROFILE_ITER 1 40 5.378723e-04 1.683235e-04 0.000000e+00 5.290508e-04 0.000000e+00 0.000000e+00 0.000000e+00
PROFILE_ITER 1 41 4.909039e-04 1.749992e-04 0.000000e+00 4.830360e-04 0.000000e+00 0.000000e+00 0.000000e+00
PROFILE_ITER 1 42 5.409718e-04 1.671314e-04 0.000000e+00 5.309582e-04 0.000000e+00 0.000000e+00 0.000000e+00
PROFILE_ITER 1 43 4.940033e-04 1.678467e-04 0.000000e+00 4.849434e-04 0.000000e+00 0.000000e+00 0.000000e+00
PROFILE_ITER 1 44 5.390644e-04 1.759529e-04 0.000000e+00 5.300045e-04 0.000000e+00 0.000000e+00 0.000000e+00
PROFILE_ITER 1 45 5.371571e-04 1.678467e-04 0.000000e+00 5.280972e-04 0.000000e+00 0.000000e+00 0.000000e+00
PROFILE_ITER 1 46 5.390644e-04 1.690388e-04 0.000000e+00 5.309582e-04 0.000000e+00 0.000000e+00 0.000000e+00
PROFILE_ITER 1 47 5.369186e-04 1.690388e-04 0.000000e+00 5.288124e-04 0.000000e+00 0.000000e+00 0.000000e+00
PROFILE_ITER 1 48 4.971027e-04 1.747608e-04 0.000000e+00 4.870892e-04 0.000000e+00 0.000000e+00 0.000000e+00
PROFILE_ITER 1 49 5.187988e-04 1.673698e-04 0.000000e+00 5.090237e-04 9.536743e-07 0.000000e+00 9.536743e-07
PROFILE_ITER 1 50 5.159378e-04 1.699924e-04 0.000000e+00 5.080700e-04 0.000000e+00 0.000000e+00 0.000000e+00
PROFILE_ITER 1 51 5.381107e-04 1.678467e-04 0.000000e+00 5.300045e-04 0.000000e+00 0.000000e+00 0.000000e+00
PROFILE_ITER 1 52 5.178452e-04 1.671314e-04 0.000000e+00 5.090237e-04 0.000000e+00 0.000000e+00 0.000000e+00
PROFILE_ITER 1 53 4.940033e-04 1.668930e-04 0.000000e+00 4.849434e-04 0.000000e+00 0.000000e+00 0.000000e+00
PROFILE_ITER 1 54 5.433559e-04 1.747608e-04 0.000000e+00 5.340576e-04 0.000000e+00 0.000000e+00 0.000000e+00
PROFILE_ITER 1 55 5.409718e-04 1.668930e-04 0.000000e+00 5.311966e-04 9.536743e-07 0.000000e+00 0.000000e+00
PROFILE_ITER 1 56 5.390644e-04 1.668930e-04 0.000000e+00 5.300045e-04 0.000000e+00 0.000000e+00 0.000000e+00
PROFILE_ITER 1 57 5.359650e-04 1.771450e-04 0.000000e+00 5.280972e-04 0.000000e+00 0.000000e+00 0.000000e+00
PROFILE_ITER 1 58 5.359650e-04 1.609325e-04 0.000000e+00 5.271435e-04 0.000000e+00 0.000000e+00 0.000000e+00
PROFILE_ITER 1 59 5.378723e-04 1.761913e-04 9.536743e-07 5.290508e-04 0.000000e+00 0.000000e+00 0.000000e+00
PROFILE_ITER 1 60 5.381107e-04 1.759529e-04 0.000000e+00 5.300045e-04 0.000000e+00 0.000000e+00 0.000000e+00
PROFILE_ITER 1 61 5.390644e-04 1.747608e-04 0.000000e+00 5.290508e-04 0.000000e+00 0.000000e+00 0.000000e+00
PROFILE_ITER 1 62 5.171299e-04 1.609325e-04 0.000000e+00 5.080700e-04 0.000000e+00 0.000000e+00 0.000000e+00
PROFILE_ITER 1 63 5.409718e-04 1.749992e-04 0.000000e+00 5.309582e-04 0.000000e+00 0.000000e+00 0.000000e+00
PROFILE_ITER 1 64 4.928112e-04 1.683235e-04 0.000000e+00 4.849434e-04 0.000000e+00 0.000000e+00 0.000000e+00
PROFILE_ITER 1 65 5.180836e-04 1.668930e-04 0.000000e+00 5.080700e-04 0.000000e+00 0.000000e+00 0.000000e+00
PROFILE_ITER 1 66 5.390644e-04 1.759529e-04 0.000000e+00 5.300045e-04 0.000000e+00 0.000000e+00 0.000000e+00
PROFILE_ITER 1 67 4.940033e-04 1.690388e-04 0.000000e+00 4.839897e-04 0.000000e+00 0.000000e+00 0.000000e+00
PROFILE_ITER 1 68 4.930496e-04 1.628399e-04 0.000000e+00 4.839897e-04 0.000000e+00 0.000000e+00 0.000000e+00
PROFILE_ITER 1 69 5.168915e-04 1.761913e-04 0.000000e+00 5.071163e-04 0.000000e+00 0.000000e+00 0.000000e+00
PROFILE_ITER 1 70 4.930496e-04 1.769066e-04 0.000000e+00 4.830360e-04 0.000000e+00 0.000000e+00 0.000000e+00
PROFILE_ITER 1 71 4.930496e-04 1.599789e-04 0.000000e+00 4.842281e-04 0.000000e+00 0.000000e+00 9.536743e-07
PROFILE_ITER 1 72 5.140305e-04 1.668930e-04 0.000000e+00 5.028248e-04 0.000000e+00 0.000000e+00 0.000000e+00
PROFILE_ITER 1 73 4.961491e-04 1.699924e-04 0.000000e+00 4.870892e-04 0.000000e+00 0.000000e+00 0.000000e+00
PROFILE_ITER 1 74 4.918575e-04 1.609325e-04 0. 35 3.480911e-04 3.497601e-04 0.000000e+00 1.430511e-04 0.000000e+00 0.000000e+00 0.000000e+00
PROFILE_ITER 0 36 3.499985e-04 3.261566e-04 0.000000e+00 1.428127e-04 0.000000e+00 0.000000e+00 0.000000e+00
PROFILE_ITER 0 37 3.490448e-04 3.550053e-04 0.000000e+00 1.420975e-04 0.000000e+00 0.000000e+00 0.000000e+00
PROFILE_ITER 0 38 3.421307e-04 3.726482e-04 0.000000e+00 1.440048e-04 0.000000e+00 0.000000e+00 0.000000e+00
PROFILE_ITER 0 39 3.492832e-04 3.657341e-04 0.000000e+00 1.430511e-04 0.000000e+00 0.000000e+00 0.000000e+00
PROFILE_ITER 0 40 3.490448e-04 3.571510e-04 0.000000e+00 1.430511e-04 0.000000e+00 0.000000e+00 0.000000e+00
PROFILE_ITER 0 41 3.499985e-04 3.168583e-04 0.000000e+00 1.420975e-04 0.000000e+00 0.000000e+00 0.000000e+00
PROFILE_ITER 0 42 3.437996e-04 3.633499e-04 0.000000e+00 1.430511e-04 0.000000e+00 0.000000e+00 0.000000e+00
PROFILE_ITER 0 43 3.530979e-04 3.087521e-04 0.000000e+00 1.440048e-04 0.000000e+00 0.000000e+00 9.536743e-07
PROFILE_ITER 0 44 3.459454e-04 3.690720e-04 0.000000e+00 1.428127e-04 0.000000e+00 0.000000e+00 0.000000e+00
PROFILE_ITER 0 45 3.490448e-04 3.559589e-04 0.000000e+00 1.430511e-04 0.000000e+00 0.000000e+00 0.000000e+00
PROFILE_ITER 0 46 3.499985e-04 3.581047e-04 0.000000e+00 1.430511e-04 0.000000e+00 0.000000e+00 0.000000e+00
PROFILE_ITER 0 47 3.399849e-04 3.659725e-04 0.000000e+00 1.420975e-04 0.000000e+00 0.000000e+00 0.000000e+00
PROFILE_ITER 0 48 3.497601e-04 3.221035e-04 0.000000e+00 1.430511e-04 0.000000e+00 9.536743e-07 0.000000e+00
PROFILE_ITER 0 49 3.499985e-04 3.361702e-04 0.000000e+00 1.409054e-04 9.536743e-07 0.000000e+00 0.000000e+00
PROFILE_ITER 0 50 3.480911e-04 3.378391e-04 0.000000e+00 1.418591e-04 0.000000e+00 0.000000e+00 0.000000e+00
PROFILE_ITER 0 51 3.499985e-04 3.569126e-04 0.000000e+00 1.440048e-04 0.000000e+00 0.000000e+00 0.000000e+00
PROFILE_ITER 0 52 3.509521e-04 3.352165e-04 0.000000e+00 1.440048e-04 0.000000e+00 0.000000e+00 0.000000e+00
PROFILE_ITER 0 53 3.418922e-04 3.190041e-04 0.000000e+00 1.428127e-04 0.000000e+00 0.000000e+00 0.000000e+00
PROFILE_ITER 0 54 3.490448e-04 3.690720e-04 0.000000e+00 1.430511e-04 9.536743e-07 0.000000e+00 0.000000e+00
PROFILE_ITER 0 55 3.409386e-04 3.669262e-04 0.000000e+00 1.430511e-04 0.000000e+00 0.000000e+00 0.000000e+00
PROFILE_ITER 0 56 3.418922e-04 3.640652e-04 0.000000e+00 1.437664e-04 0.000000e+00 0.000000e+00 0.000000e+00
PROFILE_ITER 0 57 3.480911e-04 3.650188e-04 0.000000e+00 1.430511e-04 0.000000e+00 0.000000e+00 0.000000e+00
PROFILE_ITER 0 58 3.461838e-04 3.507137e-04 0.000000e+00 1.420975e-04 0.000000e+00 0.000000e+00 0.000000e+00
PROFILE_ITER 0 59 3.490448e-04 3.650188e-04 0.000000e+00 1.430511e-04 0.000000e+00 0.000000e+00 9.536743e-07
PROFILE_ITER 0 60 3.468990e-04 3.681183e-04 0.000000e+00 1.430511e-04 0.000000e+00 0.000000e+00 0.000000e+00
PROFILE_ITER 0 61 3.490448e-04 3.638268e-04 0.000000e+00 1.430511e-04 0.000000e+00 0.000000e+00 0.000000e+00
PROFILE_ITER 0 62 3.519058e-04 3.261566e-04 0.000000e+00 1.440048e-04 0.000000e+00 0.000000e+00 0.000000e+00
PROFILE_ITER 0 63 3.499985e-04 3.659725e-04 9.536743e-07 1.420975e-04 0.000000e+00 0.000000e+00 0.000000e+00
PROFILE_ITER 0 64 3.490448e-04 3.120899e-04 0.000000e+00 1.440048e-04 0.000000e+00 0.000000e+00 0.000000e+00
PROFILE_ITER 0 65 3.511906e-04 3.337860e-04 0.000000e+00 1.430511e-04 0.000000e+00 0.000000e+00 0.000000e+00
PROFILE_ITER 0 66 3.488064e-04 3.662109e-04 0.000000e+00 1.428127e-04 0.000000e+00 0.000000e+00 0.000000e+00
PROFILE_ITER 0 67 3.421307e-04 3.209114e-04 0.000000e+00 1.449585e-04 0.000000e+00 0.000000e+00 0.000000e+00
PROFILE_ITER 0 68 3.421307e-04 3.137589e-04 0.000000e+00 1.420975e-04 0.000000e+00 0.000000e+00 0.000000e+00
PROFILE_ITER 0 69 3.421307e-04 3.509521e-04 0.000000e+00 1.430511e-04 0.000000e+00 0.000000e+00 0.000000e+00
PROFILE_ITER 0 70 3.418922e-04 3.280640e-04 0.000000e+00 1.430511e-04 0.000000e+00 0.000000e+00 0.000000e+00
PROFILE_ITER 0 71 3.511906e-04 3.018379e-04 0.000000e+00 1.428127e-04 0.000000e+00 0.000000e+00 0.000000e+00
PROFILE_ITER 0 72 3.488064e-04 3.321171e-04 0.000000e+00 1.418591e-04 0.00000000000e+00 4.830360e-04 0.000000e+00 0.000000e+00 0.000000e+00
PROFILE_ITER 1 75 5.359650e-04 1.771450e-04 0.000000e+00 5.269051e-04 0.000000e+00 0.000000e+00 0.000000e+00
PROFILE_ITER 1 76 4.949570e-04 1.699924e-04 0.000000e+00 4.858971e-04 0.000000e+00 0.000000e+00 0.000000e+00
PROFILE_ITER 1 77 5.381107e-04 1.678467e-04 0.000000e+00 5.290508e-04 0.000000e+00 0.000000e+00 0.000000e+00
PROFILE_ITER 1 78 5.168915e-04 1.752377e-04 0.000000e+00 5.080700e-04 0.000000e+00 0.000000e+00 0.000000e+00
PROFILE_ITER 1 79 5.390644e-04 1.688004e-04 0.000000e+00 5.290508e-04 9.536743e-07 0.000000e+00 0.000000e+00
PROFILE_ITER 1 80 4.940033e-04 1.671314e-04 0.000000e+00 4.851818e-04 0.000000e+00 0.000000e+00 0.000000e+00
PROFILE_ITER 1 81 5.171299e-04 1.688004e-04 0.000000e+00 5.068779e-04 0.000000e+00 0.000000e+00 1.192093e-06
PROFILE_ITER 1 82 5.400181e-04 1.690388e-04 9.536743e-07 5.290508e-04 0.000000e+00 0.000000e+00 9.536743e-07
PROFILE_ITER 1 83 4.920959e-04 1.688004e-04 0.000000e+00 4.830360e-04 0.000000e+00 0.000000e+00 0.000000e+00
PROFILE_ITER 1 84 4.949570e-04 1.661777e-04 0.000000e+00 4.849434e-04 0.000000e+00 0.000000e+00 0.000000e+00
PROFILE_ITER 1 85 5.369186e-04 1.759529e-04 9.536743e-07 5.278587e-04 0.000000e+00 0.000000e+00 0.000000e+00
PROFILE_ITER 1 86 4.928112e-04 1.752377e-04 0.000000e+00 4.839897e-04 0.000000e+00 0.000000e+00 0.000000e+00
PROFILE_ITER 1 87 5.180836e-04 1.678467e-04 0.000000e+00 5.090237e-04 0.000000e+00 0.000000e+00 0.000000e+00
PROFILE_ITER 1 88 5.409718e-04 1.671314e-04 0.000000e+00 5.302429e-04 0.000000e+00 0.000000e+00 0.000000e+00
PROFILE_ITER 1 89 4.959106e-04 1.680851e-04 0.000000e+00 4.858971e-04 0.000000e+00 0.000000e+00 0.000000e+00
PROFILE_ITER 1 90 5.140305e-04 1.759529e-04 0.000000e+00 5.059242e-04 0.000000e+00 0.000000e+00 0.000000e+00
PROFILE_ITER 1 91 5.140305e-04 1.680851e-04 0.000000e+00 5.049706e-04 0.000000e+00 0.000000e+00 0.000000e+00
PROFILE_ITER 1 92 4.959106e-04 1.769066e-04 0.000000e+00 4.870892e-04 0.000000e+00 0.000000e+00 0.000000e+00
PROFILE_ITER 1 93 4.913807e-04 1.616478e-04 0.000000e+00 4.799366e-04 1.192093e-06 0.000000e+00 0.000000e+00
PROFILE_ITER 1 94 5.161762e-04 1.759529e-04 0.000000e+00 5.071163e-04 0.000000e+00 0.000000e+00 9.536743e-07
PROFILE_ITER 1 95 5.159378e-04 1.749992e-04 0.000000e+00 5.049706e-04 0.000000e+00 0.000000e+00 0.000000e+00
PROFILE_ITER 1 96 4.899502e-04 1.599789e-04 0.000000e+00 4.811287e-04 0.000000e+00 0.000000e+00 0.000000e+00
PROFILE_ITER 1 97 4.937649e-04 1.752377e-04 0.000000e+00 4.839897e-04 0.000000e+00 0.000000e+00 0.000000e+00
PROFILE_ITER 1 98 4.968643e-04 1.680851e-04 0.000000e+00 4.861355e-04 0.000000e+00 0.000000e+00 0.000000e+00
PROFILE_ITER 1 99 5.340576e-04 1.759529e-04 0.000000e+00 5.249977e-04 0.000000e+00 0.000000e+00 0.000000e+00
PROFILE_ITER 1 100 5.400181e-04 1.680851e-04 0.000000e+00 5.311966e-04 0.000000e+00 0.000000e+00 0.000000e+00
PROFILE_ITER 1 101 5.381107e-04 1.599789e-04 0.000000e+00 5.290508e-04 0.000000e+00 0.000000e+00 0.000000e+00
PROFILE_ITER 1 102 5.362034e-04 1.747608e-04 0.000000e+00 5.259514e-04 0.000000e+00 0.000000e+00 0.000000e+00
PROFILE_ITER 1 103 4.918575e-04 1.680851e-04 0.000000e+00 4.830360e-04 0.000000e+00 0.000000e+00 9.536743e-07
PROFILE_ITER 1 104 4.980564e-04 1.690388e-04 0.000000e+00 4.880428e-04 0.000000e+00 0.000000e+00 0.000000e+00
PROFILE_ITER 1 105 4.959106e-04 1.759529e-04 0.000000e+00 4.868507e-04 0.000000e+00 0.000000e+00 0.000000e+00
PROFILE_ITER 1 106 5.381107e-04 1.759529e-04 0.000000e+00 5.290508e-04 0.000000e+00 0.000000e+00 9.536743e-07
PROFILE_ITER 1 107 5.378723e-04 1.680851e-04 0.000000e+00 5.290508e-04 0.000000e+00 0.000000e+00 0.000000e+00
PROFILE_ITER 1 108 4.961491e-04 1.668930e-04 0.000000e+00 4.861355e-04 0.000000e+00 0.000000e+00 0.000000e+00
PROFILE_ITER 1 109 4.968643e-04 1.590252e-04 0.000000e+00 4.861355e-04 9.536743e-07 0.000000e+00 0.000000e+00
0e+00 0.000000e+00 0.000000e+00
PROFILE_ITER 0 73 3.457069e-04 3.204346e-04 0.000000e+00 1.416206e-04 0.000000e+00 0.000000e+00 0.000000e+00
PROFILE_ITER 0 74 3.490448e-04 3.037453e-04 0.000000e+00 1.430511e-04 0.000000e+00 0.000000e+00 0.000000e+00
PROFILE_ITER 0 75 3.490448e-04 3.640652e-04 0.000000e+00 1.430511e-04 0.000000e+00 0.000000e+00 0.000000e+00
PROFILE_ITER 0 76 3.478527e-04 3.170967e-04 0.000000e+00 1.428127e-04 0.000000e+00 0.000000e+00 0.000000e+00
PROFILE_ITER 0 77 3.490448e-04 3.569126e-04 0.000000e+00 1.420975e-04 0.000000e+00 0.000000e+00 9.536743e-07
PROFILE_ITER 0 78 3.499985e-04 3.421307e-04 0.000000e+00 1.418591e-04 0.000000e+00 0.000000e+00 0.000000e+00
PROFILE_ITER 0 79 3.478527e-04 3.600121e-04 0.000000e+00 1.430511e-04 0.000000e+00 0.000000e+00 0.000000e+00
PROFILE_ITER 0 80 3.497601e-04 3.113747e-04 0.000000e+00 1.428127e-04 0.000000e+00 0.000000e+00 0.000000e+00
PROFILE_ITER 0 81 3.507137e-04 3.352165e-04 0.000000e+00 1.440048e-04 0.000000e+00 0.000000e+00 0.000000e+00
PROFILE_ITER 0 82 3.612041e-04 3.478527e-04 0.000000e+00 1.440048e-04 0.000000e+00 0.000000e+00 0.000000e+00
PROFILE_ITER 0 83 3.640652e-04 2.968311e-04 0.000000e+00 1.428127e-04 0.000000e+00 1.192093e-06 0.000000e+00
PROFILE_ITER 0 84 3.478527e-04 3.132820e-04 0.000000e+00 1.430511e-04 0.000000e+00 0.000000e+00 0.000000e+00
PROFILE_ITER 0 85 3.452301e-04 3.676414e-04 0.000000e+00 1.430511e-04 0.000000e+00 0.000000e+00 0.000000e+00
PROFILE_ITER 0 86 3.447533e-04 3.232956e-04 0.000000e+00 1.428127e-04 0.000000e+00 0.000000e+00 0.000000e+00
PROFILE_ITER 0 87 3.499985e-04 3.371239e-04 0.000000e+00 1.420975e-04 0.000000e+00 0.000000e+00 0.000000e+00
PROFILE_ITER 0 88 3.490448e-04 3.588200e-04 0.000000e+00 1.430511e-04 0.000000e+00 0.000000e+00 0.000000e+00
PROFILE_ITER 0 89 3.468990e-04 3.161430e-04 0.000000e+00 1.418591e-04 0.000000e+00 0.000000e+00 0.000000e+00
PROFILE_ITER 0 90 3.488064e-04 3.411770e-04 0.000000e+00 1.428127e-04 0.000000e+00 0.000000e+00 0.000000e+00
PROFILE_ITER 0 91 3.488064e-04 3.333092e-04 0.000000e+00 1.428127e-04 0.000000e+00 0.000000e+00 0.000000e+00
PROFILE_ITER 0 92 3.480911e-04 3.256798e-04 0.000000e+00 1.430511e-04 0.000000e+00 0.000000e+00 0.000000e+00
PROFILE_ITER 0 93 3.490448e-04 3.030300e-04 0.000000e+00 1.420975e-04 0.000000e+00 0.000000e+00 0.000000e+00
PROFILE_ITER 0 94 3.502369e-04 3.418922e-04 0.000000e+00 1.440048e-04 0.000000e+00 0.000000e+00 0.000000e+00
PROFILE_ITER 0 95 3.480911e-04 3.428459e-04 0.000000e+00 1.430511e-04 0.000000e+00 0.000000e+00 0.000000e+00
PROFILE_ITER 0 96 3.478527e-04 3.020763e-04 0.000000e+00 1.430511e-04 0.000000e+00 0.000000e+00 0.000000e+00
PROFILE_ITER 0 97 3.440380e-04 3.249645e-04 0.000000e+00 1.430511e-04 0.000000e+00 0.000000e+00 0.000000e+00
PROFILE_ITER 0 98 3.480911e-04 3.180504e-04 0.000000e+00 1.430511e-04 0.000000e+00 0.000000e+00 0.000000e+00
PROFILE_ITER 0 99 3.468990e-04 3.619194e-04 0.000000e+00 1.418591e-04 0.000000e+00 0.000000e+00 0.000000e+00
PROFILE_ITER 0 100 3.521442e-04 3.559589e-04 0.000000e+00 1.430511e-04 0.000000e+00 0.000000e+00 0.000000e+00
PROFILE_ITER 0 101 3.490448e-04 3.499985e-04 0.000000e+00 1.440048e-04 0.000000e+00 0.000000e+00 0.000000e+00
PROFILE_ITER 0 102 3.530979e-04 3.569126e-04 0.000000e+00 1.428127e-04 1.192093e-06 9.536743e-07 0.000000e+00
PROFILE_ITER 0 103 3.509521e-04 3.089905e-04 0.000000e+00 1.430511e-04 0.000000e+00 0.000000e+00 0.000000e+00
PROFILE_ITER 0 104 3.480911e-04 3.180504e-04 0.000000e+00 1.430511e-04 9.536743e-07 0.000000e+00 0.000000e+00
PROFILE_ITER 0 105 3.399849e-04 3.318787e-04 0.000000e+00 1.428127e-04 0.000000e+00 0.000000e+00 0.000000e+00
PROFILE_ITER 0 106 3.538132e-04 3.602505e-04 0.000000e+00 1.420975e-04 9.536743e-07 0.000000e+00 0.000000e+00
PROFILE_ITER 0 107 3.509521e-04 3.550053e-04 1.192093e-06 1.428127e-04 0.000000e+00 0.000000e+00 0.000000e+00
PROFILE_ITER 0 108 3.466606e-04 3.163815e-04 0.000000e+00 1.428127e-04 0.000000e+00 0.000000e+00 0.000000e+00
PROFILE_ITER 0 109 3.519058e-04 3.039837e-04 0.000000e+00 1.440048e-04 0.000000e+00 0.000000e+00 0.000000e+00
PROFILE_ITER 0 110 3.447533e-04 3.192425e-04 0.000000e+00 1.437664e-04 0.000000e+00 0.000000e+00 0.000000e+00
PROFILE_ITER 0 111 3.480911e-04 3.640652e-04 0.000000e+00 1.420975e-04 0.000000e+00 0.000000e+00 0.000000e+00
PROFILE_ITER 0 112 3.480911e-04 3.669262e-04 0.000000e+00 1.418591e-04 0.000000e+00 0.000000e+00 0.000000e+00
PROFILE_ITER 0 113 3.488064e-04 3.650188e-04 0.000000e+00 1.440048e-04 0.000000e+00 0.000000e+00 0.000000e+00
PROFILE_ITER 0 114 3.488064e-04 3.602505e-04 0.000000e+00 1.418591e-04 0.000000e+00 0.000000e+00 0.000000e+00
PROFILE_ITER 0 115 3.478527e-04 3.581047e-04 0.000000e+00 1.428127e-04 0.000000e+00 0.000000e+00 0.000000e+00
PROFILE_ITER 0 116 3.407001e-04 3.664494e-04 0.000000e+00 1.430511e-04 0.000000e+00 0.000000e+00 0.000000e+00
PROFILE_ITER 1 110 4.947186e-04 1.692772e-04 0.000000e+00 4.868507e-04 0.000000e+00 0.000000e+00 0.000000e+00
PROFILE_ITER 1 111 5.371571e-04 1.749992e-04 0.000000e+00 5.280972e-04 0.000000e+00 0.000000e+00 0.000000e+00
PROFILE_ITER 1 112 5.459785e-04 1.690388e-04 0.000000e+00 5.371571e-04 0.000000e+00 0.000000e+00 0.000000e+00
PROFILE_ITER 1 113 5.378723e-04 1.759529e-04 0.000000e+00 5.288124e-04 0.000000e+00 0.000000e+00 0.000000e+00
PROFILE_ITER 1 114 5.338192e-04 1.752377e-04 0.000000e+00 5.249977e-04 0.000000e+00 0.000000e+00 0.000000e+00
PROFILE_ITER 1 115 5.381107e-04 1.678467e-04 0.000000e+00 5.290508e-04 0.000000e+00 0.000000e+00 0.000000e+00
PROFILE_ITER 1 116 5.381107e-04 1.678467e-04 0.000000e+00 5.290508e-04 0.000000e+00 0.000000e+00 0.000000e+00
PROFILE_ITER 1 117 5.402565e-04 1.668930e-04 0.000000e+00 5.300045e-04 0.000000e+00 0.000000e+00 0.000000e+00
PROFILE_ITER 1 118 5.340576e-04 1.759529e-04 0.000000e+00 5.259514e-04 0.000000e+00 0.000000e+00 0.000000e+00
PROFILE_ITER 1 119 4.930496e-04 1.769066e-04 0.000000e+00 4.839897e-04 0.000000e+00 0.000000e+00 0.000000e+00
PROFILE_ITER 0 117 3.480911e-04 3.578663e-04 0.000000e+00 1.440048e-04 0.000000e+00 0.000000e+00 0.000000e+00
PROFILE_ITER 0 118 3.478527e-04 3.621578e-04 0.000000e+00 1.428127e-04 0.000000e+00 0.000000e+00 0.000000e+00
PROFILE_ITER 0 119 3.521442e-04 3.178120e-04 0.000000e+00 1.430511e-04 0.000000e+00 0.000000e+00 0.000000e+00
PROFILE_ITER 1 120 5.390644e-04 1.690388e-04 0.000000e+00 5.300045e-04 0.000000e+00 0.000000e+00 0.000000e+00
PROFILE_ITER 1 121 5.350113e-04 1.759529e-04 0.000000e+00 5.261898e-04 0.000000e+00 0.000000e+00 0.000000e+00
PROFILE_ITER 1 122 5.409718e-04 1.749992e-04 0.000000e+00 5.319118e-04 0.000000e+00 0.000000e+00 0.000000e+00
PROFILE_ITER 1 123 5.221367e-04 1.659393e-04 0.000000e+00 5.130768e-04 0.000000e+00 0.000000e+00 0.000000e+00
PROFILE_ITER 0 120 3.488064e-04 3.592968e-04 0.000000e+00 1.430511e-04 0.000000e+00 0.000000e+00 0.000000e+00
PROFILE_ITER 0 121 3.480911e-04 3.628731e-04 0.000000e+00 1.442432e-04 0.000000e+00 0.000000e+00 0.000000e+00
PROFILE_ITER 0 122 3.499985e-04 3.669262e-04 0.000000e+00 1.440048e-04 0.000000e+00 0.000000e+00 0.000000e+00
PROFILE_ITER 0 123 3.418922e-04 3.461838e-04 0.000000e+00 1.418591e-04 0.000000e+00 0.000000e+00 0.000000e+00
PROFILE_ITER 1 124 5.142689e-04 1.766682e-04 0.000000e+00 5.049706e-04 0.000000e+00 0.000000e+00 0.000000e+00
PROFILE_ITER 1 125 4.940033e-04 1.759529e-04 0.000000e+00 4.858971e-04 0.000000e+00 0.000000e+00 0.000000e+00
PROFILE_ITER 1 126 4.949570e-04 1.740456e-04 0.000000e+00 4.839897e-04 0.000000e+00 0.000000e+00 0.000000e+00
PROFILE_ITER 1 127 5.021095e-04 1.759529e-04 0.000000e+00 4.920959e-04 0.000000e+00 0.000000e+00 0.000000e+00
PROFILE_ITER 1 128 5.369186e-04 1.690388e-04 0.000000e+00 5.280972e-04 0.000000e+00 0.000000e+00 0.000000e+00
PROFILE_ITER 0 124 3.516674e-04 3.392696e-04 0.000000e+00 1.428127e-04 0.000000e+00 0.000000e+00 0.000000e+00
PROFILE_ITER 0 125 3.550053e-04 3.149509e-04 0.000000e+00 1.430511e-04 0.000000e+00 0.000000e+00 0.000000e+00
PROFILE_ITER 0 126 3.590584e-04 3.099442e-04 0.000000e+00 1.440048e-04 0.000000e+00 0.000000e+00 0.000000e+00
PROFILE_ITER 1 129 5.438328e-04 1.702309e-04 0.000000e+00 5.331039e-04 0.000000e+00 0.000000e+00 0.000000e+00
PROFILE_ITER 1 130 4.959106e-04 1.759529e-04 0.000000e+00 4.878044e-04 0.000000e+00 0.000000e+00 0.000000e+00
PROFILE_ITER 1 131 4.959106e-04 1.611710e-04 0.000000e+00 4.858971e-04 0.000000e+00 0.000000e+00 0.000000e+00
PROFILE_ITER 0 127 3.571510e-04 3.199577e-04 0.000000e+00 1.440048e-04 0.000000e+00 0.000000e+00 0.000000e+00
PROFILE_ITER 0 128 3.678799e-04 3.380775e-04 0.000000e+00 1.428127e-04 0.000000e+00 0.000000e+00 0.000000e+00
PROFILE_ITER 0 129 3.681183e-04 3.459454e-04 0.000000e+00 1.420975e-04 0.000000e+00 0.000000e+00 0.000000e+00
PROFILE_ITER 1 132 5.409718e-04 1.590252e-04 0.000000e+00 5.300045e-04 0.000000e+00 0.000000e+00 9.536743e-07
PROFILE_ITER 1 133 5.371571e-04 1.668930e-04 0.000000e+00 5.257130e-04 0.000000e+00 0.000000e+00 0.000000e+00
PROFILE_ITER 1 134 5.350113e-04 1.699924e-04 0.000000e+00 5.259514e-04 0.000000e+00 0.000000e+00 0.000000e+00
PROFILE_ITER 1 135 5.149841e-04 1.599789e-04 0.000000e+00 5.049706e-04 0.000000e+00 0.000000e+00 0.000000e+00
PROFILE_ITER 1 136 5.371571e-04 1.747608e-04 0.000000e+00 5.278587e-04 0.000000e+00 0.000000e+00 0.000000e+00
PROFILE_ITER 1 137 4.959106e-04 1.680851e-04 0.000000e+00 4.851818e-04 0.000000e+00 0.000000e+00 9.536743e-07
PROFILE_ITER 0 130 3.490448e-04 3.228188e-04 0.000000e+00 1.440048e-04 0.000000e+00 0.000000e+00 0.000000e+00
PROFILE_ITER 0 131 3.468990e-04 3.101826e-04 0.000000e+00 1.416206e-04 0.000000e+00 0.000000e+00 0.000000e+00
PROFILE_ITER 0 132 3.430843e-04 3.569126e-04 0.000000e+00 1.428127e-04 0.000000e+00 0.000000e+00 0.000000e+00
PROFILE_ITER 1 138 5.381107e-04 1.668930e-04 0.000000e+00 5.290508e-04 0.000000e+00 0.000000e+00 0.000000e+00
PROFILE_ITER 1 139 5.388260e-04 1.752377e-04 9.536743e-07 5.280972e-04 0.000000e+00 0.000000e+00 9.536743e-07
PROFILE_ITER 0 133 3.490448e-04 3.550053e-04 0.000000e+00 1.430511e-04 0.000000e+00 0.000000e+00 0.000000e+00
PROFILE_ITER 0 134 3.468990e-04 3.571510e-04 0.000000e+00 1.418591e-04 0.000000e+00 0.000000e+00 0.000000e+00
PROFILE_ITER 1 140 5.109310e-04 1.671314e-04 0.000000e+00 4.999638e-04 0.000000e+00 0.000000e+00 0.000000e+00
PROFILE_ITER 1 141 5.359650e-04 1.749992e-04 0.000000e+00 5.269051e-04 0.000000e+00 0.000000e+00 0.000000e+00
PROFILE_ITER 1 142 5.130768e-04 1.749992e-04 0.000000e+00 5.040169e-04 0.000000e+00 0.000000e+00 9.536743e-07
PROFILE_ITER 0 135 3.490448e-04 3.259182e-04 0.000000e+00 1.430511e-04 0.000000e+00 0.000000e+00 0.000000e+00
PROFILE_ITER 0 136 3.499985e-04 3.619194e-04 0.000000e+00 1.442432e-04 0.000000e+00 0.000000e+00 0.000000e+00
PROFILE_ITER 1 143 4.949570e-04 1.668930e-04 0.000000e+00 4.861355e-04 0.000000e+00 0.000000e+00 0.000000e+00
PROFILE_ITER 1 144 5.397797e-04 1.683235e-04 0.000000e+00 5.309582e-04 0.000000e+00 0.000000e+00 0.000000e+00
PROFILE_ITER 0 137 3.390312e-04 3.249645e-04 0.000000e+00 1.430511e-04 0.000000e+00 0.000000e+00 0.000000e+00
PROFILE_ITER 0 138 3.421307e-04 3.628731e-04 0.000000e+00 1.428127e-04 0.000000e+00 0.000000e+00 0.000000e+00
PROFILE_ITER 0 139 3.521442e-04 3.619194e-04 0.000000e+00 1.440048e-04 0.000000e+00 0.000000e+00 0.000000e+00
PROFILE_ITER 1 145 5.149841e-04 1.749992e-04 0.000000e+00 5.049706e-04 0.000000e+00 0.000000e+00 0.000000e+00
PROFILE_ITER 1 146 5.190372e-04 1.738071e-04 0.000000e+00 5.080700e-04 9.536743e-07 0.000000e+00 0.000000e+00
PROFILE_ITER 1 147 5.350113e-04 1.711845e-04 0.000000e+00 5.259514e-04 0.000000e+00 0.000000e+00 0.000000e+00
PROFILE_ITER 1 148 5.400181e-04 1.759529e-04 0.000000e+00 5.319118e-04 0.000000e+00 0.000000e+00 0.000000e+00
PROFILE_ITER 1 149 4.961491e-04 1.678467e-04 0.000000e+00 4.880428e-04 0.000000e+00 0.000000e+00 0.000000e+00
PROFILE_ITER 1 150 5.390644e-04 1.609325e-04 0.000000e+00 5.290508e-04 0.000000e+00 0.000000e+00 0.000000e+00
PROFILE_ITER 0 140 3.480911e-04 3.299713e-04 0.000000e+00 1.430511e-04 0.000000e+00 0.000000e+00 0.000000e+00
PROFILE_ITER 0 141 3.478527e-04 3.631115e-04 0.000000e+00 1.418591e-04 0.000000e+00 0.000000e+00 9.536743e-07
PROFILE_ITER 0 142 3.528595e-04 3.352165e-04 0.000000e+00 1.430511e-04 0.000000e+00 0.000000e+00 0.000000e+00
PROFILE_ITER 0 143 3.459454e-04 3.159046e-04 0.000000e+00 1.420975e-04 0.000000e+00 0.000000e+00 0.000000e+00
PROFILE_ITER 0 144 3.490448e-04 3.590584e-04 0.000000e+00 1.420975e-04 0.000000e+00 0.000000e+00 0.000000e+00
PROFILE_ITER 0 145 3.430843e-04 3.468990e-04 0.000000e+00 1.430511e-04 0.000000e+00 0.000000e+00 0.000000e+00
PROFILE_ITER 1 151 4.968643e-04 1.602173e-04 0.000000e+00 4.858971e-04 9.536743e-07 0.000000e+00 0.000000e+00
PROFILE_ITER 1 152 4.980564e-04 1.688004e-04 0.000000e+00 4.880428e-04 0.000000e+00 0.000000e+00 9.536743e-07
PROFILE_ITER 1 153 4.949570e-04 1.690388e-04 0.000000e+00 4.861355e-04 0.000000e+00 0.000000e+00 0.000000e+00
PROFILE_ITER 1 154 5.359650e-04 1.749992e-04 0.000000e+00 5.261898e-04 0.000000e+00 0.000000e+00 0.000000e+00
PROFILE_ITER 0 146 3.511906e-04 3.416538e-04 0.000000e+00 1.430511e-04 0.000000e+00 0.000000e+00 0.000000e+00
PROFILE_ITER 0 147 3.471375e-04 3.590584e-04 0.000000e+00 1.420975e-04 0.000000e+00 0.000000e+00 0.000000e+00
PROFILE_ITER 0 148 3.609657e-04 3.559589e-04 0.000000e+00 1.440048e-04 0.000000e+00 0.000000e+00 0.000000e+00
PROFILE_ITER 1 155 5.350113e-04 1.680851e-04 0.000000e+00 5.271435e-04 0.000000e+00 0.000000e+00 0.000000e+00
PROFILE_ITER 1 156 5.371571e-04 1.678467e-04 0.000000e+00 5.271435e-04 0.000000e+00 0.000000e+00 0.000000e+00
PROFILE_ITER 0 149 3.638268e-04 3.011227e-04 0.000000e+00 1.428127e-04 0.000000e+00 0.000000e+00 0.000000e+00
PROFILE_ITER 0 150 3.499985e-04 3.490448e-04 0.000000e+00 1.425743e-04 0.000000e+00 0.000000e+00 0.000000e+00
PROFILE_ITER 0 151 3.387928e-04 3.192425e-04 0.000000e+00 1.428127e-04 0.000000e+00 0.000000e+00 0.000000e+00
PROFILE_ITER 0 152 3.488064e-04 3.170967e-04 0.000000e+00 1.428127e-04 0.000000e+00 0.000000e+00 0.000000e+00
PROFILE_ITER 0 153 3.480911e-04 3.159046e-04 0.000000e+00 1.420975e-04 0.000000e+00 0.000000e+00 9.536743e-07
PROFILE_ITER 1 157 4.951954e-04 1.747608e-04 0.000000e+00 4.858971e-04 0.000000e+00 0.000000e+00 0.000000e+00
PROFILE_ITER 1 158 5.419254e-04 1.761913e-04 0.000000e+00 5.321503e-04 0.000000e+00 0.000000e+00 0.000000e+00
PROFILE_ITER 1 159 5.412102e-04 1.666546e-04 0.000000e+00 5.309582e-04 0.000000e+00 0.000000e+00 1.192093e-06
PROFILE_ITER 0 154 3.471375e-04 3.638268e-04 0.000000e+00 1.430511e-04 0.000000e+00 0.000000e+00 0.000000e+00
PROFILE_ITER 0 155 3.490448e-04 3.540516e-04 0.000000e+00 1.430511e-04 0.000000e+00 0.000000e+00 0.000000e+00
PROFILE_ITER 1 160 5.388260e-04 1.761913e-04 0.000000e+00 5.300045e-04 0.000000e+00 0.000000e+00 0.000000e+00
PROFILE_ITER 1 161 4.909039e-04 1.690388e-04 0.000000e+00 4.830360e-04 0.000000e+00 0.000000e+00 0.000000e+00
PROFILE_ITER 0 156 3.502369e-04 3.547668e-04 0.000000e+00 1.440048e-04 0.000000e+00 0.000000e+00 0.000000e+00
PROFILE_ITER 1 162 5.357265e-04 1.704693e-04 0.000000e+00 5.257130e-04 0.000000e+00 0.000000e+00 0.000000e+00
PROFILE_ITER 1 163 5.378723e-04 1.621246e-04 0.000000e+00 5.290508e-04 0.000000e+00 0.000000e+00 0.000000e+00
PROFILE_ITER 1 164 5.381107e-04 1.738071e-04 0.000000e+00 5.278587e-04 0.000000e+00 0.000000e+00 0.000000e+00
PROFILE_ITER 1 165 5.180836e-04 1.678467e-04 0.000000e+00 5.080700e-04 0.000000e+00 0.000000e+00 0.000000e+00
PROFILE_ITER 1 166 4.961491e-04 1.699924e-04 0.000000e+00 4.880428e-04 0.000000e+00 0.000000e+00 0.000000e+00
PROFILE_ITER 0 157 3.399849e-04 3.309250e-04 0.000000e+00 1.430511e-04 0.000000e+00 0.000000e+00 0.000000e+00
PROFILE_ITER 0 158 3.449917e-04 3.721714e-04 0.000000e+00 1.428127e-04 0.000000e+00 0.000000e+00 0.000000e+00
PROFILE_ITER 0 159 3.509521e-04 3.569126e-04 0.000000e+00 1.420975e-04 0.000000e+00 0.000000e+00 0.000000e+00
PROFILE_ITER 0 160 3.490448e-04 3.669262e-04 0.000000e+00 1.430511e-04 0.000000e+00 0.000000e+00 0.000000e+00
PROFILE_ITER 0 161 3.490448e-04 3.099442e-04 0.000000e+00 1.430511e-04 0.000000e+00 0.000000e+00 0.000000e+00
PROFILE_ITER 0 162 3.492832e-04 3.569126e-04 0.000000e+00 1.418591e-04 0.000000e+00 0.000000e+00 0.000000e+00
PROFILE_ITER 0 163 3.490448e-04 3.509521e-04 0.000000e+00 1.440048e-04 0.000000e+00 0.000000e+00 9.536743e-07
PROFILE_ITER 1 167 4.951954e-04 1.597404e-04 0.000000e+00 4.849434e-04 0.000000e+00 0.000000e+00 0.000000e+00
PROFILE_ITER 1 168 4.920959e-04 1.668930e-04 0.000000e+00 4.830360e-04 0.000000e+00 0.000000e+00 0.000000e+00
PROFILE_ITER 1 169 4.971027e-04 1.688004e-04 0.000000e+00 4.880428e-04 0.000000e+00 0.000000e+00 0.000000e+00
PROFILE_ITER 1 170 5.350113e-04 1.749992e-04 0.000000e+00 5.261898e-04 0.000000e+00 0.000000e+00 0.000000e+00
PROFILE_ITER 0 164 3.468990e-04 3.659725e-04 0.000000e+00 1.420975e-04 9.536743e-07 0.000000e+00 0.000000e+00
PROFILE_ITER 0 165 3.480911e-04 3.368855e-04 0.000000e+00 1.420975e-04 0.000000e+00 0.000000e+00 0.000000e+00
PROFILE_ITER 1 171 5.359650e-04 1.599789e-04 0.000000e+00 5.271435e-04 0.000000e+00 0.000000e+00 0.000000e+00
PROFILE_ITER 1 172 5.340576e-04 1.678467e-04 0.000000e+00 5.259514e-04 0.000000e+00 0.000000e+00 0.000000e+00
PROFILE_ITER 0 166 3.468990e-04 3.192425e-04 0.000000e+00 1.430511e-04 0.000000e+00 0.000000e+00 0.000000e+00
PROFILE_ITER 0 167 3.490448e-04 3.058910e-04 0.000000e+00 1.430511e-04 9.536743e-07 0.000000e+00 0.000000e+00
PROFILE_ITER 1 173 5.359650e-04 1.671314e-04 0.000000e+00 5.249977e-04 0.000000e+00 0.000000e+00 0.000000e+00
PROFILE_ITER 0 168 3.488064e-04 3.101826e-04 0.000000e+00 1.440048e-04 0.000000e+00 0.000000e+00 0.000000e+00
PROFILE_ITER 1 174 5.168915e-04 1.699924e-04 0.000000e+00 5.087852e-04 0.000000e+00 0.000000e+00 0.000000e+00
PROFILE_ITER 1 175 5.376339e-04 1.683235e-04 0.000000e+00 5.300045e-04 0.000000e+00 0.000000e+00 0.000000e+00
PROFILE_ITER 1 176 4.909039e-04 1.683235e-04 0.000000e+00 4.818439e-04 0.000000e+00 0.000000e+00 0.000000e+00
PROFILE_ITER 1 177 5.359650e-04 1.749992e-04 0.000000e+00 5.261898e-04 9.536743e-07 0.000000e+00 0.000000e+00
PROFILE_ITER 1 178 5.378723e-04 1.759529e-04 0.000000e+00 5.288124e-04 0.000000e+00 0.000000e+00 0.000000e+00
PROFILE_ITER 1 179 5.428791e-04 1.692772e-04 0.000000e+00 5.331039e-04 0.000000e+00 0.000000e+00 0.000000e+00
PROFILE_ITER 0 169 3.471375e-04 3.178120e-04 0.000000e+00 1.428127e-04 0.000000e+00 0.000000e+00 0.000000e+00
PROFILE_ITER 0 170 3.519058e-04 3.592968e-04 0.000000e+00 1.420975e-04 9.536743e-07 0.000000e+00 0.000000e+00
PROFILE_ITER 0 171 3.499985e-04 3.459454e-04 0.000000e+00 1.430511e-04 0.000000e+00 0.000000e+00 0.000000e+00
PROFILE_ITER 0 172 3.497601e-04 3.530979e-04 0.000000e+00 1.440048e-04 0.000000e+00 0.000000e+00 0.000000e+00
PROFILE_ITER 0 173 3.499985e-04 3.521442e-04 0.000000e+00 1.430511e-04 0.000000e+00 0.000000e+00 0.000000e+00
PROFILE_ITER 1 180 4.930496e-04 1.678467e-04 0.000000e+00 4.849434e-04 0.000000e+00 0.000000e+00 0.000000e+00
PROFILE_ITER 0 174 3.509521e-04 3.359318e-04 0.000000e+00 1.440048e-04 0.000000e+00 0.000000e+00 0.000000e+00
PROFILE_ITER 0 175 3.411770e-04 3.659725e-04 0.000000e+00 1.430511e-04 0.000000e+00 0.000000e+00 0.000000e+00
PROFILE_ITER 0 176 3.468990e-04 3.111362e-04 0.000000e+00 1.430511e-04 0.000000e+00 0.000000e+00 0.000000e+00
PROFILE_ITER 1 181 5.400181e-04 1.671314e-04 0.000000e+00 5.300045e-04 0.000000e+00 0.000000e+00 9.536743e-07
PROFILE_ITER 1 182 4.918575e-04 1.609325e-04 0.000000e+00 4.820824e-04 0.000000e+00 0.000000e+00 0.000000e+00
PROFILE_ITER 0 177 3.511906e-04 3.597736e-04 0.000000e+00 1.420975e-04 0.000000e+00 0.000000e+00 0.000000e+00
PROFILE_ITER 1 183 4.920959e-04 1.690388e-04 0.000000e+00 4.830360e-04 0.000000e+00 0.000000e+00 0.000000e+00
PROFILE_ITER 0 178 3.600121e-04 3.538132e-04 0.000000e+00 1.420975e-04 0.000000e+00 9.536743e-07 0.000000e+00
PROFILE_ITER 0 179 3.471375e-04 3.650188e-04 0.000000e+00 1.430511e-04 0.000000e+00 0.000000e+00 0.000000e+00
PROFILE_ITER 1 184 5.140305e-04 1.609325e-04 0.000000e+00 5.061626e-04 0.000000e+00 0.000000e+00 0.000000e+00
PROFILE_ITER 1 185 5.359650e-04 1.599789e-04 0.000000e+00 5.259514e-04 0.000000e+00 0.000000e+00 0.000000e+00
PROFILE_ITER 1 186 5.347729e-04 1.752377e-04 0.000000e+00 5.240440e-04 9.536743e-07 0.000000e+00 0.000000e+00
PROFILE_ITER 1 187 4.951954e-04 1.678467e-04 0.000000e+00 4.861355e-04 0.000000e+00 0.000000e+00 0.000000e+00
PROFILE_ITER 1 188 4.940033e-04 1.680851e-04 0.000000e+00 4.849434e-04 0.000000e+00 0.000000e+00 0.000000e+00
PROFILE_ITER 1 189 5.381107e-04 1.678467e-04 0.000000e+00 5.292892e-04 0.000000e+00 0.000000e+00 0.000000e+00
PROFILE_ITER 0 180 3.430843e-04 3.178120e-04 0.000000e+00 1.428127e-04 0.000000e+00 0.000000e+00 0.000000e+00
PROFILE_ITER 0 181 3.502369e-04 3.578663e-04 0.000000e+00 1.440048e-04 0.000000e+00 0.000000e+00 0.000000e+00
PROFILE_ITER 0 182 3.480911e-04 3.037453e-04 0.000000e+00 1.430511e-04 0.000000e+00 0.000000e+00 0.000000e+00
PROFILE_ITER 0 183 3.499985e-04 3.111362e-04 0.000000e+00 1.430511e-04 0.000000e+00 0.000000e+00 0.000000e+00
PROFILE_ITER 1 190 5.381107e-04 1.628399e-04 0.000000e+00 5.280972e-04 0.000000e+00 0.000000e+00 0.000000e+00
PROFILE_ITER 1 191 5.168915e-04 1.611710e-04 0.000000e+00 5.068779e-04 0.000000e+00 0.000000e+00 0.000000e+00
PROFILE_ITER 0 184 3.490448e-04 3.259182e-04 0.000000e+00 1.430511e-04 0.000000e+00 0.000000e+00 0.000000e+00
PROFILE_ITER 0 185 3.480911e-04 3.478527e-04 0.000000e+00 1.440048e-04 0.000000e+00 0.000000e+00 0.000000e+00
PROFILE_ITER 0 186 3.478527e-04 3.621578e-04 0.000000e+00 1.430511e-04 0.000000e+00 0.000000e+00 0.000000e+00
PROFILE_ITER 1 192 4.911423e-04 1.769066e-04 0.000000e+00 4.830360e-04 0.000000e+00 0.000000e+00 0.000000e+00
PROFILE_ITER 1 193 5.381107e-04 1.697540e-04 0.000000e+00 5.290508e-04 0.000000e+00 0.000000e+00 0.000000e+00
PROFILE_ITER 1 194 5.371571e-04 1.688004e-04 0.000000e+00 5.278587e-04 0.000000e+00 0.000000e+00 0.000000e+00
PROFILE_ITER 0 187 3.519058e-04 3.111362e-04 0.000000e+00 1.440048e-04 0.000000e+00 0.000000e+00 0.000000e+00
PROFILE_ITER 0 188 3.421307e-04 3.209114e-04 0.000000e+00 1.440048e-04 0.000000e+00 0.000000e+00 0.000000e+00
PROFILE_ITER 1 195 5.369186e-04 1.692772e-04 0.000000e+00 5.261898e-04 0.000000e+00 0.000000e+00 0.000000e+00
PROFILE_ITER 1 196 4.949570e-04 1.690388e-04 0.000000e+00 4.870892e-04 0.000000e+00 0.000000e+00 0.000000e+00
PROFILE_ITER 0 189 3.499985e-04 3.550053e-04 0.000000e+00 1.440048e-04 0.000000e+00 0.000000e+00 0.000000e+00
PROFILE_ITER 0 190 3.490448e-04 3.519058e-04 0.000000e+00 1.430511e-04 0.000000e+00 0.000000e+00 0.000000e+00
PROFILE_ITER 1 197 5.369186e-04 1.659393e-04 0.000000e+00 5.261898e-04 0.000000e+00 0.000000e+00 0.000000e+00
PROFILE_ITER 1 198 5.381107e-04 1.628399e-04 0.000000e+00 5.300045e-04 0.000000e+00 0.000000e+00 0.000000e+00
PROFILE_ITER 0 191 3.499985e-04 3.280640e-04 0.000000e+00 1.430511e-04 0.000000e+00 0.000000e+00 0.000000e+00
PROFILE_ITER 0 192 3.490448e-04 3.190041e-04 9.536743e-07 1.430511e-04 0.000000e+00 0.000000e+00 0.000000e+00
PROFILE_ITER 1 199 5.149841e-04 1.611710e-04 0.000000e+00 5.049706e-04 0.000000e+00 0.000000e+00 0.000000e+00
PROFILE_ITER 0 193 3.407001e-04 3.671646e-04 0.000000e+00 1.428127e-04 0.000000e+00 0.000000e+00 0.000000e+00
PROFILE_ITER 0 194 3.488064e-04 3.571510e-04 0.000000e+00 1.418591e-04 0.000000e+00 0.000000e+00 0.000000e+00
PROFILE_ITER 0 195 3.461838e-04 3.600121e-04 0.000000e+00 1.430511e-04 0.000000e+00 0.000000e+00 0.000000e+00
PROFILE_ACCUM 1 spmv=1.044002e-01 vecops=1.462476e-01 send_fill=4.768372e-06 local_spmv=1.024599e-01 comm_wait=9.775162e-06 shared_spmv=0.000000e+00 send_wait=1.907349e-05
PROFILE_ITER 0 196 3.399849e-04 3.240108e-04 0.000000e+00 1.430511e-04 0.000000e+00 0.000000e+00 0.000000e+00
PROFILE_ITER 0 197 3.490448e-04 3.538132e-04 0.000000e+00 1.428127e-04 0.000000e+00 0.000000e+00 0.000000e+00
PROFILE_ITER 0 198 3.468990e-04 3.540516e-04 0.000000e+00 1.418591e-04 0.000000e+00 0.000000e+00 0.000000e+00
PROFILE_ITER 0 199 3.499985e-04 3.249645e-04 0.000000e+00 1.430511e-04 0.000000e+00 0.000000e+00 0.000000e+00
PROFILE_ACCUM 0 spmv=6.984234e-02 vecops=6.877375e-02 send_fill=5.960464e-06 local_spmv=2.860212e-02 comm_wait=1.096725e-05 shared_spmv=4.053116e-06 send_wait=6.675720e-06
