Matrix name : /home/bugra/Workspace/C/HetHypPar_rewrite/data/matrices/cage11_2c_2g/cage11_2c_2g.mtx

	****	Matrix File readed	****LOG: Finished Creating Shard CSC
LOG: Finished Creating Vectors
n_iters : 200 
spmv : 0.280277 
file_read : 0.389284 
relative_residual : 2.982991E-16
everything_total : 0.782788

----------------------------------------------------------------------
PROFILE_HEADER rank iter spmv vecops send_fill local_spmv comm_wait shared_spmv send_wait
PROFILE_ITER 0 0 2.858639e-04 2.155066e-03 9.536743e-07 1.099110e-04 9.536743e-07 0.000000e+00 0.000000e+00
PROFILE_ITER 0 1 2.501011e-04 1.180887e-03 0.000000e+00 1.060963e-04 0.000000e+00 0.000000e+00 0.000000e+00
PROFILE_ITER 0 2 2.529621e-04 1.195192e-03 0.000000e+00 1.070499e-04 0.000000e+00 0.000000e+00 0.000000e+00
PROFILE_ITER 0 3 2.520084e-04 1.112938e-03 0.000000e+00 1.058578e-04 0.000000e+00 0.000000e+00 0.000000e+00
PROFILE_ITER 0 4 2.510548e-04 1.101971e-03 0.000000e+00 1.051426e-04 0.000000e+00 0.000000e+00 0.000000e+00
PROFILE_ITER 0 5 2.567768e-04 1.109123e-03 0.000000e+00 1.058578e-04 0.000000e+00 0.000000e+00 0.000000e+00
PROFILE_ITER 0 6 2.548695e-04 1.122236e-03 0.000000e+00 1.049042e-04 0.000000e+00 0.000000e+00 0.000000e+00
PROFILE_ITER 0 7 2.501011e-04 1.180887e-03 0.000000e+00 1.041889e-04 0.000000e+00 0.000000e+00 0.000000e+00
PROFILE_ITER 0 8 2.522469e-04 1.186609e-03 0.000000e+00 1.051426e-04 0.000000e+00 1.192093e-06 0.000000e+00
PROFILE_ITER 0 9 2.517700e-04 1.182318e-03 0.000000e+00 1.058578e-04 0.000000e+00 0.000000e+00 0.000000e+00
PROFILE_ITER 0 10 2.598763e-04 1.190186e-03 0.000000e+00 1.058578e-04 0.000000e+00 0.000000e+00 0.000000e+00
PROFILE_ITER 0 11 2.591610e-04 1.195669e-03 0.000000e+00 1.060963e-04 0.000000e+00 0.000000e+00 0.000000e+00
PROFILE_ITER 0 12 2.472401e-04 1.163960e-03 0.000000e+00 1.049042e-04 0.000000e+00 1.192093e-06 0.000000e+00
PROFILE_ITER 0 13 2.632141e-04 1.196623e-03 0.000000e+00 1.051426e-04 0.000000e+00 0.000000e+00 0.000000e+00
PROFILE_ITER 0 14 2.431870e-04 1.136780e-03 0.000000e+00 1.039505e-04 0.000000e+00 0.000000e+00 0.000000e+00
PROFILE_ITER 0 15 2.548695e-04 1.102209e-03 0.000000e+00 1.068115e-04 0.000000e+00 0.000000e+00 0.000000e+00
PROFILE_ITER 0 16 2.491474e-04 1.101971e-03 0.000000e+00 1.039505e-04 0.000000e+00 0.000000e+00 0.000000e+00
PROFILE_ITER 0 17 2.520084e-04 1.105785e-03 0.000000e+00 1.060963e-04 0.000000e+00 0.000000e+00 0.000000e+00
PROFILE_ITER 0 18 2.517700e-04 1.187325e-03 0.000000e+00 1.049042e-04 0.000000e+00 0.000000e+00 0.000000e+00
PROFILE_ITER 0 19 2.498627e-04 1.185179e-03 0.000000e+00 1.049042e-04 0.000000e+00 0.000000e+00 0.000000e+00
PROFILE_ITER 0 20 2.510548e-04 1.183987e-03 0.000000e+00 1.051426e-04 0.000000e+00 0.000000e+00 0.000000e+00
PROFILE_ITER 0 21 2.541542e-04 1.183748e-03 0.000000e+00 1.060963e-04 0.000000e+00 0.000000e+00 0.000000e+00
PROFILE_ITER 0 22 2.663136e-04 1.168728e-03 0.000000e+00 1.072884e-04 0.000000e+00 0.000000e+00 0.000000e+00
PROFILE_ITER 0 23 2.520084e-04 1.157045e-03 0.000000e+00 1.060963e-04 0.000000e+00 0.000000e+00 0.000000e+00
PROFILE_ITER 0 24 2.522469e-04 1.097679e-03 0.000000e+00 1.049042e-04 0.000000e+00 0.000000e+00 0.000000e+00
PROFILE_ITER 0 25 2.529621e-04 1.182079e-03 0.000000e+00 1.049042e-04 0.000000e+00 0.000000e+00 9.536743e-07
PROFILE_ITER 0 26 2.441406e-04 1.143932e-03 0.000000e+00 1.060963e-04 0.000000e+00 0.000000e+00 0.000000e+00
PROFILE_ITER 0 27 2.508163e-04 1.099110e-03 0.000000e+00 1.049042e-04 0.000000e+00 0.000000e+00 0.000000e+00
PROFILE_ITER 0 28 2.510548e-04 1.183987e-03 0.000000e+00 1.060963e-04 0.000000e+00 0.000000e+00 0.000000e+00
PROFILE_ITER 0 29 2.532005e-04 1.099825e-03 0.000000e+00 1.063347e-04 0.000000e+00 0.000000e+00 0.000000e+00
PROFILE_ITER 0 30 2.510548e-04 1.181841e-03 0.000000e+00 1.060963e-04 0.000000e+00 0.000000e+00 0.000000e+00
PROFILE_ITER 0 31 2.441406e-04 1.190901e-03 0.000000e+00 1.051426e-04 0.000000e+00 0.000000e+00 1.192093e-06
PROFILE_ITER 0 32 2.510548e-04 1.180887e-03 0.000000e+00 1.041889e-04 0.000000e+00 0.000000e+00 9.536743e-07
PROFILE_ITER 0 33 2.529621e-04 1.121998e-03 0.000000e+00 1.063347e-04 0.000000e+00 0.000000e+00 0.000000e+00
PROFILE_HEADER rank iter spmv vecops send_fill local_spmv comm_wait shared_spmv send_wait
PROFILE_ITER 1 0 1.527071e-03 1.132088e-01 0.000000e+00 1.375914e-03 0.000000e+00 0.000000e+00 0.000000e+00
PROFILE_ITER 1 1 1.047850e-03 3.831387e-04 0.000000e+00 1.028776e-03 0.000000e+00 0.000000e+00 0.000000e+00
PROFILE_ITER 1 2 1.094818e-03 3.533363e-04 0.000000e+00 1.073122e-03 0.000000e+00 0.000000e+00 9.536743e-07
PROFILE_ITER 1 3 1.012087e-03 3.528595e-04 0.000000e+00 9.891987e-04 0.000000e+00 0.000000e+00 0.000000e+00
PROFILE_ITER 1 4 1.006126e-03 3.468990e-04 0.000000e+00 9.851456e-04 0.000000e+00 0.000000e+00 9.536743e-07
PROFILE_ITER 1 5 1.012087e-03 3.538132e-04 0.000000e+00 9.901524e-04 0.000000e+00 0.000000e+00 0.000000e+00
PROFILE_ITER 1 6 1.024961e-03 3.521442e-04 9.536743e-07 1.003265e-03 0.000000e+00 0.000000e+00 0.000000e+00
PROFILE_ITER 1 7 1.083136e-03 3.478527e-04 0.000000e+00 1.063108e-03 0.000000e+00 0.000000e+00 0.000000e+00
PROFILE_ITER 1 8 1.090050e-03 3.488064e-04 0.000000e+00 1.071215e-03 0.000000e+00 0.000000e+00 0.000000e+00
PROFILE_ITER 1 9 1.088142e-03 3.459454e-04 0.000000e+00 1.064062e-03 0.000000e+00 0.000000e+00 0.000000e+00
PROFILE_ITER 1 10 1.067162e-03 3.819466e-04 9.536743e-07 1.043797e-03 0.000000e+00 0.000000e+00 0.000000e+00
PROFILE_ITER 1 11 1.082897e-03 3.719330e-04 0.000000e+00 1.061201e-03 0.000000e+00 0.000000e+00 0.000000e+00
PROFILE_ITER 1 12 1.040936e-03 3.702641e-04 0.000000e+00 1.019955e-03 0.000000e+00 0.000000e+00 0.000000e+00
PROFILE_ITER 1 13 1.079082e-03 3.807545e-04 0.000000e+00 1.057863e-03 0.000000e+00 0.000000e+00 0.000000e+00
PROFILE_ITER 1 14 1.024961e-03 3.550053e-04 0.000000e+00 1.003981e-03 0.000000e+00 0.000000e+00 0.000000e+00
PROFILE_ITER 1 15 1.011133e-03 3.459454e-04 0.000000e+00 9.891987e-04 0.000000e+00 0.000000e+00 0.000000e+00
PROFILE_ITER 1 16 1.006126e-03 3.449917e-04 0.000000e+00 9.841919e-04 0.000000e+00 0.000000e+00 9.536743e-07
PROFILE_ITER 1 17 1.009941e-03 3.478527e-04 0.000000e+00 9.887218e-04 0.000000e+00 0.000000e+00 0.000000e+00
PROFILE_ITER 1 18 1.090050e-03 3.490448e-04 0.000000e+00 1.068830e-03 0.000000e+00 0.000000e+00 0.000000e+00
PROFILE_ITER 1 19 1.088142e-03 3.468990e-04 0.000000e+00 1.066923e-03 0.000000e+00 0.000000e+00 9.536743e-07
PROFILE_ITER 1 20 1.088142e-03 3.468990e-04 0.000000e+00 1.066923e-03 0.000000e+00 0.000000e+00 0.000000e+00
PROFILE_ITER 1 21 1.089096e-03 3.488064e-04 0.000000e+00 1.068115e-03 0.000000e+00 0.000000e+00 0.000000e+00
PROFILE_ITER 1 22 1.070023e-03 3.650188e-04 0.000000e+00 1.045227e-03 9.536743e-07 0.000000e+00 9.536743e-07
PROFILE_ITER 1 23 1.054049e-03 3.540516e-04 0.000000e+00 1.034021e-03 0.000000e+00 0.000000e+00 0.000000e+00
PROFILE_ITER 1 24 1.003027e-03 3.468990e-04 0.000000e+00 9.810925e-04 0.000000e+00 0.000000e+00 0.000000e+00
PROFILE_ITER 1 25 1.088858e-03 3.461838e-04 0.000000e+00 1.067877e-03 9.536743e-07 0.000000e+00 0.000000e+00
PROFILE_ITER 1 26 1.040220e-03 3.478527e-04 0.000000e+00 1.020193e-03 0.000000e+00 0.000000e+00 0.000000e+00
PROFILE_ITER 1 27 1.001835e-03 3.480911e-04 0.000000e+00 9.820461e-04 0.000000e+00 0.000000e+00 0.000000e+00
PROFILE_ITER 1 28 1.089096e-03 3.449917e-04 0.000000e+00 1.067877e-03 0.000000e+00 0.000000e+00 0.000000e+00
PROFILE_ITER 1 29 1.000881e-03 3.521442e-04 0.000000e+00 9.808540e-04 0.000000e+00 0.000000e+00 0.000000e+00
PROFILE_ITER 0 34 2.589226e-04 1.168251e-03 0.000000e+00 1.060963e-04 0.000000e+00 0.000000e+00 0.000000e+00
PROFILE_ITER 0 35 2.529621e-04 1.113892e-03 0.000000e+00 1.091957e-04 0.000000e+00 0.000000e+00 0.000000e+00
PROFILE_ITER 0 36 2.527237e-04 1.146317e-03 0.000000e+00 1.068115e-04 0.000000e+00 0.000000e+00 0.000000e+00
PROFILE_ITER 0 37 2.510548e-04 1.150846e-03 0.000000e+00 1.058578e-04 0.000000e+00 0.000000e+00 0.000000e+00
PROFILE_ITER 0 38 2.429485e-04 1.184225e-03 0.000000e+00 1.058578e-04 0.000000e+00 0.000000e+00 0.000000e+00
PROFILE_ITER 0 39 2.470016e-04 1.108885e-03 0.000000e+00 1.049042e-04 0.000000e+00 0.000000e+00 0.000000e+00
PROFILE_ITER 0 40 2.498627e-04 1.190186e-03 0.000000e+00 1.049042e-04 0.000000e+00 0.000000e+00 0.000000e+00
PROFILE_ITER 0 41 2.520084e-04 1.148939e-03 0.000000e+00 1.060963e-04 0.000000e+00 0.000000e+00 0.000000e+00
PROFILE_ITER 0 42 2.489090e-04 1.101255e-03 0.000000e+00 1.049042e-04 0.000000e+00 0.000000e+00 0.000000e+00
PROFILE_ITER 0 43 2.498627e-04 1.100063e-03 0.000000e+00 1.049042e-04 0.000000e+00 0.000000e+00 0.000000e+00
PROFILE_ITER 1 30 1.086712e-03 3.461838e-04 0.000000e+00 1.065016e-03 0.000000e+00 0.000000e+00 0.000000e+00
PROFILE_ITER 1 31 1.089096e-03 3.459454e-04 0.000000e+00 1.067877e-03 0.000000e+00 0.000000e+00 0.000000e+00
PROFILE_ITER 1 32 1.085043e-03 3.468990e-04 0.000000e+00 1.065016e-03 0.000000e+00 0.000000e+00 0.000000e+00
PROFILE_ITER 1 33 1.020193e-03 3.547668e-04 0.000000e+00 9.968281e-04 0.000000e+00 0.000000e+00 2.145767e-06
PROFILE_ITER 1 34 1.062870e-03 3.643036e-04 0.000000e+00 1.039982e-03 0.000000e+00 0.000000e+00 0.000000e+00
PROFILE_ITER 1 35 1.012087e-03 3.547668e-04 0.000000e+00 9.922981e-04 0.000000e+00 0.000000e+00 9.536743e-07
PROFILE_ITER 1 36 1.044989e-03 3.540516e-04 0.000000e+00 1.023769e-03 0.000000e+00 0.000000e+00 0.000000e+00
PROFILE_ITER 1 37 1.046181e-03 3.557205e-04 0.000000e+00 1.024961e-03 0.000000e+00 0.000000e+00 0.000000e+00
PROFILE_ITER 1 38 1.079798e-03 3.473759e-04 0.000000e+00 1.057863e-03 1.192093e-06 0.000000e+00 0.000000e+00
PROFILE_ITER 1 39 1.010895e-03 3.449917e-04 0.000000e+00 9.901524e-04 0.000000e+00 0.000000e+00 0.000000e+00
PROFILE_ITER 1 40 1.094103e-03 3.459454e-04 0.000000e+00 1.069069e-03 0.000000e+00 0.000000e+00 0.000000e+00
PROFILE_ITER 1 41 1.050949e-03 3.499985e-04 0.000000e+00 1.030922e-03 0.000000e+00 0.000000e+00 0.000000e+00
PROFILE_ITER 1 42 1.002073e-03 3.480911e-04 0.000000e+00 9.799004e-04 0.000000e+00 0.000000e+00 9.536743e-07
PROFILE_ITER 0 44 2.491474e-04 1.102924e-03 0.000000e+00 1.039505e-04 0.000000e+00 0.000000e+00 0.000000e+00
PROFILE_ITER 0 45 2.598763e-04 1.142025e-03 0.000000e+00 1.058578e-04 0.000000e+00 0.000000e+00 0.000000e+00
PROFILE_ITER 0 46 2.520084e-04 1.131058e-03 0.000000e+00 1.039505e-04 0.000000e+00 0.000000e+00 0.000000e+00
PROFILE_ITER 0 47 2.498627e-04 1.103163e-03 0.000000e+00 1.049042e-04 0.000000e+00 0.000000e+00 0.000000e+00
PROFILE_ITER 0 48 2.501011e-04 1.178741e-03 0.000000e+00 1.060963e-04 0.000000e+00 0.000000e+00 0.000000e+00
PROFILE_ITER 0 49 2.520084e-04 1.179934e-03 0.000000e+00 1.058578e-04 9.536743e-07 0.000000e+00 0.000000e+00
PROFILE_ITER 0 50 2.498627e-04 1.188278e-03 0.000000e+00 1.049042e-04 0.000000e+00 0.000000e+00 0.000000e+00
PROFILE_ITER 0 51 2.489090e-04 1.183033e-03 0.000000e+00 1.058578e-04 0.000000e+00 0.000000e+00 0.000000e+00
PROFILE_ITER 0 52 2.503395e-04 1.101732e-03 0.000000e+00 1.051426e-04 0.000000e+00 0.000000e+00 0.000000e+00
PROFILE_ITER 0 53 2.512932e-04 1.100540e-03 0.000000e+00 1.051426e-04 0.000000e+00 0.000000e+00 0.000000e+00
PROFILE_ITER 0 54 2.758503e-04 1.237154e-03 0.000000e+00 1.051426e-04 0.000000e+00 0.000000e+00 0.000000e+00
PROFILE_ITER 0 55 2.548695e-04 1.215219e-03 0.000000e+00 1.049042e-04 0.000000e+00 0.000000e+00 0.000000e+00
PROFILE_ITER 0 56 2.520084e-04 1.147032e-03 9.536743e-07 1.049042e-04 0.000000e+00 0.000000e+00 0.000000e+00
PROFILE_ITER 0 57 2.491474e-04 1.106739e-03 0.000000e+00 1.051426e-04 0.000000e+00 0.000000e+00 0.000000e+00
PROFILE_ITER 0 58 2.498627e-04 1.190186e-03 0.000000e+00 1.058578e-04 0.000000e+00 0.000000e+00 0.000000e+00
PROFILE_ITER 0 59 2.508163e-04 1.096249e-03 0.000000e+00 1.058578e-04 0.000000e+00 0.000000e+00 0.000000e+00
PROFILE_ITER 0 60 2.429485e-04 1.109123e-03 0.000000e+00 1.058578e-04 0.000000e+00 0.000000e+00 0.000000e+00
PROFILE_ITER 0 61 2.410412e-04 1.106977e-03 0.000000e+00 1.060963e-04 0.000000e+00 0.000000e+00 0.000000e+00
PROFILE_ITER 0 62 2.510548e-04 1.095772e-03 0.000000e+00 1.060963e-04 0.000000e+00 0.000000e+00 0.000000e+00
PROFILE_ITER 0 63 2.429485e-04 1.191139e-03 0.000000e+00 1.051426e-04 0.000000e+00 0.000000e+00 0.000000e+00
PROFILE_ITER 0 64 2.510548e-04 1.143932e-03 9.536743e-07 1.060963e-04 0.000000e+00 0.000000e+00 0.000000e+00
PROFILE_ITER 0 65 2.498627e-04 1.102209e-03 0.000000e+00 1.049042e-04 0.000000e+00 0.000000e+00 9.536743e-07
PROFILE_ITER 1 43 1.005173e-03 3.447533e-04 0.000000e+00 9.829998e-04 0.000000e+00 0.000000e+00 0.000000e+00
PROFILE_ITER 1 44 1.005888e-03 3.461838e-04 0.000000e+00 9.860992e-04 0.000000e+00 0.000000e+00 0.000000e+00
PROFILE_ITER 1 45 1.042843e-03 3.590584e-04 0.000000e+00 1.022100e-03 0.000000e+00 0.000000e+00 0.000000e+00
PROFILE_ITER 1 46 1.026154e-03 3.569126e-04 0.000000e+00 1.004934e-03 0.000000e+00 0.000000e+00 0.000000e+00
PROFILE_ITER 1 47 1.004934e-03 3.480911e-04 0.000000e+00 9.849072e-04 0.000000e+00 0.000000e+00 0.000000e+00
PROFILE_ITER 0 66 2.489090e-04 1.182079e-03 0.000000e+00 1.049042e-04 0.000000e+00 0.000000e+00 0.000000e+00
PROFILE_ITER 0 67 2.532005e-04 1.093864e-03 0.000000e+00 1.082420e-04 0.000000e+00 0.000000e+00 0.000000e+00
PROFILE_ITER 1 48 1.081944e-03 3.468990e-04 0.000000e+00 1.059771e-03 0.000000e+00 0.000000e+00 0.000000e+00
PROFILE_ITER 0 68 2.427101e-04 1.104116e-03 0.000000e+00 1.058578e-04 0.000000e+00 0.000000e+00 0.000000e+00
PROFILE_ITER 0 69 2.408028e-04 1.156330e-03 9.536743e-07 1.049042e-04 0.000000e+00 0.000000e+00 0.000000e+00
PROFILE_ITER 0 70 2.510548e-04 1.101017e-03 0.000000e+00 1.051426e-04 0.000000e+00 0.000000e+00 0.000000e+00
PROFILE_ITER 1 49 1.084805e-03 3.471375e-04 0.000000e+00 1.061916e-03 0.000000e+00 0.000000e+00 0.000000e+00
PROFILE_ITER 1 50 1.090050e-03 3.480911e-04 0.000000e+00 1.070023e-03 0.000000e+00 0.000000e+00 0.000000e+00
PROFILE_ITER 1 51 1.085997e-03 3.459454e-04 0.000000e+00 1.065016e-03 0.000000e+00 0.000000e+00 0.000000e+00
PROFILE_ITER 0 71 2.419949e-04 1.191854e-03 0.000000e+00 1.051426e-04 0.000000e+00 0.000000e+00 0.000000e+00
PROFILE_ITER 0 72 2.520084e-04 1.183987e-03 0.000000e+00 1.049042e-04 0.000000e+00 0.000000e+00 0.000000e+00
PROFILE_ITER 0 73 2.419949e-04 1.111984e-03 0.000000e+00 1.060963e-04 0.000000e+00 0.000000e+00 0.000000e+00
PROFILE_ITER 0 74 2.419949e-04 1.106977e-03 0.000000e+00 1.049042e-04 0.000000e+00 0.000000e+00 0.000000e+00
PROFILE_ITER 1 52 1.003027e-03 3.490448e-04 0.000000e+00 9.829998e-04 0.000000e+00 0.000000e+00 0.000000e+00
PROFILE_ITER 1 53 1.003027e-03 3.488064e-04 9.536743e-07 9.822845e-04 0.000000e+00 0.000000e+00 0.000000e+00
PROFILE_ITER 1 54 1.142979e-03 3.700256e-04 9.536743e-07 1.119852e-03 0.000000e+00 0.000000e+00 0.000000e+00
PROFILE_ITER 0 75 2.520084e-04 1.098156e-03 0.000000e+00 1.060963e-04 0.000000e+00 0.000000e+00 9.536743e-07
PROFILE_ITER 0 76 2.510548e-04 1.154900e-03 0.000000e+00 1.070499e-04 0.000000e+00 0.000000e+00 0.000000e+00
PROFILE_ITER 0 77 2.529621e-04 1.142025e-03 0.000000e+00 1.060963e-04 0.000000e+00 0.000000e+00 0.000000e+00
PROFILE_ITER 0 78 2.512932e-04 1.178741e-03 0.000000e+00 1.051426e-04 0.000000e+00 0.000000e+00 0.000000e+00
PROFILE_ITER 1 55 1.111746e-03 3.583431e-04 0.000000e+00 1.091957e-03 0.000000e+00 0.000000e+00 0.000000e+00
PROFILE_ITER 1 56 1.049280e-03 3.497601e-04 0.000000e+00 1.028061e-03 0.000000e+00 0.000000e+00 1.192093e-06
PROFILE_ITER 1 57 1.007080e-03 3.488064e-04 0.000000e+00 9.849072e-04 0.000000e+00 0.000000e+00 0.000000e+00
PROFILE_ITER 1 58 1.094103e-03 3.459454e-04 0.000000e+00 1.073837e-03 0.000000e+00 0.000000e+00 0.000000e+00
PROFILE_ITER 0 79 2.479553e-04 1.099110e-03 0.000000e+00 1.039505e-04 0.000000e+00 0.000000e+00 0.000000e+00
PROFILE_ITER 0 80 2.520084e-04 1.137972e-03 9.536743e-07 1.051426e-04 0.000000e+00 0.000000e+00 0.000000e+00
PROFILE_ITER 0 81 2.532005e-04 1.177788e-03 0.000000e+00 1.041889e-04 0.000000e+00 0.000000e+00 0.000000e+00
PROFILE_ITER 1 59 9.992123e-04 3.478527e-04 0.000000e+00 9.791851e-04 0.000000e+00 0.000000e+00 0.000000e+00
PROFILE_ITER 1 60 1.008034e-03 3.440380e-04 0.000000e+00 9.863377e-04 0.000000e+00 0.000000e+00 9.536743e-07
PROFILE_ITER 1 61 9.999275e-04 3.480911e-04 0.000000e+00 9.789467e-04 0.000000e+00 0.000000e+00 0.000000e+00
PROFILE_ITER 1 62 1.002789e-03 3.440380e-04 0.000000e+00 9.818077e-04 0.000000e+00 0.000000e+00 0.000000e+00
PROFILE_ITER 1 63 1.085997e-03 3.480911e-04 0.000000e+00 1.065016e-03 0.000000e+00 0.000000e+00 1.192093e-06
PROFILE_ITER 1 64 1.047850e-03 3.471375e-04 0.000000e+00 1.026869e-03 0.000000e+00 0.000000e+00 0.000000e+00
PROFILE_ITER 0 82 2.517700e-04 1.092196e-03 0.000000e+00 1.039505e-04 0.000000e+00 0.000000e+00 0.000000e+00
PROFILE_ITER 0 83 2.501011e-04 1.094818e-03 0.000000e+00 1.060963e-04 0.000000e+00 0.000000e+00 0.000000e+00
PROFILE_ITER 0 84 2.400875e-04 1.104832e-03 0.000000e+00 1.049042e-04 0.000000e+00 0.000000e+00 0.000000e+00
PROFILE_ITER 0 85 2.520084e-04 1.138210e-03 0.000000e+00 1.060963e-04 0.000000e+00 0.000000e+00 0.000000e+00
PROFILE_ITER 0 86 2.498627e-04 1.181126e-03 0.000000e+00 1.058578e-04 0.000000e+00 0.000000e+00 0.000000e+00
PROFILE_ITER 0 87 2.479553e-04 1.180887e-03 0.000000e+00 1.049042e-04 0.000000e+00 0.000000e+00 0.000000e+00
PROFILE_ITER 0 88 2.417564e-04 1.103401e-03 0.000000e+00 1.039505e-04 0.000000e+00 0.000000e+00 0.000000e+00
PROFILE_ITER 0 89 2.508163e-04 1.183987e-03 0.000000e+00 1.060963e-04 9.536743e-07 0.000000e+00 0.000000e+00
PROFILE_ITER 0 90 2.517700e-04 1.180410e-03 0.000000e+00 1.049042e-04 0.000000e+00 0.000000e+00 0.000000e+00
PROFILE_ITER 0 91 2.501011e-04 1.178741e-03 0.000000e+00 1.060963e-04 0.000000e+00 0.000000e+00 0.000000e+00
PROFILE_ITER 1 65 1.003981e-03 3.480911e-04 0.000000e+00 9.829998e-04 0.000000e+00 0.000000e+00 0.000000e+00
PROFILE_ITER 1 66 1.085997e-03 3.449917e-04 0.000000e+00 1.065254e-03 0.000000e+00 0.000000e+00 0.000000e+00
PROFILE_ITER 1 67 1.001835e-03 3.461838e-04 0.000000e+00 9.820461e-04 0.000000e+00 0.000000e+00 0.000000e+00
PROFILE_ITER 1 68 1.003027e-03 3.437996e-04 0.000000e+00 9.791851e-04 0.000000e+00 0.000000e+00 9.536743e-07
PROFILE_ITER 0 92 2.498627e-04 1.138210e-03 0.000000e+00 1.058578e-04 0.000000e+00 0.000000e+00 0.000000e+00
PROFILE_ITER 0 93 2.501011e-04 1.181841e-03 0.000000e+00 1.051426e-04 0.000000e+00 0.000000e+00 0.000000e+00
PROFILE_ITER 0 94 2.498627e-04 1.180172e-03 0.000000e+00 1.058578e-04 0.000000e+00 0.000000e+00 0.000000e+00
PROFILE_ITER 0 95 2.501011e-04 1.183033e-03 0.000000e+00 1.060963e-04 0.000000e+00 0.000000e+00 0.000000e+00
PROFILE_ITER 1 69 1.049280e-03 3.478527e-04 0.000000e+00 1.029015e-03 0.000000e+00 0.000000e+00 0.000000e+00
PROFILE_ITER 1 70 1.004934e-03 3.471375e-04 0.000000e+00 9.829998e-04 0.000000e+00 0.000000e+00 0.000000e+00
PROFILE_ITER 0 96 2.508163e-04 1.183033e-03 0.000000e+00 1.058578e-04 0.000000e+00 0.000000e+00 0.000000e+00
PROFILE_ITER 0 97 2.508163e-04 1.190186e-03 0.000000e+00 1.049042e-04 0.000000e+00 0.000000e+00 0.000000e+00
PROFILE_ITER 0 98 2.503395e-04 1.098633e-03 0.000000e+00 1.063347e-04 0.000000e+00 0.000000e+00 0.000000e+00
PROFILE_ITER 0 99 2.501011e-04 1.132011e-03 0.000000e+00 1.049042e-04 0.000000e+00 0.000000e+00 0.000000e+00
PROFILE_ITER 1 71 1.086950e-03 3.468990e-04 0.000000e+00 1.065969e-03 0.000000e+00 0.000000e+00 0.000000e+00
PROFILE_ITER 1 72 1.091003e-03 3.449917e-04 0.000000e+00 1.069784e-03 0.000000e+00 0.000000e+00 0.000000e+00
PROFILE_ITER 0 100 2.610683e-04 1.157999e-03 9.536743e-07 1.060963e-04 0.000000e+00 0.000000e+00 0.000000e+00
PROFILE_ITER 0 101 2.520084e-04 1.182795e-03 0.000000e+00 1.051426e-04 0.000000e+00 0.000000e+00 0.000000e+00
PROFILE_ITER 1 73 1.007080e-03 3.468990e-04 0.000000e+00 9.849072e-04 0.000000e+00 0.000000e+00 0.000000e+00
PROFILE_ITER 0 102 2.508163e-04 1.149178e-03 0.000000e+00 1.049042e-04 0.000000e+00 0.000000e+00 0.000000e+00
PROFILE_ITER 0 103 2.501011e-04 1.184940e-03 1.192093e-06 1.039505e-04 0.000000e+00 0.000000e+00 0.000000e+00
PROFILE_ITER 0 104 2.498627e-04 1.183271e-03 0.000000e+00 1.060963e-04 0.000000e+00 0.000000e+00 0.000000e+00
PROFILE_ITER 1 74 1.003742e-03 3.452301e-04 0.000000e+00 9.837151e-04 0.000000e+00 0.000000e+00 0.000000e+00
PROFILE_ITER 1 75 1.003981e-03 3.461838e-04 0.000000e+00 9.839535e-04 0.000000e+00 0.000000e+00 0.000000e+00
PROFILE_ITER 1 76 1.057148e-03 3.488064e-04 0.000000e+00 1.037121e-03 0.000000e+00 0.000000e+00 0.000000e+00
PROFILE_ITER 0 105 2.520084e-04 1.182795e-03 0.000000e+00 1.051426e-04 9.536743e-07 0.000000e+00 0.000000e+00
PROFILE_ITER 0 106 2.486706e-04 1.099348e-03 0.000000e+00 1.049042e-04 0.000000e+00 0.000000e+00 0.000000e+00
PROFILE_ITER 0 107 2.489090e-04 1.180172e-03 0.000000e+00 1.049042e-04 0.000000e+00 0.000000e+00 0.000000e+00
PROFILE_ITER 0 108 2.520084e-04 1.137018e-03 0.000000e+00 1.049042e-04 0.000000e+00 0.000000e+00 0.000000e+00
PROFILE_ITER 1 77 1.044035e-03 3.509521e-04 0.000000e+00 1.023769e-03 0.000000e+00 0.000000e+00 0.000000e+00
PROFILE_ITER 0 109 2.501011e-04 1.135826e-03 0.000000e+00 1.041889e-04 0.000000e+00 0.000000e+00 0.000000e+00
PROFILE_ITER 0 110 2.510548e-04 1.180887e-03 9.536743e-07 1.049042e-04 0.000000e+00 0.000000e+00 0.000000e+00
PROFILE_ITER 1 78 1.081944e-03 3.480911e-04 0.000000e+00 1.060963e-03 0.000000e+00 0.000000e+00 0.000000e+00
PROFILE_ITER 1 79 1.002073e-03 3.449917e-04 0.000000e+00 9.801388e-04 0.000000e+00 0.000000e+00 0.000000e+00
PROFILE_ITER 1 80 1.045227e-03 3.447533e-04 0.000000e+00 1.023054e-03 0.000000e+00 0.000000e+00 0.000000e+00
PROFILE_ITER 0 111 2.419949e-04 1.190186e-03 0.000000e+00 1.060963e-04 0.000000e+00 0.000000e+00 0.000000e+00
PROFILE_ITER 0 112 2.510548e-04 1.183987e-03 9.536743e-07 1.051426e-04 0.000000e+00 0.000000e+00 0.000000e+00
PROFILE_ITER 0 113 2.510548e-04 1.184940e-03 0.000000e+00 1.051426e-04 0.000000e+00 0.000000e+00 0.000000e+00
PROFILE_ITER 1 81 1.085043e-03 3.459454e-04 0.000000e+00 1.064062e-03 0.000000e+00 0.000000e+00 0.000000e+00
PROFILE_ITER 1 82 9.970665e-04 3.468990e-04 0.000000e+00 9.760857e-04 0.000000e+00 0.000000e+00 0.000000e+00
PROFILE_ITER 0 114 2.491474e-04 1.137733e-03 0.000000e+00 1.051426e-04 0.000000e+00 0.000000e+00 0.000000e+00
PROFILE_ITER 0 115 2.510548e-04 1.138926e-03 0.000000e+00 1.060963e-04 0.000000e+00 0.000000e+00 0.000000e+00
PROFILE_ITER 0 116 2.419949e-04 1.150131e-03 0.000000e+00 1.039505e-04 1.192093e-06 0.000000e+00 0.000000e+00
PROFILE_ITER 0 117 2.489090e-04 1.107931e-03 0.000000e+00 1.039505e-04 0.000000e+00 0.000000e+00 0.000000e+00
PROFILE_ITER 1 83 9.989738e-04 3.459454e-04 0.000000e+00 9.782314e-04 0.000000e+00 0.000000e+00 0.000000e+00
PROFILE_ITER 1 84 9.989738e-04 3.459454e-04 9.536743e-07 9.777546e-04 0.000000e+00 0.000000e+00 0.000000e+00
PROFILE_ITER 1 85 1.039982e-03 3.502369e-04 0.000000e+00 1.019955e-03 0.000000e+00 0.000000e+00 0.000000e+00
PROFILE_ITER 0 118 2.429485e-04 1.192093e-03 0.000000e+00 1.058578e-04 0.000000e+00 0.000000e+00 0.000000e+00
PROFILE_ITER 0 119 2.419949e-04 1.145124e-03 0.000000e+00 1.049042e-04 0.000000e+00 0.000000e+00 0.000000e+00
PROFILE_ITER 0 120 2.479553e-04 1.101971e-03 0.000000e+00 1.039505e-04 0.000000e+00 0.000000e+00 0.000000e+00
PROFILE_ITER 1 86 1.081944e-03 3.478527e-04 0.000000e+00 1.061916e-03 0.000000e+00 0.000000e+00 0.000000e+00
PROFILE_ITER 1 87 1.083851e-03 3.449917e-04 0.000000e+00 1.063108e-03 0.000000e+00 0.000000e+00 0.000000e+00
PROFILE_ITER 0 121 2.501011e-04 1.100779e-03 0.000000e+00 1.060963e-04 0.000000e+00 0.000000e+00 0.000000e+00
PROFILE_ITER 0 122 2.520084e-04 1.101017e-03 0.000000e+00 1.060963e-04 0.000000e+00 0.000000e+00 0.000000e+00
PROFILE_ITER 0 123 2.489090e-04 1.105070e-03 0.000000e+00 1.058578e-04 0.000000e+00 0.000000e+00 0.000000e+00
PROFILE_ITER 1 88 9.982586e-04 3.468990e-04 0.000000e+00 9.782314e-04 0.000000e+00 0.000000e+00 0.000000e+00
PROFILE_ITER 0 124 2.479553e-04 1.185179e-03 0.000000e+00 1.049042e-04 0.000000e+00 0.000000e+00 0.000000e+00
PROFILE_ITER 1 89 1.086950e-03 3.478527e-04 0.000000e+00 1.065969e-03 0.000000e+00 0.000000e+00 0.000000e+00
PROFILE_ITER 0 125 2.522469e-04 1.139641e-03 0.000000e+00 1.060963e-04 0.000000e+00 0.000000e+00 0.000000e+00
PROFILE_ITER 0 126 2.539158e-04 1.137257e-03 0.000000e+00 1.049042e-04 0.000000e+00 0.000000e+00 0.000000e+00
PROFILE_ITER 1 90 1.085043e-03 3.471375e-04 0.000000e+00 1.065016e-03 0.000000e+00 0.000000e+00 0.000000e+00
PROFILE_ITER 1 91 1.082897e-03 3.459454e-04 0.000000e+00 1.062155e-03 0.000000e+00 0.000000e+00 9.536743e-07
PROFILE_ITER 1 92 1.043081e-03 3.449917e-04 0.000000e+00 1.021862e-03 0.000000e+00 0.000000e+00 0.000000e+00
PROFILE_ITER 0 127 2.501011e-04 1.186848e-03 0.000000e+00 1.049042e-04 0.000000e+00 0.000000e+00 0.000000e+00
PROFILE_ITER 0 128 2.491474e-04 1.183748e-03 0.000000e+00 1.049042e-04 1.192093e-06 0.000000e+00 0.000000e+00
PROFILE_ITER 0 129 2.720356e-04 1.249075e-03 0.000000e+00 1.060963e-04 0.000000e+00 0.000000e+00 0.000000e+00
PROFILE_ITER 1 93 1.083136e-03 3.488064e-04 0.000000e+00 1.062155e-03 0.000000e+00 0.000000e+00 0.000000e+00
PROFILE_ITER 0 130 2.522469e-04 1.227617e-03 0.000000e+00 1.051426e-04 0.000000e+00 0.000000e+00 0.000000e+00
PROFILE_ITER 0 131 2.498627e-04 1.189232e-03 0.000000e+00 1.049042e-04 0.000000e+00 0.000000e+00 0.000000e+00
PROFILE_ITER 1 94 1.083136e-03 3.468990e-04 0.000000e+00 1.064062e-03 0.000000e+00 0.000000e+00 0.000000e+00
PROFILE_ITER 1 95 1.087666e-03 3.454685e-04 0.000000e+00 1.067638e-03 0.000000e+00 0.000000e+00 0.000000e+00
PROFILE_ITER 0 132 2.501011e-04 1.123905e-03 0.000000e+00 1.051426e-04 0.000000e+00 0.000000e+00 0.000000e+00
PROFILE_ITER 0 133 2.501011e-04 1.106977e-03 0.000000e+00 1.051426e-04 0.000000e+00 0.000000e+00 0.000000e+00
PROFILE_ITER 0 134 2.501011e-04 1.135826e-03 0.000000e+00 1.051426e-04 0.000000e+00 0.000000e+00 0.000000e+00
PROFILE_ITER 0 135 2.491474e-04 1.187801e-03 0.000000e+00 1.039505e-04 0.000000e+00 0.000000e+00 0.000000e+00
PROFILE_ITER 0 136 2.501011e-04 1.185894e-03 0.000000e+00 1.058578e-04 0.000000e+00 0.000000e+00 0.000000e+00
PROFILE_ITER 1 96 1.085997e-03 3.478527e-04 9.536743e-07 1.065969e-03 0.000000e+00 0.000000e+00 0.000000e+00
PROFILE_ITER 1 97 1.095772e-03 3.442764e-04 0.000000e+00 1.074791e-03 0.000000e+00 0.000000e+00 0.000000e+00
PROFILE_ITER 1 98 1.001835e-03 3.471375e-04 0.000000e+00 9.808540e-04 0.000000e+00 0.000000e+00 0.000000e+00
PROFILE_ITER 0 137 2.498627e-04 1.185179e-03 0.000000e+00 1.049042e-04 0.000000e+00 0.000000e+00 0.000000e+00
PROFILE_ITER 1 99 1.037121e-03 3.449917e-04 0.000000e+00 1.016855e-03 0.000000e+00 0.000000e+00 0.000000e+00
PROFILE_ITER 1 100 1.065016e-03 3.540516e-04 0.000000e+00 1.043797e-03 0.000000e+00 0.000000e+00 0.000000e+00
PROFILE_ITER 0 138 2.429485e-04 1.109123e-03 0.000000e+00 1.060963e-04 0.000000e+00 0.000000e+00 0.000000e+00
PROFILE_ITER 0 139 2.419949e-04 1.107931e-03 0.000000e+00 1.049042e-04 0.000000e+00 0.000000e+00 0.000000e+00
PROFILE_ITER 0 140 2.479553e-04 1.231194e-03 0.000000e+00 1.039505e-04 0.000000e+00 0.000000e+00 0.000000e+00
PROFILE_ITER 1 101 1.063108e-03 3.716946e-04 0.000000e+00 1.040220e-03 0.000000e+00 0.000000e+00 9.536743e-07
PROFILE_ITER 1 102 1.048088e-03 3.519058e-04 0.000000e+00 1.025915e-03 0.000000e+00 0.000000e+00 0.000000e+00
PROFILE_ITER 0 141 2.579689e-04 1.159906e-03 0.000000e+00 1.060963e-04 0.000000e+00 0.000000e+00 0.000000e+00
PROFILE_ITER 0 142 2.501011e-04 1.190901e-03 0.000000e+00 1.049042e-04 0.000000e+00 0.000000e+00 0.000000e+00
PROFILE_ITER 1 103 1.087189e-03 3.478527e-04 9.536743e-07 1.065016e-03 1.192093e-06 0.000000e+00 0.000000e+00
PROFILE_ITER 0 143 2.441406e-04 1.191854e-03 0.000000e+00 1.060963e-04 0.000000e+00 0.000000e+00 0.000000e+00
PROFILE_ITER 0 144 2.501011e-04 1.137972e-03 0.000000e+00 1.060963e-04 0.000000e+00 0.000000e+00 0.000000e+00
PROFILE_ITER 1 104 1.085997e-03 3.471375e-04 0.000000e+00 1.065016e-03 0.000000e+00 0.000000e+00 0.000000e+00
PROFILE_ITER 1 105 1.085997e-03 3.488064e-04 0.000000e+00 1.066208e-03 0.000000e+00 0.000000e+00 0.000000e+00
PROFILE_ITER 0 145 2.520084e-04 1.132965e-03 0.000000e+00 1.060963e-04 9.536743e-07 0.000000e+00 0.000000e+00
PROFILE_ITER 0 146 2.510548e-04 1.102924e-03 0.000000e+00 1.060963e-04 0.000000e+00 0.000000e+00 0.000000e+00
PROFILE_ITER 1 106 1.002073e-03 3.459454e-04 0.000000e+00 9.810925e-04 1.907349e-06 0.000000e+00 0.000000e+00
PROFILE_ITER 1 107 1.083851e-03 3.452301e-04 0.000000e+00 1.063824e-03 0.000000e+00 0.000000e+00 0.000000e+00
PROFILE_ITER 0 147 2.522469e-04 1.100779e-03 0.000000e+00 1.039505e-04 9.536743e-07 0.000000e+00 9.536743e-07
PROFILE_ITER 0 148 2.558231e-04 1.160145e-03 0.000000e+00 1.049042e-04 0.000000e+00 0.000000e+00 0.000000e+00
PROFILE_ITER 0 149 2.546310e-04 1.120329e-03 9.536743e-07 1.049042e-04 0.000000e+00 0.000000e+00 0.000000e+00
PROFILE_ITER 0 150 2.527237e-04 1.143456e-03 0.000000e+00 1.049042e-04 0.000000e+00 9.536743e-07 0.000000e+00
PROFILE_ITER 1 108 1.044035e-03 3.449917e-04 0.000000e+00 1.021862e-03 0.000000e+00 0.000000e+00 9.536743e-07
PROFILE_ITER 1 109 1.039982e-03 3.459454e-04 0.000000e+00 1.019955e-03 0.000000e+00 0.000000e+00 0.000000e+00
PROFILE_ITER 1 110 1.085043e-03 3.468990e-04 0.000000e+00 1.064062e-03 0.000000e+00 0.000000e+00 0.000000e+00
PROFILE_ITER 0 151 2.508163e-04 1.182079e-03 0.000000e+00 1.058578e-04 0.000000e+00 0.000000e+00 0.000000e+00
PROFILE_ITER 0 152 2.639294e-04 1.242161e-03 0.000000e+00 1.049042e-04 0.000000e+00 0.000000e+00 0.000000e+00
PROFILE_ITER 1 111 1.086235e-03 3.459454e-04 0.000000e+00 1.064062e-03 0.000000e+00 0.000000e+00 0.000000e+00
PROFILE_ITER 1 112 1.087904e-03 3.471375e-04 0.000000e+00 1.068115e-03 0.000000e+00 0.000000e+00 0.000000e+00
PROFILE_ITER 0 153 2.501011e-04 1.125813e-03 0.000000e+00 1.058578e-04 0.000000e+00 0.000000e+00 0.000000e+00
PROFILE_ITER 0 154 2.510548e-04 1.102924e-03 0.000000e+00 1.058578e-04 0.000000e+00 0.000000e+00 0.000000e+00
PROFILE_ITER 1 113 1.089096e-03 3.468990e-04 0.000000e+00 1.068115e-03 0.000000e+00 0.000000e+00 0.000000e+00
PROFILE_ITER 0 155 2.520084e-04 1.102924e-03 0.000000e+00 1.058578e-04 0.000000e+00 0.000000e+00 0.000000e+00
PROFILE_ITER 0 156 2.517700e-04 1.098394e-03 0.000000e+00 1.058578e-04 0.000000e+00 0.000000e+00 0.000000e+00
PROFILE_ITER 1 114 1.038790e-03 3.480911e-04 0.000000e+00 1.019001e-03 0.000000e+00 0.000000e+00 0.000000e+00
PROFILE_ITER 1 115 1.043081e-03 3.468990e-04 0.000000e+00 1.023054e-03 0.000000e+00 0.000000e+00 0.000000e+00
PROFILE_ITER 0 157 2.431870e-04 1.109838e-03 0.000000e+00 1.060963e-04 0.000000e+00 0.000000e+00 0.000000e+00
PROFILE_ITER 0 158 2.503395e-04 1.180649e-03 0.000000e+00 1.060963e-04 0.000000e+00 0.000000e+00 0.000000e+00
PROFILE_ITER 0 159 2.520084e-04 1.132965e-03 0.000000e+00 1.058578e-04 0.000000e+00 0.000000e+00 0.000000e+00
PROFILE_ITER 0 160 2.429485e-04 1.198053e-03 0.000000e+00 1.070499e-04 0.000000e+00 0.000000e+00 0.000000e+00
PROFILE_ITER 1 116 1.044989e-03 3.449917e-04 0.000000e+00 1.022816e-03 0.000000e+00 0.000000e+00 0.000000e+00
PROFILE_ITER 1 117 1.010180e-03 3.478527e-04 0.000000e+00 9.880066e-04 0.000000e+00 0.000000e+00 0.000000e+00
PROFILE_ITER 1 118 1.086950e-03 3.480911e-04 0.000000e+00 1.065016e-03 0.000000e+00 0.000000e+00 0.000000e+00
PROFILE_ITER 0 161 2.501011e-04 1.191854e-03 0.000000e+00 1.060963e-04 0.000000e+00 0.000000e+00 0.000000e+00
PROFILE_ITER 0 162 2.501011e-04 1.184940e-03 0.000000e+00 1.051426e-04 0.000000e+00 0.000000e+00 0.000000e+00
PROFILE_ITER 0 163 2.491474e-04 1.103878e-03 1.192093e-06 1.039505e-04 0.000000e+00 0.000000e+00 0.000000e+00
PROFILE_ITER 1 119 1.041889e-03 3.452301e-04 0.000000e+00 1.020908e-03 0.000000e+00 0.000000e+00 0.000000e+00
PROFILE_ITER 0 164 2.522469e-04 1.102686e-03 0.000000e+00 1.063347e-04 0.000000e+00 0.000000e+00 9.536743e-07
PROFILE_ITER 0 165 2.501011e-04 1.101971e-03 1.192093e-06 1.051426e-04 0.000000e+00 0.000000e+00 0.000000e+00
PROFILE_ITER 1 120 1.002073e-03 3.478527e-04 0.000000e+00 9.810925e-04 0.000000e+00 0.000000e+00 0.000000e+00
PROFILE_ITER 0 166 2.517700e-04 1.096249e-03 0.000000e+00 1.068115e-04 0.000000e+00 0.000000e+00 0.000000e+00
PROFILE_ITER 0 167 2.510548e-04 1.099825e-03 0.000000e+00 1.051426e-04 0.000000e+00 0.000000e+00 0.000000e+00
PROFILE_ITER 0 168 2.510548e-04 1.097918e-03 0.000000e+00 1.039505e-04 0.000000e+00 0.000000e+00 0.000000e+00
PROFILE_ITER 0 169 2.498627e-04 1.096249e-03 0.000000e+00 1.058578e-04 0.000000e+00 0.000000e+00 0.000000e+00
PROFILE_ITER 0 170 2.489090e-04 1.100063e-03 0.000000e+00 1.049042e-04 0.000000e+00 0.000000e+00 0.000000e+00
PROFILE_ITER 1 121 1.003981e-03 3.468990e-04 0.000000e+00 9.837151e-04 0.000000e+00 0.000000e+00 0.000000e+00
PROFILE_ITER 1 122 1.008987e-03 3.440380e-04 0.000000e+00 9.880066e-04 0.000000e+00 0.000000e+00 0.000000e+00
PROFILE_ITER 1 123 1.005173e-03 3.488064e-04 0.000000e+00 9.849072e-04 0.000000e+00 0.000000e+00 0.000000e+00
PROFILE_ITER 0 171 2.520084e-04 1.102924e-03 0.000000e+00 1.049042e-04 0.000000e+00 0.000000e+00 0.000000e+00
PROFILE_ITER 0 172 2.622604e-04 1.139879e-03 0.000000e+00 1.060963e-04 0.000000e+00 0.000000e+00 0.000000e+00
PROFILE_ITER 1 124 1.087904e-03 3.452301e-04 0.000000e+00 1.067877e-03 0.000000e+00 0.000000e+00 0.000000e+00
PROFILE_ITER 1 125 1.044750e-03 3.471375e-04 0.000000e+00 1.023769e-03 0.000000e+00 0.000000e+00 0.000000e+00
PROFILE_ITER 0 173 2.520084e-04 1.152039e-03 0.000000e+00 1.060963e-04 0.000000e+00 0.000000e+00 0.000000e+00
PROFILE_ITER 0 174 2.501011e-04 1.109838e-03 0.000000e+00 1.051426e-04 0.000000e+00 0.000000e+00 0.000000e+00
PROFILE_ITER 0 175 2.503395e-04 1.180649e-03 0.000000e+00 1.063347e-04 0.000000e+00 0.000000e+00 0.000000e+00
PROFILE_ITER 0 176 2.510548e-04 1.181841e-03 0.000000e+00 1.051426e-04 0.000000e+00 0.000000e+00 0.000000e+00
PROFILE_ITER 1 126 1.044750e-03 3.464222e-04 0.000000e+00 1.023054e-03 0.000000e+00 0.000000e+00 9.536743e-07
PROFILE_ITER 1 127 1.088858e-03 3.480911e-04 0.000000e+00 1.069069e-03 0.000000e+00 0.000000e+00 0.000000e+00
PROFILE_ITER 0 177 2.546310e-04 1.176357e-03 0.000000e+00 1.058578e-04 0.000000e+00 0.000000e+00 9.536743e-07
PROFILE_ITER 0 178 2.501011e-04 1.178026e-03 0.000000e+00 1.051426e-04 0.000000e+00 0.000000e+00 0.000000e+00
PROFILE_ITER 1 128 1.086712e-03 3.461838e-04 0.000000e+00 1.065969e-03 0.000000e+00 0.000000e+00 0.000000e+00
PROFILE_ITER 0 179 2.520084e-04 1.096010e-03 0.000000e+00 1.058578e-04 0.000000e+00 0.000000e+00 0.000000e+00
PROFILE_ITER 0 180 2.529621e-04 1.097918e-03 0.000000e+00 1.060963e-04 0.000000e+00 0.000000e+00 0.000000e+00
PROFILE_ITER 1 129 1.152992e-03 3.681183e-04 0.000000e+00 1.129866e-03 9.536743e-07 0.000000e+00 0.000000e+00
PROFILE_ITER 0 181 2.498627e-04 1.104116e-03 0.000000e+00 1.049042e-04 0.000000e+00 0.000000e+00 0.000000e+00
PROFILE_ITER 0 182 2.498627e-04 1.102209e-03 0.000000e+00 1.049042e-04 0.000000e+00 0.000000e+00 0.000000e+00
PROFILE_ITER 1 130 1.123905e-03 3.559589e-04 0.000000e+00 1.103163e-03 0.000000e+00 0.000000e+00 0.000000e+00
PROFILE_ITER 1 131 1.091003e-03 3.480911e-04 0.000000e+00 1.070023e-03 0.000000e+00 0.000000e+00 0.000000e+00
PROFILE_ITER 0 183 2.510548e-04 1.108885e-03 0.000000e+00 1.058578e-04 0.000000e+00 0.000000e+00 0.000000e+00
PROFILE_ITER 0 184 2.601147e-04 1.175880e-03 0.000000e+00 1.060963e-04 0.000000e+00 0.000000e+00 0.000000e+00
PROFILE_ITER 1 132 1.025915e-03 3.480911e-04 0.000000e+00 1.003742e-03 0.000000e+00 0.000000e+00 0.000000e+00
PROFILE_ITER 0 185 2.498627e-04 1.109123e-03 0.000000e+00 1.049042e-04 0.000000e+00 0.000000e+00 0.000000e+00
PROFILE_ITER 0 186 2.498627e-04 1.101255e-03 0.000000e+00 1.058578e-04 0.000000e+00 0.000000e+00 0.000000e+00
PROFILE_ITER 1 133 1.008987e-03 3.468990e-04 0.000000e+00 9.877682e-04 0.000000e+00 0.000000e+00 0.000000e+00
PROFILE_ITER 1 134 1.039982e-03 3.471375e-04 0.000000e+00 1.019001e-03 0.000000e+00 0.000000e+00 0.000000e+00
PROFILE_ITER 0 187 2.501011e-04 1.182795e-03 0.000000e+00 1.060963e-04 0.000000e+00 0.000000e+00 0.000000e+00
PROFILE_ITER 0 188 2.498627e-04 1.104116e-03 0.000000e+00 1.049042e-04 0.000000e+00 0.000000e+00 0.000000e+00
PROFILE_ITER 1 135 1.089096e-03 3.478527e-04 0.000000e+00 1.069784e-03 0.000000e+00 0.000000e+00 0.000000e+00
PROFILE_ITER 1 136 1.088858e-03 3.471375e-04 0.000000e+00 1.068830e-03 0.000000e+00 0.000000e+00 0.000000e+00
PROFILE_ITER 0 189 2.498627e-04 1.099348e-03 0.000000e+00 1.058578e-04 9.536743e-07 0.000000e+00 0.000000e+00
PROFILE_ITER 0 190 2.489090e-04 1.095057e-03 0.000000e+00 1.049042e-04 0.000000e+00 0.000000e+00 0.000000e+00
PROFILE_ITER 1 137 1.087189e-03 3.488064e-04 0.000000e+00 1.065254e-03 0.000000e+00 0.000000e+00 0.000000e+00
PROFILE_ITER 0 191 2.510548e-04 1.139879e-03 0.000000e+00 1.039505e-04 1.192093e-06 0.000000e+00 0.000000e+00
PROFILE_ITER 0 192 2.520084e-04 1.098871e-03 0.000000e+00 1.060963e-04 0.000000e+00 0.000000e+00 0.000000e+00
PROFILE_ITER 0 193 2.498627e-04 1.097202e-03 0.000000e+00 1.060963e-04 0.000000e+00 0.000000e+00 0.000000e+00
PROFILE_ITER 1 138 1.007080e-03 3.449917e-04 0.000000e+00 9.851456e-04 0.000000e+00 0.000000e+00 0.000000e+00
PROFILE_ITER 1 139 1.004934e-03 3.449917e-04 0.000000e+00 9.837151e-04 0.000000e+00 0.000000e+00 0.000000e+00
PROFILE_ITER 1 140 1.119137e-03 3.600121e-04 0.000000e+00 1.099110e-03 0.000000e+00 0.000000e+00 0.000000e+00
PROFILE_ITER 0 194 2.539158e-04 1.090050e-03 0.000000e+00 1.068115e-04 0.000000e+00 0.000000e+00 0.000000e+00
PROFILE_ITER 0 195 2.501011e-04 1.097918e-03 0.000000e+00 1.051426e-04 0.000000e+00 0.000000e+00 0.000000e+00
PROFILE_ITER 0 196 2.591610e-04 1.153946e-03 0.000000e+00 1.068115e-04 0.000000e+00 1.192093e-06 0.000000e+00
PROFILE_ITER 0 197 2.563000e-04 1.191616e-03 0.000000e+00 1.060963e-04 0.000000e+00 0.000000e+00 0.000000e+00
PROFILE_ITER 0 198 2.448559e-04 1.143217e-03 0.000000e+00 1.060963e-04 0.000000e+00 0.000000e+00 0.000000e+00
PROFILE_ITER 0 199 2.503395e-04 1.106501e-03 0.000000e+00 1.051426e-04 0.000000e+00 0.000000e+00 0.000000e+00
PROFILE_ITER 1 141 1.058102e-03 3.597736e-04 0.000000e+00 1.036882e-03 0.000000e+00 0.000000e+00 0.000000e+00
PROFILE_ITER 1 142 1.090050e-03 3.509521e-04 0.000000e+00 1.067877e-03 0.000000e+00 0.000000e+00 9.536743e-07
PROFILE_ITER 1 143 1.088858e-03 3.471375e-04 0.000000e+00 1.067877e-03 0.000000e+00 0.000000e+00 0.000000e+00
PROFILE_ITER 1 144 1.041889e-03 3.461838e-04 0.000000e+00 1.019955e-03 0.000000e+00 0.000000e+00 0.000000e+00
PROFILE_ACCUM 0 spmv=5.019307e-02 vecops=2.300780e-01 send_fill=1.215935e-05 local_spmv=2.109528e-02 comm_wait=1.025200e-05 shared_spmv=4.529953e-06 send_wait=7.867813e-06
PROFILE_ITER 1 145 1.038074e-03 3.459454e-04 0.000000e+00 1.016855e-03 0.000000e+00 0.000000e+00 9.536743e-07
PROFILE_ITER 1 146 1.008034e-03 3.468990e-04 0.000000e+00 9.860992e-04 0.000000e+00 0.000000e+00 0.000000e+00
PROFILE_ITER 1 147 1.003027e-03 3.499985e-04 0.000000e+00 9.820461e-04 0.000000e+00 0.000000e+00 0.000000e+00
PROFILE_ITER 1 148 1.055241e-03 3.607273e-04 0.000000e+00 1.033068e-03 0.000000e+00 0.000000e+00 0.000000e+00
PROFILE_ITER 1 149 1.018047e-03 3.569126e-04 0.000000e+00 9.968281e-04 0.000000e+00 0.000000e+00 0.000000e+00
PROFILE_ITER 1 150 1.047850e-03 3.483295e-04 0.000000e+00 1.027107e-03 0.000000e+00 0.000000e+00 0.000000e+00
PROFILE_ITER 1 151 1.085043e-03 3.478527e-04 0.000000e+00 1.065016e-03 0.000000e+00 0.000000e+00 1.192093e-06
PROFILE_ITER 1 152 1.142025e-03 3.650188e-04 0.000000e+00 1.121998e-03 0.000000e+00 0.000000e+00 0.000000e+00
PROFILE_ITER 1 153 1.023293e-03 3.507137e-04 0.000000e+00 1.002073e-03 0.000000e+00 0.000000e+00 0.000000e+00
PROFILE_ITER 1 154 1.006126e-03 3.478527e-04 0.000000e+00 9.839535e-04 0.000000e+00 0.000000e+00 0.000000e+00
PROFILE_ITER 1 155 1.008987e-03 3.459454e-04 0.000000e+00 9.849072e-04 0.000000e+00 0.000000e+00 0.000000e+00
PROFILE_ITER 1 156 1.005173e-03 3.449917e-04 0.000000e+00 9.841919e-04 0.000000e+00 0.000000e+00 9.536743e-07
PROFILE_ITER 1 157 1.004696e-03 3.483295e-04 0.000000e+00 9.849072e-04 0.000000e+00 0.000000e+00 0.000000e+00
PROFILE_ITER 1 158 1.082897e-03 3.468990e-04 0.000000e+00 1.062870e-03 0.000000e+00 0.000000e+00 0.000000e+00
PROFILE_ITER 1 159 1.039028e-03 3.471375e-04 0.000000e+00 1.019001e-03 0.000000e+00 0.000000e+00 0.000000e+00
PROFILE_ITER 1 160 1.091957e-03 3.490448e-04 0.000000e+00 1.072168e-03 0.000000e+00 0.000000e+00 0.000000e+00
PROFILE_ITER 1 161 1.095057e-03 3.468990e-04 0.000000e+00 1.074076e-03 0.000000e+00 0.000000e+00 0.000000e+00
PROFILE_ITER 1 162 1.087666e-03 3.473759e-04 0.000000e+00 1.066923e-03 0.000000e+00 0.000000e+00 0.000000e+00
PROFILE_ITER 1 163 1.006842e-03 3.461838e-04 0.000000e+00 9.860992e-04 0.000000e+00 0.000000e+00 0.000000e+00
PROFILE_ITER 1 164 1.009941e-03 3.449917e-04 0.000000e+00 9.899139e-04 1.192093e-06 0.000000e+00 0.000000e+00
PROFILE_ITER 1 165 1.003027e-03 3.490448e-04 0.000000e+00 9.832382e-04 0.000000e+00 0.000000e+00 0.000000e+00
PROFILE_ITER 1 166 1.001835e-03 3.461838e-04 0.000000e+00 9.810925e-04 0.000000e+00 0.000000e+00 0.000000e+00
PROFILE_ITER 1 167 1.004934e-03 3.459454e-04 0.000000e+00 9.841919e-04 0.000000e+00 0.000000e+00 0.000000e+00
PROFILE_ITER 1 168 1.003981e-03 3.449917e-04 0.000000e+00 9.818077e-04 0.000000e+00 0.000000e+00 0.000000e+00
PROFILE_ITER 1 169 1.000166e-03 3.459454e-04 0.000000e+00 9.789467e-04 0.000000e+00 0.000000e+00 0.000000e+00
PROFILE_ITER 1 170 1.003981e-03 3.449917e-04 0.000000e+00 9.829998e-04 0.000000e+00 0.000000e+00 0.000000e+00
PROFILE_ITER 1 171 1.008034e-03 3.468990e-04 0.000000e+00 9.870529e-04 0.000000e+00 0.000000e+00 0.000000e+00
PROFILE_ITER 1 172 1.044989e-03 3.571510e-04 0.000000e+00 1.023054e-03 9.536743e-07 0.000000e+00 0.000000e+00
PROFILE_ITER 1 173 1.041889e-03 3.631115e-04 0.000000e+00 1.022100e-03 0.000000e+00 0.000000e+00 0.000000e+00
PROFILE_ITER 1 174 1.008987e-03 3.499985e-04 1.192093e-06 9.877682e-04 0.000000e+00 0.000000e+00 0.000000e+00
PROFILE_ITER 1 175 1.084805e-03 3.471375e-04 0.000000e+00 1.063108e-03 0.000000e+00 0.000000e+00 0.000000e+00
PROFILE_ITER 1 176 1.087904e-03 3.449917e-04 0.000000e+00 1.066923e-03 0.000000e+00 0.000000e+00 0.000000e+00
PROFILE_ITER 1 177 1.085043e-03 3.459454e-04 0.000000e+00 1.065969e-03 0.000000e+00 0.000000e+00 0.000000e+00
PROFILE_ITER 1 178 1.080036e-03 3.480911e-04 0.000000e+00 1.058817e-03 0.000000e+00 0.000000e+00 0.000000e+00
PROFILE_ITER 1 179 1.003027e-03 3.449917e-04 0.000000e+00 9.820461e-04 0.000000e+00 0.000000e+00 0.000000e+00
PROFILE_ITER 1 180 1.005888e-03 3.449917e-04 0.000000e+00 9.870529e-04 0.000000e+00 0.000000e+00 0.000000e+00
PROFILE_ITER 1 181 1.007080e-03 3.468990e-04 0.000000e+00 9.858608e-04 0.000000e+00 0.000000e+00 0.000000e+00
PROFILE_ITER 1 182 1.007795e-03 3.442764e-04 0.000000e+00 9.868145e-04 0.000000e+00 0.000000e+00 0.000000e+00
PROFILE_ITER 1 183 1.009941e-03 3.499985e-04 0.000000e+00 9.887218e-04 0.000000e+00 0.000000e+00 0.000000e+00
PROFILE_ITER 1 184 1.072645e-03 3.623962e-04 0.000000e+00 1.050711e-03 0.000000e+00 0.000000e+00 0.000000e+00
PROFILE_ITER 1 185 1.008034e-03 3.519058e-04 0.000000e+00 9.868145e-04 0.000000e+00 0.000000e+00 0.000000e+00
PROFILE_ITER 1 186 1.002789e-03 3.483295e-04 9.536743e-07 9.818077e-04 0.000000e+00 0.000000e+00 0.000000e+00
PROFILE_ITER 1 187 1.085043e-03 3.478527e-04 0.000000e+00 1.064062e-03 0.000000e+00 0.000000e+00 0.000000e+00
PROFILE_ITER 1 188 1.008272e-03 3.457069e-04 0.000000e+00 9.870529e-04 0.000000e+00 0.000000e+00 0.000000e+00
PROFILE_ITER 1 189 1.000166e-03 3.490448e-04 0.000000e+00 9.791851e-04 0.000000e+00 0.000000e+00 0.000000e+00
PROFILE_ITER 1 190 1.000166e-03 3.437996e-04 0.000000e+00 9.779930e-04 0.000000e+00 0.000000e+00 0.000000e+00
PROFILE_ITER 1 191 1.045942e-03 3.449917e-04 0.000000e+00 1.024246e-03 0.000000e+00 0.000000e+00 9.536743e-07
PROFILE_ITER 1 192 1.004219e-03 3.466606e-04 0.000000e+00 9.851456e-04 0.000000e+00 0.000000e+00 0.000000e+00
PROFILE_ITER 1 193 1.002073e-03 3.449917e-04 0.000000e+00 9.810925e-04 0.000000e+00 0.000000e+00 0.000000e+00
PROFILE_ITER 1 194 9.989738e-04 3.449917e-04 0.000000e+00 9.789467e-04 0.000000e+00 0.000000e+00 0.000000e+00
PROFILE_ITER 1 195 1.001120e-03 3.468990e-04 0.000000e+00 9.810925e-04 0.000000e+00 0.000000e+00 0.000000e+00
PROFILE_ITER 1 196 1.056910e-03 3.561974e-04 0.000000e+00 1.036882e-03 0.000000e+00 0.000000e+00 0.000000e+00
PROFILE_ITER 1 197 1.076221e-03 3.716946e-04 0.000000e+00 1.055002e-03 0.000000e+00 0.000000e+00 0.000000e+00
PROFILE_ITER 1 198 1.031160e-03 3.569126e-04 0.000000e+00 1.009941e-03 0.000000e+00 0.000000e+00 0.000000e+00
PROFILE_ITER 1 199 1.008034e-03 3.488064e-04 0.000000e+00 9.858608e-04 0.000000e+00 0.000000e+00 0.000000e+00
PROFILE_ACCUM 1 spmv=2.097735e-01 vecops=1.827884e-01 send_fill=8.821487e-06 local_spmv=2.054329e-01 comm_wait=9.298325e-06 shared_spmv=0.000000e+00 send_wait=2.193451e-05
