Matrix name : /home/bugra/Workspace/C/HetHypPar_rewrite/data/matrices/rma10_1c_15g/rma10_1c_15g.mtx

	****	Matrix File readed	****LOG: Finished Creating Shard CSC
LOG: Finished Creating Vectors
PROFILE_HEADER rank iter spmv vecops send_fill local_spmv comm_wait shared_spmv send_wait
PROFILE_ITER 1 0 4.150867e-03 2.284012e-01 0.000000e+00 4.049063e-03 0.000000e+00 0.000000e+00 9.536743e-07
PROFILE_ITER 1 1 4.205227e-03 4.098415e-04 0.000000e+00 4.189014e-03 0.000000e+00 0.000000e+00 0.000000e+00
PROFILE_ITER 1 2 3.862143e-03 4.129410e-04 0.000000e+00 3.848791e-03 1.192093e-06 0.000000e+00 0.000000e+00
PROFILE_ITER 1 3 3.679037e-03 5.228519e-04 0.000000e+00 3.663063e-03 0.000000e+00 0.000000e+00 0.000000e+00
PROFILE_ITER 1 4 3.694057e-03 5.419254e-04 0.000000e+00 3.679991e-03 0.000000e+00 0.000000e+00 1.192093e-06
PROFILE_ITER 1 5 4.266024e-03 4.270077e-04 0.000000e+00 4.250050e-03 0.000000e+00 0.000000e+00 0.000000e+00
PROFILE_ITER 1 6 4.091978e-03 4.010201e-04 0.000000e+00 4.079103e-03 0.000000e+00 0.000000e+00 0.000000e+00
PROFILE_ITER 1 7 4.115105e-03 3.988743e-04 0.000000e+00 4.100084e-03 0.000000e+00 0.000000e+00 0.000000e+00
PROFILE_ITER 1 8 4.206181e-03 3.967285e-04 0.000000e+00 4.191637e-03 0.000000e+00 0.000000e+00 1.192093e-06
PROFILE_ITER 1 9 4.007101e-03 4.019737e-04 0.000000e+00 3.991842e-03 9.536743e-07 0.000000e+00 0.000000e+00
PROFILE_ITER 1 10 3.377914e-03 5.340576e-04 0.000000e+00 3.364086e-03 0.000000e+00 0.000000e+00 0.000000e+00
PROFILE_ITER 1 11 3.034115e-03 7.870197e-04 0.000000e+00 3.021002e-03 0.000000e+00 0.000000e+00 0.000000e+00
PROFILE_ITER 1 12 2.967119e-03 8.327961e-04 0.000000e+00 2.954960e-03 0.000000e+00 0.000000e+00 0.000000e+00
PROFILE_ITER 1 13 2.971888e-03 8.330345e-04 9.536743e-07 2.959013e-03 0.000000e+00 0.000000e+00 9.536743e-07
PROFILE_ITER 1 14 3.010273e-03 7.977486e-04 0.000000e+00 2.998114e-03 0.000000e+00 0.000000e+00 9.536743e-07
PROFILE_ITER 1 15 2.985954e-03 8.080006e-04 0.000000e+00 2.973080e-03 0.000000e+00 0.000000e+00 0.000000e+00
PROFILE_ITER 1 16 2.956152e-03 8.559227e-04 0.000000e+00 2.943039e-03 0.000000e+00 0.000000e+00 1.192093e-06
PROFILE_ITER 1 17 3.015757e-03 7.882118e-04 0.000000e+00 3.001928e-03 0.000000e+00 0.000000e+00 9.536743e-07
PROFILE_ITER 1 18 3.025770e-03 7.894039e-04 0.000000e+00 3.015041e-03 0.000000e+00 0.000000e+00 0.000000e+00
PROFILE_ITER 1 19 2.979994e-03 8.199215e-04 0.000000e+00 2.967119e-03 0.000000e+00 0.000000e+00 9.536743e-07
PROFILE_ITER 1 20 2.990007e-03 7.989407e-04 0.000000e+00 2.978802e-03 0.000000e+00 0.000000e+00 0.000000e+00
PROFILE_ITER 1 21 2.961159e-03 8.299351e-04 0.000000e+00 2.949238e-03 0.000000e+00 0.000000e+00 0.000000e+00
PROFILE_ITER 1 22 2.969027e-03 8.349419e-04 0.000000e+00 2.956152e-03 0.000000e+00 0.000000e+00 0.000000e+00
PROFILE_ITER 1 23 2.987862e-03 8.101463e-04 0.000000e+00 2.974987e-03 0.000000e+00 0.000000e+00 9.536743e-07
PROFILE_ITER 1 24 2.979994e-03 8.220673e-04 0.000000e+00 2.966881e-03 0.000000e+00 0.000000e+00 9.536743e-07
PROFILE_ITER 1 25 3.010035e-03 7.808208e-04 0.000000e+00 2.998114e-03 0.000000e+00 0.000000e+00 0.000000e+00
PROFILE_ITER 1 26 2.950907e-03 8.430481e-04 0.000000e+00 2.939939e-03 0.000000e+00 0.000000e+00 0.000000e+00
PROFILE_ITER 1 27 3.001928e-03 7.951260e-04 0.000000e+00 2.990961e-03 0.000000e+00 0.000000e+00 0.000000e+00
PROFILE_ITER 1 28 2.991915e-03 8.091927e-04 0.000000e+00 2.979755e-03 0.000000e+00 0.000000e+00 9.536743e-07
PROFILE_ITER 1 29 3.019810e-03 7.770061e-04 0.000000e+00 3.008127e-03 0.000000e+00 0.000000e+00 0.000000e+00
PROFILE_ITER 1 30 2.995729e-03 8.094311e-04 0.000000e+00 2.981901e-03 0.000000e+00 0.000000e+00 0.000000e+00
PROFILE_ITER 1 31 3.027678e-03 7.703304e-04 0.000000e+00 3.015041e-03 0.000000e+00 0.000000e+00 0.000000e+00
PROFILE_ITER 1 32 2.960920e-03 8.449554e-04 0.000000e+00 2.947807e-03 9.536743e-07 0.000000e+00 9.536743e-07
PROFILE_ITER 1 33 2.952099e-03 8.370876e-04 0.000000e+00 2.939224e-03 0.000000e+00 0.000000e+00 9.536743e-07
PROFILE_ITER 1 34 2.984047e-03 8.208752e-04 0.000000e+00 2.972841e-03 0.000000e+00 0.000000e+00 0.000000e+00
PROFILE_ITER 1 35 2.980232e-03 8.146763e-04 0.000000e+00 2.968073e-03 0.000000e+00 0.000000e+00 0.000000e+00
PROFILE_ITER 1 36 2.951145e-03 8.478165e-04 0.000000e+00 2.938986e-03 0.000000e+00 0.000000en_iters : 200 
spmv : 0.767884 
file_read : 6.447624 
relative_residual : 5.263253E+08
everything_total : 7.433031

----------------------------------------------------------------------
PROFILE_HEADER rank iter spmv vecops send_fill local_spmv comm_wait shared_spmv send_wait
PROFILE_ITER 0 0 3.831148e-03 1.303911e-03 0.000000e+00 2.250195e-03 0.000000e+00 0.000000e+00 0.000000e+00
PROFILE_ITER 0 1 3.767967e-03 8.471012e-04 0.000000e+00 2.243996e-03 0.000000e+00 0.000000e+00 0.000000e+00
PROFILE_ITER 0 2 3.644943e-03 6.301403e-04 0.000000e+00 2.238989e-03 0.000000e+00 0.000000e+00 0.000000e+00
PROFILE_ITER 0 3 3.600121e-03 6.048679e-04 0.000000e+00 2.239227e-03 0.000000e+00 0.000000e+00 9.536743e-07
PROFILE_ITER 0 4 3.627062e-03 6.048679e-04 0.000000e+00 2.238750e-03 0.000000e+00 0.000000e+00 0.000000e+00
PROFILE_ITER 0 5 3.537893e-03 1.156092e-03 0.000000e+00 2.236843e-03 9.536743e-07 0.000000e+00 9.536743e-07
PROFILE_ITER 0 6 3.533840e-03 9.591579e-04 0.000000e+00 2.238750e-03 0.000000e+00 0.000000e+00 0.000000e+00
PROFILE_ITER 0 7 3.540277e-03 9.727478e-04 0.000000e+00 2.239227e-03 0.000000e+00 0.000000e+00 0.000000e+00
PROFILE_ITER 0 8 3.565073e-03 1.037836e-03 0.000000e+00 2.238750e-03 0.000000e+00 0.000000e+00 0.000000e+00
PROFILE_ITER 0 9 3.582001e-03 8.270741e-04 0.000000e+00 2.239704e-03 0.000000e+00 0.000000e+00 0.000000e+00
PROFILE_ITER 0 10 3.318071e-03 5.939007e-04 0.000000e+00 2.237082e-03 0.000000e+00 0.000000e+00 0.000000e+00
PROFILE_ITER 0 11 3.226042e-03 5.950928e-04 0.000000e+00 2.235889e-03 0.000000e+00 0.000000e+00 0.000000e+00
PROFILE_ITER 0 12 3.210783e-03 5.891323e-04 0.000000e+00 2.237797e-03 0.000000e+00 0.000000e+00 0.000000e+00
PROFILE_ITER 0 13 3.211021e-03 5.939007e-04 1.192093e-06 2.234697e-03 0.000000e+00 0.000000e+00 0.000000e+00
PROFILE_ITER 0 14 3.208160e-03 5.998611e-04 9.536743e-07 2.233982e-03 0.000000e+00 0.000000e+00 0.000000e+00
PROFILE_ITER 0 15 3.202915e-03 5.910397e-04 9.536743e-07 2.237797e-03 0.000000e+00 0.000000e+00 0.000000e+00
PROFILE_ITER 0 16 3.212929e-03 5.991459e-04 0.000000e+00 2.236843e-03 0.000000e+00 0.000000e+00 0.000000e+00
PROFILE_ITER 0 17 3.212929e-03 5.910397e-04 0.000000e+00 2.234936e-03 0.000000e+00 0.000000e+00 0.000000e+00
PROFILE_ITER 0 18 3.216267e-03 5.989075e-04 0.000000e+00 2.236128e-03 0.000000e+00 0.000000e+00 0.000000e+00
PROFILE_ITER 0 19 3.207922e-03 5.919933e-04 0.000000e+00 2.237082e-03 9.536743e-07 0.000000e+00 0.000000e+00
PROFILE_ITER 0 20 3.202677e-03 5.893707e-04 0.000000e+00 2.234936e-03 0.000000e+00 0.000000e+00 0.000000e+00
PROFILE_ITER 0 21 3.200054e-03 5.879402e-04 0.000000e+00 2.235889e-03 0.000000e+00 0.000000e+00 0.000000e+00
PROFILE_ITER 0 22 3.206968e-03 5.970001e-04 0.000000e+00 2.239943e-03 0.000000e+00 0.000000e+00 0.000000e+00
PROFILE_ITER 0 23 3.209352e-03 5.886555e-04 0.000000e+00 2.238274e-03 0.000000e+00 0.000000e+00 0.000000e+00
PROFILE_ITER 0 24 3.206015e-03 5.960464e-04 0.000000e+00 2.233982e-03 0.000000e+00 0.000000e+00 1.192093e-06
PROFILE_ITER 0 25 3.202200e-03 5.877018e-04 0.000000e+00 2.237082e-03 0.000000e+00 0.000000e+00 0.000000e+00
PROFILE_ITER 0 26 3.201246e-03 5.936623e-04 0.000000e+00 2.239227e-03 0.000000e+00 0.000000e+00 0.000000e+00
PROFILE_ITER 0 27 3.203154e-03 5.939007e-04 0.000000e+00 2.237797e-03 0.000000e+00 0.000000e+00 0.000000e+00
PROFILE_ITER 0 28 3.201962e-03 5.991459e-04 0.000000e+00 2.235889e-03 0.000000e+00 0.000000e+00 0.000000e+00
PROFILE_ITER 0 29 3.207922e-03 5.888939e-04 0.000000e+00 2.236843e-03 0.000000e+00 0.000000e+00 0.000000e+00
PROFILE_ITER 0 30 3.215075e-03 5.900860e-04 0.000000e+00 2.238274e-03 9.536743e-07 0.000000e+00 0.000000e+00
PROFILE_ITER 0 31 3.202915e-03 5.950928e-04 0.000000e+00 2.237797e-03 0.000000e+00 0.000000e+00 0.000000e+00
PROFILE_ITER 0 32 3.206968e-03 5.989075e-04 0.000000e+00 2.237797e-03 0.000000e+00 0.000000e+00 0.000000e+00
PROFILE_ITER 0 33 3.203154e-03 5.860329e-04 0.000000e+00 2.233982e-03 0.000000e+00 0.000000e+00 0.000000e+00
PROFILE_ITER 0 34 3.208876e-03 5.960464e-04 0.000000e+00 2.239943e-03 0.000000e+00 0.000000e+00 0.000000e+00
PROFILE_ITER 0 35 3.201008e-03 5.929470e-04 0.000000e+00 2.235889e-03 1.192093e-06 0.000000e+00 0.000000e+00
PROFILE_ITER 0 36 3.203154e-03 5.979538e-04 0.000000e+00 2.238274e-03 0.000000e+00 0.000000e+00 0.000000e+00
PROFILE_ITER 0 37 3.202915e-03 5.879402e-04 0.000000e+00 2.234936e-03 0.000000e+00 0.000000e+00 0.000000e+00
PROFILE_ITER 0 38 3.201962e-03 5.950928e-04 0.000000e+00 2.236128e-03 0.000000e+00 0.000000e+00 0.000000e+00
PROFILE_ITER 0 39 3.205061e-03 5.948544e-04 0.000000e+00 2.236843e-03 0.000000e+00 0.000000e+00 0.000000e+00
PROFILE_ITER 0 40 3.200054e-03 5.900860e-04 9.536743e-07 2.236128e-03 0.000000e+00 0.000000e+00 0.000000e+00
PROFILE_ITER 0 41 3.201008e-03 5.888939e-04 0.000000e+00 2.237082e-03 0.000000e+00 0.000000e+00 0.000000e+00
PROFILE_ITER 0 42 3.206015e-03 5.929470e-04 0.000000e+00 2.237797e-03 9.536743e-07 0.000000e+00 0.000000e+00
PROFILE_ITER 0 43 3.211975e-03 5.941391e-04 0.000000e+00 2.236843e-03 0.000000e+00 0.000000e+00 0.000000e+00
PROFILE_ITER 0 44 3.205061e-03 5.888939e-04 0.000000e+00 2.236128e-03 0.000000e+00 0.000000e+00 0.000000e+00
PROFILE_ITER 0 45 3.201962e-03 5.850792e-04 0.000000e+00 2.237797e-03 0.000000e+00 0.000000e+00 0.000000e+00
PROFILE_ITER 0 46 3.200054e-03 6.010532e-04 0.000000e+00 2.235889e-03 0.000000e+00 0.000000e+00 0.000000e+00
PROFILE_ITER 0 47 3.200293e-03 5.915165e-04 0.000000e+00 2.236128e-03 0.000000e+00 0.000000e+00 0.000000e+00
PROFILE_ITER 0 48 3.207922e-03 5.931854e-04 0.000000e+00 2.238035e-03 0.000000e+00 0.000000e+00 0.000000e+00
PROFILE_ITER 0 49 3.208160e-03 5.857944e-04 0.000000e+00 2.235889e-03 0.000000e+00 1.192093e-06 0.000000e+00
PROFILE_ITER 0 50 3.201962e-03 5.958080e-04 0.000000e+00 2.234936e-03 0.000000e+00 0.000000e+00 0.000000e+00
PROFILE_ITER 0 51 3.206968e-03 5.972385e-04 0.000000e+00 2.235889e-03 9.536743e-07 0.000000e+00 0.000000e+00
PROFILE_ITER 0 52 3.201962e-03 5.948544e-04 0.000000e+00 2.235889e-03 0.000000e+00 0.000000e+00 0.000000e+00
PROFILE_ITER 0 53 3.204107e-03 5.958080e-04 0.000000e+00 2.237320e-03 0.000000e+00 0.000000e+00 0.000000e+00
PROFILE_ITER 0 54 3.206968e-03 5.919933e-04 0.000000e+00 2.236128e-03 0.000000e+00 0.000000e+00 0.000000e+00
PROFILE_ITER 0 55 3.195047e-03 5.919933e-04 0.000000e+00 2.235889e-03 0.000000e+00 0.000000e+00 0.000000e+00
PROFILE_ITER 0 56 3.209114e-03 5.867481e-04 0.000000e+00 2.237082e-03 0.000000e+00 0.000000e+00 0.000000e+00
PROFILE_ITER 0 57 3.215075e-03 6.020069e-04 0.000000e+00 2.234936e-03 0.000000e+00 0.000000e+00 0.000000e+00
PROFILE_ITER 0 58 3.226995e-03 5.900860e-04 0.000000e+00 2.237082e-03 0.000000e+00 0.000000e+00 0.000000e+00
PROFILE_ITER 0 59 3.215075e-03 5.929470e-04 0.000000e+00 2.233982e-03 0.000000e+00 0.000000e+00 0.000000e+00
PROFILE_ITER 0 60 3.220081e-03 5.948544e-04 0.000000e+00 2.235174e-03 0.000000e+00 0.000000e+00 9.536743e-07
PROFILE_ITER 0 61 3.218889e-03 5.881786e-04 0.000000e+00 2.235889e-03 0.000000e+00 0.000000e+00 0.000000e+00
PROFILE_ITER 0 62 3.212929e-03 5.960464e-04 0.000000e+00 2.235889e-03 0.000000e+00 0.000000e+00 0.000000e+00
PROFILE_ITER 0 63 3.221989e-03 5.919933e-04 0.000000e+00 2.238035e-03 0.000000e+00 0.000000e+00 0.000000e+00
PROFILE_ITER 0 64 3.220081e-03 5.948544e-04 0.000000e+00 2.239943e-03 0.000000e+00 0.000000e+00 0.000000e+00
PROFILE_ITER 0 65 3.220081e-03 5.950928e-04 0.000000e+00 2.236843e-03 0.000000e+00 0.000000e+00 0.000000e+00
PROFILE_ITER 0 66 3.215313e-03 5.946159e-04 0.000000e+00 2.238035e-03 0.000000e+00 0.000000e+00 0.000000e+00
PROFILE_ITER 0 67 3.213882e-03 5.881786e-04 9.536743e-07 2.235889e-03 0.000000e+00 0.000000e+00 0.000000e+00
PROFILE_ITER 0 68 3.218889e-03 5.960464e-04 0.000000e+00 2.238750e-03 0.000000e+00 0.000000e+00 0.000000e+00
PROFILE_ITER 0 69 3.216028e-03 5.939007e-04 0.000000e+00 2.234936e-03 0.000000e+00 0.000000e+00 0.000000e+00
PROFILE_ITER 0 70 3.220797e-03 5.912781e-04 0.000000e+00 2.236843e-03 0.000000e+00 0.000000e+00 0.000000e+00
PROFILE_ITER 0 71 3.224134e-03 5.917549e-04 0.000000e+00 2.235889e-03 0.000000e+00 0.000000e+00 0.000000e+00
PROFILE_ITER 0 72 3.221989e-03 5.960464e-04 0.000000e+00 2.235889e-03 0.00000+00 0.000000e+00
PROFILE_ITER 1 37 2.978802e-03 8.141994e-04 0.000000e+00 2.965927e-03 0.000000e+00 0.000000e+00 0.000000e+00
PROFILE_ITER 1 38 2.961159e-03 8.358955e-04 0.000000e+00 2.948999e-03 0.000000e+00 0.000000e+00 0.000000e+00
PROFILE_ITER 1 39 2.978086e-03 8.218288e-04 0.000000e+00 2.965212e-03 0.000000e+00 0.000000e+00 0.000000e+00
PROFILE_ITER 1 40 2.976179e-03 8.139610e-04 0.000000e+00 2.965212e-03 0.000000e+00 0.000000e+00 0.000000e+00
PROFILE_ITER 1 41 2.979755e-03 8.101463e-04 0.000000e+00 2.968788e-03 0.000000e+00 0.000000e+00 0.000000e+00
PROFILE_ITER 1 42 2.940893e-03 8.580685e-04 0.000000e+00 2.928972e-03 0.000000e+00 0.000000e+00 0.000000e+00
PROFILE_ITER 1 43 3.005981e-03 8.001328e-04 0.000000e+00 2.992868e-03 0.000000e+00 0.000000e+00 0.000000e+00
PROFILE_ITER 1 44 2.987146e-03 8.068085e-04 0.000000e+00 2.974033e-03 0.000000e+00 0.000000e+00 0.000000e+00
PROFILE_ITER 1 45 2.996922e-03 7.901192e-04 0.000000e+00 2.984047e-03 0.000000e+00 0.000000e+00 0.000000e+00
PROFILE_ITER 1 46 2.952099e-03 8.490086e-04 0.000000e+00 2.939224e-03 0.000000e+00 0.000000e+00 9.536743e-07
PROFILE_ITER 1 47 2.979755e-03 8.120537e-04 0.000000e+00 2.968788e-03 0.000000e+00 0.000000e+00 0.000000e+00
PROFILE_ITER 1 48 2.976179e-03 8.258820e-04 0.000000e+00 2.965212e-03 0.000000e+00 0.000000e+00 0.000000e+00
PROFILE_ITER 1 49 2.986908e-03 8.070469e-04 0.000000e+00 2.972841e-03 0.000000e+00 0.000000e+00 0.000000e+00
PROFILE_ITER 1 50 3.006220e-03 7.927418e-04 0.000000e+00 2.993107e-03 0.000000e+00 0.000000e+00 0.000000e+00
PROFILE_ITER 1 51 2.954006e-03 8.502007e-04 0.000000e+00 2.942085e-03 9.536743e-07 0.000000e+00 0.000000e+00
PROFILE_ITER 1 52 2.948999e-03 8.468628e-04 0.000000e+00 2.936125e-03 0.000000e+00 0.000000e+00 9.536743e-07
PROFILE_ITER 1 53 2.952814e-03 8.492470e-04 0.000000e+00 2.940893e-03 0.000000e+00 0.000000e+00 9.536743e-07
PROFILE_ITER 1 54 2.977133e-03 8.218288e-04 0.000000e+00 2.965927e-03 0.000000e+00 0.000000e+00 0.000000e+00
PROFILE_ITER 1 55 2.939701e-03 8.473396e-04 0.000000e+00 2.927065e-03 0.000000e+00 0.000000e+00 9.536743e-07
PROFILE_ITER 1 56 2.978325e-03 8.175373e-04 0.000000e+00 2.964258e-03 0.000000e+00 0.000000e+00 9.536743e-07
PROFILE_ITER 1 57 2.693892e-03 1.123190e-03 0.000000e+00 2.681971e-03 0.000000e+00 0.000000e+00 9.536743e-07
PROFILE_ITER 1 58 2.581120e-03 1.235962e-03 0.000000e+00 2.569914e-03 0.000000e+00 0.000000e+00 0.000000e+00
PROFILE_ITER 1 59 2.530813e-03 1.278162e-03 0.000000e+00 2.518892e-03 0.000000e+00 0.000000e+00 9.536743e-07
PROFILE_ITER 1 60 2.599239e-03 1.215696e-03 0.000000e+00 2.587080e-03 0.000000e+00 0.000000e+00 0.000000e+00
PROFILE_ITER 1 61 2.633810e-03 1.173258e-03 1.192093e-06 2.620935e-03 0.000000e+00 0.000000e+00 0.000000e+00
PROFILE_ITER 1 62 2.573013e-03 1.235962e-03 0.000000e+00 2.559900e-03 0.000000e+00 0.000000e+00 2.145767e-06
PROFILE_ITER 1 63 2.528906e-03 1.285076e-03 0.000000e+00 2.517223e-03 0.000000e+00 0.000000e+00 0.000000e+00
PROFILE_ITER 1 64 2.575874e-03 1.239061e-03 0.000000e+00 2.562046e-03 0.000000e+00 0.000000e+00 0.000000e+00
PROFILE_ITER 1 65 2.603054e-03 1.212120e-03 0.000000e+00 2.589941e-03 0.000000e+00 0.000000e+00 1.192093e-06
PROFILE_ITER 1 66 2.529144e-03 1.280785e-03 0.000000e+00 2.516985e-03 0.000000e+00 0.000000e+00 0.000000e+00
PROFILE_ITER 1 67 2.527952e-03 1.274109e-03 0.000000e+00 2.515078e-03 0.000000e+00 0.000000e+00 9.536743e-07
PROFILE_ITER 1 68 2.605915e-03 1.207113e-03 0.000000e+00 2.594948e-03 0.000000e+00 0.000000e+00 0.000000e+00
PROFILE_ITER 1 69 2.611160e-03 1.200676e-03 0.000000e+00 2.600193e-03 0.000000e+00 0.000000e+00 0.000000e+00
PROFILE_ITER 1 70 2.562761e-03 1.249313e-03 0.000000e+00 2.551794e-03 0.000000e+00 0.000000e+00 0.000000e+00
PROFILE_ITER 1 71 2.580881e-03 1.235008e-03 0.000000e+00 2.569914e-03 0.000000e+00 0.000000e+00 0.000000e+00
PROFILE_ITER 1 72 2.549887e-03 1.268148e-03 0.000000e+00 2.537966e-03 0.000000e+00 0.000000e+00 0.000000e+00
PROFILE_ITER 1 73 2.552748e-03 1.259327e-03 0.000000e+00 2.540827e-03 0.000000e+00 0.000000e+00 0.000000e+00
PROFILE_ITER 1 74 2.534151e-03 1.279831e-03 0.0e+00 0.000000e+00 0.000000e+00
PROFILE_ITER 0 73 3.222942e-03 5.891323e-04 0.000000e+00 2.235889e-03 0.000000e+00 0.000000e+00 0.000000e+00
PROFILE_ITER 0 74 3.219128e-03 5.948544e-04 0.000000e+00 2.235174e-03 0.000000e+00 0.000000e+00 0.000000e+00
PROFILE_ITER 0 75 3.216982e-03 5.900860e-04 0.000000e+00 2.236843e-03 9.536743e-07 0.000000e+00 0.000000e+00
PROFILE_ITER 0 76 3.216028e-03 5.939007e-04 0.000000e+00 2.238035e-03 0.000000e+00 0.000000e+00 0.000000e+00
PROFILE_ITER 0 77 3.213882e-03 5.931854e-04 0.000000e+00 2.238035e-03 0.000000e+00 0.000000e+00 0.000000e+00
PROFILE_ITER 0 78 3.215075e-03 5.998611e-04 0.000000e+00 2.232075e-03 0.000000e+00 0.000000e+00 0.000000e+00
PROFILE_ITER 0 79 3.222227e-03 5.867481e-04 1.192093e-06 2.236843e-03 0.000000e+00 0.000000e+00 0.000000e+00
PROFILE_ITER 0 80 3.212929e-03 5.941391e-04 0.000000e+00 2.236843e-03 0.000000e+00 0.000000e+00 0.000000e+00
PROFILE_ITER 0 81 3.211975e-03 5.960464e-04 0.000000e+00 2.235889e-03 9.536743e-07 0.000000e+00 0.000000e+00
PROFILE_ITER 0 82 3.233910e-03 6.010532e-04 0.000000e+00 2.239943e-03 0.000000e+00 0.000000e+00 9.536743e-07
PROFILE_ITER 0 83 3.216982e-03 5.929470e-04 0.000000e+00 2.235889e-03 0.000000e+00 0.000000e+00 0.000000e+00
PROFILE_ITER 0 84 3.219128e-03 5.929470e-04 0.000000e+00 2.238274e-03 0.000000e+00 0.000000e+00 0.000000e+00
PROFILE_ITER 0 85 3.212929e-03 5.860329e-04 0.000000e+00 2.235174e-03 0.000000e+00 0.000000e+00 0.000000e+00
PROFILE_ITER 0 86 3.211021e-03 5.919933e-04 0.000000e+00 2.230167e-03 0.000000e+00 0.000000e+00 0.000000e+00
PROFILE_ITER 0 87 3.210068e-03 5.879402e-04 0.000000e+00 2.229929e-03 0.000000e+00 0.000000e+00 0.000000e+00
PROFILE_ITER 0 88 3.211021e-03 5.929470e-04 0.000000e+00 2.229214e-03 0.000000e+00 0.000000e+00 9.536743e-07
PROFILE_ITER 0 89 3.215075e-03 5.900860e-04 0.000000e+00 2.232075e-03 0.000000e+00 9.536743e-07 0.000000e+00
PROFILE_ITER 0 90 3.206015e-03 5.898476e-04 0.000000e+00 2.230167e-03 0.000000e+00 0.000000e+00 0.000000e+00
PROFILE_ITER 0 91 3.219366e-03 5.905628e-04 0.000000e+00 2.231836e-03 1.192093e-06 0.000000e+00 0.000000e+00
PROFILE_ITER 0 92 3.210068e-03 5.929470e-04 0.000000e+00 2.232075e-03 0.000000e+00 0.000000e+00 0.000000e+00
PROFILE_ITER 0 93 3.208160e-03 5.898476e-04 0.000000e+00 2.229929e-03 0.000000e+00 0.000000e+00 0.000000e+00
PROFILE_ITER 0 94 3.219128e-03 5.910397e-04 0.000000e+00 2.230167e-03 0.000000e+00 0.000000e+00 9.536743e-07
PROFILE_ITER 0 95 3.211021e-03 5.948544e-04 0.000000e+00 2.230167e-03 0.000000e+00 0.000000e+00 9.536743e-07
PROFILE_ITER 0 96 3.211737e-03 5.922318e-04 0.000000e+00 2.230883e-03 0.000000e+00 0.000000e+00 0.000000e+00
PROFILE_ITER 0 97 3.204107e-03 5.939007e-04 0.000000e+00 2.228022e-03 9.536743e-07 0.000000e+00 0.000000e+00
PROFILE_ITER 0 98 3.210068e-03 5.879402e-04 0.000000e+00 2.232075e-03 9.536743e-07 0.000000e+00 0.000000e+00
PROFILE_ITER 0 99 3.213167e-03 5.908012e-04 0.000000e+00 2.228975e-03 0.000000e+00 0.000000e+00 0.000000e+00
PROFILE_ITER 0 100 3.226042e-03 5.950928e-04 0.000000e+00 2.231836e-03 0.000000e+00 0.000000e+00 0.000000e+00
PROFILE_ITER 0 101 3.211975e-03 5.939007e-04 0.000000e+00 2.228975e-03 0.000000e+00 0.000000e+00 0.000000e+00
PROFILE_ITER 0 102 3.211737e-03 5.934238e-04 0.000000e+00 2.231836e-03 0.000000e+00 0.000000e+00 0.000000e+00
PROFILE_ITER 0 103 3.206015e-03 5.919933e-04 0.000000e+00 2.231121e-03 0.000000e+00 0.000000e+00 0.000000e+00
PROFILE_ITER 0 104 3.211021e-03 6.008148e-04 0.000000e+00 2.230644e-03 0.000000e+00 0.000000e+00 0.000000e+00
PROFILE_ITER 0 105 3.211021e-03 5.900860e-04 0.000000e+00 2.228260e-03 0.000000e+00 0.000000e+00 0.000000e+00
PROFILE_ITER 0 106 3.211975e-03 5.888939e-04 0.000000e+00 2.232790e-03 1.192093e-06 0.000000e+00 0.000000e+00
PROFILE_ITER 0 107 3.206968e-03 5.850792e-04 0.000000e+00 2.230883e-03 0.000000e+00 0.000000e+00 0.000000e+00
PROFILE_ITER 0 108 3.214121e-03 5.810261e-04 0.000000e+00 2.233028e-03 0.000000e+00 0.000000e+00 0.000000e+00
000000e+00 2.521276e-03 0.000000e+00 0.000000e+00 9.536743e-07
PROFILE_ITER 1 75 2.565861e-03 1.241207e-03 0.000000e+00 2.552986e-03 0.000000e+00 0.000000e+00 9.536743e-07
PROFILE_ITER 1 76 2.611876e-03 1.198053e-03 0.000000e+00 2.598763e-03 0.000000e+00 0.000000e+00 9.536743e-07
PROFILE_ITER 1 77 2.523899e-03 1.283169e-03 0.000000e+00 2.511978e-03 0.000000e+00 0.000000e+00 0.000000e+00
PROFILE_ITER 1 78 2.525091e-03 1.289845e-03 0.000000e+00 2.511978e-03 0.000000e+00 0.000000e+00 0.000000e+00
PROFILE_ITER 1 79 2.575159e-03 1.233816e-03 0.000000e+00 2.562046e-03 0.000000e+00 0.000000e+00 9.536743e-07
PROFILE_ITER 1 80 2.553940e-03 1.253128e-03 0.000000e+00 2.541065e-03 0.000000e+00 0.000000e+00 0.000000e+00
PROFILE_ITER 1 81 2.564907e-03 1.244068e-03 0.000000e+00 2.553225e-03 0.000000e+00 0.000000e+00 0.000000e+00
PROFILE_ITER 1 82 2.625227e-03 1.208782e-03 0.000000e+00 2.610207e-03 0.000000e+00 0.000000e+00 0.000000e+00
PROFILE_ITER 1 83 2.528906e-03 1.281977e-03 0.000000e+00 2.514839e-03 0.000000e+00 0.000000e+00 0.000000e+00
PROFILE_ITER 1 84 2.524137e-03 1.286030e-03 0.000000e+00 2.513170e-03 0.000000e+00 0.000000e+00 0.000000e+00
PROFILE_ITER 1 85 2.558947e-03 1.241922e-03 0.000000e+00 2.546787e-03 0.000000e+00 0.000000e+00 0.000000e+00
PROFILE_ITER 1 86 2.518892e-03 1.284122e-03 0.000000e+00 2.507687e-03 0.000000e+00 0.000000e+00 0.000000e+00
PROFILE_ITER 1 87 2.521038e-03 1.276970e-03 0.000000e+00 2.506733e-03 0.000000e+00 0.000000e+00 0.000000e+00
PROFILE_ITER 1 88 2.562046e-03 1.241922e-03 0.000000e+00 2.550125e-03 0.000000e+00 0.000000e+00 0.000000e+00
PROFILE_ITER 1 89 2.610922e-03 1.194239e-03 0.000000e+00 2.597809e-03 0.000000e+00 0.000000e+00 0.000000e+00
PROFILE_ITER 1 90 2.528906e-03 1.266956e-03 0.000000e+00 2.516031e-03 0.000000e+00 0.000000e+00 9.536743e-07
PROFILE_ITER 1 91 2.525091e-03 1.284838e-03 0.000000e+00 2.514124e-03 0.000000e+00 0.000000e+00 0.000000e+00
PROFILE_ITER 1 92 2.619982e-03 1.183033e-03 0.000000e+00 2.608061e-03 0.000000e+00 0.000000e+00 0.000000e+00
PROFILE_ITER 1 93 2.575874e-03 1.222134e-03 0.000000e+00 2.562046e-03 0.000000e+00 0.000000e+00 0.000000e+00
PROFILE_ITER 1 94 2.581835e-03 1.228333e-03 0.000000e+00 2.569199e-03 0.000000e+00 0.000000e+00 9.536743e-07
PROFILE_ITER 1 95 2.555132e-03 1.250744e-03 0.000000e+00 2.541065e-03 0.000000e+00 0.000000e+00 0.000000e+00
PROFILE_ITER 1 96 2.562046e-03 1.241922e-03 0.000000e+00 2.548933e-03 0.000000e+00 0.000000e+00 9.536743e-07
PROFILE_ITER 1 97 2.563000e-03 1.235008e-03 0.000000e+00 2.551079e-03 0.000000e+00 0.000000e+00 0.000000e+00
PROFILE_ITER 1 98 2.578974e-03 1.219034e-03 0.000000e+00 2.566099e-03 0.000000e+00 0.000000e+00 0.000000e+00
PROFILE_ITER 1 99 2.578974e-03 1.224995e-03 0.000000e+00 2.565145e-03 0.000000e+00 0.000000e+00 0.000000e+00
PROFILE_ITER 1 100 2.580881e-03 1.238108e-03 0.000000e+00 2.568007e-03 0.000000e+00 0.000000e+00 9.536743e-07
PROFILE_ITER 1 101 2.578974e-03 1.229048e-03 0.000000e+00 2.567053e-03 0.000000e+00 0.000000e+00 0.000000e+00
PROFILE_ITER 1 102 2.609968e-03 1.195192e-03 0.000000e+00 2.597809e-03 0.000000e+00 0.000000e+00 0.000000e+00
PROFILE_ITER 1 103 2.525330e-03 1.272678e-03 0.000000e+00 2.514124e-03 0.000000e+00 0.000000e+00 0.000000e+00
PROFILE_ITER 1 104 2.531052e-03 1.280785e-03 0.000000e+00 2.519131e-03 0.000000e+00 0.000000e+00 0.000000e+00
PROFILE_ITER 1 105 2.572060e-03 1.229048e-03 0.000000e+00 2.558947e-03 0.000000e+00 0.000000e+00 0.000000e+00
PROFILE_ITER 1 106 2.517939e-03 1.282930e-03 9.536743e-07 2.506018e-03 0.000000e+00 0.000000e+00 0.000000e+00
PROFILE_ITER 1 107 2.523899e-03 1.268148e-03 0.000000e+00 2.511740e-03 0.000000e+00 0.000000e+00 0.000000e+00
PROFILE_ITER 1 108 2.538919e-03 1.256227e-03 0.000000e+00 2.527714e-03 0.000000e+00 0.000000e+00 0.000000e+00
PROFILE_ITER 1 109 2.541780e-03 1.261234e-03 0.000000e+00 2.531052e-03 0.000000e+00 0.000000e+00 0.000000e+00
PROFILE_ITER 1 110 2.527714e-03 1.285076e-03 0.000000e+00 2.516031e-03 0.000000e+00 0.000000e+00 0.000000e+00
PROFILE_ITER 1 111 2.580166e-03 1.217842e-03 0.000000e+00 2.566814e-03 0.000000e+00 0.000000e+00 1PROFILE_ITER 0 109 3.211021e-03 5.919933e-04 0.000000e+00 2.230883e-03 0.000000e+00 0.000000e+00 0.000000e+00
PROFILE_ITER 0 110 3.218174e-03 5.946159e-04 0.000000e+00 2.232075e-03 0.000000e+00 0.000000e+00 0.000000e+00
PROFILE_ITER 0 111 3.211021e-03 5.869865e-04 0.000000e+00 2.230167e-03 9.536743e-07 0.000000e+00 0.000000e+00
PROFILE_ITER 0 112 3.210068e-03 5.929470e-04 0.000000e+00 2.228022e-03 9.536743e-07 0.000000e+00 0.000000e+00
PROFILE_ITER 0 113 3.208876e-03 5.919933e-04 0.000000e+00 2.230883e-03 0.000000e+00 0.000000e+00 0.000000e+00
PROFILE_ITER 0 114 3.213167e-03 5.939007e-04 0.000000e+00 2.231121e-03 0.000000e+00 0.000000e+00 0.000000e+00
PROFILE_ITER 0 115 3.223896e-03 5.900860e-04 0.000000e+00 2.232075e-03 0.000000e+00 0.000000e+00 0.000000e+00
PROFILE_ITER 0 116 3.214836e-03 5.860329e-04 0.000000e+00 2.230883e-03 9.536743e-07 0.000000e+00 0.000000e+00
.192093e-06
PROFILE_ITER 1 112 2.620220e-03 1.182795e-03 0.000000e+00 2.606869e-03 0.000000e+00 0.000000e+00 0.000000e+00
PROFILE_ITER 1 113 2.529860e-03 1.272202e-03 0.000000e+00 2.516747e-03 0.000000e+00 0.000000e+00 0.000000e+00
PROFILE_ITER 1 114 2.587080e-03 1.219988e-03 0.000000e+00 2.573967e-03 0.000000e+00 0.000000e+00 0.000000e+00
PROFILE_ITER 1 115 2.573967e-03 1.240015e-03 0.000000e+00 2.561092e-03 0.000000e+00 0.000000e+00 9.536743e-07
PROFILE_ITER 1 116 2.583027e-03 1.214981e-03 0.000000e+00 2.572060e-03 0.000000e+00 0.000000e+00 0.000000e+00
PROFILE_ITER 1 117 2.575159e-03 1.232862e-03 0.000000e+00 2.561808e-03 0.000000e+00 0.000000e+00 1.192093e-06
PROFILE_ITER 1 118 2.525806e-03 1.267195e-03 0.000000e+00 2.514839e-03 0.000000e+00 0.000000e+00 0.000000e+00
PROFILE_ITER 1 119 2.550125e-03 1.259804e-03 0.000000e+00 2.537012e-03 0.000000e+00 0.000000e+00 0.000000e+00
PROFILE_ITER 1 120 2.582073e-03 1.240015e-03 0.000000e+00 2.570152e-03 0.000000e+00 0.000000e+00 0.000000e+00
PROFILE_ITER 1 121 2.542973e-03 1.261950e-03 0.000000e+00 2.530098e-03 0.000000e+00 0.000000e+00 0.000000e+00
PROFILE_ITER 1 122 2.532959e-03 1.261950e-03 0.000000e+00 2.521038e-03 0.000000e+00 0.000000e+00 0.000000e+00
PROFILE_ITER 1 123 2.575159e-03 1.221895e-03 9.536743e-07 2.561331e-03 0.000000e+00 0.000000e+00 0.000000e+00
PROFILE_ITER 1 124 2.582073e-03 1.219988e-03 0.000000e+00 2.569914e-03 0.000000e+00 0.000000e+00 0.000000e+00
PROFILE_ITER 1 125 2.526045e-03 1.288891e-03 0.000000e+00 2.512932e-03 0.000000e+00 0.000000e+00 0.000000e+00
PROFILE_ITER 1 126 2.572060e-03 1.236916e-03 0.000000e+00 2.559185e-03 0.000000e+00 0.000000e+00 9.536743e-07
PROFILE_ITER 1 127 2.613068e-03 1.184940e-03 0.000000e+00 2.599001e-03 0.000000e+00 0.000000e+00 0.000000e+00
PROFILE_ITER 0 117 3.210068e-03 5.950928e-04 0.000000e+00 2.231836e-03 0.000000e+00 0.000000e+00 0.000000e+00
PROFILE_ITER 0 118 3.206015e-03 5.869865e-04 0.000000e+00 2.229214e-03 9.536743e-07 0.000000e+00 0.000000e+00
PROFILE_ITER 0 119 3.216982e-03 5.929470e-04 0.000000e+00 2.230167e-03 9.536743e-07 0.000000e+00 0.000000e+00
PROFILE_ITER 0 120 3.228188e-03 5.939007e-04 0.000000e+00 2.233267e-03 0.000000e+00 0.000000e+00 0.000000e+00
PROFILE_ITER 0 121 3.216982e-03 5.879402e-04 0.000000e+00 2.229929e-03 0.000000e+00 0.000000e+00 9.536743e-07
PROFILE_ITER 0 122 3.206968e-03 5.879402e-04 0.000000e+00 2.228022e-03 0.000000e+00 0.000000e+00 0.000000e+00
PROFILE_ITER 0 123 3.206015e-03 5.910397e-04 0.000000e+00 2.229929e-03 0.000000e+00 0.000000e+00 0.000000e+00
PROFILE_ITER 1 128 2.526999e-03 1.276016e-03 0.000000e+00 2.512693e-03 0.000000e+00 0.000000e+00 0.000000e+00
PROFILE_ITER 1 129 2.528906e-03 1.267195e-03 0.000000e+00 2.515793e-03 9.536743e-07 0.000000e+00 0.000000e+00
PROFILE_ITER 1 130 2.614975e-03 1.183987e-03 0.000000e+00 2.601862e-03 0.000000e+00 0.000000e+00 0.000000e+00
PROFILE_ITER 1 131 2.615213e-03 1.181841e-03 9.536743e-07 2.603292e-03 0.000000e+00 0.000000e+00 0.000000e+00
PROFILE_ITER 1 132 2.552032e-03 1.255035e-03 0.000000e+00 2.538919e-03 0.000000e+00 0.000000e+00 9.536743e-07
PROFILE_ITER 1 133 2.536058e-03 1.267910e-03 0.000000e+00 2.522945e-03 0.000000e+00 0.000000e+00 0.000000e+00
PROFILE_ITER 0 124 3.208160e-03 5.939007e-04 0.000000e+00 2.231121e-03 0.000000e+00 0.000000e+00 0.000000e+00
PROFILE_ITER 0 125 3.218889e-03 5.960464e-04 0.000000e+00 2.232075e-03 0.000000e+00 0.000000e+00 9.536743e-07
PROFILE_ITER 0 126 3.213167e-03 5.967617e-04 0.000000e+00 2.231836e-03 1.192093e-06 0.000000e+00 0.000000e+00
PROFILE_ITER 0 127 3.206015e-03 5.919933e-04 0.000000e+00 2.231121e-03 0.000000e+00 0.000000e+00 0.000000e+00
PROFILE_ITER 0 128 3.211021e-03 5.919933e-04 0.000000e+00 2.231836e-03 0.000000e+00 0.000000e+00 0.000000e+00
PROFILE_ITER 1 134 2.587080e-03 1.208782e-03 0.000000e+00 2.574921e-03 0.000000e+00 0.000000e+00 0.000000e+00
PROFILE_ITER 1 135 2.569914e-03 1.232147e-03 0.000000e+00 2.556086e-03 0.000000e+00 0.000000e+00 0.000000e+00
PROFILE_ITER 1 136 2.572060e-03 1.235008e-03 0.000000e+00 2.561092e-03 0.000000e+00 0.000000e+00 0.000000e+00
PROFILE_ITER 0 129 3.207922e-03 5.881786e-04 0.000000e+00 2.229929e-03 0.000000e+00 0.000000e+00 0.000000e+00
PROFILE_ITER 0 130 3.211021e-03 5.879402e-04 0.000000e+00 2.231121e-03 0.000000e+00 0.000000e+00 9.536743e-07
PROFILE_ITER 0 131 3.210068e-03 5.869865e-04 0.000000e+00 2.229929e-03 0.000000e+00 0.000000e+00 0.000000e+00
PROFILE_ITER 1 137 2.604961e-03 1.209974e-03 0.000000e+00 2.592087e-03 0.000000e+00 0.000000e+00 0.000000e+00
PROFILE_ITER 1 138 2.547979e-03 1.253128e-03 0.000000e+00 2.534866e-03 0.000000e+00 0.000000e+00 0.000000e+00
PROFILE_ITER 1 139 2.617121e-03 1.184940e-03 0.000000e+00 2.603769e-03 0.000000e+00 0.000000e+00 1.192093e-06
PROFILE_ITER 0 132 3.216028e-03 5.939007e-04 0.000000e+00 2.230167e-03 0.000000e+00 0.000000e+00 0.000000e+00
PROFILE_ITER 0 133 3.211975e-03 5.900860e-04 0.000000e+00 2.232075e-03 0.000000e+00 0.000000e+00 0.000000e+00
PROFILE_ITER 1 140 2.530813e-03 1.271963e-03 0.000000e+00 2.517939e-03 0.000000e+00 0.000000e+00 0.000000e+00
PROFILE_ITER 1 141 2.568007e-03 1.232147e-03 0.000000e+00 2.555847e-03 0.000000e+00 0.000000e+00 0.000000e+00
PROFILE_ITER 1 142 2.542973e-03 1.257896e-03 0.000000e+00 2.530813e-03 0.000000e+00 0.000000e+00 0.000000e+00
PROFILE_ITER 0 134 3.211975e-03 5.838871e-04 0.000000e+00 2.230167e-03 0.000000e+00 0.000000e+00 0.000000e+00
PROFILE_ITER 0 135 3.211021e-03 5.910397e-04 0.000000e+00 2.230883e-03 0.000000e+00 0.000000e+00 0.000000e+00
PROFILE_ITER 0 136 3.212929e-03 5.931854e-04 0.000000e+00 2.233028e-03 0.000000e+00 0.000000e+00 0.000000e+00
PROFILE_ITER 0 137 3.226042e-03 5.898476e-04 0.000000e+00 2.232075e-03 0.000000e+00 0.000000e+00 0.000000e+00
PROFILE_ITER 1 143 2.535820e-03 1.262188e-03 0.000000e+00 2.523899e-03 0.000000e+00 0.000000e+00 0.000000e+00
PROFILE_ITER 1 144 2.534151e-03 1.272917e-03 0.000000e+00 2.523184e-03 0.000000e+00 0.000000e+00 0.000000e+00
PROFILE_ITER 1 145 2.627850e-03 1.168251e-03 0.000000e+00 2.615929e-03 0.000000e+00 0.000000e+00 0.000000e+00
PROFILE_ITER 0 138 3.211021e-03 5.900860e-04 0.000000e+00 2.228022e-03 0.000000e+00 0.000000e+00 0.000000e+00
PROFILE_ITER 0 139 3.206968e-03 5.950928e-04 0.000000e+00 2.229929e-03 0.000000e+00 0.000000e+00 0.000000e+00
PROFILE_ITER 0 140 3.216028e-03 5.867481e-04 0.000000e+00 2.229929e-03 0.000000e+00 0.000000e+00 0.000000e+00
PROFILE_ITER 1 146 2.560854e-03 1.239061e-03 0.000000e+00 2.547741e-03 0.000000e+00 0.000000e+00 9.536743e-07
PROFILE_ITER 1 147 2.603054e-03 1.206875e-03 0.000000e+00 2.590179e-03 0.000000e+00 0.000000e+00 0.000000e+00
PROFILE_ITER 0 141 3.215075e-03 5.850792e-04 0.000000e+00 2.230167e-03 0.000000e+00 0.000000e+00 0.000000e+00
PROFILE_ITER 0 142 3.208876e-03 5.919933e-04 0.000000e+00 2.228737e-03 0.000000e+00 0.000000e+00 0.000000e+00
PROFILE_ITER 1 148 2.531052e-03 1.278162e-03 0.000000e+00 2.518892e-03 0.000000e+00 0.000000e+00 0.000000e+00
PROFILE_ITER 1 149 2.523899e-03 1.281977e-03 0.000000e+00 2.511978e-03 0.000000e+00 0.000000e+00 9.536743e-07
PROFILE_ITER 0 143 3.208160e-03 5.898476e-04 0.000000e+00 2.230167e-03 9.536743e-07 0.000000e+00 0.000000e+00
PROFILE_ITER 0 144 3.211021e-03 5.950928e-04 0.000000e+00 2.228975e-03 9.536743e-07 0.000000e+00 0.000000e+00
PROFILE_ITER 1 150 2.560139e-03 1.240969e-03 1.192093e-06 2.547026e-03 0.000000e+00 0.000000e+00 0.000000e+00
PROFILE_ITER 1 151 2.588987e-03 1.211882e-03 9.536743e-07 2.574921e-03 0.000000e+00 0.000000e+00 9.536743e-07
PROFILE_ITER 1 152 2.614737e-03 1.180410e-03 0.000000e+00 2.601624e-03 0.000000e+00 0.000000e+00 0.000000e+00
PROFILE_ITER 1 153 2.549648e-03 1.255274e-03 0.000000e+00 2.536774e-03 0.000000e+00 0.000000e+00 0.000000e+00
PROFILE_ITER 1 154 2.617836e-03 1.187086e-03 0.000000e+00 2.606153e-03 0.000000e+00 0.000000e+00 9.536743e-07
PROFILE_ITER 1 155 2.622843e-03 1.176119e-03 0.000000e+00 2.609730e-03 0.000000e+00 0.000000e+00 2.145767e-06
PROFILE_ITER 1 156 2.529860e-03 1.285315e-03 0.000000e+00 2.519131e-03 0.000000e+00 0.000000e+00 0.000000e+00
PROFILE_ITER 1 157 2.612114e-03 1.189709e-03 0.000000e+00 2.600193e-03 0.000000e+00 0.000000e+00 0.000000e+00
PROFILE_ITER 1 158 2.583027e-03 1.221180e-03 0.000000e+00 2.572060e-03 0.000000e+00 0.000000e+00 0.000000e+00
PROFILE_ITER 1 159 2.578735e-03 1.216173e-03 0.000000e+00 2.566099e-03 0.000000e+00 0.000000e+00 1.907349e-06
PROFILE_ITER 1 160 2.606153e-03 1.195908e-03 0.000000e+00 2.593994e-03 0.000000e+00 0.000000e+00 9.536743e-07
PROFILE_ITER 1 161 2.586842e-03 1.233101e-03 0.000000e+00 2.573967e-03 0.000000e+00 0.000000e+00 0.000000e+00
PROFILE_ITER 1 162 2.588987e-03 1.211882e-03 0.000000e+00 2.576113e-03 0.000000e+00 0.000000e+00 0.000000e+00
PROFILE_ITER 1 163 2.615929e-03 1.175165e-03 0.000000e+00 2.602100e-03 0.000000e+00 0.000000e+00 0.000000e+00
PROFILE_ITER 1 164 2.572060e-03 1.226902e-03 0.000000e+00 2.559185e-03 0.000000e+00 0.000000e+00 0.000000e+00
PROFILE_ITER 1 165 2.525091e-03 1.282930e-03 0.000000e+00 2.512217e-03 0.000000e+00 0.000000e+00 9.536743e-07
PROFILE_ITER 0 145 3.214121e-03 5.829334e-04 0.000000e+00 2.231121e-03 0.000000e+00 0.000000e+00 0.000000e+00
PROFILE_ITER 0 146 3.208160e-03 5.917549e-04 0.000000e+00 2.231121e-03 0.000000e+00 0.000000e+00 0.000000e+00
PROFILE_ITER 0 147 3.222227e-03 5.877018e-04 0.000000e+00 2.233028e-03 0.000000e+00 0.000000e+00 0.000000e+00
PROFILE_ITER 0 148 3.213882e-03 5.972385e-04 0.000000e+00 2.231121e-03 0.000000e+00 0.000000e+00 0.000000e+00
PROFILE_ITER 0 149 3.211021e-03 5.929470e-04 0.000000e+00 2.233267e-03 0.000000e+00 0.000000e+00 9.536743e-07
PROFILE_ITER 0 150 3.215075e-03 5.860329e-04 0.000000e+00 2.229929e-03 0.000000e+00 0.000000e+00 0.000000e+00
PROFILE_ITER 0 151 3.211975e-03 5.869865e-04 0.000000e+00 2.231121e-03 0.000000e+00 0.000000e+00 0.000000e+00
PROFILE_ITER 0 152 3.208160e-03 5.879402e-04 0.000000e+00 2.232075e-03 0.000000e+00 0.000000e+00 0.000000e+00
PROFILE_ITER 0 153 3.212929e-03 5.919933e-04 0.000000e+00 2.231121e-03 0.000000e+00 0.000000e+00 0.000000e+00
PROFILE_ITER 0 154 3.211021e-03 5.939007e-04 0.000000e+00 2.228737e-03 0.000000e+00 0.000000e+00 0.000000e+00
PROFILE_ITER 0 155 3.211975e-03 5.869865e-04 0.000000e+00 2.231121e-03 0.000000e+00 0.000000e+00 0.000000e+00
PROFILE_ITER 0 156 3.221035e-03 5.941391e-04 0.000000e+00 2.233028e-03 0.000000e+00 0.000000e+00 0.000000e+00
PROFILE_ITER 0 157 3.210306e-03 5.915165e-04 0.000000e+00 2.233028e-03 0.000000e+00 0.000000e+00 0.000000e+00
PROFILE_ITER 0 158 3.212214e-03 5.919933e-04 0.000000e+00 2.231121e-03 0.000000e+00 0.000000e+00 0.000000e+00
PROFILE_ITER 0 159 3.208876e-03 5.860329e-04 0.000000e+00 2.229929e-03 0.000000e+00 0.000000e+00 9.536743e-07
PROFILE_ITER 0 160 3.207922e-03 5.941391e-04 0.000000e+00 2.228975e-03 0.000000e+00 0.000000e+00 0.000000e+00
PROFILE_ITER 0 161 3.229856e-03 5.900860e-04 0.000000e+00 2.233028e-03 9.536743e-07 0.000000e+00 0.000000e+00
PROFILE_ITER 1 166 2.555132e-03 1.241922e-03 0.000000e+00 2.542973e-03 0.000000e+00 0.000000e+00 0.000000e+00
PROFILE_ITER 1 167 2.610922e-03 1.192093e-03 0.000000e+00 2.599716e-03 0.000000e+00 0.000000e+00 0.000000e+00
PROFILE_ITER 1 168 2.548218e-03 1.254797e-03 0.000000e+00 2.537012e-03 0.000000e+00 0.000000e+00 0.000000e+00
PROFILE_ITER 1 169 2.558947e-03 1.245975e-03 0.000000e+00 2.547264e-03 0.000000e+00 0.000000e+00 9.536743e-07
PROFILE_ITER 1 170 2.616882e-03 1.189232e-03 0.000000e+00 2.604961e-03 0.000000e+00 0.000000e+00 0.000000e+00
PROFILE_ITER 0 162 3.211021e-03 5.898476e-04 0.000000e+00 2.231121e-03 0.000000e+00 0.000000e+00 0.000000e+00
PROFILE_ITER 0 163 3.205061e-03 5.860329e-04 0.000000e+00 2.231121e-03 0.000000e+00 0.000000e+00 0.000000e+00
PROFILE_ITER 0 164 3.209114e-03 5.919933e-04 0.000000e+00 2.232075e-03 0.000000e+00 0.000000e+00 0.000000e+00
PROFILE_ITER 0 165 3.217936e-03 5.879402e-04 0.000000e+00 2.233028e-03 0.000000e+00 0.000000e+00 0.000000e+00
PROFILE_ITER 0 166 3.212929e-03 5.841255e-04 0.000000e+00 2.233028e-03 0.000000e+00 0.000000e+00 0.000000e+00
PROFILE_ITER 1 171 2.518892e-03 1.280069e-03 0.000000e+00 2.507925e-03 0.000000e+00 0.000000e+00 0.000000e+00
PROFILE_ITER 1 172 2.521992e-03 1.282930e-03 0.000000e+00 2.509832e-03 0.000000e+00 0.000000e+00 9.536743e-07
PROFILE_ITER 1 173 2.522945e-03 1.278162e-03 0.000000e+00 2.510071e-03 0.000000e+00 0.000000e+00 0.000000e+00
PROFILE_ITER 1 174 2.519846e-03 1.281977e-03 0.000000e+00 2.506971e-03 0.000000e+00 0.000000e+00 0.000000e+00
PROFILE_ITER 0 167 3.211975e-03 5.910397e-04 0.000000e+00 2.230883e-03 0.000000e+00 0.000000e+00 0.000000e+00
PROFILE_ITER 0 168 3.211021e-03 5.910397e-04 0.000000e+00 2.229214e-03 0.000000e+00 9.536743e-07 0.000000e+00
PROFILE_ITER 1 175 2.577066e-03 1.230955e-03 0.000000e+00 2.564192e-03 0.000000e+00 0.000000e+00 0.000000e+00
PROFILE_ITER 1 176 2.559185e-03 1.244783e-03 0.000000e+00 2.546787e-03 0.000000e+00 0.000000e+00 0.000000e+00
PROFILE_ITER 1 177 2.605200e-03 1.207829e-03 0.000000e+00 2.592087e-03 0.000000e+00 0.000000e+00 1.192093e-06
PROFILE_ITER 1 178 2.564907e-03 1.244068e-03 0.000000e+00 2.552986e-03 0.000000e+00 0.000000e+00 0.000000e+00
PROFILE_ITER 1 179 2.522945e-03 1.278162e-03 0.000000e+00 2.510071e-03 0.000000e+00 0.000000e+00 9.536743e-07
PROFILE_ITER 0 169 3.212929e-03 5.919933e-04 0.000000e+00 2.232075e-03 0.000000e+00 0.000000e+00 0.000000e+00
PROFILE_ITER 0 170 3.211975e-03 5.939007e-04 0.000000e+00 2.229929e-03 0.000000e+00 0.000000e+00 0.000000e+00
PROFILE_ITER 0 171 3.208160e-03 5.898476e-04 0.000000e+00 2.228260e-03 0.000000e+00 0.000000e+00 0.000000e+00
PROFILE_ITER 0 172 3.215075e-03 5.898476e-04 0.000000e+00 2.232075e-03 0.000000e+00 0.000000e+00 0.000000e+00
PROFILE_ITER 0 173 3.206968e-03 5.941391e-04 0.000000e+00 2.227783e-03 0.000000e+00 0.000000e+00 0.000000e+00
PROFILE_ITER 1 180 2.520084e-03 1.269817e-03 0.000000e+00 2.506971e-03 0.000000e+00 0.000000e+00 1.192093e-06
PROFILE_ITER 0 174 3.208160e-03 5.936623e-04 0.000000e+00 2.230167e-03 0.000000e+00 0.000000e+00 0.000000e+00
PROFILE_ITER 1 181 2.520800e-03 1.273394e-03 0.000000e+00 2.509832e-03 0.000000e+00 0.000000e+00 0.000000e+00
PROFILE_ITER 1 182 2.565384e-03 1.235485e-03 0.000000e+00 2.554178e-03 0.000000e+00 0.000000e+00 0.000000e+00
PROFILE_ITER 0 175 3.216982e-03 5.910397e-04 0.000000e+00 2.229929e-03 9.536743e-07 0.000000e+00 0.000000e+00
PROFILE_ITER 0 176 3.210783e-03 5.931854e-04 0.000000e+00 2.228975e-03 0.000000e+00 0.000000e+00 0.000000e+00
PROFILE_ITER 0 177 3.212929e-03 6.000996e-04 0.000000e+00 2.231121e-03 0.000000e+00 0.000000e+00 0.000000e+00
PROFILE_ITER 0 178 3.212690e-03 5.962849e-04 9.536743e-07 2.233028e-03 0.000000e+00 9.536743e-07 0.000000e+00
PROFILE_ITER 1 183 2.603054e-03 1.187086e-03 0.000000e+00 2.590179e-03 0.000000e+00 0.000000e+00 0.000000e+00
PROFILE_ITER 1 184 2.521038e-03 1.277924e-03 0.000000e+00 2.509356e-03 0.000000e+00 0.000000e+00 0.000000e+00
PROFILE_ITER 1 185 2.532005e-03 1.268864e-03 0.000000e+00 2.519131e-03 0.000000e+00 0.000000e+00 0.000000e+00
PROFILE_ITER 0 179 3.210068e-03 5.910397e-04 0.000000e+00 2.231121e-03 0.000000e+00 0.000000e+00 0.000000e+00
PROFILE_ITER 0 180 3.204823e-03 5.872250e-04 0.000000e+00 2.230644e-03 0.000000e+00 0.000000e+00 0.000000e+00
PROFILE_ITER 0 181 3.207207e-03 5.848408e-04 0.000000e+00 2.229929e-03 0.000000e+00 0.000000e+00 0.000000e+00
PROFILE_ITER 1 186 2.618074e-03 1.178026e-03 0.000000e+00 2.606153e-03 0.000000e+00 0.000000e+00 0.000000e+00
PROFILE_ITER 1 187 2.531052e-03 1.264811e-03 0.000000e+00 2.518177e-03 0.000000e+00 0.000000e+00 9.536743e-07
PROFILE_ITER 0 182 3.207207e-03 5.936623e-04 0.000000e+00 2.228022e-03 0.000000e+00 0.000000e+00 0.000000e+00
PROFILE_ITER 0 183 3.203869e-03 5.862713e-04 0.000000e+00 2.232075e-03 0.000000e+00 0.000000e+00 0.000000e+00
PROFILE_ITER 0 184 3.208160e-03 5.908012e-04 0.000000e+00 2.231121e-03 0.000000e+00 0.000000e+00 0.000000e+00
PROFILE_ITER 0 185 3.216028e-03 5.848408e-04 0.000000e+00 2.229929e-03 0.000000e+00 0.000000e+00 0.000000e+00
PROFILE_ITER 0 186 3.212929e-03 5.831718e-04 0.000000e+00 2.231836e-03 0.000000e+00 0.000000e+00 0.000000e+00
PROFILE_ITER 0 187 3.211975e-03 5.829334e-04 0.000000e+00 2.228975e-03 0.000000e+00 0.000000e+00 0.000000e+00
PROFILE_ITER 0 188 3.222942e-03 5.881786e-04 0.000000e+00 2.232075e-03 0.000000e+00 0.000000e+00 0.000000e+00
PROFILE_ITER 0 189 3.218889e-03 5.900860e-04 0.000000e+00 2.228737e-03 9.536743e-07 0.000000e+00 0.000000e+00
PROFILE_ITER 1 188 2.607822e-03 1.203299e-03 0.000000e+00 2.595901e-03 0.000000e+00 0.000000e+00 9.536743e-07
PROFILE_ITER 1 189 2.596140e-03 1.212835e-03 0.000000e+00 2.584219e-03 0.000000e+00 0.000000e+00 0.000000e+00
PROFILE_ITER 1 190 2.578020e-03 1.228094e-03 9.536743e-07 2.566099e-03 0.000000e+00 0.000000e+00 0.000000e+00
PROFILE_ITER 1 191 2.530336e-03 1.279593e-03 0.000000e+00 2.516747e-03 0.000000e+00 0.000000e+00 0.000000e+00
PROFILE_ITER 1 192 2.575159e-03 1.224756e-03 0.000000e+00 2.564192e-03 0.000000e+00 0.000000e+00 0.000000e+00
PROFILE_ITER 1 193 2.542019e-03 1.258135e-03 0.000000e+00 2.530098e-03 0.000000e+00 0.000000e+00 1.192093e-06
PROFILE_ITER 1 194 2.522230e-03 1.273632e-03 0.000000e+00 2.509356e-03 0.000000e+00 0.000000e+00 9.536743e-07
PROFILE_ITER 1 195 2.521038e-03 1.266003e-03 0.000000e+00 2.508163e-03 0.000000e+00 0.000000e+00 0.000000e+00
PROFILE_ITER 1 196 2.528191e-03 1.270771e-03 0.000000e+00 2.516031e-03 0.000000e+00 0.000000e+00 0.000000e+00
PROFILE_ITER 0 190 3.210068e-03 5.960464e-04 0.000000e+00 2.228022e-03 0.000000e+00 0.000000e+00 0.000000e+00
PROFILE_ITER 0 191 3.216028e-03 5.939007e-04 0.000000e+00 2.232075e-03 0.000000e+00 0.000000e+00 0.000000e+00
PROFILE_ITER 0 192 3.211021e-03 5.888939e-04 0.000000e+00 2.230167e-03 0.000000e+00 0.000000e+00 0.000000e+00
PROFILE_ITER 1 197 2.606869e-03 1.199245e-03 0.000000e+00 2.593994e-03 0.000000e+00 0.000000e+00 0.000000e+00
PROFILE_ITER 1 198 2.567053e-03 1.228809e-03 0.000000e+00 2.554893e-03 0.000000e+00 0.000000e+00 0.000000e+00
PROFILE_ITER 0 193 3.209114e-03 5.910397e-04 0.000000e+00 2.230167e-03 0.000000e+00 0.000000e+00 0.000000e+00
PROFILE_ITER 0 194 3.206968e-03 5.888939e-04 0.000000e+00 2.228022e-03 0.000000e+00 0.000000e+00 0.000000e+00
PROFILE_ITER 0 195 3.208876e-03 5.781651e-04 0.000000e+00 2.229214e-03 0.000000e+00 0.000000e+00 0.000000e+00
PROFILE_ITER 0 196 3.216743e-03 5.853176e-04 0.000000e+00 2.229929e-03 9.536743e-07 0.000000e+00 0.000000e+00
PROFILE_ITER 0 197 3.214836e-03 5.891323e-04 0.000000e+00 2.232075e-03 0.000000e+00 0.000000e+00 0.000000e+00
PROFILE_ITER 0 198 3.211021e-03 5.848408e-04 0.000000e+00 2.233028e-03 0.000000e+00 0.000000e+00 0.000000e+00
PROFILE_ITER 0 199 3.210068e-03 5.829334e-04 0.000000e+00 2.232075e-03 0.000000e+00 0.000000e+00 0.000000e+00
PROFILE_ACCUM 0 spmv=6.465468e-01 vecops=1.213238e-01 send_fill=7.152557e-06 local_spmv=4.466889e-01 comm_wait=2.384186e-05 shared_spmv=4.053116e-06 send_wait=1.263618e-05
PROFILE_ITER 1 199 2.591133e-03 1.201868e-03 0.000000e+00 2.577066e-03 0.000000e+00 0.000000e+00 0.000000e+00
PROFILE_ACCUM 1 spmv=5.476549e-01 vecops=4.476423e-01 send_fill=8.106232e-06 local_spmv=5.450566e-01 comm_wait=5.006790e-06 shared_spmv=0.000000e+00 send_wait=5.722046e-05
