Matrix name : /home/bugra/Workspace/C/HetHypPar_rewrite/data/matrices/rma10_4c_4g/rma10_4c_4g.mtx

	****	Matrix File readed	****LOG: Finished Creating Shard CSC
LOG: Finished Creating Vectors
PROFILE_HEADER rank iter spmv vecops send_fill local_spmv comm_wait shared_spmv send_wait
PROFILE_ITER 1 0 1.025987e-02 1.576002e-01 0.000000e+00 9.891033e-03 0.000000e+00 0.000000e+00 0.000000e+00
PROFILE_ITER 1 1 9.902000e-03 1.043797e-03 0.000000e+00 9.834051e-03 0.000000e+00 0.000000e+00 0.000000e+00
PROFILE_ITER 1 2 9.747744e-03 1.018286e-03 0.000000e+00 9.679794e-03 0.000000e+00 0.000000e+00 0.000000e+00
PROFILE_ITER 1 3 9.716988e-03 1.021147e-03 0.000000e+00 9.649038e-03 0.000000e+00 0.000000e+00 0.000000e+00
PROFILE_ITER 1 4 9.696007e-03 1.034975e-03 0.000000e+00 9.629011e-03 0.000000e+00 0.000000e+00 0.000000e+00
PROFILE_ITER 1 5 9.651184e-03 1.024723e-03 0.000000e+00 9.584188e-03 0.000000e+00 0.000000e+00 0.000000e+00
PROFILE_ITER 1 6 9.620905e-03 1.036167e-03 0.000000e+00 9.552002e-03 0.000000e+00 0.000000e+00 0.000000e+00
PROFILE_ITER 1 7 9.839773e-03 1.030207e-03 0.000000e+00 9.771824e-03 0.000000e+00 0.000000e+00 0.000000e+00
PROFILE_ITER 1 8 9.620905e-03 1.028061e-03 0.000000e+00 9.554863e-03 0.000000e+00 0.000000e+00 0.000000e+00
PROFILE_ITER 1 9 9.814024e-03 1.035213e-03 0.000000e+00 9.746075e-03 0.000000e+00 0.000000e+00 0.000000e+00
PROFILE_ITER 1 10 9.670019e-03 1.047850e-03 9.536743e-07 9.601831e-03 0.000000e+00 0.000000e+00 0.000000e+00
PROFILE_ITER 1 11 9.614944e-03 1.049995e-03 0.000000e+00 9.545088e-03 0.000000e+00 0.000000e+00 0.000000e+00
PROFILE_ITER 1 12 9.754181e-03 1.042843e-03 0.000000e+00 9.685993e-03 0.000000e+00 0.000000e+00 0.000000e+00
PROFILE_ITER 1 13 9.818077e-03 1.041889e-03 0.000000e+00 9.745836e-03 0.000000e+00 0.000000e+00 0.000000e+00
PROFILE_ITER 1 14 9.590149e-03 1.062870e-03 0.000000e+00 9.523153e-03 0.000000e+00 0.000000e+00 0.000000e+00
PROFILE_ITER 1 15 9.743929e-03 1.103163e-03 0.000000e+00 9.671926e-03 0.000000e+00 0.000000e+00 9.536743e-07
PROFILE_ITER 1 16 9.604216e-03 1.037836e-03 0.000000e+00 9.534836e-03 1.192093e-06 0.000000e+00 0.000000e+00
PROFILE_ITER 1 17 9.734154e-03 1.084805e-03 0.000000e+00 9.668112e-03 0.000000e+00 0.000000e+00 0.000000e+00
PROFILE_ITER 1 18 9.610891e-03 1.049042e-03 0.000000e+00 9.541750e-03 0.000000e+00 0.000000e+00 0.000000e+00
PROFILE_ITER 1 19 9.775162e-03 1.037836e-03 0.000000e+00 9.706020e-03 0.000000e+00 0.000000e+00 9.536743e-07
PROFILE_ITER 1 20 9.902000e-03 1.044035e-03 0.000000e+00 9.834051e-03 0.000000e+00 0.000000e+00 9.536743e-07
PROFILE_ITER 1 21 9.732962e-03 1.039028e-03 0.000000e+00 9.665728e-03 0.000000e+00 0.000000e+00 0.000000e+00
PROFILE_ITER 1 22 9.618998e-03 1.069069e-03 0.000000e+00 9.545088e-03 9.536743e-07 0.000000e+00 9.536743e-07
PROFILE_ITER 1 23 9.744167e-03 1.040697e-03 0.000000e+00 9.676933e-03 0.000000e+00 0.000000e+00 0.000000e+00
PROFILE_ITER 1 24 9.876966e-03 1.046181e-03 0.000000e+00 9.809017e-03 0.000000e+00 0.000000e+00 0.000000e+00
PROFILE_ITER 1 25 9.584665e-03 1.043320e-03 0.000000e+00 9.515047e-03 0.000000e+00 0.000000e+00 9.536743e-07
PROFILE_ITER 1 26 9.614229e-03 1.044750e-03 0.000000e+00 9.544849e-03 0.000000e+00 0.000000e+00 0.000000e+00
PROFILE_ITER 1 27 9.897947e-03 1.045942e-03 0.000000e+00 9.829044e-03 0.000000e+00 0.000000e+00 0.000000e+00
PROFILE_ITER 1 28 9.641886e-03 1.086235e-03 0.000000e+00 9.575129e-03 0.000000e+00 0.000000e+00 0.000000e+00
PROFILE_ITER 1 29 9.780884e-03 1.049995e-03 1.192093e-06 9.704828e-03 0.000000e+00 0.000000e+00 0.000000e+00
PROFILE_ITER 1 30 9.730101e-03 1.076937e-03 0.000000e+00 9.660959e-03 0.000000e+00 0.000000e+00 0.000000e+00
PROFILE_ITER 1 31 9.661913e-03 1.047134e-03 0.000000e+00 9.591103e-03 0.000000e+00 0.000000e+00 0.000000e+00
PROFILE_ITER 1 32 9.618759e-03 1.045227e-03 0.000000e+00 9.550810e-03 0.000000e+00 0.000000e+00 9.536743e-07
PROFILE_ITER 1 33 9.608030e-03 1.043081e-03 0.000000e+00 9.540081e-03 0.000000e+00 0.000000e+00 0.000000e+00
PROFILE_ITER 1 34 9.604216e-03 1.040697e-03 0.000000e+00 9.536028e-03 0.000000e+00 0.000000e+00 0.000000e+00
PROFILE_ITER 1 35 9.588957e-03 1.049995e-03 0.000000e+00 9.521961e-03 0.000000e+00 0.000000e+00 0.000000e+00
PROFILE_ITER 1 36 9.748936e-03 1.049995e-03 0.000000e+00 9.681225e-03 0.000000e+00 0.000000en_iters : 200 
spmv : 2.150089 
file_read : 3.186873 
relative_residual : 4.806253E+07
everything_total : 5.493184

----------------------------------------------------------------------
PROFILE_HEADER rank iter spmv vecops send_fill local_spmv comm_wait shared_spmv send_wait
PROFILE_ITER 0 0 9.560585e-04 1.101494e-02 0.000000e+00 6.101131e-04 9.536743e-07 0.000000e+00 0.000000e+00
PROFILE_ITER 0 1 9.109974e-04 1.003480e-02 0.000000e+00 6.070137e-04 0.000000e+00 9.536743e-07 0.000000e+00
PROFILE_ITER 0 2 9.038448e-04 9.862185e-03 0.000000e+00 6.039143e-04 0.000000e+00 0.000000e+00 0.000000e+00
PROFILE_ITER 0 3 9.050369e-04 9.833097e-03 0.000000e+00 6.046295e-04 0.000000e+00 0.000000e+00 0.000000e+00
PROFILE_ITER 0 4 9.040833e-04 9.826899e-03 0.000000e+00 6.060600e-04 0.000000e+00 0.000000e+00 0.000000e+00
PROFILE_ITER 0 5 9.057522e-04 9.770155e-03 0.000000e+00 6.070137e-04 0.000000e+00 0.000000e+00 0.000000e+00
PROFILE_ITER 0 6 9.038448e-04 9.753227e-03 0.000000e+00 6.048679e-04 0.000000e+00 0.000000e+00 0.000000e+00
PROFILE_ITER 0 7 9.050369e-04 9.964943e-03 0.000000e+00 6.048679e-04 0.000000e+00 0.000000e+00 0.000000e+00
PROFILE_ITER 0 8 9.038448e-04 9.747028e-03 0.000000e+00 6.058216e-04 0.000000e+00 0.000000e+00 0.000000e+00
PROFILE_ITER 0 9 9.040833e-04 9.945154e-03 0.000000e+00 6.041527e-04 0.000000e+00 0.000000e+00 0.000000e+00
PROFILE_ITER 0 10 9.112358e-04 9.806633e-03 0.000000e+00 6.051064e-04 0.000000e+00 0.000000e+00 0.000000e+00
PROFILE_ITER 0 11 9.050369e-04 9.759903e-03 0.000000e+00 6.058216e-04 0.000000e+00 0.000000e+00 0.000000e+00
PROFILE_ITER 0 12 9.038448e-04 9.893179e-03 0.000000e+00 6.051064e-04 0.000000e+00 0.000000e+00 0.000000e+00
PROFILE_ITER 0 13 9.040833e-04 9.955883e-03 0.000000e+00 6.029606e-04 0.000000e+00 0.000000e+00 0.000000e+00
PROFILE_ITER 0 14 9.047985e-04 9.748220e-03 0.000000e+00 6.048679e-04 9.536743e-07 0.000000e+00 0.000000e+00
PROFILE_ITER 0 15 9.021759e-04 9.942770e-03 0.000000e+00 6.029606e-04 0.000000e+00 0.000000e+00 0.000000e+00
PROFILE_ITER 0 16 9.028912e-04 9.740114e-03 9.536743e-07 6.041527e-04 0.000000e+00 0.000000e+00 0.000000e+00
PROFILE_ITER 0 17 9.050369e-04 9.913921e-03 9.536743e-07 6.039143e-04 0.000000e+00 0.000000e+00 0.000000e+00
PROFILE_ITER 0 18 9.112358e-04 9.748697e-03 0.000000e+00 6.060600e-04 0.000000e+00 0.000000e+00 0.000000e+00
PROFILE_ITER 0 19 9.038448e-04 9.909153e-03 0.000000e+00 6.039143e-04 0.000000e+00 0.000000e+00 0.000000e+00
PROFILE_ITER 0 20 9.040833e-04 1.004195e-02 0.000000e+00 6.048679e-04 0.000000e+00 0.000000e+00 0.000000e+00
PROFILE_ITER 0 21 9.040833e-04 9.867907e-03 0.000000e+00 6.041527e-04 0.000000e+00 0.000000e+00 0.000000e+00
PROFILE_ITER 0 22 9.019375e-04 9.786129e-03 0.000000e+00 6.060600e-04 0.000000e+00 0.000000e+00 0.000000e+00
PROFILE_ITER 0 23 9.069443e-04 9.876013e-03 0.000000e+00 6.051064e-04 0.000000e+00 0.000000e+00 0.000000e+00
PROFILE_ITER 0 24 9.031296e-04 1.002192e-02 0.000000e+00 6.041527e-04 0.000000e+00 0.000000e+00 0.000000e+00
PROFILE_ITER 0 25 9.059906e-04 9.721994e-03 0.000000e+00 6.051064e-04 0.000000e+00 0.000000e+00 0.000000e+00
PROFILE_ITER 0 26 9.050369e-04 9.753942e-03 0.000000e+00 6.048679e-04 0.000000e+00 0.000000e+00 0.000000e+00
PROFILE_ITER 0 27 9.047985e-04 1.003909e-02 0.000000e+00 6.051064e-04 0.000000e+00 0.000000e+00 0.000000e+00
PROFILE_ITER 0 28 9.019375e-04 9.826183e-03 0.000000e+00 6.039143e-04 0.000000e+00 0.000000e+00 0.000000e+00
PROFILE_ITER 0 29 9.100437e-04 9.920835e-03 0.000000e+00 6.060600e-04 0.000000e+00 0.000000e+00 0.000000e+00
PROFILE_ITER 0 30 9.031296e-04 9.903908e-03 0.000000e+00 6.072521e-04 0.000000e+00 0.000000e+00 0.000000e+00
PROFILE_ITER 0 31 8.940697e-04 9.813070e-03 0.000000e+00 6.029606e-04 0.000000e+00 0.000000e+00 0.000000e+00
PROFILE_ITER 0 32 9.069443e-04 9.758949e-03 0.000000e+00 6.060600e-04 9.536743e-07 0.000000e+00 0.000000e+00
PROFILE_ITER 0 33 9.069443e-04 9.744167e-03 9.536743e-07 6.031990e-04 9.536743e-07 0.000000e+00 0.000000e+00
PROFILE_ITER 0 34 8.940697e-04 9.750843e-03 0.000000e+00 6.039143e-04 0.000000e+00 0.000000e+00 0.000000e+00
PROFILE_ITER 0+00 0.000000e+00
PROFILE_ITER 1 37 9.599209e-03 1.037836e-03 0.000000e+00 9.531736e-03 0.000000e+00 0.000000e+00 0.000000e+00
PROFILE_ITER 1 38 9.770632e-03 1.048326e-03 0.000000e+00 9.701967e-03 0.000000e+00 0.000000e+00 0.000000e+00
PROFILE_ITER 1 39 9.751797e-03 1.041412e-03 0.000000e+00 9.682894e-03 0.000000e+00 0.000000e+00 0.000000e+00
PROFILE_ITER 1 40 9.597301e-03 1.035690e-03 0.000000e+00 9.530067e-03 0.000000e+00 0.000000e+00 0.000000e+00
PROFILE_ITER 1 41 9.772062e-03 1.049757e-03 0.000000e+00 9.701252e-03 0.000000e+00 0.000000e+00 0.000000e+00
PROFILE_ITER 1 42 9.605885e-03 1.057148e-03 0.000000e+00 9.536743e-03 0.000000e+00 0.000000e+00 0.000000e+00
PROFILE_ITER 1 43 9.591818e-03 1.049280e-03 0.000000e+00 9.520769e-03 0.000000e+00 0.000000e+00 0.000000e+00
PROFILE_ITER 1 44 9.583235e-03 1.038790e-03 0.000000e+00 9.516001e-03 0.000000e+00 0.000000e+00 0.000000e+00
PROFILE_ITER 1 45 9.593010e-03 1.048803e-03 0.000000e+00 9.525061e-03 0.000000e+00 0.000000e+00 0.000000e+00
PROFILE_ITER 1 46 9.659052e-03 1.048088e-03 0.000000e+00 9.589195e-03 0.000000e+00 0.000000e+00 0.000000e+00
PROFILE_ITER 1 47 9.746790e-03 1.043081e-03 0.000000e+00 9.677887e-03 0.000000e+00 0.000000e+00 1.907349e-06
PROFILE_ITER 1 48 9.845018e-03 1.044035e-03 0.000000e+00 9.774923e-03 0.000000e+00 0.000000e+00 0.000000e+00
PROFILE_ITER 1 49 9.627819e-03 1.054287e-03 0.000000e+00 9.552717e-03 0.000000e+00 0.000000e+00 9.536743e-07
PROFILE_ITER 1 50 9.588003e-03 1.050949e-03 0.000000e+00 9.517908e-03 0.000000e+00 0.000000e+00 0.000000e+00
PROFILE_ITER 1 51 9.747028e-03 1.047850e-03 0.000000e+00 9.677172e-03 0.000000e+00 0.000000e+00 9.536743e-07
PROFILE_ITER 1 52 9.673119e-03 1.049995e-03 0.000000e+00 9.605169e-03 0.000000e+00 0.000000e+00 0.000000e+00
PROFILE_ITER 1 53 9.617090e-03 1.055002e-03 0.000000e+00 9.548187e-03 0.000000e+00 0.000000e+00 9.536743e-07
PROFILE_ITER 1 54 9.855032e-03 1.058817e-03 1.192093e-06 9.784937e-03 0.000000e+00 0.000000e+00 0.000000e+00
PROFILE_ITER 1 55 9.702921e-03 1.066208e-03 0.000000e+00 9.630919e-03 0.000000e+00 0.000000e+00 9.536743e-07
PROFILE_ITER 1 56 9.877205e-03 1.044750e-03 0.000000e+00 9.809017e-03 0.000000e+00 0.000000e+00 0.000000e+00
PROFILE_ITER 1 57 9.921789e-03 1.054287e-03 0.000000e+00 9.850979e-03 0.000000e+00 0.000000e+00 0.000000e+00
PROFILE_ITER 1 58 9.846687e-03 1.041174e-03 0.000000e+00 9.778023e-03 0.000000e+00 0.000000e+00 9.536743e-07
PROFILE_ITER 1 59 1.000500e-02 1.065016e-03 0.000000e+00 9.936094e-03 0.000000e+00 0.000000e+00 9.536743e-07
PROFILE_ITER 1 60 9.634733e-03 1.089334e-03 0.000000e+00 9.564161e-03 0.000000e+00 0.000000e+00 0.000000e+00
PROFILE_ITER 1 61 9.596825e-03 1.041174e-03 0.000000e+00 9.529829e-03 0.000000e+00 0.000000e+00 0.000000e+00
PROFILE_ITER 1 62 9.610891e-03 1.036167e-03 0.000000e+00 9.540796e-03 9.536743e-07 0.000000e+00 0.000000e+00
PROFILE_ITER 1 63 9.589911e-03 1.040936e-03 0.000000e+00 9.520769e-03 0.000000e+00 0.000000e+00 0.000000e+00
PROFILE_ITER 1 64 9.636164e-03 1.035929e-03 0.000000e+00 9.568930e-03 0.000000e+00 0.000000e+00 0.000000e+00
PROFILE_ITER 1 65 9.631157e-03 1.041889e-03 0.000000e+00 9.562016e-03 0.000000e+00 0.000000e+00 0.000000e+00
PROFILE_ITER 1 66 9.753942e-03 1.046896e-03 0.000000e+00 9.685278e-03 0.000000e+00 0.000000e+00 0.000000e+00
PROFILE_ITER 1 67 9.886980e-03 1.044035e-03 0.000000e+00 9.819984e-03 0.000000e+00 0.000000e+00 9.536743e-07
PROFILE_ITER 1 68 9.776831e-03 1.039267e-03 0.000000e+00 9.709120e-03 0.000000e+00 0.000000e+00 9.536743e-07
PROFILE_ITER 1 69 9.737253e-03 1.039743e-03 0.000000e+00 9.671211e-03 0.000000e+00 0.000000e+00 0.000000e+00
PROFILE_ITER 1 70 9.748936e-03 1.048088e-03 0.000000e+00 9.680986e-03 0.000000e+00 0.000000e+00 0.000000e+00
PROFILE_ITER 1 71 9.878874e-03 1.047134e-03 0.000000e+00 9.812117e-03 9.536743e-07 0.000000e+00 0.000000e+00
PROFILE_ITER 1 72 9.734154e-03 1.048803e-03 0.000000e+00 9.666920e-03 0.000000e+00 0.000000e+00 0.000000e+00
PROFILE_ITER 1 73 9.589195e-03 1.049757e-03 0.000000e+00 9.522915e-03 0.000000e+00 0.000000e+00 0.000000e+00
PROFILE_ITER 1 74 9.600163e-03 1.041889e-03 0. 35 9.019375e-04 9.737015e-03 0.000000e+00 6.039143e-04 0.000000e+00 0.000000e+00 0.000000e+00
PROFILE_ITER 0 36 9.078979e-04 9.891033e-03 0.000000e+00 6.046295e-04 0.000000e+00 0.000000e+00 0.000000e+00
PROFILE_ITER 0 37 9.050369e-04 9.732008e-03 0.000000e+00 6.051064e-04 0.000000e+00 0.000000e+00 0.000000e+00
PROFILE_ITER 0 38 9.062290e-04 9.912729e-03 0.000000e+00 6.039143e-04 0.000000e+00 0.000000e+00 0.000000e+00
PROFILE_ITER 0 39 9.050369e-04 9.886026e-03 0.000000e+00 6.060600e-04 0.000000e+00 0.000000e+00 0.000000e+00
PROFILE_ITER 0 40 9.069443e-04 9.728193e-03 0.000000e+00 6.051064e-04 0.000000e+00 0.000000e+00 0.000000e+00
PROFILE_ITER 0 41 9.028912e-04 9.918928e-03 1.192093e-06 6.039143e-04 0.000000e+00 0.000000e+00 0.000000e+00
PROFILE_ITER 0 42 9.109974e-04 9.752035e-03 0.000000e+00 6.048679e-04 0.000000e+00 0.000000e+00 0.000000e+00
PROFILE_ITER 0 43 9.050369e-04 9.736061e-03 0.000000e+00 6.058216e-04 0.000000e+00 0.000000e+00 0.000000e+00
PROFILE_ITER 0 44 9.050369e-04 9.716988e-03 0.000000e+00 6.039143e-04 0.000000e+00 0.000000e+00 0.000000e+00
PROFILE_ITER 0 45 9.081364e-04 9.733677e-03 0.000000e+00 6.051064e-04 9.536743e-07 0.000000e+00 0.000000e+00
PROFILE_ITER 0 46 9.028912e-04 9.804249e-03 0.000000e+00 6.048679e-04 0.000000e+00 0.000000e+00 0.000000e+00
PROFILE_ITER 0 47 9.040833e-04 9.883881e-03 0.000000e+00 6.051064e-04 0.000000e+00 0.000000e+00 0.000000e+00
PROFILE_ITER 0 48 9.090900e-04 9.981871e-03 0.000000e+00 6.060600e-04 0.000000e+00 0.000000e+00 0.000000e+00
PROFILE_ITER 0 49 9.129047e-04 9.769201e-03 0.000000e+00 6.077290e-04 0.000000e+00 0.000000e+00 0.000000e+00
PROFILE_ITER 0 50 9.059906e-04 9.732962e-03 0.000000e+00 6.039143e-04 0.000000e+00 0.000000e+00 0.000000e+00
PROFILE_ITER 0 51 8.997917e-04 9.895086e-03 0.000000e+00 6.048679e-04 0.000000e+00 0.000000e+00 0.000000e+00
PROFILE_ITER 0 52 9.050369e-04 9.818077e-03 0.000000e+00 6.060600e-04 0.000000e+00 0.000000e+00 0.000000e+00
PROFILE_ITER 0 53 9.150505e-04 9.757042e-03 0.000000e+00 6.041527e-04 0.000000e+00 0.000000e+00 0.000000e+00
PROFILE_ITER 0 54 9.059906e-04 1.000786e-02 0.000000e+00 6.060600e-04 0.000000e+00 0.000000e+00 0.000000e+00
PROFILE_ITER 0 55 9.057522e-04 9.860277e-03 0.000000e+00 6.039143e-04 0.000000e+00 0.000000e+00 0.000000e+00
PROFILE_ITER 0 56 9.028912e-04 1.002121e-02 0.000000e+00 6.051064e-04 0.000000e+00 0.000000e+00 0.000000e+00
PROFILE_ITER 0 57 9.050369e-04 1.007104e-02 0.000000e+00 6.031990e-04 0.000000e+00 0.000000e+00 0.000000e+00
PROFILE_ITER 0 58 9.100437e-04 9.977818e-03 0.000000e+00 6.051064e-04 0.000000e+00 0.000000e+00 0.000000e+00
PROFILE_ITER 0 59 9.078979e-04 1.016212e-02 0.000000e+00 6.036758e-04 0.000000e+00 0.000000e+00 0.000000e+00
PROFILE_ITER 0 60 9.131432e-04 9.810925e-03 0.000000e+00 6.051064e-04 0.000000e+00 0.000000e+00 0.000000e+00
PROFILE_ITER 0 61 9.059906e-04 9.732008e-03 0.000000e+00 6.051064e-04 0.000000e+00 0.000000e+00 0.000000e+00
PROFILE_ITER 0 62 9.038448e-04 9.743214e-03 0.000000e+00 6.058216e-04 0.000000e+00 0.000000e+00 0.000000e+00
PROFILE_ITER 0 63 9.119511e-04 9.716988e-03 0.000000e+00 6.060600e-04 0.000000e+00 0.000000e+00 0.000000e+00
PROFILE_ITER 0 64 9.040833e-04 9.769917e-03 0.000000e+00 6.051064e-04 0.000000e+00 0.000000e+00 0.000000e+00
PROFILE_ITER 0 65 9.040833e-04 9.768963e-03 0.000000e+00 6.051064e-04 0.000000e+00 0.000000e+00 0.000000e+00
PROFILE_ITER 0 66 9.059906e-04 9.894848e-03 0.000000e+00 6.039143e-04 0.000000e+00 0.000000e+00 0.000000e+00
PROFILE_ITER 0 67 9.090900e-04 1.002192e-02 0.000000e+00 6.058216e-04 0.000000e+00 0.000000e+00 0.000000e+00
PROFILE_ITER 0 68 9.038448e-04 9.912252e-03 0.000000e+00 6.039143e-04 0.000000e+00 0.000000e+00 0.000000e+00
PROFILE_ITER 0 69 9.050369e-04 9.871006e-03 0.000000e+00 6.051064e-04 0.000000e+00 0.000000e+00 0.000000e+00
PROFILE_ITER 0 70 9.050369e-04 9.891987e-03 0.000000e+00 6.051064e-04 0.000000e+00 0.000000e+00 0.000000e+00
PROFILE_ITER 0 71 9.038448e-04 1.002002e-02 0.000000e+00 6.046295e-04 0.000000e+00 0.000000e+00 0.000000e+00
PROFILE_ITER 0 72 9.078979e-04 9.876251e-03 0.000000e+00 6.060600e-04 0.00000000000e+00 9.529114e-03 0.000000e+00 0.000000e+00 0.000000e+00
PROFILE_ITER 1 75 9.603024e-03 1.056910e-03 1.192093e-06 9.532928e-03 0.000000e+00 0.000000e+00 0.000000e+00
PROFILE_ITER 1 76 9.736061e-03 1.052856e-03 0.000000e+00 9.668827e-03 0.000000e+00 0.000000e+00 0.000000e+00
PROFILE_ITER 1 77 9.841204e-03 1.045942e-03 0.000000e+00 9.773970e-03 0.000000e+00 0.000000e+00 0.000000e+00
PROFILE_ITER 1 78 9.730101e-03 1.039982e-03 0.000000e+00 9.660959e-03 0.000000e+00 0.000000e+00 0.000000e+00
PROFILE_ITER 1 79 9.687901e-03 1.050949e-03 0.000000e+00 9.618998e-03 0.000000e+00 0.000000e+00 0.000000e+00
PROFILE_ITER 1 80 9.636879e-03 1.052141e-03 0.000000e+00 9.568691e-03 0.000000e+00 0.000000e+00 0.000000e+00
PROFILE_ITER 1 81 9.597778e-03 1.059294e-03 0.000000e+00 9.527206e-03 0.000000e+00 0.000000e+00 0.000000e+00
PROFILE_ITER 1 82 9.634018e-03 1.049995e-03 0.000000e+00 9.564877e-03 0.000000e+00 0.000000e+00 0.000000e+00
PROFILE_ITER 1 83 9.751797e-03 1.050234e-03 0.000000e+00 9.680986e-03 0.000000e+00 0.000000e+00 0.000000e+00
PROFILE_ITER 1 84 9.891987e-03 1.049042e-03 0.000000e+00 9.822130e-03 9.536743e-07 0.000000e+00 0.000000e+00
PROFILE_ITER 1 85 9.664059e-03 1.044750e-03 0.000000e+00 9.594917e-03 0.000000e+00 0.000000e+00 0.000000e+00
PROFILE_ITER 1 86 9.726763e-03 1.045227e-03 1.192093e-06 9.657621e-03 0.000000e+00 0.000000e+00 0.000000e+00
PROFILE_ITER 1 87 9.729862e-03 1.044273e-03 0.000000e+00 9.661913e-03 0.000000e+00 0.000000e+00 0.000000e+00
PROFILE_ITER 1 88 9.880781e-03 1.043320e-03 0.000000e+00 9.809017e-03 0.000000e+00 0.000000e+00 9.536743e-07
PROFILE_ITER 1 89 9.685993e-03 1.043797e-03 0.000000e+00 9.615898e-03 0.000000e+00 0.000000e+00 9.536743e-07
PROFILE_ITER 1 90 9.608984e-03 1.049995e-03 9.536743e-07 9.537935e-03 0.000000e+00 0.000000e+00 9.536743e-07
PROFILE_ITER 1 91 9.604931e-03 1.042128e-03 9.536743e-07 9.536028e-03 0.000000e+00 0.000000e+00 0.000000e+00
PROFILE_ITER 1 92 9.646177e-03 1.050949e-03 0.000000e+00 9.575844e-03 0.000000e+00 0.000000e+00 1.192093e-06
PROFILE_ITER 1 93 9.730816e-03 1.041174e-03 0.000000e+00 9.662867e-03 0.000000e+00 0.000000e+00 0.000000e+00
PROFILE_ITER 1 94 9.734869e-03 1.043081e-03 0.000000e+00 9.665966e-03 0.000000e+00 0.000000e+00 0.000000e+00
PROFILE_ITER 1 95 9.890079e-03 1.050949e-03 0.000000e+00 9.819746e-03 0.000000e+00 0.000000e+00 0.000000e+00
PROFILE_ITER 1 96 9.746790e-03 1.053095e-03 1.192093e-06 9.676695e-03 0.000000e+00 0.000000e+00 9.536743e-07
PROFILE_ITER 1 97 9.874105e-03 1.043081e-03 0.000000e+00 9.806156e-03 0.000000e+00 0.000000e+00 0.000000e+00
PROFILE_ITER 1 98 9.635210e-03 1.041651e-03 0.000000e+00 9.567022e-03 0.000000e+00 0.000000e+00 1.192093e-06
PROFILE_ITER 1 99 9.588003e-03 1.047134e-03 0.000000e+00 9.519100e-03 0.000000e+00 0.000000e+00 0.000000e+00
PROFILE_ITER 1 100 9.727001e-03 1.047850e-03 0.000000e+00 9.656906e-03 1.192093e-06 0.000000e+00 0.000000e+00
PROFILE_ITER 1 101 9.595156e-03 1.040697e-03 0.000000e+00 9.526014e-03 0.000000e+00 0.000000e+00 0.000000e+00
PROFILE_ITER 1 102 9.719133e-03 1.053810e-03 0.000000e+00 9.650946e-03 9.536743e-07 0.000000e+00 0.000000e+00
PROFILE_ITER 1 103 9.742022e-03 1.042128e-03 0.000000e+00 9.673119e-03 0.000000e+00 0.000000e+00 0.000000e+00
PROFILE_ITER 1 104 9.570122e-03 1.043797e-03 0.000000e+00 9.501934e-03 0.000000e+00 0.000000e+00 0.000000e+00
PROFILE_ITER 1 105 9.913206e-03 1.089811e-03 0.000000e+00 9.842157e-03 0.000000e+00 0.000000e+00 0.000000e+00
PROFILE_ITER 1 106 9.638071e-03 1.049042e-03 0.000000e+00 9.567976e-03 0.000000e+00 0.000000e+00 0.000000e+00
PROFILE_ITER 1 107 9.744883e-03 1.048088e-03 0.000000e+00 9.674788e-03 0.000000e+00 0.000000e+00 0.000000e+00
PROFILE_ITER 1 108 9.726048e-03 1.043797e-03 0.000000e+00 9.655952e-03 0.000000e+00 0.000000e+00 0.000000e+00
PROFILE_ITER 1 109 9.697914e-03 1.048088e-03 0.000000e+00 9.628773e-03 0.000000e+00 0.000000e+00 0.000000e+00
PROFILE_ITER 1 110 9.586096e-03 1.046896e-03 0.000000e+00 9.517908e-03 0.000000e+00 0.000000e+00 1.192093e-06
PROFILE_ITER 1 111 9.719849e-03 1.040936e-03 0.000000e+00 9.649992e-03 0.000000e+00 0.000000e+00 00e+00 0.000000e+00 0.000000e+00
PROFILE_ITER 0 73 9.050369e-04 9.734869e-03 0.000000e+00 6.051064e-04 0.000000e+00 0.000000e+00 0.000000e+00
PROFILE_ITER 0 74 9.040833e-04 9.737968e-03 0.000000e+00 6.060600e-04 0.000000e+00 0.000000e+00 0.000000e+00
PROFILE_ITER 0 75 9.047985e-04 9.755135e-03 9.536743e-07 6.029606e-04 9.536743e-07 0.000000e+00 0.000000e+00
PROFILE_ITER 0 76 9.050369e-04 9.883881e-03 0.000000e+00 6.048679e-04 0.000000e+00 0.000000e+00 0.000000e+00
PROFILE_ITER 0 77 9.081364e-04 9.979010e-03 9.536743e-07 6.041527e-04 0.000000e+00 9.536743e-07 0.000000e+00
PROFILE_ITER 0 78 9.050369e-04 9.865999e-03 0.000000e+00 6.031990e-04 0.000000e+00 0.000000e+00 0.000000e+00
PROFILE_ITER 0 79 9.050369e-04 9.831905e-03 9.536743e-07 6.039143e-04 0.000000e+00 9.536743e-07 0.000000e+00
PROFILE_ITER 0 80 9.069443e-04 9.783983e-03 0.000000e+00 6.048679e-04 0.000000e+00 0.000000e+00 0.000000e+00
PROFILE_ITER 0 81 9.019375e-04 9.755135e-03 0.000000e+00 6.048679e-04 0.000000e+00 0.000000e+00 0.000000e+00
PROFILE_ITER 0 82 9.038448e-04 9.780169e-03 0.000000e+00 6.036758e-04 0.000000e+00 0.000000e+00 0.000000e+00
PROFILE_ITER 0 83 9.059906e-04 9.896040e-03 0.000000e+00 6.060600e-04 0.000000e+00 0.000000e+00 0.000000e+00
PROFILE_ITER 0 84 9.047985e-04 1.003623e-02 0.000000e+00 6.058216e-04 0.000000e+00 0.000000e+00 0.000000e+00
PROFILE_ITER 0 85 9.040833e-04 9.804726e-03 9.536743e-07 6.051064e-04 0.000000e+00 0.000000e+00 0.000000e+00
PROFILE_ITER 0 86 9.071827e-04 9.864807e-03 0.000000e+00 6.041527e-04 0.000000e+00 0.000000e+00 0.000000e+00
PROFILE_ITER 0 87 9.021759e-04 9.871006e-03 0.000000e+00 6.031990e-04 0.000000e+00 9.536743e-07 0.000000e+00
PROFILE_ITER 0 88 9.069443e-04 1.001811e-02 0.000000e+00 6.060600e-04 0.000000e+00 0.000000e+00 0.000000e+00
PROFILE_ITER 0 89 9.050369e-04 9.824753e-03 0.000000e+00 6.048679e-04 0.000000e+00 0.000000e+00 0.000000e+00
PROFILE_ITER 0 90 9.040833e-04 9.754896e-03 0.000000e+00 6.029606e-04 0.000000e+00 0.000000e+00 0.000000e+00
PROFILE_ITER 0 91 9.031296e-04 9.743929e-03 0.000000e+00 6.051064e-04 0.000000e+00 0.000000e+00 0.000000e+00
PROFILE_ITER 0 92 9.040833e-04 9.793043e-03 0.000000e+00 6.051064e-04 0.000000e+00 0.000000e+00 0.000000e+00
PROFILE_ITER 0 93 9.069443e-04 9.865046e-03 0.000000e+00 6.058216e-04 0.000000e+00 0.000000e+00 0.000000e+00
PROFILE_ITER 0 94 9.050369e-04 9.872913e-03 0.000000e+00 6.041527e-04 0.000000e+00 0.000000e+00 0.000000e+00
PROFILE_ITER 0 95 9.059906e-04 1.003289e-02 0.000000e+00 6.070137e-04 0.000000e+00 0.000000e+00 0.000000e+00
PROFILE_ITER 0 96 9.047985e-04 9.897232e-03 0.000000e+00 6.039143e-04 0.000000e+00 0.000000e+00 0.000000e+00
PROFILE_ITER 0 97 9.050369e-04 1.001310e-02 0.000000e+00 6.070137e-04 0.000000e+00 0.000000e+00 0.000000e+00
PROFILE_ITER 0 98 9.047985e-04 9.772062e-03 0.000000e+00 6.058216e-04 0.000000e+00 0.000000e+00 0.000000e+00
PROFILE_ITER 0 99 9.062290e-04 9.728909e-03 0.000000e+00 6.039143e-04 0.000000e+00 0.000000e+00 0.000000e+00
PROFILE_ITER 0 100 9.021759e-04 9.872675e-03 0.000000e+00 6.051064e-04 0.000000e+00 0.000000e+00 0.000000e+00
PROFILE_ITER 0 101 9.028912e-04 9.733200e-03 0.000000e+00 6.039143e-04 0.000000e+00 0.000000e+00 0.000000e+00
PROFILE_ITER 0 102 9.038448e-04 9.870052e-03 0.000000e+00 6.048679e-04 0.000000e+00 0.000000e+00 0.000000e+00
PROFILE_ITER 0 103 9.062290e-04 9.875774e-03 0.000000e+00 6.048679e-04 0.000000e+00 0.000000e+00 0.000000e+00
PROFILE_ITER 0 104 9.078979e-04 9.708166e-03 0.000000e+00 6.060600e-04 0.000000e+00 0.000000e+00 0.000000e+00
PROFILE_ITER 0 105 9.160042e-04 1.008701e-02 0.000000e+00 6.029606e-04 0.000000e+00 0.000000e+00 0.000000e+00
PROFILE_ITER 0 106 9.047985e-04 9.782314e-03 0.000000e+00 6.048679e-04 0.000000e+00 0.000000e+00 0.000000e+00
PROFILE_ITER 0 107 9.028912e-04 9.890079e-03 0.000000e+00 6.039143e-04 0.000000e+00 0.000000e+00 0.000000e+00
PROFILE_ITER 0 108 9.069443e-04 9.862900e-03 0.000000e+00 6.048679e-04 0.000000e+00 0.000000e+00 0.000000e+00
PROFILE_ITER 0 109 9.031296e-04 9.842873e-03 0.000000e+00 6.051064e-04 0.000000e+00 0.000000e+00 0.000000e+00
PROFILE_ITER 0 110 9..000000e+00
PROFILE_ITER 1 112 9.683847e-03 1.047373e-03 0.000000e+00 9.613991e-03 0.000000e+00 0.000000e+00 0.000000e+00
PROFILE_ITER 1 113 9.667873e-03 1.063108e-03 0.000000e+00 9.596109e-03 0.000000e+00 0.000000e+00 0.000000e+00
PROFILE_ITER 1 114 9.598017e-03 1.047850e-03 9.536743e-07 9.528160e-03 0.000000e+00 0.000000e+00 0.000000e+00
PROFILE_ITER 1 115 9.883165e-03 1.046896e-03 0.000000e+00 9.813070e-03 0.000000e+00 0.000000e+00 0.000000e+00
PROFILE_ITER 1 116 9.729862e-03 1.044035e-03 0.000000e+00 9.662151e-03 0.000000e+00 0.000000e+00 0.000000e+00
PROFILE_ITER 1 117 9.582043e-03 1.042128e-03 0.000000e+00 9.512186e-03 0.000000e+00 0.000000e+00 0.000000e+00
PROFILE_ITER 1 118 9.722948e-03 1.045942e-03 0.000000e+00 9.655952e-03 0.000000e+00 0.000000e+00 0.000000e+00
PROFILE_ITER 1 119 9.595156e-03 1.043797e-03 0.000000e+00 9.526014e-03 0.000000e+00 0.000000e+00 0.000000e+00
PROFILE_ITER 1 120 9.645939e-03 1.046181e-03 0.000000e+00 9.571075e-03 0.000000e+00 0.000000e+00 0.000000e+00
PROFILE_ITER 1 121 9.670019e-03 1.045942e-03 0.000000e+00 9.600878e-03 0.000000e+00 0.000000e+00 1.907349e-06
059906e-04 9.728193e-03 0.000000e+00 6.048679e-04 0.000000e+00 9.536743e-07 0.000000e+00
PROFILE_ITER 0 111 9.031296e-04 9.855747e-03 9.536743e-07 6.031990e-04 0.000000e+00 0.000000e+00 0.000000e+00
PROFILE_ITER 0 112 9.031296e-04 9.829998e-03 0.000000e+00 6.039143e-04 0.000000e+00 0.000000e+00 0.000000e+00
PROFILE_ITER 0 113 9.059906e-04 9.824991e-03 0.000000e+00 6.070137e-04 0.000000e+00 0.000000e+00 0.000000e+00
PROFILE_ITER 0 114 9.069443e-04 9.738922e-03 0.000000e+00 6.070137e-04 0.000000e+00 0.000000e+00 0.000000e+00
PROFILE_ITER 0 115 9.057522e-04 1.002431e-02 0.000000e+00 6.039143e-04 0.000000e+00 0.000000e+00 0.000000e+00
PROFILE_ITER 0 116 9.050369e-04 9.868860e-03 0.000000e+00 6.060600e-04 0.000000e+00 0.000000e+00 0.000000e+00
PROFILE_ITER 0 117 9.069443e-04 9.717226e-03 0.000000e+00 6.070137e-04 0.000000e+00 0.000000e+00 0.000000e+00
PROFILE_ITER 0 118 9.038448e-04 9.865046e-03 0.000000e+00 6.051064e-04 0.000000e+00 0.000000e+00 0.000000e+00
PROFILE_ITER 0 119 9.059906e-04 9.731054e-03 0.000000e+00 6.041527e-04 0.000000e+00 0.000000e+00 0.000000e+00
PROFILE_ITER 0 120 9.019375e-04 9.792089e-03 0.000000e+00 6.029606e-04 0.000000e+00 0.000000e+00 0.000000e+00
PROFILE_ITER 1 122 9.790897e-03 1.047134e-03 0.000000e+00 9.716034e-03 0.000000e+00 0.000000e+00 9.536743e-07
PROFILE_ITER 1 123 9.587049e-03 1.052856e-03 0.000000e+00 9.514809e-03 9.536743e-07 0.000000e+00 0.000000e+00
PROFILE_ITER 1 124 9.713173e-03 1.045942e-03 0.000000e+00 9.644032e-03 0.000000e+00 0.000000e+00 0.000000e+00
PROFILE_ITER 1 125 9.576321e-03 1.037598e-03 0.000000e+00 9.507179e-03 0.000000e+00 0.000000e+00 9.536743e-07
PROFILE_ITER 1 126 9.745121e-03 1.048803e-03 0.000000e+00 9.676933e-03 0.000000e+00 0.000000e+00 0.000000e+00
PROFILE_ITER 1 127 9.573936e-03 1.050234e-03 0.000000e+00 9.505033e-03 0.000000e+00 0.000000e+00 1.192093e-06
PROFILE_ITER 0 121 9.050369e-04 9.810925e-03 0.000000e+00 6.041527e-04 0.000000e+00 0.000000e+00 0.000000e+00
PROFILE_ITER 0 122 9.078979e-04 9.930134e-03 0.000000e+00 6.060600e-04 0.000000e+00 0.000000e+00 0.000000e+00
PROFILE_ITER 0 123 9.081364e-04 9.731770e-03 9.536743e-07 6.051064e-04 0.000000e+00 0.000000e+00 0.000000e+00
PROFILE_ITER 0 124 9.031296e-04 9.855986e-03 0.000000e+00 6.041527e-04 0.000000e+00 0.000000e+00 0.000000e+00
PROFILE_ITER 0 125 9.047985e-04 9.709120e-03 0.000000e+00 6.039143e-04 0.000000e+00 0.000000e+00 0.000000e+00
PROFILE_ITER 0 126 9.052753e-04 9.888649e-03 0.000000e+00 6.041527e-04 0.000000e+00 0.000000e+00 0.000000e+00
PROFILE_ITER 0 127 9.090900e-04 9.712934e-03 0.000000e+00 6.070137e-04 0.000000e+00 0.000000e+00 0.000000e+00
PROFILE_ITER 0 128 9.040833e-04 9.728909e-03 0.000000e+00 6.041527e-04 0.000000e+00 0.000000e+00 0.000000e+00
PROFILE_ITER 0 129 9.062290e-04 9.972811e-03 0.000000e+00 6.041527e-04 0.000000e+00 0.000000e+00 0.000000e+00
PROFILE_ITER 1 128 9.589911e-03 1.042128e-03 0.000000e+00 9.521246e-03 0.000000e+00 0.000000e+00 0.000000e+00
PROFILE_ITER 1 129 9.837151e-03 1.040697e-03 0.000000e+00 9.768009e-03 0.000000e+00 0.000000e+00 0.000000e+00
PROFILE_ITER 0 130 9.021759e-04 9.923935e-03 0.000000e+00 6.051064e-04 0.000000e+00 0.000000e+00 0.000000e+00
PROFILE_ITER 0 131 9.040833e-04 9.867907e-03 0.000000e+00 6.060600e-04 0.000000e+00 0.000000e+00 0.000000e+00
PROFILE_ITER 1 130 9.778738e-03 1.047373e-03 0.000000e+00 9.709835e-03 0.000000e+00 0.000000e+00 9.536743e-07
PROFILE_ITER 1 131 9.720087e-03 1.051903e-03 0.000000e+00 9.652138e-03 0.000000e+00 0.000000e+00 9.536743e-07
PROFILE_ITER 1 132 9.585857e-03 1.049995e-03 0.000000e+00 9.516954e-03 0.000000e+00 0.000000e+00 0.000000e+00
PROFILE_ITER 0 132 9.081364e-04 9.727716e-03 9.536743e-07 6.051064e-04 0.000000e+00 0.000000e+00 0.000000e+00
PROFILE_ITER 0 133 9.069443e-04 9.854078e-03 0.000000e+00 6.067753e-04 0.000000e+00 0.000000e+00 0.000000e+00
PROFILE_ITER 1 133 9.721041e-03 1.039982e-03 0.000000e+00 9.652853e-03 0.000000e+00 0.000000e+00 1.192093e-06
PROFILE_ITER 1 134 9.642124e-03 1.067877e-03 0.000000e+00 9.574890e-03 0.000000e+00 0.000000e+00 0.000000e+00
PROFILE_ITER 0 134 9.031296e-04 9.806871e-03 0.000000e+00 6.039143e-04 0.000000e+00 0.000000e+00 0.000000e+00
PROFILE_ITER 0 135 9.071827e-04 9.720802e-03 9.536743e-07 6.060600e-04 0.000000e+00 0.000000e+00 0.000000e+00
PROFILE_ITER 1 135 9.580851e-03 1.048326e-03 0.000000e+00 9.511948e-03 9.536743e-07 0.000000e+00 0.000000e+00
PROFILE_ITER 1 136 9.675026e-03 1.037836e-03 0.000000e+00 9.604931e-03 0.000000e+00 0.000000e+00 0.000000e+00
PROFILE_ITER 1 137 9.908199e-03 1.051903e-03 0.000000e+00 9.837151e-03 0.000000e+00 0.000000e+00 9.536743e-07
PROFILE_ITER 0 136 9.057522e-04 9.808302e-03 9.536743e-07 6.070137e-04 0.000000e+00 0.000000e+00 0.000000e+00
PROFILE_ITER 0 137 9.050369e-04 1.005507e-02 0.000000e+00 6.051064e-04 9.536743e-07 0.000000e+00 0.000000e+00
PROFILE_ITER 0 138 9.062290e-04 9.895802e-03 0.000000e+00 6.039143e-04 0.000000e+00 0.000000e+00 0.000000e+00
PROFILE_ITER 0 139 9.078979e-04 9.863138e-03 0.000000e+00 6.029606e-04 0.000000e+00 0.000000e+00 0.000000e+00
PROFILE_ITER 0 140 9.059906e-04 9.715796e-03 0.000000e+00 6.048679e-04 0.000000e+00 0.000000e+00 0.000000e+00
PROFILE_ITER 0 141 9.050369e-04 1.004100e-02 0.000000e+00 6.051064e-04 0.000000e+00 0.000000e+00 0.000000e+00
PROFILE_ITER 1 138 9.745836e-03 1.057148e-03 0.000000e+00 9.680033e-03 0.000000e+00 0.000000e+00 0.000000e+00
PROFILE_ITER 1 139 9.721041e-03 1.049995e-03 0.000000e+00 9.649038e-03 0.000000e+00 0.000000e+00 0.000000e+00
PROFILE_ITER 1 140 9.576082e-03 1.045704e-03 0.000000e+00 9.506941e-03 0.000000e+00 0.000000e+00 0.000000e+00
PROFILE_ITER 1 141 9.895086e-03 1.050949e-03 0.000000e+00 9.824038e-03 0.000000e+00 0.000000e+00 0.000000e+00
PROFILE_ITER 0 142 9.040833e-04 9.881973e-03 0.000000e+00 6.039143e-04 0.000000e+00 0.000000e+00 0.000000e+00
PROFILE_ITER 0 143 9.069443e-04 9.718180e-03 9.536743e-07 6.060600e-04 0.000000e+00 0.000000e+00 0.000000e+00
PROFILE_ITER 1 142 9.742260e-03 1.043797e-03 0.000000e+00 9.674072e-03 0.000000e+00 0.000000e+00 0.000000e+00
PROFILE_ITER 1 143 9.571075e-03 1.055956e-03 0.000000e+00 9.501934e-03 9.536743e-07 0.000000e+00 9.536743e-07
PROFILE_ITER 0 144 9.131432e-04 9.803772e-03 0.000000e+00 6.070137e-04 0.000000e+00 0.000000e+00 0.000000e+00
PROFILE_ITER 0 145 9.081364e-04 9.709835e-03 0.000000e+00 6.051064e-04 0.000000e+00 0.000000e+00 0.000000e+00
PROFILE_ITER 1 144 9.667873e-03 1.047134e-03 0.000000e+00 9.600163e-03 0.000000e+00 0.000000e+00 0.000000e+00
PROFILE_ITER 1 145 9.577036e-03 1.040936e-03 0.000000e+00 9.508133e-03 0.000000e+00 0.000000e+00 0.000000e+00
PROFILE_ITER 1 146 9.660006e-03 1.049042e-03 0.000000e+00 9.587049e-03 0.000000e+00 0.000000e+00 0.000000e+00
PROFILE_ITER 0 146 9.028912e-04 9.806156e-03 0.000000e+00 6.039143e-04 0.000000e+00 0.000000e+00 0.000000e+00
PROFILE_ITER 0 147 9.069443e-04 9.720087e-03 0.000000e+00 6.048679e-04 0.000000e+00 0.000000e+00 0.000000e+00
PROFILE_ITER 1 147 9.574890e-03 1.051188e-03 0.000000e+00 9.505033e-03 0.000000e+00 0.000000e+00 0.000000e+00
PROFILE_ITER 1 148 9.711981e-03 1.040936e-03 9.536743e-07 9.644985e-03 0.000000e+00 0.000000e+00 0.000000e+00
PROFILE_ITER 0 148 9.059906e-04 9.846926e-03 0.000000e+00 6.041527e-04 0.000000e+00 0.000000e+00 0.000000e+00
PROFILE_ITER 0 149 9.088516e-04 9.727240e-03 0.000000e+00 6.051064e-04 0.000000e+00 0.000000e+00 0.000000e+00
PROFILE_ITER 1 149 9.586811e-03 1.049280e-03 0.000000e+00 9.517670e-03 0.000000e+00 0.000000e+00 0.000000e+00
PROFILE_ITER 1 150 9.807110e-03 1.066923e-03 0.000000e+00 9.732962e-03 0.000000e+00 0.000000e+00 0.000000e+00
PROFILE_ITER 1 151 9.881973e-03 1.053810e-03 0.000000e+00 9.813070e-03 0.000000e+00 0.000000e+00 0.000000e+00
PROFILE_ITER 1 152 1.005316e-02 1.062870e-03 0.000000e+00 9.984016e-03 0.000000e+00 0.000000e+00 0.000000e+00
PROFILE_ITER 1 153 9.635925e-03 1.080275e-03 0.000000e+00 9.562969e-03 0.000000e+00 0.000000e+00 0.000000e+00
PROFILE_ITER 1 154 9.763956e-03 1.034975e-03 0.000000e+00 9.696007e-03 0.000000e+00 0.000000e+00 0.000000e+00
PROFILE_ITER 1 155 9.593964e-03 1.039028e-03 0.000000e+00 9.524822e-03 0.000000e+00 0.000000e+00 0.000000e+00
PROFILE_ITER 1 156 9.852886e-03 1.043081e-03 0.000000e+00 9.783030e-03 0.000000e+00 0.000000e+00 9.536743e-07
PROFILE_ITER 1 157 9.583950e-03 1.033068e-03 0.000000e+00 9.517193e-03 0.000000e+00 0.000000e+00 0.000000e+00
PROFILE_ITER 1 158 9.853125e-03 1.047850e-03 0.000000e+00 9.783268e-03 0.000000e+00 0.000000e+00 9.536743e-07
PROFILE_ITER 1 159 9.763956e-03 1.039982e-03 0.000000e+00 9.695053e-03 0.000000e+00 0.000000e+00 9.536743e-07
PROFILE_ITER 1 160 9.652853e-03 1.055241e-03 0.000000e+00 9.584904e-03 0.000000e+00 0.000000e+00 0.000000e+00
PROFILE_ITER 1 161 9.673119e-03 1.043797e-03 0.000000e+00 9.604931e-03 0.000000e+00 0.000000e+00 9.536743e-07
PROFILE_ITER 0 150 9.098053e-04 9.964228e-03 0.000000e+00 6.048679e-04 0.000000e+00 0.000000e+00 0.000000e+00
PROFILE_ITER 0 151 9.050369e-04 1.002884e-02 0.000000e+00 6.041527e-04 0.000000e+00 0.000000e+00 0.000000e+00
PROFILE_ITER 0 152 9.062290e-04 1.021171e-02 0.000000e+00 6.051064e-04 0.000000e+00 0.000000e+00 0.000000e+00
PROFILE_ITER 0 153 9.119511e-04 9.804249e-03 0.000000e+00 6.051064e-04 0.000000e+00 0.000000e+00 0.000000e+00
PROFILE_ITER 0 154 9.038448e-04 9.895086e-03 0.000000e+00 6.036758e-04 0.000000e+00 0.000000e+00 0.000000e+00
PROFILE_ITER 0 155 9.062290e-04 9.726763e-03 0.000000e+00 6.048679e-04 1.192093e-06 0.000000e+00 0.000000e+00
PROFILE_ITER 0 156 9.069443e-04 9.989023e-03 0.000000e+00 6.070137e-04 0.000000e+00 0.000000e+00 0.000000e+00
PROFILE_ITER 0 157 9.040833e-04 9.712934e-03 9.536743e-07 6.029606e-04 0.000000e+00 0.000000e+00 0.000000e+00
PROFILE_ITER 0 158 9.059906e-04 9.994984e-03 0.000000e+00 6.041527e-04 0.000000e+00 0.000000e+00 0.000000e+00
PROFILE_ITER 0 159 9.059906e-04 9.896040e-03 0.000000e+00 6.060600e-04 0.000000e+00 0.000000e+00 0.000000e+00
PROFILE_ITER 0 160 9.043217e-04 9.805679e-03 0.000000e+00 6.060600e-04 0.000000e+00 0.000000e+00 0.000000e+00
PROFILE_ITER 0 161 9.088516e-04 9.807110e-03 0.000000e+00 6.051064e-04 9.536743e-07 0.000000e+00 0.000000e+00
PROFILE_ITER 0 162 9.088516e-04 1.001120e-02 0.000000e+00 6.079674e-04 0.000000e+00 0.000000e+00 0.000000e+00
PROFILE_ITER 0 163 9.050369e-04 9.711981e-03 0.000000e+00 6.051064e-04 0.000000e+00 0.000000e+00 0.000000e+00
PROFILE_ITER 0 164 9.078979e-04 9.711981e-03 0.000000e+00 6.051064e-04 0.000000e+00 0.000000e+00 0.000000e+00
PROFILE_ITER 0 165 9.062290e-04 9.908915e-03 0.000000e+00 6.041527e-04 0.000000e+00 0.000000e+00 0.000000e+00
PROFILE_ITER 1 162 9.880066e-03 1.039028e-03 0.000000e+00 9.811163e-03 0.000000e+00 0.000000e+00 9.536743e-07
PROFILE_ITER 1 163 9.582996e-03 1.034021e-03 0.000000e+00 9.513855e-03 0.000000e+00 0.000000e+00 0.000000e+00
PROFILE_ITER 1 164 9.574890e-03 1.044989e-03 0.000000e+00 9.504795e-03 0.000000e+00 0.000000e+00 0.000000e+00
PROFILE_ITER 1 165 9.768009e-03 1.047134e-03 0.000000e+00 9.696960e-03 0.000000e+00 0.000000e+00 0.000000e+00
PROFILE_ITER 1 166 9.582996e-03 1.047850e-03 0.000000e+00 9.512901e-03 0.000000e+00 0.000000e+00 0.000000e+00
PROFILE_ITER 0 166 9.050369e-04 9.725809e-03 0.000000e+00 6.041527e-04 0.000000e+00 9.536743e-07 0.000000e+00
PROFILE_ITER 0 167 9.028912e-04 9.878159e-03 0.000000e+00 6.039143e-04 0.000000e+00 0.000000e+00 0.000000e+00
PROFILE_ITER 1 167 9.735107e-03 1.047850e-03 0.000000e+00 9.665966e-03 0.000000e+00 0.000000e+00 0.000000e+00
PROFILE_ITER 0 168 9.050369e-04 9.722948e-03 0.000000e+00 6.048679e-04 0.000000e+00 0.000000e+00 0.000000e+00
PROFILE_ITER 0 169 9.047985e-04 9.738207e-03 0.000000e+00 6.048679e-04 0.000000e+00 0.000000e+00 0.000000e+00
PROFILE_ITER 1 168 9.588242e-03 1.037836e-03 0.000000e+00 9.521008e-03 0.000000e+00 0.000000e+00 0.000000e+00
PROFILE_ITER 1 169 9.595156e-03 1.047850e-03 0.000000e+00 9.525061e-03 0.000000e+00 0.000000e+00 0.000000e+00
PROFILE_ITER 0 170 9.059906e-04 9.874105e-03 9.536743e-07 6.039143e-04 0.000000e+00 0.000000e+00 0.000000e+00
PROFILE_ITER 1 170 9.731054e-03 1.049042e-03 0.000000e+00 9.661913e-03 0.000000e+00 0.000000e+00 0.000000e+00
PROFILE_ITER 1 171 9.696960e-03 1.049042e-03 0.000000e+00 9.629965e-03 0.000000e+00 0.000000e+00 0.000000e+00
PROFILE_ITER 0 171 9.059906e-04 9.840012e-03 0.000000e+00 6.060600e-04 0.000000e+00 0.000000e+00 0.000000e+00
PROFILE_ITER 0 172 9.021759e-04 9.808779e-03 0.000000e+00 6.051064e-04 0.000000e+00 0.000000e+00 0.000000e+00
PROFILE_ITER 0 173 9.069443e-04 9.724140e-03 0.000000e+00 6.027222e-04 0.000000e+00 0.000000e+00 0.000000e+00
PROFILE_ITER 1 172 9.664059e-03 1.045942e-03 0.000000e+00 9.596109e-03 0.000000e+00 0.000000e+00 9.536743e-07
PROFILE_ITER 1 173 9.594202e-03 1.036882e-03 0.000000e+00 9.525061e-03 0.000000e+00 0.000000e+00 0.000000e+00
PROFILE_ITER 1 174 9.581804e-03 1.050234e-03 0.000000e+00 9.513140e-03 0.000000e+00 0.000000e+00 0.000000e+00
PROFILE_ITER 0 174 9.078979e-04 9.724140e-03 0.000000e+00 6.048679e-04 0.000000e+00 0.000000e+00 0.000000e+00
PROFILE_ITER 0 175 9.057522e-04 9.884119e-03 0.000000e+00 6.029606e-04 0.000000e+00 9.536743e-07 0.000000e+00
PROFILE_ITER 0 176 9.059906e-04 9.732962e-03 0.000000e+00 6.048679e-04 0.000000e+00 0.000000e+00 0.000000e+00
PROFILE_ITER 1 175 9.741068e-03 1.049757e-03 0.000000e+00 9.673119e-03 0.000000e+00 0.000000e+00 0.000000e+00
PROFILE_ITER 1 176 9.595871e-03 1.043320e-03 0.000000e+00 9.526968e-03 0.000000e+00 0.000000e+00 0.000000e+00
PROFILE_ITER 0 177 9.052753e-04 9.811878e-03 0.000000e+00 6.036758e-04 0.000000e+00 0.000000e+00 0.000000e+00
PROFILE_ITER 0 178 9.050369e-04 9.727955e-03 0.000000e+00 6.070137e-04 0.000000e+00 0.000000e+00 0.000000e+00
PROFILE_ITER 1 177 9.668112e-03 1.047850e-03 0.000000e+00 9.598970e-03 0.000000e+00 0.000000e+00 0.000000e+00
PROFILE_ITER 1 178 9.588003e-03 1.044989e-03 0.000000e+00 9.516954e-03 0.000000e+00 0.000000e+00 9.536743e-07
PROFILE_ITER 0 179 9.078979e-04 9.863138e-03 0.000000e+00 6.070137e-04 0.000000e+00 0.000000e+00 0.000000e+00
PROFILE_ITER 0 180 9.059906e-04 9.733915e-03 0.000000e+00 6.058216e-04 0.000000e+00 0.000000e+00 0.000000e+00
PROFILE_ITER 1 179 9.721041e-03 1.049995e-03 9.536743e-07 9.651899e-03 0.000000e+00 0.000000e+00 1.192093e-06
PROFILE_ITER 1 180 9.589911e-03 1.049995e-03 0.000000e+00 9.522200e-03 0.000000e+00 0.000000e+00 0.000000e+00
PROFILE_ITER 0 181 9.050369e-04 9.723902e-03 0.000000e+00 6.051064e-04 0.000000e+00 0.000000e+00 0.000000e+00
PROFILE_ITER 1 181 9.587765e-03 1.041174e-03 0.000000e+00 9.518862e-03 0.000000e+00 0.000000e+00 9.536743e-07
PROFILE_ITER 0 182 9.040833e-04 9.712934e-03 9.536743e-07 6.039143e-04 0.000000e+00 0.000000e+00 0.000000e+00
PROFILE_ITER 1 182 9.572983e-03 1.044035e-03 0.000000e+00 9.503841e-03 0.000000e+00 0.000000e+00 0.000000e+00
PROFILE_ITER 1 183 9.871960e-03 1.046181e-03 0.000000e+00 9.803057e-03 0.000000e+00 0.000000e+00 0.000000e+00
PROFILE_ITER 0 183 9.059906e-04 1.001000e-02 0.000000e+00 6.051064e-04 0.000000e+00 0.000000e+00 0.000000e+00
PROFILE_ITER 0 184 9.088516e-04 9.727240e-03 0.000000e+00 6.070137e-04 0.000000e+00 0.000000e+00 0.000000e+00
PROFILE_ITER 0 185 9.059906e-04 9.734869e-03 0.000000e+00 6.051064e-04 0.000000e+00 0.000000e+00 0.000000e+00
PROFILE_ITER 1 184 9.587049e-03 1.046896e-03 0.000000e+00 9.517908e-03 9.536743e-07 0.000000e+00 0.000000e+00
PROFILE_ITER 1 185 9.585142e-03 1.055717e-03 0.000000e+00 9.515285e-03 0.000000e+00 0.000000e+00 0.000000e+00
PROFILE_ITER 0 186 9.038448e-04 9.725332e-03 0.000000e+00 6.036758e-04 0.000000e+00 0.000000e+00 0.000000e+00
PROFILE_ITER 0 187 9.062290e-04 9.883642e-03 0.000000e+00 6.060600e-04 0.000000e+00 0.000000e+00 0.000000e+00
PROFILE_ITER 0 188 9.059906e-04 1.003194e-02 0.000000e+00 6.058216e-04 0.000000e+00 0.000000e+00 0.000000e+00
PROFILE_ITER 1 186 9.581804e-03 1.047373e-03 0.000000e+00 9.512901e-03 0.000000e+00 0.000000e+00 0.000000e+00
PROFILE_ITER 1 187 9.735107e-03 1.054764e-03 0.000000e+00 9.665728e-03 0.000000e+00 0.000000e+00 9.536743e-07
PROFILE_ITER 1 188 9.893894e-03 1.044035e-03 0.000000e+00 9.827852e-03 0.000000e+00 0.000000e+00 0.000000e+00
PROFILE_ITER 0 189 9.071827e-04 9.928942e-03 0.000000e+00 6.060600e-04 0.000000e+00 0.000000e+00 0.000000e+00
PROFILE_ITER 0 190 9.028912e-04 9.731054e-03 0.000000e+00 6.039143e-04 0.000000e+00 0.000000e+00 0.000000e+00
PROFILE_ITER 0 191 9.059906e-04 9.860992e-03 0.000000e+00 6.039143e-04 0.000000e+00 0.000000e+00 0.000000e+00
PROFILE_ITER 1 189 9.793758e-03 1.042366e-03 0.000000e+00 9.723902e-03 0.000000e+00 0.000000e+00 0.000000e+00
PROFILE_ITER 1 190 9.587288e-03 1.047611e-03 0.000000e+00 9.517193e-03 0.000000e+00 0.000000e+00 0.000000e+00
PROFILE_ITER 1 191 9.723186e-03 1.043797e-03 0.000000e+00 9.656191e-03 0.000000e+00 0.000000e+00 0.000000e+00
PROFILE_ITER 1 192 9.668827e-03 1.052380e-03 0.000000e+00 9.597063e-03 0.000000e+00 0.000000e+00 0.000000e+00
PROFILE_ITER 0 192 9.062290e-04 9.815931e-03 0.000000e+00 6.048679e-04 0.000000e+00 0.000000e+00 0.000000e+00
PROFILE_ITER 0 193 9.050369e-04 9.732962e-03 0.000000e+00 6.051064e-04 0.000000e+00 0.000000e+00 0.000000e+00
PROFILE_ITER 0 194 9.019375e-04 9.804964e-03 0.000000e+00 6.039143e-04 0.000000e+00 0.000000e+00 0.000000e+00
PROFILE_ITER 0 195 9.040833e-04 9.769917e-03 0.000000e+00 6.051064e-04 0.000000e+00 0.000000e+00 0.000000e+00
PROFILE_ITER 1 193 9.589195e-03 1.048803e-03 0.000000e+00 9.521246e-03 0.000000e+00 0.000000e+00 0.000000e+00
PROFILE_ITER 1 194 9.665966e-03 1.040936e-03 0.000000e+00 9.598017e-03 0.000000e+00 0.000000e+00 0.000000e+00
PROFILE_ITER 1 195 9.627104e-03 1.045942e-03 9.536743e-07 9.556055e-03 0.000000e+00 0.000000e+00 0.000000e+00
PROFILE_ITER 0 196 9.050369e-04 9.747982e-03 0.000000e+00 6.048679e-04 0.000000e+00 0.000000e+00 0.000000e+00
PROFILE_ITER 0 197 9.040833e-04 9.734869e-03 0.000000e+00 6.051064e-04 0.000000e+00 0.000000e+00 0.000000e+00
PROFILE_ITER 1 196 9.597063e-03 1.055956e-03 0.000000e+00 9.529352e-03 0.000000e+00 0.000000e+00 0.000000e+00
PROFILE_ITER 1 197 9.593964e-03 1.044989e-03 9.536743e-07 9.524107e-03 0.000000e+00 0.000000e+00 9.536743e-07
PROFILE_ITER 1 198 9.623051e-03 1.060963e-03 0.000000e+00 9.554148e-03 0.000000e+00 0.000000e+00 0.000000e+00
PROFILE_ITER 1 199 9.589911e-03 1.056194e-03 0.000000e+00 9.518147e-03 0.000000e+00 0.000000e+00 9.536743e-07
PROFILE_ITER 0 198 9.059906e-04 9.778023e-03 0.000000e+00 6.062984e-04 0.000000e+00 0.000000e+00 0.000000e+00
PROFILE_ITER 0 199 9.059906e-04 9.737968e-03 0.000000e+00 6.041527e-04 9.536743e-07 0.000000e+00 9.536743e-07
PROFILE_ACCUM 0 spmv=1.811678e-01 vecops=1.968915e+00 send_fill=1.645088e-05 local_spmv=1.209900e-01 comm_wait=9.775162e-06 shared_spmv=6.675720e-06 send_wait=9.536743e-07
PROFILE_ACCUM 1 spmv=1.939867e+00 vecops=3.661022e-01 send_fill=1.358986e-05 local_spmv=1.925739e+00 comm_wait=1.096725e-05 shared_spmv=0.000000e+00 send_wait=4.434586e-05
