Matrix name : /home/bugra/Workspace/C/HetHypPar_rewrite/data/matrices/rma10_1c_9g/rma10_1c_9g.mtx

	****	Matrix File readed	****LOG: Finished Creating Shard CSC
LOG: Finished Creating Vectors
PROFILE_HEADER rank iter spmv vecops send_fill local_spmv comm_wait shared_spmv send_wait
PROFILE_ITER 1 0 3.036022e-03 1.682570e-01 9.536743e-07 2.923250e-03 0.000000e+00 0.000000e+00 0.000000e+00
PROFILE_ITER 1 1 2.432823e-03 2.851486e-04 0.000000e+00 2.420664e-03 0.000000e+00 0.000000e+00 0.000000e+00
PROFILE_ITER 1 2 2.370834e-03 2.841949e-04 0.000000e+00 2.357960e-03 0.000000e+00 0.000000e+00 0.000000e+00
PROFILE_ITER 1 3 2.301931e-03 2.841949e-04 0.000000e+00 2.289057e-03 0.000000e+00 0.000000e+00 0.000000e+00
PROFILE_ITER 1 4 2.398729e-03 2.841949e-04 0.000000e+00 2.387762e-03 0.000000e+00 0.000000e+00 0.000000e+00
PROFILE_ITER 1 5 2.349854e-03 2.841949e-04 0.000000e+00 2.336740e-03 0.000000e+00 0.000000e+00 0.000000e+00
PROFILE_ITER 1 6 2.336979e-03 2.849102e-04 0.000000e+00 2.326250e-03 0.000000e+00 0.000000e+00 0.000000e+00
PROFILE_ITER 1 7 2.295971e-03 2.830029e-04 0.000000e+00 2.283812e-03 0.000000e+00 0.000000e+00 0.000000e+00
PROFILE_ITER 1 8 2.290964e-03 2.892017e-04 0.000000e+00 2.276897e-03 0.000000e+00 0.000000e+00 0.000000e+00
PROFILE_ITER 1 9 2.342939e-03 2.789497e-04 0.000000e+00 2.329826e-03 0.000000e+00 0.000000e+00 0.000000e+00
PROFILE_ITER 1 10 2.387047e-03 2.849102e-04 0.000000e+00 2.372026e-03 0.000000e+00 0.000000e+00 0.000000e+00
PROFILE_ITER 1 11 2.286911e-03 2.841949e-04 0.000000e+00 2.273798e-03 0.000000e+00 0.000000e+00 0.000000e+00
PROFILE_ITER 1 12 2.280712e-03 2.772808e-04 9.536743e-07 2.267838e-03 0.000000e+00 0.000000e+00 0.000000e+00
PROFILE_ITER 1 13 2.285957e-03 2.770424e-04 0.000000e+00 2.271891e-03 0.000000e+00 0.000000e+00 0.000000e+00
PROFILE_ITER 1 14 2.392054e-03 2.758503e-04 0.000000e+00 2.379894e-03 0.000000e+00 0.000000e+00 0.000000e+00
PROFILE_ITER 1 15 2.335072e-03 2.760887e-04 0.000000e+00 2.321243e-03 0.000000e+00 0.000000e+00 0.000000e+00
PROFILE_ITER 1 16 2.338886e-03 2.779961e-04 0.000000e+00 2.325773e-03 0.000000e+00 0.000000e+00 0.000000e+00
PROFILE_ITER 1 17 2.279043e-03 2.789497e-04 0.000000e+00 2.263784e-03 9.536743e-07 0.000000e+00 0.000000e+00
PROFILE_ITER 1 18 2.279282e-03 2.758503e-04 0.000000e+00 2.268076e-03 0.000000e+00 0.000000e+00 0.000000e+00
PROFILE_ITER 1 19 2.283096e-03 2.758503e-04 0.000000e+00 2.269030e-03 0.000000e+00 0.000000e+00 0.000000e+00
PROFILE_ITER 1 20 2.385855e-03 2.870560e-04 0.000000e+00 2.374887e-03 0.000000e+00 0.000000e+00 0.000000e+00
PROFILE_ITER 1 21 2.278805e-03 2.801418e-04 0.000000e+00 2.268076e-03 0.000000e+00 0.000000e+00 0.000000e+00
PROFILE_ITER 1 22 2.353668e-03 2.751350e-04 0.000000e+00 2.341032e-03 0.000000e+00 0.000000e+00 0.000000e+00
PROFILE_ITER 1 23 2.284050e-03 2.820492e-04 0.000000e+00 2.269983e-03 0.000000e+00 0.000000e+00 0.000000e+00
PROFILE_ITER 1 24 2.313137e-03 2.799034e-04 0.000000e+00 2.301216e-03 0.000000e+00 0.000000e+00 0.000000e+00
PROFILE_ITER 1 25 2.283096e-03 2.799034e-04 0.000000e+00 2.271175e-03 0.000000e+00 0.000000e+00 0.000000e+00
PROFILE_ITER 1 26 2.375126e-03 2.858639e-04 0.000000e+00 2.363205e-03 0.000000e+00 0.000000e+00 0.000000e+00
PROFILE_ITER 1 27 2.332926e-03 2.810955e-04 0.000000e+00 2.320290e-03 0.000000e+00 0.000000e+00 0.000000e+00
PROFILE_ITER 1 28 2.399921e-03 2.870560e-04 0.000000e+00 2.388954e-03 0.000000e+00 0.000000e+00 0.000000e+00
PROFILE_ITER 1 29 2.331972e-03 2.801418e-04 0.000000e+00 2.320051e-03 0.000000e+00 0.000000e+00 0.000000e+00
PROFILE_ITER 1 30 2.292156e-03 2.846718e-04 0.000000e+00 2.279282e-03 0.000000e+00 0.000000e+00 9.536743e-07
PROFILE_ITER 1 31 2.310991e-03 2.841949e-04 0.000000e+00 2.300024e-03 0.000000e+00 0.000000e+00 0.000000e+00
PROFILE_ITER 1 32 2.394915e-03 2.920628e-04 0.000000e+00 2.383709e-03 0.000000e+00 0.000000e+00 0.000000e+00
PROFILE_ITER 1 33 2.289057e-03 2.777576e-04 0.000000e+00 2.275944e-03 0.000000e+00 0.000000e+00 0.000000e+00
PROFILE_ITER 1 34 2.284050e-03 2.810955e-04 9.536743e-07 2.270222e-03 0.000000e+00 0.000000e+00 0.000000e+00
PROFILE_ITER 1 35 2.286911e-03 2.779961e-04 9.536743e-07 2.274990e-03 0.000000e+00 0.000000e+00 0.000000e+00
PROFILE_ITER 1 36 2.334833e-03 2.772808e-04 0.000000e+00 2.321959e-03 0.000000e+00 0.000000n_iters : 200 
spmv : 0.523263 
file_read : 4.012519 
relative_residual : 4.993144E+06
everything_total : 4.697034

----------------------------------------------------------------------
PROFILE_HEADER rank iter spmv vecops send_fill local_spmv comm_wait shared_spmv send_wait
PROFILE_ITER 0 0 2.125978e-03 1.657963e-03 0.000000e+00 1.355171e-03 0.000000e+00 0.000000e+00 0.000000e+00
PROFILE_ITER 0 1 2.028227e-03 6.897449e-04 0.000000e+00 1.353025e-03 0.000000e+00 0.000000e+00 0.000000e+00
PROFILE_ITER 0 2 1.975060e-03 6.799698e-04 0.000000e+00 1.350164e-03 0.000000e+00 0.000000e+00 0.000000e+00
PROFILE_ITER 0 3 1.970768e-03 6.153584e-04 0.000000e+00 1.349926e-03 0.000000e+00 0.000000e+00 0.000000e+00
PROFILE_ITER 0 4 1.982927e-03 6.999969e-04 9.536743e-07 1.348019e-03 0.000000e+00 0.000000e+00 0.000000e+00
PROFILE_ITER 0 5 1.976967e-03 6.570816e-04 0.000000e+00 1.349926e-03 9.536743e-07 9.536743e-07 0.000000e+00
PROFILE_ITER 0 6 1.965046e-03 6.568432e-04 0.000000e+00 1.349211e-03 9.536743e-07 0.000000e+00 0.000000e+00
PROFILE_ITER 0 7 1.969099e-03 6.098747e-04 0.000000e+00 1.351118e-03 1.192093e-06 0.000000e+00 0.000000e+00
PROFILE_ITER 0 8 1.968861e-03 6.113052e-04 0.000000e+00 1.348734e-03 0.000000e+00 0.000000e+00 0.000000e+00
PROFILE_ITER 0 9 1.964808e-03 6.570816e-04 0.000000e+00 1.350880e-03 0.000000e+00 0.000000e+00 0.000000e+00
PROFILE_ITER 0 10 1.968145e-03 7.038116e-04 0.000000e+00 1.350880e-03 0.000000e+00 0.000000e+00 0.000000e+00
PROFILE_ITER 0 11 1.965761e-03 6.053448e-04 0.000000e+00 1.347780e-03 0.000000e+00 0.000000e+00 0.000000e+00
PROFILE_ITER 0 12 1.966000e-03 5.919933e-04 0.000000e+00 1.351118e-03 0.000000e+00 0.000000e+00 0.000000e+00
PROFILE_ITER 0 13 1.969099e-03 5.939007e-04 0.000000e+00 1.351118e-03 0.000000e+00 0.000000e+00 0.000000e+00
PROFILE_ITER 0 14 1.964092e-03 7.038116e-04 0.000000e+00 1.349211e-03 0.000000e+00 0.000000e+00 0.000000e+00
PROFILE_ITER 0 15 1.968145e-03 6.439686e-04 9.536743e-07 1.348972e-03 0.000000e+00 0.000000e+00 0.000000e+00
PROFILE_ITER 0 16 1.963139e-03 6.537437e-04 0.000000e+00 1.351118e-03 0.000000e+00 0.000000e+00 0.000000e+00
PROFILE_ITER 0 17 1.969099e-03 5.888939e-04 0.000000e+00 1.352310e-03 0.000000e+00 0.000000e+00 0.000000e+00
PROFILE_ITER 0 18 1.963854e-03 5.912781e-04 0.000000e+00 1.348972e-03 0.000000e+00 0.000000e+00 0.000000e+00
PROFILE_ITER 0 19 1.967907e-03 5.910397e-04 0.000000e+00 1.348972e-03 0.000000e+00 0.000000e+00 0.000000e+00
PROFILE_ITER 0 20 1.971006e-03 7.019043e-04 0.000000e+00 1.349211e-03 0.000000e+00 0.000000e+00 0.000000e+00
PROFILE_ITER 0 21 1.959324e-03 5.996227e-04 0.000000e+00 1.348972e-03 0.000000e+00 0.000000e+00 0.000000e+00
PROFILE_ITER 0 22 1.962900e-03 6.670952e-04 0.000000e+00 1.348019e-03 0.000000e+00 0.000000e+00 0.000000e+00
PROFILE_ITER 0 23 1.974821e-03 5.912781e-04 0.000000e+00 1.353025e-03 9.536743e-07 0.000000e+00 0.000000e+00
PROFILE_ITER 0 24 1.963139e-03 6.308556e-04 0.000000e+00 1.348972e-03 0.000000e+00 0.000000e+00 0.000000e+00
PROFILE_ITER 0 25 1.969814e-03 5.931854e-04 0.000000e+00 1.348734e-03 0.000000e+00 0.000000e+00 0.000000e+00
PROFILE_ITER 0 26 1.961946e-03 6.990433e-04 0.000000e+00 1.348972e-03 0.000000e+00 0.000000e+00 0.000000e+00
PROFILE_ITER 0 27 1.965046e-03 6.489754e-04 0.000000e+00 1.350164e-03 0.000000e+00 0.000000e+00 0.000000e+00
PROFILE_ITER 0 28 1.989126e-03 6.978512e-04 9.536743e-07 1.356125e-03 0.000000e+00 0.000000e+00 0.000000e+00
PROFILE_ITER 0 29 1.967907e-03 6.442070e-04 9.536743e-07 1.349926e-03 1.192093e-06 0.000000e+00 0.000000e+00
PROFILE_ITER 0 30 1.972914e-03 6.039143e-04 0.000000e+00 1.352072e-03 0.000000e+00 0.000000e+00 0.000000e+00
PROFILE_ITER 0 31 1.963854e-03 6.313324e-04 0.000000e+00 1.346111e-03 0.000000e+00 0.000000e+00 0.000000e+00
PROFILE_ITER 0 32 1.967192e-03 7.197857e-04 0.000000e+00 1.348019e-03 0.000000e+00 0.000000e+00 0.000000e+00
PROFILE_ITER 0 33 1.970053e-03 5.967617e-04 0.000000e+00 1.349211e-03 0.000000e+00 0.000000e+00 0.000000e+00
PROFILE_ITER 0 34 1.963139e-03 6.020069e-04 0.000000e+00 1.348734e-03 0.000000e+00 1.192093e-06 0.000000e+00
PROFILE_ITER 0e+00 9.536743e-07
PROFILE_ITER 1 37 2.392054e-03 2.779961e-04 0.000000e+00 2.379179e-03 0.000000e+00 0.000000e+00 9.536743e-07
PROFILE_ITER 1 38 2.341986e-03 2.768040e-04 0.000000e+00 2.330065e-03 0.000000e+00 0.000000e+00 0.000000e+00
PROFILE_ITER 1 39 2.377033e-03 2.779961e-04 0.000000e+00 2.364874e-03 1.192093e-06 0.000000e+00 0.000000e+00
PROFILE_ITER 1 40 2.378702e-03 2.784729e-04 0.000000e+00 2.365828e-03 9.536743e-07 0.000000e+00 0.000000e+00
PROFILE_ITER 1 41 2.388954e-03 2.789497e-04 0.000000e+00 2.375841e-03 0.000000e+00 0.000000e+00 9.536743e-07
PROFILE_ITER 1 42 2.333164e-03 2.808571e-04 0.000000e+00 2.321005e-03 0.000000e+00 0.000000e+00 0.000000e+00
PROFILE_ITER 1 43 2.346039e-03 2.789497e-04 0.000000e+00 2.334118e-03 0.000000e+00 0.000000e+00 1.192093e-06
PROFILE_ITER 1 44 2.388000e-03 2.830029e-04 0.000000e+00 2.375841e-03 0.000000e+00 0.000000e+00 9.536743e-07
PROFILE_ITER 1 45 2.335072e-03 2.770424e-04 0.000000e+00 2.322912e-03 0.000000e+00 0.000000e+00 0.000000e+00
PROFILE_ITER 1 46 2.280951e-03 2.820492e-04 0.000000e+00 2.269030e-03 0.000000e+00 0.000000e+00 0.000000e+00
PROFILE_ITER 1 47 2.300024e-03 2.768040e-04 0.000000e+00 2.288103e-03 0.000000e+00 0.000000e+00 0.000000e+00
PROFILE_ITER 1 48 2.339840e-03 2.789497e-04 0.000000e+00 2.328873e-03 0.000000e+00 0.000000e+00 0.000000e+00
PROFILE_ITER 1 49 2.382994e-03 2.820492e-04 0.000000e+00 2.370834e-03 0.000000e+00 0.000000e+00 0.000000e+00
PROFILE_ITER 1 50 2.349854e-03 2.822876e-04 0.000000e+00 2.338886e-03 0.000000e+00 0.000000e+00 0.000000e+00
PROFILE_ITER 1 51 2.339125e-03 2.789497e-04 0.000000e+00 2.328157e-03 0.000000e+00 0.000000e+00 0.000000e+00
PROFILE_ITER 1 52 2.295017e-03 2.779961e-04 0.000000e+00 2.281189e-03 0.000000e+00 0.000000e+00 9.536743e-07
PROFILE_ITER 1 53 2.295017e-03 2.858639e-04 0.000000e+00 2.283096e-03 0.000000e+00 0.000000e+00 0.000000e+00
PROFILE_ITER 1 54 2.286911e-03 2.861023e-04 0.000000e+00 2.274990e-03 0.000000e+00 0.000000e+00 0.000000e+00
PROFILE_ITER 1 55 2.312899e-03 2.851486e-04 0.000000e+00 2.300739e-03 0.000000e+00 0.000000e+00 0.000000e+00
PROFILE_ITER 1 56 2.283096e-03 2.799034e-04 0.000000e+00 2.271175e-03 0.000000e+00 0.000000e+00 9.536743e-07
PROFILE_ITER 1 57 2.384186e-03 2.768040e-04 0.000000e+00 2.371311e-03 0.000000e+00 0.000000e+00 0.000000e+00
PROFILE_ITER 1 58 2.277851e-03 2.791882e-04 0.000000e+00 2.265930e-03 0.000000e+00 0.000000e+00 0.000000e+00
PROFILE_ITER 1 59 2.279043e-03 2.818108e-04 0.000000e+00 2.266169e-03 0.000000e+00 0.000000e+00 0.000000e+00
PROFILE_ITER 1 60 2.265930e-03 2.810955e-04 9.536743e-07 2.251863e-03 0.000000e+00 0.000000e+00 0.000000e+00
PROFILE_ITER 1 61 2.332211e-03 2.799034e-04 0.000000e+00 2.321005e-03 0.000000e+00 0.000000e+00 0.000000e+00
PROFILE_ITER 1 62 2.287149e-03 2.758503e-04 9.536743e-07 2.271891e-03 0.000000e+00 0.000000e+00 0.000000e+00
PROFILE_ITER 1 63 2.337933e-03 2.839565e-04 0.000000e+00 2.325058e-03 0.000000e+00 0.000000e+00 9.536743e-07
PROFILE_ITER 1 64 2.332926e-03 2.851486e-04 0.000000e+00 2.319813e-03 9.536743e-07 0.000000e+00 0.000000e+00
PROFILE_ITER 1 65 2.285957e-03 2.820492e-04 0.000000e+00 2.273083e-03 0.000000e+00 0.000000e+00 0.000000e+00
PROFILE_ITER 1 66 2.383947e-03 2.779961e-04 0.000000e+00 2.370834e-03 0.000000e+00 0.000000e+00 9.536743e-07
PROFILE_ITER 1 67 2.339125e-03 2.758503e-04 0.000000e+00 2.326250e-03 0.000000e+00 0.000000e+00 0.000000e+00
PROFILE_ITER 1 68 2.288818e-03 2.851486e-04 9.536743e-07 2.275944e-03 0.000000e+00 0.000000e+00 0.000000e+00
PROFILE_ITER 1 69 2.426147e-03 2.818108e-04 0.000000e+00 2.412319e-03 0.000000e+00 0.000000e+00 0.000000e+00
PROFILE_ITER 1 70 2.376318e-03 2.808571e-04 0.000000e+00 2.364159e-03 0.000000e+00 0.000000e+00 0.000000e+00
PROFILE_ITER 1 71 2.331734e-03 2.841949e-04 0.000000e+00 2.319098e-03 9.536743e-07 0.000000e+00 9.536743e-07
PROFILE_ITER 1 72 2.295971e-03 2.779961e-04 9.536743e-07 2.284050e-03 0.000000e+00 0.000000e+00 0.000000e+00
PROFILE_ITER 1 73 2.336025e-03 2.870560e-04 0.000000e+00 2.325058e-03 0.000000e+00 0.000000e+00 0.000000e+00
PROFILE_ITER 1 74 2.358198e-03 2.827644e-04 0 35 1.971006e-03 5.939007e-04 0.000000e+00 1.349926e-03 0.000000e+00 0.000000e+00 0.000000e+00
PROFILE_ITER 0 36 1.966000e-03 6.461143e-04 0.000000e+00 1.349926e-03 0.000000e+00 0.000000e+00 0.000000e+00
PROFILE_ITER 0 37 1.966953e-03 7.030964e-04 0.000000e+00 1.349926e-03 0.000000e+00 0.000000e+00 9.536743e-07
PROFILE_ITER 0 38 1.967907e-03 6.499290e-04 0.000000e+00 1.349211e-03 0.000000e+00 0.000000e+00 0.000000e+00
PROFILE_ITER 0 39 1.963854e-03 6.911755e-04 0.000000e+00 1.352072e-03 0.000000e+00 0.000000e+00 0.000000e+00
PROFILE_ITER 0 40 1.960993e-03 6.961823e-04 0.000000e+00 1.348019e-03 0.000000e+00 0.000000e+00 0.000000e+00
PROFILE_ITER 0 41 1.963854e-03 7.040501e-04 0.000000e+00 1.348972e-03 0.000000e+00 0.000000e+00 0.000000e+00
PROFILE_ITER 0 42 1.967907e-03 6.461143e-04 0.000000e+00 1.350880e-03 0.000000e+00 0.000000e+00 0.000000e+00
PROFILE_ITER 0 43 1.968145e-03 6.568432e-04 0.000000e+00 1.350880e-03 0.000000e+00 0.000000e+00 0.000000e+00
PROFILE_ITER 0 44 1.966953e-03 7.040501e-04 0.000000e+00 1.348019e-03 0.000000e+00 0.000000e+00 0.000000e+00
PROFILE_ITER 0 45 1.961946e-03 6.501675e-04 0.000000e+00 1.350164e-03 0.000000e+00 0.000000e+00 9.536743e-07
PROFILE_ITER 0 46 1.964331e-03 5.986691e-04 0.000000e+00 1.351357e-03 0.000000e+00 0.000000e+00 0.000000e+00
PROFILE_ITER 0 47 1.966000e-03 6.108284e-04 0.000000e+00 1.350164e-03 0.000000e+00 0.000000e+00 0.000000e+00
PROFILE_ITER 0 48 1.968145e-03 6.506443e-04 0.000000e+00 1.350164e-03 0.000000e+00 0.000000e+00 0.000000e+00
PROFILE_ITER 0 49 1.967907e-03 6.971359e-04 0.000000e+00 1.348734e-03 0.000000e+00 0.000000e+00 0.000000e+00
PROFILE_ITER 0 50 1.966000e-03 6.670952e-04 0.000000e+00 1.352310e-03 0.000000e+00 9.536743e-07 0.000000e+00
PROFILE_ITER 0 51 1.963854e-03 6.542206e-04 0.000000e+00 1.349926e-03 0.000000e+00 0.000000e+00 0.000000e+00
PROFILE_ITER 0 52 1.967907e-03 6.041527e-04 0.000000e+00 1.352072e-03 0.000000e+00 0.000000e+00 0.000000e+00
PROFILE_ITER 0 53 1.963139e-03 6.177425e-04 0.000000e+00 1.349926e-03 0.000000e+00 0.000000e+00 0.000000e+00
PROFILE_ITER 0 54 1.961231e-03 6.117821e-04 0.000000e+00 1.350880e-03 0.000000e+00 0.000000e+00 0.000000e+00
PROFILE_ITER 0 55 1.968861e-03 6.282330e-04 0.000000e+00 1.350880e-03 0.000000e+00 0.000000e+00 0.000000e+00
PROFILE_ITER 0 56 1.962900e-03 6.010532e-04 0.000000e+00 1.348972e-03 0.000000e+00 0.000000e+00 9.536743e-07
PROFILE_ITER 0 57 1.961946e-03 6.980896e-04 1.192093e-06 1.349926e-03 0.000000e+00 0.000000e+00 0.000000e+00
PROFILE_ITER 0 58 1.958847e-03 5.981922e-04 0.000000e+00 1.349926e-03 0.000000e+00 0.000000e+00 0.000000e+00
PROFILE_ITER 0 59 1.963139e-03 5.977154e-04 0.000000e+00 1.348019e-03 0.000000e+00 0.000000e+00 1.192093e-06
PROFILE_ITER 0 60 1.960039e-03 5.869865e-04 0.000000e+00 1.349926e-03 0.000000e+00 0.000000e+00 0.000000e+00
PROFILE_ITER 0 61 1.966000e-03 6.461143e-04 0.000000e+00 1.348019e-03 0.000000e+00 0.000000e+00 0.000000e+00
PROFILE_ITER 0 62 1.963854e-03 5.991459e-04 0.000000e+00 1.348972e-03 0.000000e+00 0.000000e+00 0.000000e+00
PROFILE_ITER 0 63 1.961946e-03 6.599426e-04 0.000000e+00 1.349926e-03 0.000000e+00 0.000000e+00 0.000000e+00
PROFILE_ITER 0 64 1.963615e-03 6.544590e-04 0.000000e+00 1.349926e-03 0.000000e+00 0.000000e+00 0.000000e+00
PROFILE_ITER 0 65 1.964092e-03 6.039143e-04 0.000000e+00 1.351118e-03 0.000000e+00 0.000000e+00 0.000000e+00
PROFILE_ITER 0 66 1.967907e-03 6.940365e-04 0.000000e+00 1.348972e-03 0.000000e+00 0.000000e+00 0.000000e+00
PROFILE_ITER 0 67 1.962185e-03 6.527901e-04 0.000000e+00 1.350880e-03 0.000000e+00 0.000000e+00 0.000000e+00
PROFILE_ITER 0 68 1.965046e-03 6.089211e-04 0.000000e+00 1.350880e-03 0.000000e+00 0.000000e+00 0.000000e+00
PROFILE_ITER 0 69 1.981020e-03 7.269382e-04 9.536743e-07 1.349926e-03 0.000000e+00 0.000000e+00 0.000000e+00
PROFILE_ITER 0 70 1.984835e-03 6.723404e-04 0.000000e+00 1.352072e-03 0.000000e+00 0.000000e+00 0.000000e+00
PROFILE_ITER 0 71 1.992226e-03 6.237030e-04 0.000000e+00 1.352072e-03 0.000000e+00 0.000000e+00 0.000000e+00
PROFILE_ITER 0 72 1.969099e-03 6.048679e-04 0.000000e+00 1.350164e-03 0.000000e+00 0.000000e+00 0.000000e+00
PROFILE_ITER 0 73 1.986265e-03 6.358624e-04 0.000000e+00 1.352072e-03 0.000000e+00 0.000000e+00 0.000000e+00
PROFILE_ITER 0 74 1.982927e-03 6.580353e-04 0.000000e+00 1.350880e-03 0.000000e+00 9.536743e-07 0.000000e+00
PROFILE_ITER 0 75 1.971960e-03 6.060600e-04 0.000000e+00 1.350880e-03 0.000000e+00 0.000000e+00 0.000000e+00
PROFILE_ITER 0 76 1.971006e-03 6.449223e-04 9.536743e-07 1.349211e-03 9.536743e-07 0.000000e+00 0.000000e+00
PROFILE_ITER 0 77 1.968861e-03 6.570816e-04 0.000000e+00 1.349926e-03 0.000000e+00 0.000000e+00 0.000000e+00
PROFILE_ITER 0 78 1.966000e-03 6.451607e-04 0.000000e+00 1.348972e-03 0.000000e+00 0.000000e+00 0.000000e+00
PROFILE_ITER 0 79 1.968145e-03 6.847382e-04 0.000000e+00 1.349926e-03 0.000000e+00 0.000000e+00 0.000000e+00
PROFILE_ITER 0 80 1.971960e-03 6.639957e-04 0.000000e+00 1.348019e-03 0.000000e+00 9.536743e-07 0.000000e+00
PROFILE_ITER 0 81 1.967907e-03 7.112026e-04 0.000000e+00 1.349926e-03 0.000000e+00 0.000000e+00 0.000000e+00
PROFILE_ITER 0 82 1.966953e-03 7.159710e-04 0.000000e+00 1.349926e-03 0.000000e+00 0.000000e+00 0.000000e+00
PROFILE_ITER 0 83 1.971245e-03 6.127357e-04 0.000000e+00 1.350403e-03 0.000000e+00 0.000000e+00 0.000000e+00
PROFILE_ITER 0 84 1.968145e-03 5.989075e-04 0.000000e+00 1.350164e-03 0.000000e+00 0.000000e+00 0.000000e+00
PROFILE_ITER 0 85 1.973152e-03 7.016659e-04 0.000000e+00 1.350164e-03 0.000000e+00 0.000000e+00 0.000000e+00
PROFILE_ITER 0 86 1.962900e-03 6.651878e-04 9.536743e-07 1.348019e-03 0.000000e+00 0.000000e+00 0.000000e+00
PROFILE_ITER 0 87 1.972914e-03 6.461143e-04 0.000000e+00 1.348972e-03 0.000000e+00 0.000000e+00 0.000000e+00
PROFILE_ITER 0 88 1.968145e-03 6.427765e-04 0.000000e+00 1.348019e-03 9.536743e-07 0.000000e+00 0.000000e+00
PROFILE_ITER 0 89 1.960039e-03 5.991459e-04 0.000000e+00 1.348972e-03 0.000000e+00 0.000000e+00 0.000000e+00
PROFILE_ITER 0 90 1.962900e-03 6.699562e-04 0.000000e+00 1.349211e-03 0.000000e+00 0.000000e+00 0.000000e+00
PROFILE_ITER 0 91 1.958847e-03 6.451607e-04 0.000000e+00 1.348972e-03 0.000000e+00 0.000000e+00 0.000000e+00
PROFILE_ITER 0 92 1.961946e-03 5.991459e-04 0.000000e+00 1.350880e-03 0.000000e+00 1.192093e-06 0.000000e+00
PROFILE_ITER 0 93 1.964092e-03 6.029606e-04 0.000000e+00 1.350880e-03 0.000000e+00 0.000000e+00 0.000000e+00
PROFILE_ITER 0 94 1.960993e-03 6.937981e-04 0.000000e+00 1.351118e-03 0.000000e+00 0.000000e+00 0.000000e+00
PROFILE_ITER 0 95 1.971006e-03 6.501675e-04 0.000000e+00 1.350880e-03 0.000000e+00 0.000000e+00 0.000000e+00
PROFILE_ITER 0 96 1.958847e-03 6.282330e-04 0.000000e+00 1.349926e-03 0.000000e+00 0.000000e+00 0.000000e+00
PROFILE_ITER 0 97 1.961946e-03 7.090569e-04 0.000000e+00 1.348972e-03 0.000000e+00 0.000000e+00 0.000000e+00
PROFILE_ITER 0 98 1.966000e-03 6.499290e-04 0.000000e+00 1.348972e-03 2.145767e-06 0.000000e+00 0.000000e+00
PROFILE_ITER 0 99 1.957893e-03 6.229877e-04 1.192093e-06 1.345873e-03 0.000000e+00 9.536743e-07 0.000000e+00
PROFILE_ITER 0 100 1.961946e-03 6.010532e-04 0.000000e+00 1.349211e-03 0.000000e+00 9.536743e-07 0.000000e+00
PROFILE_ITER 0 101 1.961946e-03 6.501675e-04 0.000000e+00 1.349926e-03 0.000000e+00 0.000000e+00 0.000000e+00
PROFILE_ITER 0 102 1.964092e-03 6.968975e-04 0.000000e+00 1.351118e-03 0.000000e+00 0.000000e+00 0.000000e+00
PROFILE_ITER 0 103 1.961231e-03 6.036758e-04 0.000000e+00 1.348019e-03 0.000000e+00 0.000000e+00 0.000000e+00
PROFILE_ITER 0 104 1.962900e-03 6.611347e-04 9.536743e-07 1.348972e-03 0.000000e+00 0.000000e+00 0.000000e+00
PROFILE_ITER 0 105 1.964092e-03 6.129742e-04 0.000000e+00 1.350164e-03 0.000000e+00 0.000000e+00 0.000000e+00
PROFILE_ITER 0 106 1.967192e-03 6.186962e-04 0.000000e+00 1.349211e-03 0.000000e+00 0.000000e+00 0.000000e+00
PROFILE_ITER 0 107 1.962900e-03 6.501675e-04 9.536743e-07 1.348972e-03 0.000000e+00 9.536743e-07 0.000000e+00
PROFILE_ITER 0 108 1.966000e-03 6.349087e-04 0.000000e+00 1.349926e-03 0.000000e+00 0.000000e+00 0.000000e+00
PROFILE_ITER 0 109 1.960039e-03 5.950928e-04 0.000000e+00 1.349211e-03 0.000000e+00 0.000000e+00 0.000000e+00
PROFILE_ITER 0 110 1..000000e+00 2.346039e-03 0.000000e+00 0.000000e+00 0.000000e+00
PROFILE_ITER 1 75 2.297878e-03 2.801418e-04 0.000000e+00 2.285957e-03 0.000000e+00 0.000000e+00 0.000000e+00
PROFILE_ITER 1 76 2.335072e-03 2.808571e-04 0.000000e+00 2.323151e-03 0.000000e+00 0.000000e+00 9.536743e-07
PROFILE_ITER 1 77 2.343655e-03 2.822876e-04 0.000000e+00 2.331972e-03 0.000000e+00 0.000000e+00 9.536743e-07
PROFILE_ITER 1 78 2.332211e-03 2.789497e-04 0.000000e+00 2.320051e-03 0.000000e+00 0.000000e+00 0.000000e+00
PROFILE_ITER 1 79 2.371311e-03 2.815723e-04 0.000000e+00 2.360106e-03 0.000000e+00 0.000000e+00 0.000000e+00
PROFILE_ITER 1 80 2.351999e-03 2.839565e-04 0.000000e+00 2.340078e-03 0.000000e+00 0.000000e+00 0.000000e+00
PROFILE_ITER 1 81 2.398968e-03 2.801418e-04 0.000000e+00 2.384901e-03 0.000000e+00 0.000000e+00 9.536743e-07
PROFILE_ITER 1 82 2.393723e-03 2.903938e-04 0.000000e+00 2.381802e-03 0.000000e+00 0.000000e+00 0.000000e+00
PROFILE_ITER 1 83 2.298832e-03 2.851486e-04 0.000000e+00 2.285957e-03 0.000000e+00 0.000000e+00 9.536743e-07
PROFILE_ITER 1 84 2.281904e-03 2.851486e-04 0.000000e+00 2.270937e-03 0.000000e+00 0.000000e+00 0.000000e+00
PROFILE_ITER 1 85 2.393007e-03 2.818108e-04 0.000000e+00 2.380133e-03 0.000000e+00 0.000000e+00 0.000000e+00
PROFILE_ITER 1 86 2.346039e-03 2.830029e-04 0.000000e+00 2.333879e-03 0.000000e+00 0.000000e+00 9.536743e-07
PROFILE_ITER 1 87 2.341986e-03 2.770424e-04 0.000000e+00 2.329111e-03 0.000000e+00 0.000000e+00 9.536743e-07
PROFILE_ITER 1 88 2.331972e-03 2.789497e-04 0.000000e+00 2.320051e-03 0.000000e+00 0.000000e+00 0.000000e+00
PROFILE_ITER 1 89 2.284050e-03 2.751350e-04 0.000000e+00 2.272129e-03 0.000000e+00 0.000000e+00 0.000000e+00
PROFILE_ITER 1 90 2.346039e-03 2.868176e-04 0.000000e+00 2.334118e-03 0.000000e+00 0.000000e+00 0.000000e+00
PROFILE_ITER 1 91 2.324820e-03 2.791882e-04 0.000000e+00 2.312899e-03 0.000000e+00 0.000000e+00 0.000000e+00
PROFILE_ITER 1 92 2.280951e-03 2.801418e-04 0.000000e+00 2.269030e-03 0.000000e+00 0.000000e+00 9.536743e-07
PROFILE_ITER 1 93 2.279997e-03 2.870560e-04 0.000000e+00 2.267122e-03 0.000000e+00 0.000000e+00 9.536743e-07
PROFILE_ITER 1 94 2.377033e-03 2.777576e-04 0.000000e+00 2.365112e-03 0.000000e+00 0.000000e+00 0.000000e+00
PROFILE_ITER 1 95 2.340078e-03 2.820492e-04 0.000000e+00 2.327919e-03 0.000000e+00 0.000000e+00 0.000000e+00
PROFILE_ITER 1 96 2.312899e-03 2.741814e-04 0.000000e+00 2.298832e-03 0.000000e+00 0.000000e+00 1.907349e-06
PROFILE_ITER 1 97 2.386808e-03 2.841949e-04 0.000000e+00 2.374887e-03 0.000000e+00 0.000000e+00 0.000000e+00
PROFILE_ITER 1 98 2.327919e-03 2.880096e-04 0.000000e+00 2.316952e-03 0.000000e+00 0.000000e+00 0.000000e+00
PROFILE_ITER 1 99 2.300024e-03 2.808571e-04 0.000000e+00 2.287865e-03 0.000000e+00 0.000000e+00 0.000000e+00
PROFILE_ITER 1 100 2.281904e-03 2.810955e-04 0.000000e+00 2.269030e-03 0.000000e+00 0.000000e+00 0.000000e+00
PROFILE_ITER 1 101 2.331018e-03 2.810955e-04 0.000000e+00 2.318859e-03 0.000000e+00 0.000000e+00 0.000000e+00
PROFILE_ITER 1 102 2.382994e-03 2.779961e-04 0.000000e+00 2.370834e-03 0.000000e+00 0.000000e+00 0.000000e+00
PROFILE_ITER 1 103 2.282143e-03 2.827644e-04 0.000000e+00 2.270222e-03 0.000000e+00 0.000000e+00 0.000000e+00
PROFILE_ITER 1 104 2.337933e-03 2.861023e-04 0.000000e+00 2.324820e-03 0.000000e+00 0.000000e+00 0.000000e+00
PROFILE_ITER 1 105 2.293110e-03 2.839565e-04 0.000000e+00 2.280235e-03 0.000000e+00 0.000000e+00 9.536743e-07
PROFILE_ITER 1 106 2.306938e-03 2.789497e-04 0.000000e+00 2.293110e-03 0.000000e+00 0.000000e+00 9.536743e-07
PROFILE_ITER 1 107 2.333879e-03 2.791882e-04 0.000000e+00 2.322197e-03 0.000000e+00 0.000000e+00 9.536743e-07
PROFILE_ITER 1 108 2.327919e-03 2.729893e-04 0.000000e+00 2.316952e-03 0.000000e+00 0.000000e+00 0.000000e+00
PROFILE_ITER 1 109 2.275944e-03 2.791882e-04 0.000000e+00 2.262831e-03 0.000000e+00 0.000000e+00 0.000000e+00
PROFILE_ITER 1 110 2.382994e-03 2.808571e-04 0.000000e+00 2.370119e-03 0.000000e+00 0.000000e+00 0.000000e+00
PROFILE_ITER 1 111 2.374172e-03 2.830029e-04 0.000000e+00 2.364159e-03 0.000000e+00 0.000000e+00 0.000000e+00
PROFILE_ITER 1 112 2.381086e-03 2.799034e-04 0.000000e+00 2.370119e-03 0.000000e+00 0.000000e+00 0.000000e+00
PROFILE_ITER 1 113 2.387047e-03 2.779961e-04 0.000000e+00 2.374887e-03 0.000000e+00 0.000000e+00 9.536743e-07
PROFILE_ITER 1 114 2.378941e-03 2.770424e-04 0.000000e+00 2.367020e-03 0.000000e+00 0.000000e+00 9.536743e-07
PROFILE_ITER 1 115 2.284050e-03 2.758503e-04 0.000000e+00 2.270937e-03 0.000000e+00 0.000000e+00 9.536743e-07
PROFILE_ITER 1 116 2.331972e-03 2.870560e-04 0.000000e+00 2.320051e-03 0.000000e+00 0.000000e+00 0.000000e+00
PROFILE_ITER 1 117 2.268076e-03 2.830029e-04 0.000000e+00 2.255678e-03 1.192093e-06 0.000000e+00 0.000000e+00
PROFILE_ITER 1 118 2.335072e-03 2.868176e-04 0.000000e+00 2.322197e-03 0.000000e+00 0.000000e+00 0.000000e+00
PROFILE_ITER 1 119 2.382994e-03 2.770424e-04 0.000000e+00 2.371073e-03 0.000000e+00 0.000000e+00 0.000000e+00
PROFILE_ITER 1 120 2.292871e-03 2.870560e-04 0.000000e+00 2.280712e-03 0.000000e+00 0.000000e+00 0.000000e+00
PROFILE_ITER 1 121 2.298117e-03 2.779961e-04 0.000000e+00 2.285957e-03 0.000000e+00 0.000000e+00 0.000000e+00
PROFILE_ITER 1 122 2.293110e-03 2.768040e-04 0.000000e+00 2.281189e-03 0.000000e+00 0.000000e+00 0.000000e+00
PROFILE_ITER 1 123 2.289772e-03 2.803802e-04 0.000000e+00 2.277851e-03 0.000000e+00 0.000000e+00 0.000000e+00
PROFILE_ITER 1 124 2.335072e-03 2.877712e-04 0.000000e+00 2.323151e-03 0.000000e+00 0.000000e+00 0.000000e+00
PROFILE_ITER 1 125 2.343178e-03 2.839565e-04 0.000000e+00 2.332211e-03 0.000000e+00 0.000000e+00 0.000000e+00
PROFILE_ITER 1 126 2.333164e-03 2.827644e-04 0.000000e+00 2.321243e-03 0.000000e+00 0.000000e+00 0.000000e+00
PROFILE_ITER 1 127 2.283812e-03 2.760887e-04 0.000000e+00 2.271891e-03 9.536743e-07 0.000000e+00 0.000000e+00
PROFILE_ITER 1 128 2.321959e-03 2.782345e-04 0.000000e+00 2.308846e-03 0.000000e+00 0.000000e+00 0.000000e+00
PROFILE_ITER 1 129 2.334833e-03 2.830029e-04 0.000000e+00 2.321005e-03 0.000000e+00 0.000000e+00 9.536743e-07
PROFILE_ITER 1 130 2.382040e-03 2.820492e-04 0.000000e+00 2.369165e-03 0.000000e+00 0.000000e+00 0.000000e+00
PROFILE_ITER 1 131 2.278805e-03 2.782345e-04 0.000000e+00 2.267838e-03 0.000000e+00 0.000000e+00 0.000000e+00
PROFILE_ITER 1 132 2.284050e-03 2.799034e-04 0.000000e+00 2.272129e-03 0.000000e+00 0.000000e+00 0.000000e+00
PROFILE_ITER 1 133 2.285957e-03 2.849102e-04 0.000000e+00 2.274036e-03 0.000000e+00 0.000000e+00 0.000000e+00
PROFILE_ITER 1 134 2.300024e-03 2.841949e-04 0.000000e+00 2.286911e-03 0.000000e+00 0.000000e+00 0.000000e+00
PROFILE_ITER 1 135 2.284050e-03 2.818108e-04 0.000000e+00 2.273083e-03 0.000000e+00 0.000000e+00 0.000000e+00
PROFILE_ITER 1 136 2.335072e-03 2.858639e-04 0.000000e+00 2.321959e-03 0.000000e+00 0.000000e+00 0.000000e+00
PROFILE_ITER 1 137 2.281904e-03 2.760887e-04 0.000000e+00 2.269983e-03 1.192093e-06 0.000000e+00 0.000000e+00
PROFILE_ITER 1 138 2.338886e-03 2.741814e-04 0.000000e+00 2.326012e-03 0.000000e+00 0.000000e+00 0.000000e+00
PROFILE_ITER 1 139 2.395868e-03 2.741814e-04 0.000000e+00 2.383232e-03 0.000000e+00 0.000000e+00 0.000000e+00
PROFILE_ITER 1 140 2.334118e-03 2.858639e-04 0.000000e+00 2.322912e-03 0.000000e+00 0.000000e+00 0.000000e+00
PROFILE_ITER 1 141 2.285957e-03 2.779961e-04 0.000000e+00 2.274990e-03 0.000000e+00 0.000000e+00 0.000000e+00
PROFILE_ITER 1 142 2.279043e-03 2.779961e-04 0.000000e+00 2.266884e-03 0.000000e+00 0.000000e+00 0.000000e+00
PROFILE_ITER 1 143 2.348185e-03 2.777576e-04 9.536743e-07 2.335310e-03 0.000000e+00 0.000000e+00 0.000000e+00
PROFILE_ITER 1 144 2.392054e-03 2.810955e-04 0.000000e+00 2.378941e-03 0.000000e+00 0.000000e+00 1.192093e-06
963139e-03 7.007122e-04 0.000000e+00 1.349926e-03 1.192093e-06 0.000000e+00 0.000000e+00
PROFILE_ITER 0 111 1.960993e-03 6.952286e-04 0.000000e+00 1.350880e-03 0.000000e+00 0.000000e+00 0.000000e+00
PROFILE_ITER 0 112 1.959085e-03 7.019043e-04 0.000000e+00 1.348972e-03 0.000000e+00 0.000000e+00 0.000000e+00
PROFILE_ITER 0 113 1.960039e-03 7.050037e-04 0.000000e+00 1.348972e-03 0.000000e+00 0.000000e+00 0.000000e+00
PROFILE_ITER 0 114 1.964808e-03 6.899834e-04 0.000000e+00 1.349926e-03 0.000000e+00 0.000000e+00 0.000000e+00
PROFILE_ITER 0 115 1.963139e-03 5.967617e-04 0.000000e+00 1.348972e-03 0.000000e+00 1.192093e-06 0.000000e+00
PROFILE_ITER 0 116 1.963139e-03 6.558895e-04 0.000000e+00 1.349926e-03 0.000000e+00 0.000000e+00 0.000000e+00
PROFILE_ITER 0 117 1.962900e-03 5.881786e-04 0.000000e+00 1.348972e-03 0.000000e+00 0.000000e+00 0.000000e+00
PROFILE_ITER 0 118 1.966000e-03 6.558895e-04 0.000000e+00 1.352072e-03 0.000000e+00 0.000000e+00 0.000000e+00
PROFILE_ITER 0 119 1.967907e-03 6.911755e-04 0.000000e+00 1.350880e-03 0.000000e+00 0.000000e+00 0.000000e+00
PROFILE_ITER 0 120 1.972198e-03 6.077290e-04 0.000000e+00 1.350880e-03 0.000000e+00 0.000000e+00 0.000000e+00
PROFILE_ITER 0 121 1.972198e-03 6.039143e-04 0.000000e+00 1.351118e-03 0.000000e+00 0.000000e+00 0.000000e+00
PROFILE_ITER 0 122 1.966000e-03 6.029606e-04 0.000000e+00 1.349926e-03 0.000000e+00 0.000000e+00 0.000000e+00
PROFILE_ITER 0 123 1.961946e-03 6.082058e-04 0.000000e+00 1.348972e-03 0.000000e+00 0.000000e+00 0.000000e+00
PROFILE_ITER 0 124 1.962185e-03 6.606579e-04 0.000000e+00 1.349211e-03 0.000000e+00 0.000000e+00 0.000000e+00
PROFILE_ITER 0 125 1.971006e-03 6.561279e-04 0.000000e+00 1.349926e-03 0.000000e+00 0.000000e+00 0.000000e+00
PROFILE_ITER 0 126 1.966953e-03 6.489754e-04 0.000000e+00 1.349211e-03 0.000000e+00 0.000000e+00 0.000000e+00
PROFILE_ITER 0 127 1.963377e-03 5.965233e-04 0.000000e+00 1.350164e-03 0.000000e+00 0.000000e+00 0.000000e+00
PROFILE_ITER 0 128 1.966238e-03 6.339550e-04 0.000000e+00 1.351118e-03 0.000000e+00 0.000000e+00 0.000000e+00
PROFILE_ITER 0 129 1.960754e-03 6.570816e-04 9.536743e-07 1.348019e-03 0.000000e+00 0.000000e+00 0.000000e+00
PROFILE_ITER 0 130 1.961231e-03 7.028580e-04 0.000000e+00 1.350880e-03 0.000000e+00 0.000000e+00 0.000000e+00
PROFILE_ITER 0 131 1.960993e-03 5.960464e-04 0.000000e+00 1.348019e-03 0.000000e+00 1.192093e-06 0.000000e+00
PROFILE_ITER 0 132 1.965046e-03 5.989075e-04 1.192093e-06 1.348734e-03 0.000000e+00 0.000000e+00 0.000000e+00
PROFILE_ITER 0 133 1.964808e-03 6.060600e-04 0.000000e+00 1.348972e-03 0.000000e+00 0.000000e+00 0.000000e+00
PROFILE_ITER 0 134 1.960993e-03 6.232262e-04 0.000000e+00 1.348972e-03 0.000000e+00 0.000000e+00 0.000000e+00
PROFILE_ITER 0 135 1.965046e-03 6.008148e-04 0.000000e+00 1.352072e-03 0.000000e+00 0.000000e+00 0.000000e+00
PROFILE_ITER 0 136 1.965046e-03 6.558895e-04 0.000000e+00 1.352787e-03 0.000000e+00 0.000000e+00 0.000000e+00
PROFILE_ITER 0 137 1.960039e-03 5.979538e-04 0.000000e+00 1.348019e-03 0.000000e+00 0.000000e+00 0.000000e+00
PROFILE_ITER 0 138 1.966953e-03 6.461143e-04 0.000000e+00 1.348972e-03 0.000000e+00 0.000000e+00 0.000000e+00
PROFILE_ITER 0 139 1.967907e-03 7.030964e-04 0.000000e+00 1.349926e-03 0.000000e+00 0.000000e+00 0.000000e+00
PROFILE_ITER 0 140 1.960993e-03 6.589890e-04 0.000000e+00 1.348972e-03 0.000000e+00 0.000000e+00 0.000000e+00
PROFILE_ITER 1 145 2.327204e-03 2.808571e-04 0.000000e+00 2.315044e-03 0.000000e+00 0.000000e+00 1.192093e-06
PROFILE_ITER 1 146 2.342939e-03 2.770424e-04 0.000000e+00 2.331018e-03 0.000000e+00 0.000000e+00 0.000000e+00
PROFILE_ITER 1 147 2.342939e-03 2.710819e-04 0.000000e+00 2.329826e-03 0.000000e+00 0.000000e+00 1.192093e-06
PROFILE_ITER 1 148 2.371788e-03 2.801418e-04 0.000000e+00 2.360821e-03 0.000000e+00 0.000000e+00 0.000000e+00
PROFILE_ITER 1 149 2.304077e-03 2.799034e-04 0.000000e+00 2.292156e-03 0.000000e+00 0.000000e+00 0.000000e+00
PROFILE_ITER 1 150 2.391100e-03 2.849102e-04 0.000000e+00 2.378941e-03 0.000000e+00 0.000000e+00 0.000000e+00
PROFILE_ITER 0 141 1.966953e-03 5.970001e-04 9.536743e-07 1.349926e-03 0.000000e+00 9.536743e-07 0.000000e+00
PROFILE_ITER 0 142 1.962185e-03 5.948544e-04 0.000000e+00 1.350403e-03 0.000000e+00 0.000000e+00 0.000000e+00
PROFILE_ITER 0 143 1.972914e-03 6.530285e-04 0.000000e+00 1.350880e-03 0.000000e+00 0.000000e+00 0.000000e+00
PROFILE_ITER 0 144 1.960993e-03 7.121563e-04 0.000000e+00 1.346827e-03 0.000000e+00 0.000000e+00 0.000000e+00
PROFILE_ITER 0 145 1.964092e-03 6.439686e-04 0.000000e+00 1.348972e-03 0.000000e+00 0.000000e+00 0.000000e+00
PROFILE_ITER 0 146 1.966953e-03 6.530285e-04 0.000000e+00 1.351833e-03 0.000000e+00 0.000000e+00 0.000000e+00
PROFILE_ITER 0 147 1.971245e-03 6.427765e-04 0.000000e+00 1.352072e-03 0.000000e+00 0.000000e+00 0.000000e+00
PROFILE_ITER 1 151 2.331018e-03 2.810955e-04 0.000000e+00 2.318144e-03 0.000000e+00 0.000000e+00 0.000000e+00
PROFILE_ITER 1 152 2.335072e-03 2.768040e-04 0.000000e+00 2.321005e-03 0.000000e+00 0.000000e+00 0.000000e+00
PROFILE_ITER 1 153 2.291203e-03 2.858639e-04 0.000000e+00 2.279043e-03 0.000000e+00 0.000000e+00 0.000000e+00
PROFILE_ITER 1 154 2.321005e-03 2.779961e-04 0.000000e+00 2.310038e-03 0.000000e+00 0.000000e+00 0.000000e+00
PROFILE_ITER 1 155 2.335072e-03 2.818108e-04 0.000000e+00 2.322912e-03 0.000000e+00 0.000000e+00 0.000000e+00
PROFILE_ITER 1 156 2.332926e-03 2.861023e-04 0.000000e+00 2.321005e-03 0.000000e+00 0.000000e+00 0.000000e+00
PROFILE_ITER 0 148 1.963854e-03 6.871223e-04 0.000000e+00 1.349926e-03 0.000000e+00 0.000000e+00 0.000000e+00
PROFILE_ITER 0 149 1.968861e-03 6.151199e-04 0.000000e+00 1.349926e-03 0.000000e+00 0.000000e+00 0.000000e+00
PROFILE_ITER 0 150 1.962900e-03 7.131100e-04 0.000000e+00 1.349926e-03 0.000000e+00 0.000000e+00 0.000000e+00
PROFILE_ITER 0 151 1.966953e-03 6.451607e-04 0.000000e+00 1.350164e-03 0.000000e+00 9.536743e-07 0.000000e+00
PROFILE_ITER 0 152 1.965046e-03 6.468296e-04 0.000000e+00 1.352072e-03 0.000000e+00 0.000000e+00 0.000000e+00
PROFILE_ITER 1 157 2.341747e-03 2.853870e-04 0.000000e+00 2.328873e-03 0.000000e+00 0.000000e+00 0.000000e+00
PROFILE_ITER 1 158 2.425194e-03 2.796650e-04 0.000000e+00 2.412081e-03 0.000000e+00 0.000000e+00 0.000000e+00
PROFILE_ITER 1 159 2.365112e-03 2.779961e-04 0.000000e+00 2.351999e-03 9.536743e-07 0.000000e+00 0.000000e+00
PROFILE_ITER 0 153 1.968145e-03 6.079674e-04 0.000000e+00 1.349926e-03 0.000000e+00 0.000000e+00 0.000000e+00
PROFILE_ITER 1 160 2.342939e-03 2.810955e-04 0.000000e+00 2.329826e-03 0.000000e+00 0.000000e+00 0.000000e+00
PROFILE_ITER 1 161 2.335072e-03 2.799034e-04 0.000000e+00 2.322912e-03 0.000000e+00 0.000000e+00 0.000000e+00
PROFILE_ITER 0 154 1.968861e-03 6.301403e-04 0.000000e+00 1.349926e-03 0.000000e+00 0.000000e+00 0.000000e+00
PROFILE_ITER 0 155 1.962900e-03 6.539822e-04 0.000000e+00 1.349211e-03 0.000000e+00 0.000000e+00 0.000000e+00
PROFILE_ITER 0 156 1.968145e-03 6.508827e-04 0.000000e+00 1.351118e-03 0.000000e+00 0.000000e+00 0.000000e+00
PROFILE_ITER 1 162 2.281666e-03 2.782345e-04 0.000000e+00 2.270937e-03 0.000000e+00 0.000000e+00 0.000000e+00
PROFILE_ITER 1 163 2.338886e-03 2.820492e-04 0.000000e+00 2.327919e-03 0.000000e+00 0.000000e+00 0.000000e+00
PROFILE_ITER 0 157 1.975298e-03 6.518364e-04 0.000000e+00 1.352310e-03 0.000000e+00 0.000000e+00 0.000000e+00
PROFILE_ITER 0 158 1.971960e-03 7.328987e-04 0.000000e+00 1.349926e-03 0.000000e+00 0.000000e+00 0.000000e+00
PROFILE_ITER 1 164 2.277851e-03 2.813339e-04 0.000000e+00 2.266884e-03 0.000000e+00 0.000000e+00 0.000000e+00
PROFILE_ITER 1 165 2.388000e-03 2.799034e-04 0.000000e+00 2.376080e-03 0.000000e+00 0.000000e+00 0.000000e+00
PROFILE_ITER 1 166 2.338886e-03 2.810955e-04 0.000000e+00 2.324820e-03 0.000000e+00 0.000000e+00 0.000000e+00
PROFILE_ITER 1 167 2.338171e-03 2.858639e-04 0.000000e+00 2.326012e-03 0.000000e+00 0.000000e+00 0.000000e+00
PROFILE_ITER 1 168 2.283096e-03 2.789497e-04 0.000000e+00 2.272129e-03 0.000000e+00 0.000000e+00 0.000000e+00
PROFILE_ITER 1 169 2.278805e-03 2.801418e-04 0.000000e+00 2.267122e-03 0.000000e+00 0.000000e+00 0.000000e+00
PROFILE_ITER 1 170 2.326012e-03 2.820492e-04 0.000000e+00 2.315044e-03 0.000000e+00 0.000000e+00 0.000000e+00
PROFILE_ITER 0 159 1.976013e-03 6.670952e-04 0.000000e+00 1.349926e-03 0.000000e+00 0.000000e+00 0.000000e+00
PROFILE_ITER 0 160 1.965284e-03 6.587505e-04 0.000000e+00 1.347780e-03 1.192093e-06 0.000000e+00 0.000000e+00
PROFILE_ITER 0 161 1.965046e-03 6.499290e-04 0.000000e+00 1.348972e-03 9.536743e-07 0.000000e+00 0.000000e+00
PROFILE_ITER 0 162 1.965046e-03 5.948544e-04 0.000000e+00 1.350164e-03 9.536743e-07 0.000000e+00 0.000000e+00
PROFILE_ITER 0 163 1.967192e-03 6.537437e-04 0.000000e+00 1.350164e-03 0.000000e+00 0.000000e+00 0.000000e+00
PROFILE_ITER 0 164 1.967192e-03 5.919933e-04 0.000000e+00 1.348972e-03 0.000000e+00 0.000000e+00 0.000000e+00
PROFILE_ITER 0 165 1.966000e-03 7.019043e-04 0.000000e+00 1.352072e-03 0.000000e+00 0.000000e+00 0.000000e+00
PROFILE_ITER 1 171 2.333879e-03 2.779961e-04 0.000000e+00 2.322197e-03 0.000000e+00 0.000000e+00 9.536743e-07
PROFILE_ITER 1 172 2.297163e-03 2.758503e-04 0.000000e+00 2.283812e-03 0.000000e+00 0.000000e+00 1.192093e-06
PROFILE_ITER 1 173 2.335787e-03 2.822876e-04 0.000000e+00 2.323866e-03 0.000000e+00 0.000000e+00 0.000000e+00
PROFILE_ITER 0 166 1.962900e-03 6.570816e-04 0.000000e+00 1.348972e-03 0.000000e+00 0.000000e+00 0.000000e+00
PROFILE_ITER 1 174 2.389908e-03 2.782345e-04 0.000000e+00 2.379179e-03 0.000000e+00 0.000000e+00 0.000000e+00
PROFILE_ITER 1 175 2.332926e-03 2.830029e-04 0.000000e+00 2.321005e-03 0.000000e+00 0.000000e+00 0.000000e+00
PROFILE_ITER 1 176 2.328873e-03 2.801418e-04 0.000000e+00 2.319098e-03 0.000000e+00 0.000000e+00 0.000000e+00
PROFILE_ITER 1 177 2.375841e-03 2.782345e-04 0.000000e+00 2.365112e-03 0.000000e+00 0.000000e+00 0.000000e+00
PROFILE_ITER 0 167 1.964092e-03 6.599426e-04 0.000000e+00 1.350880e-03 0.000000e+00 0.000000e+00 0.000000e+00
PROFILE_ITER 0 168 1.960754e-03 6.012917e-04 0.000000e+00 1.349926e-03 0.000000e+00 0.000000e+00 0.000000e+00
PROFILE_ITER 0 169 1.960039e-03 5.989075e-04 0.000000e+00 1.348019e-03 0.000000e+00 0.000000e+00 0.000000e+00
PROFILE_ITER 1 178 2.279758e-03 2.760887e-04 0.000000e+00 2.267838e-03 0.000000e+00 0.000000e+00 0.000000e+00
PROFILE_ITER 1 179 2.341986e-03 2.820492e-04 9.536743e-07 2.329111e-03 0.000000e+00 0.000000e+00 0.000000e+00
PROFILE_ITER 1 180 2.291918e-03 2.748966e-04 0.000000e+00 2.278805e-03 0.000000e+00 0.000000e+00 0.000000e+00
PROFILE_ITER 1 181 2.334118e-03 2.820492e-04 0.000000e+00 2.321005e-03 9.536743e-07 0.000000e+00 0.000000e+00
PROFILE_ITER 1 182 2.275944e-03 2.849102e-04 9.536743e-07 2.262115e-03 0.000000e+00 0.000000e+00 9.536743e-07
PROFILE_ITER 1 183 2.313852e-03 2.782345e-04 0.000000e+00 2.300739e-03 0.000000e+00 0.000000e+00 0.000000e+00
PROFILE_ITER 1 184 2.326012e-03 2.830029e-04 0.000000e+00 2.312899e-03 0.000000e+00 0.000000e+00 0.000000e+00
PROFILE_ITER 1 185 2.285957e-03 2.789497e-04 0.000000e+00 2.274036e-03 0.000000e+00 0.000000e+00 0.000000e+00
PROFILE_ITER 1 186 2.283096e-03 2.839565e-04 0.000000e+00 2.271175e-03 0.000000e+00 0.000000e+00 0.000000e+00
PROFILE_ITER 1 187 2.331018e-03 2.808571e-04 0.000000e+00 2.317190e-03 0.000000e+00 0.000000e+00 0.000000e+00
PROFILE_ITER 1 188 2.280951e-03 2.810955e-04 0.000000e+00 2.269983e-03 0.000000e+00 0.000000e+00 0.000000e+00
PROFILE_ITER 1 189 2.331018e-03 2.779961e-04 9.536743e-07 2.316952e-03 0.000000e+00 0.000000e+00 9.536743e-07
PROFILE_ITER 0 170 1.960278e-03 6.477833e-04 0.000000e+00 1.348972e-03 0.000000e+00 0.000000e+00 0.000000e+00
PROFILE_ITER 0 171 1.964092e-03 6.477833e-04 0.000000e+00 1.349926e-03 0.000000e+00 0.000000e+00 0.000000e+00
PROFILE_ITER 0 172 1.963139e-03 6.098747e-04 0.000000e+00 1.349926e-03 0.000000e+00 0.000000e+00 0.000000e+00
PROFILE_ITER 0 173 1.964092e-03 6.549358e-04 0.000000e+00 1.348972e-03 9.536743e-07 0.000000e+00 0.000000e+00
PROFILE_ITER 0 174 1.972914e-03 6.952286e-04 0.000000e+00 1.351118e-03 0.000000e+00 0.000000e+00 0.000000e+00
PROFILE_ITER 0 175 1.966000e-03 6.499290e-04 0.000000e+00 1.351118e-03 0.000000e+00 0.000000e+00 0.000000e+00
PROFILE_ITER 0 176 1.960993e-03 6.499290e-04 0.000000e+00 1.348972e-03 0.000000e+00 0.000000e+00 0.000000e+00
PROFILE_ITER 0 177 1.964092e-03 6.899834e-04 0.000000e+00 1.350164e-03 0.000000e+00 0.000000e+00 0.000000e+00
PROFILE_ITER 0 178 1.962185e-03 5.936623e-04 0.000000e+00 1.351118e-03 0.000000e+00 0.000000e+00 0.000000e+00
PROFILE_ITER 0 179 1.966953e-03 6.570816e-04 0.000000e+00 1.351118e-03 0.000000e+00 0.000000e+00 0.000000e+00
PROFILE_ITER 0 180 1.965046e-03 6.008148e-04 0.000000e+00 1.350880e-03 0.000000e+00 0.000000e+00 0.000000e+00
PROFILE_ITER 0 181 1.963854e-03 6.523132e-04 0.000000e+00 1.348019e-03 0.000000e+00 0.000000e+00 0.000000e+00
PROFILE_ITER 0 182 1.966715e-03 5.941391e-04 0.000000e+00 1.348019e-03 0.000000e+00 0.000000e+00 0.000000e+00
PROFILE_ITER 0 183 1.966000e-03 6.260872e-04 0.000000e+00 1.350164e-03 0.000000e+00 0.000000e+00 0.000000e+00
PROFILE_ITER 1 190 2.329826e-03 2.751350e-04 0.000000e+00 2.316713e-03 0.000000e+00 0.000000e+00 0.000000e+00
PROFILE_ITER 1 191 2.279997e-03 2.729893e-04 0.000000e+00 2.267122e-03 0.000000e+00 0.000000e+00 9.536743e-07
PROFILE_ITER 1 192 2.385139e-03 2.849102e-04 0.000000e+00 2.374172e-03 0.000000e+00 0.000000e+00 0.000000e+00
PROFILE_ITER 1 193 2.273083e-03 2.779961e-04 0.000000e+00 2.261162e-03 0.000000e+00 0.000000e+00 0.000000e+00
PROFILE_ITER 0 184 1.970053e-03 6.389618e-04 9.536743e-07 1.348257e-03 9.536743e-07 0.000000e+00 0.000000e+00
PROFILE_ITER 0 185 1.965046e-03 5.998611e-04 0.000000e+00 1.348019e-03 0.000000e+00 0.000000e+00 0.000000e+00
PROFILE_ITER 0 186 1.965046e-03 6.020069e-04 0.000000e+00 1.349926e-03 0.000000e+00 0.000000e+00 0.000000e+00
PROFILE_ITER 0 187 1.970053e-03 6.418228e-04 0.000000e+00 1.349926e-03 0.000000e+00 0.000000e+00 0.000000e+00
PROFILE_ITER 1 194 2.392054e-03 2.830029e-04 0.000000e+00 2.380133e-03 0.000000e+00 0.000000e+00 0.000000e+00
PROFILE_ITER 1 195 2.384901e-03 2.751350e-04 0.000000e+00 2.372980e-03 0.000000e+00 0.000000e+00 0.000000e+00
PROFILE_ITER 1 196 2.288103e-03 2.827644e-04 0.000000e+00 2.276182e-03 0.000000e+00 0.000000e+00 0.000000e+00
PROFILE_ITER 1 197 2.348185e-03 2.808571e-04 0.000000e+00 2.334356e-03 0.000000e+00 0.000000e+00 9.536743e-07
PROFILE_ITER 1 198 2.305984e-03 2.849102e-04 0.000000e+00 2.294779e-03 0.000000e+00 0.000000e+00 0.000000e+00
PROFILE_ITER 0 188 1.962185e-03 5.998611e-04 0.000000e+00 1.350164e-03 0.000000e+00 0.000000e+00 0.000000e+00
PROFILE_ITER 0 189 1.964808e-03 6.442070e-04 0.000000e+00 1.348972e-03 0.000000e+00 0.000000e+00 0.000000e+00
PROFILE_ITER 0 190 1.960993e-03 6.439686e-04 0.000000e+00 1.349926e-03 0.000000e+00 0.000000e+00 0.000000e+00
PROFILE_ITER 0 191 1.960039e-03 5.929470e-04 0.000000e+00 1.347780e-03 0.000000e+00 9.536743e-07 0.000000e+00
PROFILE_ITER 0 192 1.966953e-03 7.030964e-04 0.000000e+00 1.350880e-03 9.536743e-07 0.000000e+00 0.000000e+00
PROFILE_ITER 1 199 2.393246e-03 2.808571e-04 0.000000e+00 2.378941e-03 0.000000e+00 0.000000e+00 9.536743e-07
PROFILE_ACCUM 1 spmv=4.666123e-01 vecops=2.241466e-01 send_fill=1.144409e-05 local_spmv=4.640481e-01 comm_wait=1.025200e-05 shared_spmv=0.000000e+00 send_wait=3.743172e-05
PROFILE_ITER 0 193 1.962185e-03 5.888939e-04 0.000000e+00 1.351118e-03 0.000000e+00 0.000000e+00 0.000000e+00
PROFILE_ITER 0 194 1.963854e-03 7.112026e-04 0.000000e+00 1.349926e-03 0.000000e+00 0.000000e+00 0.000000e+00
PROFILE_ITER 0 195 1.961946e-03 6.980896e-04 0.000000e+00 1.350880e-03 1.192093e-06 0.000000e+00 0.000000e+00
PROFILE_ITER 0 196 1.962900e-03 6.079674e-04 0.000000e+00 1.349926e-03 0.000000e+00 0.000000e+00 0.000000e+00
PROFILE_ITER 0 197 1.971960e-03 6.570816e-04 0.000000e+00 1.351118e-03 0.000000e+00 0.000000e+00 0.000000e+00
PROFILE_ITER 0 198 1.963139e-03 6.277561e-04 9.536743e-07 1.348972e-03 0.000000e+00 0.000000e+00 0.000000e+00
PROFILE_ITER 0 199 1.965046e-03 7.090569e-04 0.000000e+00 1.351118e-03 0.000000e+00 0.000000e+00 0.000000e+00
PROFILE_ACCUM 0 spmv=3.934655e-01 vecops=1.297784e-01 send_fill=1.597404e-05 local_spmv=2.699828e-01 comm_wait=1.764297e-05 shared_spmv=1.430511e-05 send_wait=4.053116e-06
