Matrix name : /home/bugra/Workspace/C/HetHypPar_rewrite/data/matrices/rma10_1c_100g/rma10_1c_100g.mtx

	****	Matrix File readed	****LOG: Finished Creating Shard CSC
LOG: Finished Creating Vectors
n_iters : 200 
spmv : 4.744772 
file_read : 41.464343 
relative_residual : 1.219159E+09
everything_total : 46.617405

----------------------------------------------------------------------
PROFILE_HEADER rank iter spmv vecops send_fill local_spmv comm_wait shared_spmv send_wait
PROFILE_ITER 0 0 2.107692e-02 3.835201e-03 0.000000e+00 1.474309e-02 0.000000e+00 0.000000e+00 0.000000e+00
PROFILE_ITER 0 1 2.057719e-02 3.264666e-03 0.000000e+00 1.474214e-02 0.000000e+00 0.000000e+00 0.000000e+00
PROFILE_ITER 0 2 2.051806e-02 3.256083e-03 0.000000e+00 1.474690e-02 1.192093e-06 0.000000e+00 0.000000e+00
PROFILE_ITER 0 3 2.050900e-02 3.242970e-03 0.000000e+00 1.474071e-02 0.000000e+00 0.000000e+00 0.000000e+00
PROFILE_ITER 0 4 2.052712e-02 3.245831e-03 0.000000e+00 1.473284e-02 0.000000e+00 0.000000e+00 1.192093e-06
PROFILE_ITER 0 5 2.052426e-02 3.255844e-03 0.000000e+00 1.474118e-02 9.536743e-07 0.000000e+00 0.000000e+00
PROFILE_ITER 0 6 2.050805e-02 3.245831e-03 0.000000e+00 1.474285e-02 9.536743e-07 0.000000e+00 0.000000e+00
PROFILE_ITER 0 7 2.059698e-02 3.244162e-03 0.000000e+00 1.474094e-02 0.000000e+00 9.536743e-07 0.000000e+00
PROFILE_ITER 0 8 2.053380e-02 3.247023e-03 0.000000e+00 1.474190e-02 0.000000e+00 0.000000e+00 0.000000e+00
PROFILE_ITER 0 9 2.050424e-02 3.250837e-03 0.000000e+00 1.473832e-02 0.000000e+00 0.000000e+00 0.000000e+00
PROFILE_ITER 0 10 2.053380e-02 3.251314e-03 0.000000e+00 1.474786e-02 0.000000e+00 0.000000e+00 0.000000e+00
PROFILE_ITER 0 11 2.051711e-02 3.239870e-03 0.000000e+00 1.473927e-02 0.000000e+00 0.000000e+00 0.000000e+00
PROFILE_ITER 0 12 2.047706e-02 3.248930e-03 0.000000e+00 1.469088e-02 0.000000e+00 0.000000e+00 0.000000e+00
PROFILE_ITER 0 13 2.045107e-02 3.243923e-03 0.000000e+00 1.469088e-02 0.000000e+00 0.000000e+00 0.000000e+00
PROFILE_ITER 0 14 2.045894e-02 3.237963e-03 9.536743e-07 1.469493e-02 0.000000e+00 0.000000e+00 0.000000e+00
PROFILE_ITER 0 15 2.048731e-02 3.247738e-03 0.000000e+00 1.469088e-02 1.192093e-06 0.000000e+00 0.000000e+00
PROFILE_ITER 0 16 2.048135e-02 3.249645e-03 0.000000e+00 1.469517e-02 0.000000e+00 0.000000e+00 0.000000e+00
PROFILE_ITER 0 17 2.045226e-02 3.253698e-03 0.000000e+00 1.469135e-02 0.000000e+00 0.000000e+00 0.000000e+00
PROFILE_ITER 0 18 2.045703e-02 3.242016e-03 0.000000e+00 1.469302e-02 0.000000e+00 0.000000e+00 0.000000e+00
PROFILE_ITER 0 19 2.046394e-02 3.246069e-03 0.000000e+00 1.468992e-02 0.000000e+00 0.000000e+00 0.000000e+00
PROFILE_ITER 0 20 2.048397e-02 3.257990e-03 1.192093e-06 1.469088e-02 0.000000e+00 0.000000e+00 0.000000e+00
PROFILE_ITER 0 21 2.054787e-02 3.243208e-03 0.000000e+00 1.469207e-02 0.000000e+00 0.000000e+00 0.000000e+00
PROFILE_ITER 0 22 2.050304e-02 3.250837e-03 0.000000e+00 1.469207e-02 0.000000e+00 0.000000e+00 0.000000e+00
PROFILE_ITER 0 23 2.047300e-02 3.237009e-03 9.536743e-07 1.469612e-02 9.536743e-07 0.000000e+00 0.000000e+00
PROFILE_ITER 0 24 2.045798e-02 3.235102e-03 0.000000e+00 1.469493e-02 0.000000e+00 0.000000e+00 0.000000e+00
PROFILE_ITER 0 25 2.046204e-02 3.237009e-03 0.000000e+00 1.469088e-02 0.000000e+00 0.000000e+00 0.000000e+00
PROFILE_ITER 0 26 2.045798e-02 3.233910e-03 0.000000e+00 1.469111e-02 0.000000e+00 0.000000e+00 0.000000e+00
PROFILE_ITER 0 27 2.045584e-02 3.237247e-03 0.000000e+00 1.469302e-02 0.000000e+00 0.000000e+00 0.000000e+00
PROFILE_ITER 0 28 2.046418e-02 3.249884e-03 0.000000e+00 1.469302e-02 0.000000e+00 0.000000e+00 0.000000e+00
PROFILE_ITER 0 29 2.047896e-02 3.252029e-03 0.000000e+00 1.469207e-02 0.000000e+00 9.536743e-07 0.000000e+00
PROFILE_ITER 0 30 2.046204e-02 3.250837e-03 0.000000e+00 1.469111e-02 0.000000e+00 0.000000e+00 0.000000e+00
PROFILE_ITER 0 31 2.045894e-02 3.237009e-03 0.000000e+00 1.468897e-02 0.000000e+00 0.000000e+00 0.000000e+00
PROFILE_ITER 0 32 2.045679e-02 3.246307e-03 0.000000e+00 1.468682e-02 0.000000e+00 0.000000e+00 0.000000e+00
PROFILE_ITER 0 33 2.047586e-02 3.245115e-03 0.000000e+00 1.468992e-02 0.000000e+00 0.000000e+00 0.000000e+00
PROFILE_ITER 0 34 2.046084e-02 3.255129e-03 0.000000e+00 1.469183e-02 0.000000e+00 0.000000e+00 0.000000e+00
PROFILE_ITERPROFILE_HEADER rank iter spmv vecops send_fill local_spmv comm_wait shared_spmv send_wait
PROFILE_ITER 1 0 3.745079e-03 5.012360e-01 0.000000e+00 3.719091e-03 9.536743e-07 0.000000e+00 1.907349e-06
PROFILE_ITER 1 1 2.623081e-03 2.121687e-02 0.000000e+00 2.606153e-03 0.000000e+00 0.000000e+00 0.000000e+00
PROFILE_ITER 1 2 2.434015e-03 2.134204e-02 0.000000e+00 2.418995e-03 0.000000e+00 0.000000e+00 0.000000e+00
PROFILE_ITER 1 3 2.454042e-03 2.129889e-02 0.000000e+00 2.440214e-03 0.000000e+00 0.000000e+00 0.000000e+00
PROFILE_ITER 1 4 2.516985e-03 2.125597e-02 0.000000e+00 2.501965e-03 0.000000e+00 0.000000e+00 9.536743e-07
PROFILE_ITER 1 5 2.629042e-03 2.115011e-02 0.000000e+00 2.613068e-03 0.000000e+00 0.000000e+00 0.000000e+00
PROFILE_ITER 1 6 2.418041e-03 2.133679e-02 0.000000e+00 2.402067e-03 0.000000e+00 0.000000e+00 9.536743e-07
PROFILE_ITER 1 7 2.647161e-03 2.119398e-02 0.000000e+00 2.633095e-03 0.000000e+00 0.000000e+00 0.000000e+00
PROFILE_ITER 1 8 2.454996e-03 2.132487e-02 0.000000e+00 2.442122e-03 0.000000e+00 0.000000e+00 0.000000e+00
PROFILE_ITER 1 9 2.480030e-03 2.127314e-02 0.000000e+00 2.464056e-03 0.000000e+00 0.000000e+00 0.000000e+00
PROFILE_ITER 1 10 2.500772e-03 2.128720e-02 0.000000e+00 2.485991e-03 0.000000e+00 0.000000e+00 0.000000e+00
PROFILE_ITER 1 11 2.437830e-03 2.131820e-02 0.000000e+00 2.423048e-03 0.000000e+00 0.000000e+00 0.000000e+00
PROFILE_ITER 1 12 2.604723e-03 2.112126e-02 0.000000e+00 2.589941e-03 0.000000e+00 0.000000e+00 0.000000e+00
PROFILE_ITER 1 13 2.481937e-03 2.121305e-02 0.000000e+00 2.467155e-03 0.000000e+00 0.000000e+00 0.000000e+00
PROFILE_ITER 1 14 2.390146e-03 2.130580e-02 9.536743e-07 2.376080e-03 0.000000e+00 0.000000e+00 0.000000e+00
PROFILE_ITER 1 15 2.555847e-03 2.117920e-02 0.000000e+00 2.540827e-03 0.000000e+00 0.000000e+00 0.000000e+00
PROFILE_ITER 1 16 2.530098e-03 2.120090e-02 0.000000e+00 2.514839e-03 0.000000e+00 0.000000e+00 1.192093e-06
PROFILE_ITER 1 17 2.392054e-03 2.131295e-02 0.000000e+00 2.375126e-03 0.000000e+00 0.000000e+00 0.000000e+00
PROFILE_ITER 1 18 2.417088e-03 2.128291e-02 0.000000e+00 2.400875e-03 0.000000e+00 0.000000e+00 9.536743e-07
PROFILE_ITER 1 19 2.496958e-03 2.121401e-02 0.000000e+00 2.482891e-03 0.000000e+00 0.000000e+00 0.000000e+00
PROFILE_ITER 1 20 2.511978e-03 2.122903e-02 0.000000e+00 2.496958e-03 0.000000e+00 0.000000e+00 1.907349e-06
PROFILE_ITER 1 21 2.686739e-03 2.110434e-02 0.000000e+00 2.671957e-03 0.000000e+00 0.000000e+00 9.536743e-07
PROFILE_ITER 1 22 2.679825e-03 2.107310e-02 0.000000e+00 2.665758e-03 0.000000e+00 0.000000e+00 1.192093e-06
PROFILE_ITER 1 23 2.616882e-03 2.109432e-02 9.536743e-07 2.602100e-03 0.000000e+00 0.000000e+00 0.000000e+00
PROFILE_ITER 1 24 2.440214e-03 2.125168e-02 0.000000e+00 2.425194e-03 0.000000e+00 0.000000e+00 9.536743e-07
PROFILE_ITER 1 25 2.418041e-03 2.127886e-02 0.000000e+00 2.401114e-03 0.000000e+00 0.000000e+00 9.536743e-07
PROFILE_ITER 1 26 2.465010e-03 2.122903e-02 0.000000e+00 2.451181e-03 0.000000e+00 0.000000e+00 0.000000e+00
PROFILE_ITER 1 27 2.446890e-03 2.124715e-02 0.000000e+00 2.432108e-03 9.536743e-07 0.000000e+00 0.000000e+00
PROFILE_ITER 1 28 2.478123e-03 2.123499e-02 0.000000e+00 2.463818e-03 0.000000e+00 0.000000e+00 0.000000e+00
PROFILE_ITER 1 29 2.424002e-03 2.130604e-02 0.000000e+00 2.408028e-03 0.000000e+00 0.000000e+00 0.000000e+00
PROFILE_ITER 1 30 2.521276e-03 2.119160e-02 0.000000e+00 2.506971e-03 0.000000e+00 0.000000e+00 0.000000e+00
PROFILE_ITER 1 31 2.561331e-03 2.113461e-02 0.000000e+00 2.546072e-03 0.000000e+00 0.000000e+00 0.000000e+00
PROFILE_ITER 1 32 2.460957e-03 2.124214e-02 0.000000e+00 2.447844e-03 0.000000e+00 0.000000e+00 0.000000e+00
PROFILE_ITER 1 33 2.559185e-03 2.116084e-02 0.000000e+00 2.542973e-03 0.000000e+00 0.000000e+00 0.000000e+00
PROFILE_ITER 1 34 2.454042e-03 2.126288e-02 0.000000e+00 2.441168e-03 0.000000e+00 0.000000e+00 0.000000e+00
PROFILE_ITER 1 35 2.543926e-03 2.116323e-02 0.000000e+00 2.529860e-03 0.000000e+00 0.000000e+00 1.192093e-06
PROFILE_ITER 1 36 2.593994e-03 2.112293e-02 0.000000e+00 2.579927e-03 0.000000e+00 0.000000e 0 35 2.046490e-02 3.243208e-03 0.000000e+00 1.469111e-02 9.536743e-07 0.000000e+00 0.000000e+00
PROFILE_ITER 0 36 2.046800e-02 3.248930e-03 0.000000e+00 1.469207e-02 0.000000e+00 0.000000e+00 0.000000e+00
PROFILE_ITER 0 37 2.048111e-02 3.245831e-03 0.000000e+00 1.469111e-02 0.000000e+00 0.000000e+00 0.000000e+00
PROFILE_ITER 0 38 2.046585e-02 3.234148e-03 0.000000e+00 1.469207e-02 9.536743e-07 0.000000e+00 0.000000e+00
PROFILE_ITER 0 39 2.045727e-02 3.232718e-03 0.000000e+00 1.468992e-02 0.000000e+00 0.000000e+00 0.000000e+00
PROFILE_ITER 0 40 2.046585e-02 3.255129e-03 0.000000e+00 1.468992e-02 0.000000e+00 0.000000e+00 0.000000e+00
PROFILE_ITER 0 41 2.049589e-02 3.242254e-03 0.000000e+00 1.469016e-02 9.536743e-07 0.000000e+00 0.000000e+00
PROFILE_ITER 0 42 2.047396e-02 3.240108e-03 0.000000e+00 1.468897e-02 9.536743e-07 0.000000e+00 0.000000e+00
PROFILE_ITER 0 43 2.047563e-02 3.240347e-03 0.000000e+00 1.469088e-02 9.536743e-07 0.000000e+00 0.000000e+00
PROFILE_ITER 0 44 2.046299e-02 3.233910e-03 0.000000e+00 1.469088e-02 0.000000e+00 0.000000e+00 0.000000e+00
PROFILE_ITER 0 45 2.045703e-02 3.249884e-03 0.000000e+00 1.468706e-02 0.000000e+00 0.000000e+00 0.000000e+00
PROFILE_ITER 0 46 2.046323e-02 3.235817e-03 0.000000e+00 1.469207e-02 0.000000e+00 0.000000e+00 0.000000e+00
PROFILE_ITER 0 47 2.045512e-02 3.247976e-03 0.000000e+00 1.469231e-02 0.000000e+00 0.000000e+00 0.000000e+00
PROFILE_ITER 0 48 2.044320e-02 3.235817e-03 0.000000e+00 1.468921e-02 0.000000e+00 0.000000e+00 0.000000e+00
PROFILE_ITER 0 49 2.048612e-02 3.247738e-03 0.000000e+00 1.469398e-02 0.000000e+00 0.000000e+00 0.000000e+00
PROFILE_ITER 0 50 2.045512e-02 3.248930e-03 0.000000e+00 1.469398e-02 0.000000e+00 0.000000e+00 0.000000e+00
PROFILE_ITER 0 51 2.048182e-02 3.249168e-03 0.000000e+00 1.469302e-02 0.000000e+00 0.000000e+00 0.000000e+00
PROFILE_ITER 0 52 2.048016e-02 3.250837e-03 0.000000e+00 1.468801e-02 0.000000e+00 0.000000e+00 0.000000e+00
PROFILE_ITER 0 53 2.045083e-02 3.243208e-03 0.000000e+00 1.468801e-02 0.000000e+00 0.000000e+00 0.000000e+00
PROFILE_ITER 0 54 2.045894e-02 3.240108e-03 0.000000e+00 1.468897e-02 0.000000e+00 0.000000e+00 0.000000e+00
PROFILE_ITER 0 55 2.047014e-02 3.243923e-03 0.000000e+00 1.468611e-02 0.000000e+00 0.000000e+00 0.000000e+00
PROFILE_ITER 0 56 2.044797e-02 3.238916e-03 0.000000e+00 1.468801e-02 0.000000e+00 0.000000e+00 0.000000e+00
PROFILE_ITER 0 57 2.046394e-02 3.252029e-03 0.000000e+00 1.468992e-02 0.000000e+00 0.000000e+00 0.000000e+00
PROFILE_ITER 0 58 2.047396e-02 3.246069e-03 0.000000e+00 1.468801e-02 0.000000e+00 0.000000e+00 0.000000e+00
PROFILE_ITER 0 59 2.045298e-02 3.252029e-03 9.536743e-07 1.468825e-02 0.000000e+00 0.000000e+00 0.000000e+00
PROFILE_ITER 0 60 2.045703e-02 3.242970e-03 0.000000e+00 1.468873e-02 0.000000e+00 0.000000e+00 0.000000e+00
PROFILE_ITER 0 61 2.045298e-02 3.247976e-03 0.000000e+00 1.468897e-02 0.000000e+00 0.000000e+00 0.000000e+00
PROFILE_ITER 0 62 2.047420e-02 3.250837e-03 0.000000e+00 1.469302e-02 0.000000e+00 0.000000e+00 0.000000e+00
PROFILE_ITER 0 63 2.056623e-02 3.244877e-03 0.000000e+00 1.468825e-02 0.000000e+00 0.000000e+00 0.000000e+00
PROFILE_ITER 0 64 2.046204e-02 3.244877e-03 0.000000e+00 1.469088e-02 0.000000e+00 0.000000e+00 0.000000e+00
PROFILE_ITER 0 65 2.046800e-02 3.237963e-03 0.000000e+00 1.468992e-02 0.000000e+00 0.000000e+00 0.000000e+00
PROFILE_ITER 0 66 2.045822e-02 3.244877e-03 0.000000e+00 1.469803e-02 0.000000e+00 1.192093e-06 0.000000e+00
+00 0.000000e+00
PROFILE_ITER 1 37 2.604008e-03 2.112293e-02 0.000000e+00 2.588987e-03 0.000000e+00 0.000000e+00 0.000000e+00
PROFILE_ITER 1 38 2.458096e-03 2.124190e-02 0.000000e+00 2.444029e-03 0.000000e+00 0.000000e+00 0.000000e+00
PROFILE_ITER 1 39 2.487898e-03 2.120209e-02 0.000000e+00 2.473831e-03 0.000000e+00 0.000000e+00 9.536743e-07
PROFILE_ITER 1 40 2.438068e-03 2.128291e-02 0.000000e+00 2.424240e-03 0.000000e+00 0.000000e+00 0.000000e+00
PROFILE_ITER 1 41 2.562761e-03 2.117443e-02 0.000000e+00 2.547979e-03 0.000000e+00 0.000000e+00 0.000000e+00
PROFILE_ITER 1 42 2.513885e-03 2.120113e-02 1.192093e-06 2.498865e-03 9.536743e-07 0.000000e+00 0.000000e+00
PROFILE_ITER 1 43 2.402067e-03 2.131486e-02 0.000000e+00 2.385855e-03 0.000000e+00 0.000000e+00 9.536743e-07
PROFILE_ITER 1 44 2.506971e-03 2.118897e-02 0.000000e+00 2.490997e-03 0.000000e+00 0.000000e+00 0.000000e+00
PROFILE_ITER 1 45 2.447128e-03 2.125978e-02 0.000000e+00 2.430916e-03 0.000000e+00 0.000000e+00 0.000000e+00
PROFILE_ITER 1 46 2.511978e-03 2.118587e-02 0.000000e+00 2.498150e-03 0.000000e+00 0.000000e+00 0.000000e+00
PROFILE_ITER 1 47 2.462149e-03 2.124095e-02 0.000000e+00 2.448082e-03 0.000000e+00 0.000000e+00 0.000000e+00
PROFILE_ITER 1 48 2.384901e-03 2.129316e-02 0.000000e+00 2.368927e-03 0.000000e+00 0.000000e+00 9.536743e-07
PROFILE_ITER 1 49 2.412081e-03 2.132082e-02 0.000000e+00 2.397060e-03 0.000000e+00 0.000000e+00 0.000000e+00
PROFILE_ITER 1 50 2.403975e-03 2.130103e-02 0.000000e+00 2.390146e-03 0.000000e+00 0.000000e+00 0.000000e+00
PROFILE_ITER 1 51 2.526999e-03 2.120399e-02 0.000000e+00 2.511978e-03 0.000000e+00 0.000000e+00 9.536743e-07
PROFILE_ITER 1 52 2.568960e-03 2.116203e-02 0.000000e+00 2.555847e-03 0.000000e+00 0.000000e+00 0.000000e+00
PROFILE_ITER 1 53 2.437115e-03 2.125692e-02 0.000000e+00 2.422094e-03 0.000000e+00 0.000000e+00 9.536743e-07
PROFILE_ITER 1 54 2.437830e-03 2.126217e-02 0.000000e+00 2.424002e-03 0.000000e+00 0.000000e+00 0.000000e+00
PROFILE_ITER 1 55 2.588987e-03 2.112412e-02 0.000000e+00 2.574921e-03 0.000000e+00 0.000000e+00 0.000000e+00
PROFILE_ITER 1 56 2.445221e-03 2.124166e-02 0.000000e+00 2.430916e-03 0.000000e+00 0.000000e+00 0.000000e+00
PROFILE_ITER 1 57 2.420902e-03 2.129316e-02 0.000000e+00 2.405167e-03 0.000000e+00 0.000000e+00 9.536743e-07
PROFILE_ITER 1 58 2.496004e-03 2.122593e-02 0.000000e+00 2.482891e-03 9.536743e-07 0.000000e+00 0.000000e+00
PROFILE_ITER 1 59 2.446890e-03 2.125812e-02 9.536743e-07 2.430677e-03 0.000000e+00 0.000000e+00 1.192093e-06
PROFILE_ITER 1 60 2.462149e-03 2.123785e-02 9.536743e-07 2.446175e-03 0.000000e+00 0.000000e+00 1.907349e-06
PROFILE_ITER 1 61 2.513170e-03 2.118874e-02 0.000000e+00 2.497911e-03 0.000000e+00 0.000000e+00 1.192093e-06
PROFILE_ITER 1 62 2.516985e-03 2.120709e-02 0.000000e+00 2.501965e-03 0.000000e+00 0.000000e+00 0.000000e+00
PROFILE_ITER 1 63 2.768993e-03 2.104115e-02 0.000000e+00 2.755880e-03 0.000000e+00 0.000000e+00 0.000000e+00
PROFILE_ITER 1 64 2.515078e-03 2.119184e-02 0.000000e+00 2.500057e-03 0.000000e+00 0.000000e+00 1.907349e-06
PROFILE_ITER 1 65 2.499104e-03 2.120495e-02 0.000000e+00 2.485037e-03 0.000000e+00 0.000000e+00 9.536743e-07
PROFILE_ITER 1 66 2.444029e-03 2.126098e-02 0.000000e+00 2.429962e-03 0.000000e+00 0.000000e+00 0.000000e+00
PROFILE_ITER 1 67 2.491713e-03 2.121019e-02 0.000000e+00 2.478123e-03 0.000000e+00 0.000000e+00 0.000000e+00
PROFILE_ITER 1 68 2.398014e-03 2.130413e-02 9.536743e-07 2.382040e-03 0.000000e+00 0.000000e+00 1.907349e-06
PROFILE_ITER 1 69 2.433062e-03 2.127981e-02 0.000000e+00 2.419233e-03 0.000000e+00 0.000000e+00 0.000000e+00
PROFILE_ITER 1 70 2.577066e-03 2.116203e-02 0.000000e+00 2.561808e-03 0.000000e+00 0.000000e+00 2.145767e-06
PROFILE_ITER 0 67 2.045202e-02 3.249884e-03 0.000000e+00 1.468706e-02 0.000000e+00 0.000000e+00 0.000000e+00
PROFILE_ITER 0 68 2.045012e-02 3.252029e-03 1.192093e-06 1.469016e-02 0.000000e+00 0.000000e+00 0.000000e+00
PROFILE_ITER 0 69 2.046585e-02 3.247976e-03 0.000000e+00 1.469612e-02 0.000000e+00 0.000000e+00 0.000000e+00
PROFILE_ITER 0 70 2.049518e-02 3.243923e-03 0.000000e+00 1.468992e-02 1.192093e-06 0.000000e+00 0.000000e+00
PROFILE_ITER 0 71 2.046394e-02 3.250122e-03 0.000000e+00 1.469207e-02 0.000000e+00 0.000000e+00 0.000000e+00
PROFILE_ITER 0 72 2.047610e-02 3.244877e-03 0.000000e+00 1.469207e-02 0.000000e+00 0.000000e+00 9.536743e-07
PROFILE_ITER 0 73 2.047992e-02 3.250122e-03 9.536743e-07 1.468825e-02 0.000000e+00 0.000000e+00 0.000000e+00
PROFILE_ITER 0 74 2.044106e-02 3.253937e-03 0.000000e+00 1.469207e-02 0.000000e+00 0.000000e+00 0.000000e+00
PROFILE_ITER 0 75 2.045298e-02 3.252029e-03 0.000000e+00 1.468897e-02 0.000000e+00 0.000000e+00 0.000000e+00
PROFILE_ITER 0 76 2.049112e-02 3.242731e-03 0.000000e+00 1.468921e-02 0.000000e+00 0.000000e+00 0.000000e+00
PROFILE_ITER 0 77 2.046180e-02 3.248215e-03 0.000000e+00 1.469278e-02 0.000000e+00 0.000000e+00 0.000000e+00
PROFILE_ITER 0 78 2.046585e-02 3.239155e-03 0.000000e+00 1.468801e-02 0.000000e+00 0.000000e+00 0.000000e+00
PROFILE_ITER 0 79 2.045631e-02 3.245831e-03 0.000000e+00 1.469016e-02 0.000000e+00 0.000000e+00 0.000000e+00
PROFILE_ITER 0 80 2.045512e-02 3.239870e-03 0.000000e+00 1.468992e-02 0.000000e+00 0.000000e+00 1.192093e-06
PROFILE_ITER 0 81 2.047610e-02 3.238916e-03 0.000000e+00 1.469088e-02 0.000000e+00 1.192093e-06 0.000000e+00
PROFILE_ITER 0 82 2.045083e-02 3.243208e-03 0.000000e+00 1.469278e-02 0.000000e+00 0.000000e+00 0.000000e+00
PROFILE_ITER 0 83 2.047515e-02 3.257751e-03 0.000000e+00 1.469421e-02 0.000000e+00 0.000000e+00 0.000000e+00
PROFILE_ITER 0 84 2.045894e-02 3.249168e-03 0.000000e+00 1.469517e-02 0.000000e+00 0.000000e+00 0.000000e+00
PROFILE_ITER 0 85 2.045608e-02 3.239870e-03 0.000000e+00 1.469302e-02 0.000000e+00 0.000000e+00 0.000000e+00
PROFILE_ITER 0 86 2.046204e-02 3.253937e-03 0.000000e+00 1.469398e-02 0.000000e+00 0.000000e+00 0.000000e+00
PROFILE_ITER 0 87 2.048016e-02 3.246784e-03 0.000000e+00 1.469111e-02 0.000000e+00 0.000000e+00 0.000000e+00
PROFILE_ITER 1 71 2.563953e-03 2.115011e-02 1.192093e-06 2.546787e-03 0.000000e+00 0.000000e+00 2.145767e-06
PROFILE_ITER 1 72 2.571106e-03 2.114987e-02 0.000000e+00 2.557039e-03 0.000000e+00 0.000000e+00 9.536743e-07
PROFILE_ITER 1 73 2.559185e-03 2.116871e-02 0.000000e+00 2.544165e-03 0.000000e+00 0.000000e+00 1.907349e-06
PROFILE_ITER 1 74 2.401114e-03 2.129698e-02 0.000000e+00 2.387047e-03 0.000000e+00 0.000000e+00 0.000000e+00
PROFILE_ITER 1 75 2.546072e-03 2.115893e-02 0.000000e+00 2.531052e-03 0.000000e+00 0.000000e+00 0.000000e+00
PROFILE_ITER 1 76 2.490997e-03 2.124286e-02 0.000000e+00 2.478123e-03 0.000000e+00 0.000000e+00 9.536743e-07
PROFILE_ITER 1 77 2.489805e-03 2.122021e-02 0.000000e+00 2.475739e-03 0.000000e+00 0.000000e+00 0.000000e+00
PROFILE_ITER 1 78 2.548933e-03 2.115607e-02 0.000000e+00 2.533913e-03 0.000000e+00 0.000000e+00 1.907349e-06
PROFILE_ITER 1 79 2.448082e-03 2.125502e-02 0.000000e+00 2.434015e-03 0.000000e+00 0.000000e+00 9.536743e-07
PROFILE_ITER 1 80 2.534151e-03 2.116084e-02 0.000000e+00 2.518892e-03 0.000000e+00 0.000000e+00 2.145767e-06
PROFILE_ITER 1 81 2.580881e-03 2.113318e-02 0.000000e+00 2.565145e-03 0.000000e+00 0.000000e+00 2.861023e-06
PROFILE_ITER 1 82 2.408981e-03 2.128601e-02 0.000000e+00 2.393007e-03 0.000000e+00 0.000000e+00 1.907349e-06
PROFILE_ITER 1 83 2.499104e-03 2.123380e-02 0.000000e+00 2.481937e-03 0.000000e+00 0.000000e+00 2.145767e-06
PROFILE_ITER 1 84 2.465010e-03 2.124405e-02 0.000000e+00 2.449036e-03 0.000000e+00 0.000000e+00 1.907349e-06
PROFILE_ITER 1 85 2.460003e-03 2.123499e-02 9.536743e-07 2.444983e-03 0.000000e+00 0.000000e+00 0.000000e+00
PROFILE_ITER 0 88 2.047920e-02 3.250837e-03 0.000000e+00 1.469207e-02 0.000000e+00 0.000000e+00 0.000000e+00
PROFILE_ITER 0 89 2.047110e-02 3.248930e-03 0.000000e+00 1.469398e-02 0.000000e+00 0.000000e+00 0.000000e+00
PROFILE_ITER 0 90 2.045798e-02 3.252983e-03 0.000000e+00 1.469326e-02 0.000000e+00 0.000000e+00 0.000000e+00
PROFILE_ITER 0 91 2.046204e-02 3.240108e-03 0.000000e+00 1.468706e-02 0.000000e+00 0.000000e+00 0.000000e+00
PROFILE_ITER 0 92 2.044916e-02 3.244638e-03 0.000000e+00 1.468801e-02 0.000000e+00 0.000000e+00 0.000000e+00
PROFILE_ITER 0 93 2.044106e-02 3.240108e-03 0.000000e+00 1.468396e-02 0.000000e+00 1.192093e-06 0.000000e+00
PROFILE_ITER 0 94 2.046824e-02 3.241777e-03 0.000000e+00 1.469207e-02 0.000000e+00 0.000000e+00 0.000000e+00
PROFILE_ITER 0 95 2.046895e-02 3.239870e-03 0.000000e+00 1.468873e-02 0.000000e+00 1.192093e-06 0.000000e+00
PROFILE_ITER 0 96 2.044797e-02 3.248215e-03 0.000000e+00 1.469111e-02 0.000000e+00 9.536743e-07 0.000000e+00
PROFILE_ITER 0 97 2.044487e-02 3.242016e-03 0.000000e+00 1.468587e-02 0.000000e+00 0.000000e+00 0.000000e+00
PROFILE_ITER 1 86 2.488852e-03 2.122712e-02 0.000000e+00 2.475023e-03 0.000000e+00 0.000000e+00 9.536743e-07
PROFILE_ITER 1 87 2.515078e-03 2.121091e-02 0.000000e+00 2.498150e-03 0.000000e+00 0.000000e+00 9.536743e-07
PROFILE_ITER 1 88 2.465010e-03 2.126503e-02 0.000000e+00 2.451181e-03 0.000000e+00 0.000000e+00 0.000000e+00
PROFILE_ITER 1 89 2.511024e-03 2.120805e-02 0.000000e+00 2.496004e-03 0.000000e+00 0.000000e+00 1.192093e-06
PROFILE_ITER 1 90 2.524853e-03 2.118707e-02 0.000000e+00 2.510786e-03 0.000000e+00 0.000000e+00 0.000000e+00
PROFILE_ITER 1 91 2.532005e-03 2.117014e-02 0.000000e+00 2.517939e-03 0.000000e+00 0.000000e+00 0.000000e+00
PROFILE_ITER 1 92 2.493858e-03 2.119899e-02 0.000000e+00 2.479076e-03 0.000000e+00 0.000000e+00 9.536743e-07
PROFILE_ITER 1 93 2.406120e-03 2.127504e-02 0.000000e+00 2.392054e-03 0.000000e+00 0.000000e+00 1.192093e-06
PROFILE_ITER 0 98 2.046394e-02 3.246069e-03 9.536743e-07 1.469493e-02 0.000000e+00 0.000000e+00 0.000000e+00
PROFILE_ITER 0 99 2.045012e-02 3.233910e-03 9.536743e-07 1.469207e-02 0.000000e+00 0.000000e+00 0.000000e+00
PROFILE_ITER 0 100 2.046490e-02 3.246069e-03 0.000000e+00 1.469183e-02 0.000000e+00 0.000000e+00 0.000000e+00
PROFILE_ITER 1 94 2.592087e-03 2.111888e-02 0.000000e+00 2.578020e-03 0.000000e+00 0.000000e+00 0.000000e+00
PROFILE_ITER 1 95 2.490044e-03 2.121782e-02 1.192093e-06 2.475023e-03 9.536743e-07 0.000000e+00 0.000000e+00
PROFILE_ITER 1 96 2.420902e-03 2.127528e-02 0.000000e+00 2.405882e-03 0.000000e+00 0.000000e+00 0.000000e+00
PROFILE_ITER 1 97 2.406836e-03 2.127814e-02 0.000000e+00 2.392054e-03 0.000000e+00 0.000000e+00 9.536743e-07
PROFILE_ITER 0 101 2.045584e-02 3.260136e-03 0.000000e+00 1.469207e-02 0.000000e+00 0.000000e+00 9.536743e-07
PROFILE_ITER 0 102 2.047300e-02 3.237963e-03 0.000000e+00 1.469111e-02 0.000000e+00 0.000000e+00 0.000000e+00
PROFILE_ITER 0 103 2.046895e-02 3.236055e-03 0.000000e+00 1.469278e-02 0.000000e+00 0.000000e+00 0.000000e+00
PROFILE_ITER 0 104 2.054811e-02 3.250122e-03 0.000000e+00 1.476979e-02 0.000000e+00 0.000000e+00 0.000000e+00
PROFILE_ITER 1 98 2.500057e-03 2.121186e-02 0.000000e+00 2.485037e-03 0.000000e+00 0.000000e+00 0.000000e+00
PROFILE_ITER 1 99 2.394915e-03 2.128911e-02 0.000000e+00 2.382040e-03 0.000000e+00 0.000000e+00 0.000000e+00
PROFILE_ITER 1 100 2.484083e-03 2.122784e-02 0.000000e+00 2.470016e-03 0.000000e+00 0.000000e+00 9.536743e-07
PROFILE_ITER 1 101 2.397776e-03 2.131724e-02 0.000000e+00 2.385139e-03 0.000000e+00 0.000000e+00 0.000000e+00
PROFILE_ITER 0 105 2.055883e-02 3.250122e-03 0.000000e+00 1.468897e-02 0.000000e+00 0.000000e+00 0.000000e+00
PROFILE_ITER 0 106 2.048492e-02 3.241062e-03 0.000000e+00 1.469493e-02 0.000000e+00 0.000000e+00 0.000000e+00
PROFILE_ITER 0 107 2.046204e-02 3.249884e-03 0.000000e+00 1.469111e-02 0.000000e+00 0.000000e+00 0.000000e+00
PROFILE_ITER 0 108 2.045321e-02 3.246784e-03 0.000000e+00 1.469016e-02 0.000000e+00 0.000000e+00 9.536743e-07
PROFILE_ITER 1 102 2.544880e-03 2.116513e-02 0.000000e+00 2.531052e-03 0.000000e+00 0.000000e+00 0.000000e+00
PROFILE_ITER 1 103 2.414942e-03 2.129006e-02 0.000000e+00 2.400160e-03 0.000000e+00 0.000000e+00 9.536743e-07
PROFILE_ITER 0 109 2.047300e-02 3.246069e-03 0.000000e+00 1.469302e-02 0.000000e+00 0.000000e+00 0.000000e+00
PROFILE_ITER 0 110 2.047205e-02 3.242970e-03 0.000000e+00 1.469302e-02 0.000000e+00 0.000000e+00 9.536743e-07
PROFILE_ITER 0 111 2.047205e-02 3.240824e-03 0.000000e+00 1.468897e-02 0.000000e+00 0.000000e+00 0.000000e+00
PROFILE_ITER 0 112 2.045798e-02 3.247023e-03 0.000000e+00 1.469111e-02 0.000000e+00 0.000000e+00 0.000000e+00
PROFILE_ITER 0 113 2.046514e-02 3.245831e-03 0.000000e+00 1.469207e-02 0.000000e+00 0.000000e+00 0.000000e+00
PROFILE_ITER 1 104 2.498865e-03 2.129936e-02 0.000000e+00 2.482891e-03 0.000000e+00 0.000000e+00 9.536743e-07
PROFILE_ITER 1 105 2.861977e-03 2.094483e-02 0.000000e+00 2.846718e-03 0.000000e+00 0.000000e+00 2.145767e-06
PROFILE_ITER 1 106 2.655983e-03 2.107215e-02 0.000000e+00 2.639055e-03 0.000000e+00 0.000000e+00 9.536743e-07
PROFILE_ITER 0 114 2.045918e-02 3.253937e-03 0.000000e+00 1.468992e-02 0.000000e+00 0.000000e+00 0.000000e+00
PROFILE_ITER 0 115 2.047467e-02 3.252268e-03 0.000000e+00 1.469278e-02 0.000000e+00 0.000000e+00 0.000000e+00
PROFILE_ITER 0 116 2.044988e-02 3.245115e-03 0.000000e+00 1.468992e-02 0.000000e+00 0.000000e+00 0.000000e+00
PROFILE_ITER 0 117 2.046514e-02 3.242970e-03 0.000000e+00 1.468825e-02 9.536743e-07 0.000000e+00 0.000000e+00
PROFILE_ITER 1 107 2.488852e-03 2.122307e-02 0.000000e+00 2.474785e-03 0.000000e+00 0.000000e+00 9.536743e-07
PROFILE_ITER 1 108 2.377987e-03 2.132201e-02 0.000000e+00 2.363205e-03 0.000000e+00 0.000000e+00 9.536743e-07
PROFILE_ITER 0 118 2.045274e-02 3.253222e-03 0.000000e+00 1.468992e-02 0.000000e+00 0.000000e+00 0.000000e+00
PROFILE_ITER 0 119 2.045703e-02 3.239870e-03 0.000000e+00 1.469088e-02 0.000000e+00 0.000000e+00 0.000000e+00
PROFILE_ITER 0 120 2.045202e-02 3.243923e-03 0.000000e+00 1.469207e-02 0.000000e+00 0.000000e+00 0.000000e+00
PROFILE_ITER 1 109 2.514124e-03 2.120495e-02 0.000000e+00 2.499819e-03 0.000000e+00 0.000000e+00 9.536743e-07
PROFILE_ITER 1 110 2.471209e-03 2.124381e-02 0.000000e+00 2.455950e-03 0.000000e+00 0.000000e+00 2.145767e-06
PROFILE_ITER 1 111 2.618313e-03 2.109456e-02 0.000000e+00 2.600908e-03 1.192093e-06 0.000000e+00 2.145767e-06
PROFILE_ITER 0 121 2.047396e-02 3.243923e-03 1.192093e-06 1.468992e-02 0.000000e+00 0.000000e+00 9.536743e-07
PROFILE_ITER 0 122 2.044678e-02 3.254175e-03 0.000000e+00 1.469183e-02 0.000000e+00 0.000000e+00 0.000000e+00
PROFILE_ITER 1 112 2.406120e-03 2.129889e-02 0.000000e+00 2.391100e-03 0.000000e+00 0.000000e+00 0.000000e+00
PROFILE_ITER 1 113 2.448797e-03 2.126026e-02 9.536743e-07 2.434969e-03 0.000000e+00 0.000000e+00 0.000000e+00
PROFILE_ITER 0 123 2.048683e-02 3.237247e-03 9.536743e-07 1.469088e-02 0.000000e+00 0.000000e+00 0.000000e+00
PROFILE_ITER 0 124 2.046108e-02 3.244877e-03 0.000000e+00 1.469421e-02 0.000000e+00 0.000000e+00 0.000000e+00
PROFILE_ITER 0 125 2.048492e-02 3.245115e-03 0.000000e+00 1.469016e-02 0.000000e+00 0.000000e+00 0.000000e+00
PROFILE_ITER 0 126 2.047515e-02 3.241777e-03 0.000000e+00 1.469088e-02 0.000000e+00 0.000000e+00 9.536743e-07
PROFILE_ITER 1 114 2.432108e-03 2.128196e-02 0.000000e+00 2.418995e-03 0.000000e+00 0.000000e+00 0.000000e+00
PROFILE_ITER 1 115 2.511978e-03 2.121496e-02 0.000000e+00 2.496958e-03 0.000000e+00 0.000000e+00 0.000000e+00
PROFILE_ITER 1 116 2.414942e-03 2.127910e-02 0.000000e+00 2.399921e-03 0.000000e+00 0.000000e+00 9.536743e-07
PROFILE_ITER 0 127 2.046704e-02 3.246784e-03 0.000000e+00 1.469016e-02 0.000000e+00 0.000000e+00 0.000000e+00
PROFILE_ITER 0 128 2.046013e-02 3.249884e-03 0.000000e+00 1.469207e-02 0.000000e+00 0.000000e+00 0.000000e+00
PROFILE_ITER 0 129 2.045608e-02 3.254890e-03 9.536743e-07 1.469207e-02 0.000000e+00 0.000000e+00 0.000000e+00
PROFILE_ITER 0 130 2.047896e-02 3.239155e-03 0.000000e+00 1.469111e-02 0.000000e+00 0.000000e+00 0.000000e+00
PROFILE_ITER 0 131 2.046299e-02 3.256083e-03 0.000000e+00 1.468825e-02 0.000000e+00 0.000000e+00 0.000000e+00
PROFILE_ITER 0 132 2.045512e-02 3.243685e-03 0.000000e+00 1.469111e-02 0.000000e+00 0.000000e+00 0.000000e+00
PROFILE_ITER 0 133 2.049398e-02 3.247023e-03 0.000000e+00 1.469612e-02 0.000000e+00 0.000000e+00 0.000000e+00
PROFILE_ITER 1 117 2.524853e-03 2.118230e-02 0.000000e+00 2.510786e-03 0.000000e+00 0.000000e+00 1.192093e-06
PROFILE_ITER 1 118 2.431870e-03 2.127409e-02 0.000000e+00 2.416849e-03 0.000000e+00 0.000000e+00 0.000000e+00
PROFILE_ITER 1 119 2.428055e-03 2.127004e-02 0.000000e+00 2.413034e-03 0.000000e+00 0.000000e+00 0.000000e+00
PROFILE_ITER 1 120 2.470970e-03 2.122498e-02 0.000000e+00 2.457857e-03 0.000000e+00 0.000000e+00 0.000000e+00
PROFILE_ITER 1 121 2.608061e-03 2.110887e-02 0.000000e+00 2.593756e-03 0.000000e+00 0.000000e+00 0.000000e+00
PROFILE_ITER 0 134 2.049780e-02 3.249407e-03 0.000000e+00 1.469588e-02 0.000000e+00 0.000000e+00 9.536743e-07
PROFILE_ITER 0 135 2.046704e-02 3.246784e-03 0.000000e+00 1.469016e-02 0.000000e+00 9.536743e-07 0.000000e+00
PROFILE_ITER 0 136 2.046680e-02 3.257275e-03 0.000000e+00 1.469302e-02 0.000000e+00 0.000000e+00 0.000000e+00
PROFILE_ITER 1 122 2.426863e-03 2.127504e-02 0.000000e+00 2.414942e-03 0.000000e+00 0.000000e+00 0.000000e+00
PROFILE_ITER 1 123 2.612114e-03 2.111197e-02 0.000000e+00 2.595901e-03 0.000000e+00 0.000000e+00 0.000000e+00
PROFILE_ITER 1 124 2.399921e-03 2.130723e-02 0.000000e+00 2.382994e-03 9.536743e-07 0.000000e+00 9.536743e-07
PROFILE_ITER 0 137 2.045226e-02 3.240824e-03 0.000000e+00 1.469111e-02 0.000000e+00 1.192093e-06 0.000000e+00
PROFILE_ITER 0 138 2.046108e-02 3.245831e-03 0.000000e+00 1.469398e-02 0.000000e+00 0.000000e+00 0.000000e+00
PROFILE_ITER 0 139 2.047992e-02 3.244162e-03 0.000000e+00 1.469183e-02 0.000000e+00 0.000000e+00 0.000000e+00
PROFILE_ITER 0 140 2.046394e-02 3.247976e-03 0.000000e+00 1.469302e-02 0.000000e+00 0.000000e+00 0.000000e+00
PROFILE_ITER 0 141 2.046108e-02 3.242016e-03 9.536743e-07 1.468730e-02 0.000000e+00 0.000000e+00 0.000000e+00
PROFILE_ITER 0 142 2.047992e-02 3.238916e-03 0.000000e+00 1.469302e-02 0.000000e+00 0.000000e+00 0.000000e+00
PROFILE_ITER 1 125 2.585888e-03 2.114296e-02 0.000000e+00 2.572775e-03 0.000000e+00 0.000000e+00 0.000000e+00
PROFILE_ITER 1 126 2.526045e-03 2.119207e-02 0.000000e+00 2.511978e-03 0.000000e+00 0.000000e+00 0.000000e+00
PROFILE_ITER 1 127 2.424240e-03 2.128959e-02 0.000000e+00 2.409220e-03 0.000000e+00 0.000000e+00 0.000000e+00
PROFILE_ITER 1 128 2.466202e-03 2.124381e-02 0.000000e+00 2.452135e-03 0.000000e+00 0.000000e+00 0.000000e+00
PROFILE_ITER 0 143 2.046680e-02 3.249168e-03 0.000000e+00 1.469302e-02 0.000000e+00 0.000000e+00 0.000000e+00
PROFILE_ITER 1 129 2.397060e-03 2.131200e-02 0.000000e+00 2.384186e-03 0.000000e+00 0.000000e+00 0.000000e+00
PROFILE_ITER 1 130 2.569914e-03 2.115011e-02 0.000000e+00 2.554893e-03 0.000000e+00 0.000000e+00 0.000000e+00
PROFILE_ITER 0 144 2.045417e-02 3.253937e-03 0.000000e+00 1.468706e-02 0.000000e+00 0.000000e+00 0.000000e+00
PROFILE_ITER 0 145 2.048612e-02 3.244877e-03 0.000000e+00 1.469398e-02 0.000000e+00 0.000000e+00 0.000000e+00
PROFILE_ITER 0 146 2.046418e-02 3.253698e-03 0.000000e+00 1.469421e-02 0.000000e+00 0.000000e+00 0.000000e+00
PROFILE_ITER 1 131 2.508879e-03 2.120924e-02 0.000000e+00 2.495050e-03 0.000000e+00 0.000000e+00 9.536743e-07
PROFILE_ITER 1 132 2.516985e-03 2.118182e-02 0.000000e+00 2.503872e-03 0.000000e+00 0.000000e+00 0.000000e+00
PROFILE_ITER 0 147 2.056694e-02 3.236055e-03 0.000000e+00 1.469207e-02 0.000000e+00 0.000000e+00 0.000000e+00
PROFILE_ITER 0 148 2.050686e-02 3.244162e-03 9.536743e-07 1.468992e-02 0.000000e+00 0.000000e+00 0.000000e+00
PROFILE_ITER 0 149 2.045202e-02 3.251076e-03 1.192093e-06 1.468992e-02 0.000000e+00 0.000000e+00 0.000000e+00
PROFILE_ITER 0 150 2.047801e-02 3.246069e-03 0.000000e+00 1.468897e-02 0.000000e+00 0.000000e+00 0.000000e+00
PROFILE_ITER 1 133 2.433062e-03 2.130675e-02 0.000000e+00 2.418995e-03 0.000000e+00 0.000000e+00 9.536743e-07
PROFILE_ITER 1 134 2.496243e-03 2.125096e-02 0.000000e+00 2.480984e-03 0.000000e+00 0.000000e+00 9.536743e-07
PROFILE_ITER 0 151 2.046824e-02 3.236771e-03 1.907349e-06 1.469302e-02 0.000000e+00 0.000000e+00 0.000000e+00
PROFILE_ITER 0 152 2.045298e-02 3.245831e-03 0.000000e+00 1.469088e-02 9.536743e-07 0.000000e+00 0.000000e+00
PROFILE_ITER 0 153 2.044392e-02 3.244162e-03 0.000000e+00 1.468921e-02 9.536743e-07 0.000000e+00 0.000000e+00
PROFILE_ITER 0 154 2.048397e-02 3.245115e-03 1.907349e-06 1.469302e-02 0.000000e+00 0.000000e+00 0.000000e+00
PROFILE_ITER 1 135 2.449751e-03 2.126312e-02 0.000000e+00 2.435207e-03 0.000000e+00 0.000000e+00 9.536743e-07
PROFILE_ITER 1 136 2.505779e-03 2.121830e-02 0.000000e+00 2.490759e-03 0.000000e+00 0.000000e+00 9.536743e-07
PROFILE_ITER 1 137 2.376080e-03 2.131581e-02 0.000000e+00 2.362013e-03 0.000000e+00 0.000000e+00 0.000000e+00
PROFILE_ITER 0 155 2.047586e-02 3.247023e-03 0.000000e+00 1.469088e-02 0.000000e+00 0.000000e+00 0.000000e+00
PROFILE_ITER 0 156 2.045107e-02 3.238916e-03 0.000000e+00 1.468921e-02 0.000000e+00 0.000000e+00 0.000000e+00
PROFILE_ITER 0 157 2.046990e-02 3.240108e-03 1.192093e-06 1.469374e-02 0.000000e+00 0.000000e+00 9.536743e-07
PROFILE_ITER 1 138 2.484083e-03 2.122402e-02 0.000000e+00 2.469063e-03 0.000000e+00 0.000000e+00 9.536743e-07
PROFILE_ITER 1 139 2.585888e-03 2.113914e-02 0.000000e+00 2.569914e-03 0.000000e+00 0.000000e+00 0.000000e+00
PROFILE_ITER 1 140 2.516747e-03 2.119422e-02 0.000000e+00 2.501965e-03 0.000000e+00 0.000000e+00 0.000000e+00
PROFILE_ITER 0 158 2.047205e-02 3.251076e-03 0.000000e+00 1.469183e-02 9.536743e-07 0.000000e+00 0.000000e+00
PROFILE_ITER 0 159 2.045417e-02 3.244877e-03 0.000000e+00 1.469111e-02 0.000000e+00 0.000000e+00 0.000000e+00
PROFILE_ITER 0 160 2.046013e-02 3.249645e-03 0.000000e+00 1.469016e-02 0.000000e+00 0.000000e+00 0.000000e+00
PROFILE_ITER 1 141 2.596140e-03 2.110600e-02 0.000000e+00 2.582788e-03 0.000000e+00 0.000000e+00 0.000000e+00
PROFILE_ITER 1 142 2.535105e-03 2.118373e-02 0.000000e+00 2.521038e-03 0.000000e+00 0.000000e+00 0.000000e+00
PROFILE_ITER 1 143 2.438068e-03 2.127695e-02 0.000000e+00 2.424955e-03 0.000000e+00 0.000000e+00 0.000000e+00
PROFILE_ITER 1 144 2.496004e-03 2.121210e-02 0.000000e+00 2.482891e-03 0.000000e+00 0.000000e+00 0.000000e+00
PROFILE_ITER 1 145 2.439022e-03 2.129102e-02 0.000000e+00 2.424002e-03 0.000000e+00 0.000000e+00 0.000000e+00
PROFILE_ITER 0 161 2.046299e-02 3.245115e-03 0.000000e+00 1.469207e-02 0.000000e+00 0.000000e+00 0.000000e+00
PROFILE_ITER 0 162 2.049685e-02 3.251076e-03 0.000000e+00 1.468801e-02 0.000000e+00 0.000000e+00 9.536743e-07
PROFILE_ITER 0 163 2.047420e-02 3.233910e-03 0.000000e+00 1.469302e-02 0.000000e+00 0.000000e+00 0.000000e+00
PROFILE_ITER 0 164 2.047610e-02 3.244877e-03 9.536743e-07 1.469302e-02 0.000000e+00 0.000000e+00 0.000000e+00
PROFILE_ITER 1 146 2.538919e-03 2.117991e-02 0.000000e+00 2.522945e-03 0.000000e+00 0.000000e+00 9.536743e-07
PROFILE_ITER 1 147 2.742052e-03 2.106214e-02 0.000000e+00 2.725124e-03 0.000000e+00 0.000000e+00 0.000000e+00
PROFILE_ITER 0 165 2.046204e-02 3.236055e-03 0.000000e+00 1.469517e-02 0.000000e+00 0.000000e+00 0.000000e+00
PROFILE_ITER 0 166 2.045894e-02 3.242016e-03 0.000000e+00 1.469064e-02 0.000000e+00 0.000000e+00 0.000000e+00
PROFILE_ITER 0 167 2.046204e-02 3.250837e-03 0.000000e+00 1.469636e-02 0.000000e+00 0.000000e+00 0.000000e+00
PROFILE_ITER 1 148 2.721071e-03 2.102876e-02 0.000000e+00 2.705336e-03 0.000000e+00 0.000000e+00 9.536743e-07
PROFILE_ITER 0 168 2.047801e-02 3.246069e-03 0.000000e+00 1.468897e-02 0.000000e+00 0.000000e+00 0.000000e+00
PROFILE_ITER 1 149 2.452135e-03 2.125192e-02 0.000000e+00 2.437115e-03 0.000000e+00 0.000000e+00 9.536743e-07
PROFILE_ITER 1 150 2.573729e-03 2.114940e-02 0.000000e+00 2.557993e-03 0.000000e+00 0.000000e+00 9.536743e-07
PROFILE_ITER 0 169 2.045679e-02 3.249168e-03 0.000000e+00 1.469111e-02 0.000000e+00 0.000000e+00 0.000000e+00
PROFILE_ITER 0 170 2.046776e-02 3.239393e-03 0.000000e+00 1.469684e-02 0.000000e+00 0.000000e+00 0.000000e+00
PROFILE_ITER 0 171 2.046204e-02 3.237963e-03 1.192093e-06 1.469207e-02 0.000000e+00 0.000000e+00 0.000000e+00
PROFILE_ITER 1 151 2.421856e-03 2.128220e-02 1.192093e-06 2.406836e-03 0.000000e+00 0.000000e+00 9.536743e-07
PROFILE_ITER 0 172 2.045321e-02 3.244638e-03 9.536743e-07 1.468587e-02 0.000000e+00 1.192093e-06 0.000000e+00
PROFILE_ITER 0 173 2.046585e-02 3.253222e-03 0.000000e+00 1.469398e-02 0.000000e+00 0.000000e+00 0.000000e+00
PROFILE_ITER 0 174 2.046394e-02 3.242970e-03 0.000000e+00 1.469183e-02 0.000000e+00 0.000000e+00 0.000000e+00
PROFILE_ITER 0 175 2.044487e-02 3.244162e-03 0.000000e+00 1.468682e-02 0.000000e+00 0.000000e+00 0.000000e+00
PROFILE_ITER 1 152 2.450943e-03 2.124786e-02 0.000000e+00 2.435923e-03 0.000000e+00 0.000000e+00 0.000000e+00
PROFILE_ITER 1 153 2.419949e-03 2.126622e-02 0.000000e+00 2.405167e-03 0.000000e+00 0.000000e+00 9.536743e-07
PROFILE_ITER 1 154 2.581120e-03 2.115083e-02 0.000000e+00 2.565145e-03 0.000000e+00 0.000000e+00 9.536743e-07
PROFILE_ITER 0 176 2.047014e-02 3.237009e-03 0.000000e+00 1.469231e-02 0.000000e+00 0.000000e+00 0.000000e+00
PROFILE_ITER 0 177 2.047610e-02 3.245831e-03 1.192093e-06 1.469183e-02 0.000000e+00 0.000000e+00 0.000000e+00
PROFILE_ITER 1 155 2.564192e-03 2.115774e-02 0.000000e+00 2.547979e-03 0.000000e+00 0.000000e+00 1.192093e-06
PROFILE_ITER 1 156 2.414942e-03 2.127504e-02 0.000000e+00 2.399921e-03 0.000000e+00 0.000000e+00 9.536743e-07
PROFILE_ITER 0 178 2.048683e-02 3.242254e-03 0.000000e+00 1.469088e-02 0.000000e+00 0.000000e+00 0.000000e+00
PROFILE_ITER 0 179 2.044487e-02 3.242970e-03 0.000000e+00 1.469207e-02 0.000000e+00 0.000000e+00 0.000000e+00
PROFILE_ITER 0 180 2.049494e-02 3.248215e-03 0.000000e+00 1.469111e-02 9.536743e-07 0.000000e+00 0.000000e+00
PROFILE_ITER 0 181 2.049208e-02 3.250837e-03 0.000000e+00 1.469016e-02 0.000000e+00 0.000000e+00 9.536743e-07
PROFILE_ITER 1 157 2.532005e-03 2.117801e-02 0.000000e+00 2.516031e-03 0.000000e+00 0.000000e+00 9.536743e-07
PROFILE_ITER 1 158 2.529860e-03 2.119327e-02 0.000000e+00 2.513885e-03 0.000000e+00 0.000000e+00 0.000000e+00
PROFILE_ITER 1 159 2.493143e-03 2.120590e-02 0.000000e+00 2.478838e-03 0.000000e+00 0.000000e+00 1.192093e-06
PROFILE_ITER 0 182 2.045822e-02 3.251791e-03 0.000000e+00 1.469421e-02 0.000000e+00 0.000000e+00 0.000000e+00
PROFILE_ITER 0 183 2.045989e-02 3.239155e-03 9.536743e-07 1.469207e-02 0.000000e+00 0.000000e+00 0.000000e+00
PROFILE_ITER 1 160 2.503157e-03 2.120566e-02 0.000000e+00 2.486944e-03 0.000000e+00 0.000000e+00 0.000000e+00
PROFILE_ITER 1 161 2.523899e-03 2.118230e-02 0.000000e+00 2.508879e-03 0.000000e+00 0.000000e+00 0.000000e+00
PROFILE_ITER 0 184 2.044821e-02 3.249645e-03 0.000000e+00 1.469016e-02 0.000000e+00 0.000000e+00 0.000000e+00
PROFILE_ITER 0 185 2.046490e-02 3.243923e-03 0.000000e+00 1.469111e-02 0.000000e+00 0.000000e+00 0.000000e+00
PROFILE_ITER 1 162 2.570868e-03 2.117801e-02 0.000000e+00 2.556086e-03 0.000000e+00 0.000000e+00 9.536743e-07
PROFILE_ITER 1 163 2.539873e-03 2.116919e-02 0.000000e+00 2.524853e-03 0.000000e+00 0.000000e+00 0.000000e+00
PROFILE_ITER 0 186 2.047706e-02 3.237009e-03 0.000000e+00 1.469111e-02 0.000000e+00 0.000000e+00 0.000000e+00
PROFILE_ITER 0 187 2.046084e-02 3.242254e-03 0.000000e+00 1.469302e-02 0.000000e+00 0.000000e+00 0.000000e+00
PROFILE_ITER 1 164 2.471209e-03 2.124882e-02 9.536743e-07 2.455950e-03 0.000000e+00 0.000000e+00 9.536743e-07
PROFILE_ITER 1 165 2.482891e-03 2.121520e-02 0.000000e+00 2.469778e-03 0.000000e+00 0.000000e+00 0.000000e+00
PROFILE_ITER 1 166 2.434969e-03 2.126598e-02 0.000000e+00 2.419949e-03 0.000000e+00 0.000000e+00 0.000000e+00
PROFILE_ITER 1 167 2.439737e-03 2.127314e-02 0.000000e+00 2.425909e-03 0.000000e+00 0.000000e+00 0.000000e+00
PROFILE_ITER 0 188 2.047515e-02 3.238678e-03 0.000000e+00 1.469016e-02 0.000000e+00 0.000000e+00 0.000000e+00
PROFILE_ITER 0 189 2.049708e-02 3.238916e-03 0.000000e+00 1.468611e-02 0.000000e+00 0.000000e+00 0.000000e+00
PROFILE_ITER 1 168 2.613306e-03 2.111077e-02 0.000000e+00 2.598047e-03 0.000000e+00 0.000000e+00 0.000000e+00
PROFILE_ITER 1 169 2.484083e-03 2.122092e-02 0.000000e+00 2.470016e-03 0.000000e+00 0.000000e+00 0.000000e+00
PROFILE_ITER 0 190 2.051210e-02 3.239870e-03 0.000000e+00 1.469398e-02 0.000000e+00 0.000000e+00 0.000000e+00
PROFILE_ITER 0 191 2.046013e-02 3.241062e-03 0.000000e+00 1.468921e-02 0.000000e+00 0.000000e+00 0.000000e+00
PROFILE_ITER 0 192 2.047586e-02 3.247976e-03 1.192093e-06 1.468968e-02 0.000000e+00 0.000000e+00 0.000000e+00
PROFILE_ITER 1 170 2.465963e-03 2.124310e-02 0.000000e+00 2.453089e-03 0.000000e+00 0.000000e+00 0.000000e+00
PROFILE_ITER 0 193 2.046728e-02 3.241777e-03 0.000000e+00 1.468801e-02 0.000000e+00 0.000000e+00 0.000000e+00
PROFILE_ITER 0 194 2.047992e-02 3.252983e-03 0.000000e+00 1.469398e-02 0.000000e+00 0.000000e+00 0.000000e+00
PROFILE_ITER 0 195 2.047801e-02 3.237009e-03 0.000000e+00 1.469111e-02 0.000000e+00 0.000000e+00 0.000000e+00
PROFILE_ITER 1 171 2.447844e-03 2.125216e-02 0.000000e+00 2.433777e-03 0.000000e+00 0.000000e+00 0.000000e+00
PROFILE_ITER 1 172 2.454758e-03 2.124429e-02 0.000000e+00 2.443075e-03 0.000000e+00 0.000000e+00 0.000000e+00
PROFILE_ITER 1 173 2.526999e-03 2.119088e-02 0.000000e+00 2.511978e-03 0.000000e+00 0.000000e+00 0.000000e+00
PROFILE_ITER 0 196 2.045083e-02 3.229380e-03 0.000000e+00 1.468682e-02 0.000000e+00 0.000000e+00 0.000000e+00
PROFILE_ITER 0 197 2.045584e-02 3.251076e-03 0.000000e+00 1.469088e-02 0.000000e+00 0.000000e+00 0.000000e+00
PROFILE_ITER 0 198 2.048206e-02 3.247976e-03 0.000000e+00 1.469302e-02 0.000000e+00 0.000000e+00 0.000000e+00
PROFILE_ITER 1 174 2.519846e-03 2.118707e-02 0.000000e+00 2.503157e-03 0.000000e+00 0.000000e+00 0.000000e+00
PROFILE_ITER 1 175 2.412081e-03 2.127695e-02 0.000000e+00 2.396107e-03 0.000000e+00 0.000000e+00 0.000000e+00
PROFILE_ITER 1 176 2.533913e-03 2.117419e-02 0.000000e+00 2.516985e-03 0.000000e+00 0.000000e+00 2.145767e-06
PROFILE_ITER 0 199 2.045822e-02 3.250599e-03 0.000000e+00 1.469517e-02 0.000000e+00 0.000000e+00 0.000000e+00
PROFILE_ACCUM 0 spmv=4.095090e+00 vecops=6.496737e-01 send_fill=2.574921e-05 local_spmv=2.938922e+00 comm_wait=1.597404e-05 shared_spmv=1.096725e-05 send_wait=1.192093e-05
PROFILE_ITER 1 177 2.466917e-03 2.125096e-02 0.000000e+00 2.453089e-03 0.000000e+00 0.000000e+00 9.536743e-07
PROFILE_ITER 1 178 2.564192e-03 2.116895e-02 0.000000e+00 2.548933e-03 0.000000e+00 0.000000e+00 0.000000e+00
PROFILE_ITER 1 179 2.404928e-03 2.128291e-02 0.000000e+00 2.389908e-03 0.000000e+00 0.000000e+00 0.000000e+00
PROFILE_ITER 1 180 2.405882e-03 2.133632e-02 0.000000e+00 2.390862e-03 0.000000e+00 0.000000e+00 0.000000e+00
PROFILE_ITER 1 181 2.452135e-03 2.129078e-02 0.000000e+00 2.439022e-03 0.000000e+00 0.000000e+00 0.000000e+00
PROFILE_ITER 1 182 2.490997e-03 2.121902e-02 0.000000e+00 2.475977e-03 0.000000e+00 0.000000e+00 0.000000e+00
PROFILE_ITER 1 183 2.493858e-03 2.120519e-02 0.000000e+00 2.479792e-03 0.000000e+00 0.000000e+00 9.536743e-07
PROFILE_ITER 1 184 2.389193e-03 2.130985e-02 0.000000e+00 2.371788e-03 0.000000e+00 0.000000e+00 0.000000e+00
PROFILE_ITER 1 185 2.445936e-03 2.126193e-02 0.000000e+00 2.432108e-03 0.000000e+00 0.000000e+00 0.000000e+00
PROFILE_ITER 1 186 2.490997e-03 2.122402e-02 0.000000e+00 2.475977e-03 0.000000e+00 0.000000e+00 9.536743e-07
PROFILE_ITER 1 187 2.469063e-03 2.123404e-02 0.000000e+00 2.453089e-03 0.000000e+00 0.000000e+00 0.000000e+00
PROFILE_ITER 1 188 2.525806e-03 2.118802e-02 0.000000e+00 2.511024e-03 0.000000e+00 0.000000e+00 9.536743e-07
PROFILE_ITER 1 189 2.604961e-03 2.113104e-02 0.000000e+00 2.589226e-03 0.000000e+00 0.000000e+00 9.536743e-07
PROFILE_ITER 1 190 2.595186e-03 2.115679e-02 0.000000e+00 2.578020e-03 0.000000e+00 0.000000e+00 1.192093e-06
PROFILE_ITER 1 191 2.452850e-03 2.124715e-02 0.000000e+00 2.437830e-03 0.000000e+00 0.000000e+00 1.907349e-06
PROFILE_ITER 1 192 2.551079e-03 2.117276e-02 0.000000e+00 2.532959e-03 0.000000e+00 0.000000e+00 9.536743e-07
PROFILE_ITER 1 193 2.499104e-03 2.120900e-02 0.000000e+00 2.485752e-03 0.000000e+00 0.000000e+00 0.000000e+00
PROFILE_ITER 1 194 2.545834e-03 2.118802e-02 0.000000e+00 2.530813e-03 0.000000e+00 0.000000e+00 0.000000e+00
PROFILE_ITER 1 195 2.635956e-03 2.107906e-02 0.000000e+00 2.621174e-03 0.000000e+00 0.000000e+00 0.000000e+00
PROFILE_ITER 1 196 2.475023e-03 2.120519e-02 0.000000e+00 2.459049e-03 0.000000e+00 0.000000e+00 0.000000e+00
PROFILE_ITER 1 197 2.435923e-03 2.127099e-02 9.536743e-07 2.421141e-03 0.000000e+00 0.000000e+00 0.000000e+00
PROFILE_ITER 1 198 2.536058e-03 2.119398e-02 0.000000e+00 2.522945e-03 0.000000e+00 0.000000e+00 0.000000e+00
PROFILE_ITER 1 199 2.513885e-03 2.119493e-02 0.000000e+00 2.500057e-03 0.000000e+00 0.000000e+00 9.536743e-07
PROFILE_ACCUM 1 spmv=5.010655e-01 vecops=4.723751e+00 send_fill=1.335144e-05 local_spmv=4.980943e-01 comm_wait=6.914139e-06 shared_spmv=0.000000e+00 send_wait=1.027584e-04
