Matrix name : /home/bugra/Workspace/C/HetHypPar_rewrite/data/matrices/rma10_2c_2g/rma10_2c_2g.mtx

	****	Matrix File readed	****LOG: Finished Creating Shard CSC
LOG: Finished Creating Vectors
PROFILE_HEADER rank iter spmv vecops send_fill local_spmv comm_wait shared_spmv send_wait
PROFILE_ITER 1 0 5.170107e-03 1.300528e-01 0.000000e+00 4.986048e-03 0.000000e+00 0.000000e+00 0.000000e+00
PROFILE_ITER 1 1 4.789829e-03 4.782677e-04 0.000000e+00 4.758835e-03 0.000000e+00 0.000000e+00 0.000000e+00
PROFILE_ITER 1 2 4.764080e-03 4.448891e-04 1.192093e-06 4.735947e-03 0.000000e+00 0.000000e+00 9.536743e-07
PROFILE_ITER 1 3 4.774809e-03 4.491806e-04 0.000000e+00 4.746914e-03 0.000000e+00 0.000000e+00 0.000000e+00
PROFILE_ITER 1 4 4.683971e-03 4.479885e-04 0.000000e+00 4.657030e-03 0.000000e+00 0.000000e+00 0.000000e+00
PROFILE_ITER 1 5 4.674911e-03 4.451275e-04 0.000000e+00 4.647970e-03 0.000000e+00 0.000000e+00 0.000000e+00
PROFILE_ITER 1 6 4.673004e-03 4.520416e-04 0.000000e+00 4.646063e-03 0.000000e+00 0.000000e+00 9.536743e-07
PROFILE_ITER 1 7 4.663944e-03 4.560947e-04 0.000000e+00 4.636049e-03 0.000000e+00 0.000000e+00 1.907349e-06
PROFILE_ITER 1 8 4.726887e-03 4.510880e-04 0.000000e+00 4.699945e-03 0.000000e+00 0.000000e+00 9.536743e-07
PROFILE_ITER 1 9 4.647017e-03 4.498959e-04 0.000000e+00 4.619122e-03 0.000000e+00 0.000000e+00 0.000000e+00
PROFILE_ITER 1 10 4.641056e-03 4.580021e-04 0.000000e+00 4.612923e-03 0.000000e+00 0.000000e+00 0.000000e+00
PROFILE_ITER 1 11 4.665852e-03 4.582405e-04 0.000000e+00 4.636765e-03 0.000000e+00 0.000000e+00 0.000000e+00
PROFILE_ITER 1 12 4.719734e-03 4.642010e-04 0.000000e+00 4.691839e-03 0.000000e+00 0.000000e+00 0.000000e+00
PROFILE_ITER 1 13 4.711866e-03 4.551411e-04 0.000000e+00 4.682779e-03 0.000000e+00 0.000000e+00 1.192093e-06
PROFILE_ITER 1 14 4.666090e-03 4.549026e-04 0.000000e+00 4.637957e-03 0.000000e+00 0.000000e+00 0.000000e+00
PROFILE_ITER 1 15 4.785299e-03 4.646778e-04 0.000000e+00 4.756927e-03 0.000000e+00 0.000000e+00 1.192093e-06
PROFILE_ITER 1 16 4.708052e-03 4.580021e-04 9.536743e-07 4.678965e-03 0.000000e+00 0.000000e+00 0.000000e+00
PROFILE_ITER 1 17 4.789114e-03 4.577637e-04 9.536743e-07 4.759073e-03 0.000000e+00 0.000000e+00 0.000000e+00
PROFILE_ITER 1 18 4.707098e-03 4.589558e-04 0.000000e+00 4.680157e-03 0.000000e+00 0.000000e+00 0.000000e+00
PROFILE_ITER 1 19 4.623175e-03 4.568100e-04 0.000000e+00 4.594088e-03 0.000000e+00 0.000000e+00 9.536743e-07
PROFILE_ITER 1 20 4.619122e-03 4.599094e-04 0.000000e+00 4.590988e-03 1.192093e-06 0.000000e+00 0.000000e+00
PROFILE_ITER 1 21 4.762888e-03 4.580021e-04 0.000000e+00 4.735947e-03 0.000000e+00 0.000000e+00 9.536743e-07
PROFILE_ITER 1 22 4.691124e-03 4.570484e-04 0.000000e+00 4.664183e-03 0.000000e+00 0.000000e+00 0.000000e+00
PROFILE_ITER 1 23 4.780054e-03 4.599094e-04 0.000000e+00 4.750967e-03 0.000000e+00 0.000000e+00 0.000000e+00
PROFILE_ITER 1 24 4.700184e-03 4.558563e-04 0.000000e+00 4.670858e-03 0.000000e+00 0.000000e+00 0.000000e+00
PROFILE_ITER 1 25 4.627943e-03 4.599094e-04 0.000000e+00 4.600286e-03 0.000000e+00 0.000000e+00 0.000000e+00
PROFILE_ITER 1 26 4.626989e-03 4.570484e-04 0.000000e+00 4.601240e-03 0.000000e+00 0.000000e+00 0.000000e+00
PROFILE_ITER 1 27 4.624128e-03 4.589558e-04 0.000000e+00 4.595995e-03 0.000000e+00 0.000000e+00 0.000000e+00
PROFILE_ITER 1 28 4.695892e-03 4.620552e-04 0.000000e+00 4.668951e-03 0.000000e+00 0.000000e+00 0.000000e+00
PROFILE_ITER 1 29 4.613876e-03 4.601479e-04 0.000000e+00 4.586935e-03 0.000000e+00 0.000000e+00 0.000000e+00
PROFILE_ITER 1 30 4.616976e-03 4.560947e-04 0.000000e+00 4.589081e-03 0.000000e+00 0.000000e+00 9.536743e-07
PROFILE_ITER 1 31 4.652977e-03 4.558563e-04 0.000000e+00 4.624128e-03 9.536743e-07 0.000000e+00 0.000000e+00
PROFILE_ITER 1 32 4.690886e-03 4.601479e-04 0.000000e+00 4.664183e-03 0.000000e+00 0.000000e+00 0.000000e+00
PROFILE_ITER 1 33 4.610062e-03 4.611015e-04 0.000000e+00 4.580021e-03 0.000000e+00 0.000000e+00 0.000000e+00
PROFILE_ITER 1 34 4.731178e-03 4.568100e-04 0.000000e+00 4.703045e-03 0.000000e+00 0.000000e+00 0.000000e+00
PROFILE_ITER 1 35 4.682064e-03 4.608631e-04 0.000000e+00 4.652739e-03 0.000000e+00 0.000000e+00 1.192093e-06
PROFILE_ITER 1 36 4.606962e-03 4.711151e-04 0.000000e+00 4.578829e-03 0.000000e+00 0.000000en_iters : 200 
spmv : 1.021311 
file_read : 1.591216 
relative_residual : 8.299318E+08
everything_total : 2.742720

----------------------------------------------------------------------
PROFILE_HEADER rank iter spmv vecops send_fill local_spmv comm_wait shared_spmv send_wait
PROFILE_ITER 0 0 5.140305e-04 5.642891e-03 0.000000e+00 3.147125e-04 0.000000e+00 0.000000e+00 0.000000e+00
PROFILE_ITER 0 1 4.799366e-04 4.789114e-03 0.000000e+00 3.120899e-04 0.000000e+00 0.000000e+00 0.000000e+00
PROFILE_ITER 0 2 4.980564e-04 4.710913e-03 0.000000e+00 3.099442e-04 0.000000e+00 0.000000e+00 0.000000e+00
PROFILE_ITER 0 3 4.851818e-04 4.738808e-03 0.000000e+00 3.120899e-04 0.000000e+00 0.000000e+00 0.000000e+00
PROFILE_ITER 0 4 4.861355e-04 4.645824e-03 0.000000e+00 3.099442e-04 0.000000e+00 0.000000e+00 9.536743e-07
PROFILE_ITER 0 5 4.930496e-04 4.626989e-03 0.000000e+00 3.099442e-04 0.000000e+00 0.000000e+00 0.000000e+00
PROFILE_ITER 0 6 4.940033e-04 4.631042e-03 0.000000e+00 3.108978e-04 0.000000e+00 0.000000e+00 0.000000e+00
PROFILE_ITER 0 7 4.999638e-04 4.617929e-03 0.000000e+00 3.130436e-04 0.000000e+00 0.000000e+00 0.000000e+00
PROFILE_ITER 0 8 4.947186e-04 4.685402e-03 9.536743e-07 3.089905e-04 0.000000e+00 0.000000e+00 0.000000e+00
PROFILE_ITER 0 9 4.949570e-04 4.601002e-03 0.000000e+00 3.111362e-04 0.000000e+00 0.000000e+00 0.000000e+00
PROFILE_ITER 0 10 4.842281e-04 4.614830e-03 0.000000e+00 3.101826e-04 0.000000e+00 0.000000e+00 0.000000e+00
PROFILE_ITER 0 11 4.928112e-04 4.631281e-03 0.000000e+00 3.108978e-04 0.000000e+00 0.000000e+00 0.000000e+00
PROFILE_ITER 0 12 4.918575e-04 4.692078e-03 9.536743e-07 3.099442e-04 0.000000e+00 0.000000e+00 0.000000e+00
PROFILE_ITER 0 13 4.868507e-04 4.680157e-03 0.000000e+00 3.137589e-04 0.000000e+00 0.000000e+00 0.000000e+00
PROFILE_ITER 0 14 4.968643e-04 4.624128e-03 0.000000e+00 3.108978e-04 0.000000e+00 0.000000e+00 0.000000e+00
PROFILE_ITER 0 15 4.889965e-04 4.759073e-03 0.000000e+00 3.128052e-04 0.000000e+00 0.000000e+00 0.000000e+00
PROFILE_ITER 0 16 4.861355e-04 4.681826e-03 0.000000e+00 3.111362e-04 0.000000e+00 0.000000e+00 0.000000e+00
PROFILE_ITER 0 17 4.887581e-04 4.758120e-03 0.000000e+00 3.118515e-04 0.000000e+00 0.000000e+00 0.000000e+00
PROFILE_ITER 0 18 4.951954e-04 4.670858e-03 0.000000e+00 3.142357e-04 0.000000e+00 0.000000e+00 0.000000e+00
PROFILE_ITER 0 19 4.911423e-04 4.588842e-03 0.000000e+00 3.099442e-04 0.000000e+00 0.000000e+00 0.000000e+00
PROFILE_ITER 0 20 4.951954e-04 4.583836e-03 0.000000e+00 3.099442e-04 0.000000e+00 0.000000e+00 1.192093e-06
PROFILE_ITER 0 21 4.920959e-04 4.728794e-03 0.000000e+00 3.111362e-04 0.000000e+00 0.000000e+00 0.000000e+00
PROFILE_ITER 0 22 4.932880e-04 4.654884e-03 0.000000e+00 3.111362e-04 0.000000e+00 0.000000e+00 0.000000e+00
PROFILE_ITER 0 23 4.937649e-04 4.744291e-03 0.000000e+00 3.108978e-04 0.000000e+00 0.000000e+00 0.000000e+00
PROFILE_ITER 0 24 4.961491e-04 4.661798e-03 0.000000e+00 3.142357e-04 0.000000e+00 0.000000e+00 0.000000e+00
PROFILE_ITER 0 25 4.940033e-04 4.593849e-03 0.000000e+00 3.099442e-04 0.000000e+00 0.000000e+00 0.000000e+00
PROFILE_ITER 0 26 4.961491e-04 4.587889e-03 0.000000e+00 3.130436e-04 0.000000e+00 0.000000e+00 0.000000e+00
PROFILE_ITER 0 27 4.961491e-04 4.586935e-03 0.000000e+00 3.123283e-04 0.000000e+00 0.000000e+00 0.000000e+00
PROFILE_ITER 0 28 4.942417e-04 4.663706e-03 0.000000e+00 3.111362e-04 0.000000e+00 0.000000e+00 0.000000e+00
PROFILE_ITER 0 29 4.959106e-04 4.578114e-03 0.000000e+00 3.120899e-04 0.000000e+00 0.000000e+00 0.000000e+00
PROFILE_ITER 0 30 4.956722e-04 4.577398e-03 0.000000e+00 3.118515e-04 0.000000e+00 0.000000e+00 0.000000e+00
PROFILE_ITER 0 31 5.011559e-04 4.605770e-03 0.000000e+00 3.101826e-04 0.000000e+00 0.000000e+00 0.000000e+00
PROFILE_ITER 0 32 4.920959e-04 4.660845e-03 0.000000e+00 3.108978e-04 0.000000e+00 0.000000e+00 0.000000e+00
PROFILE_ITER 0 33 4.940033e-04 4.577160e-03 0.000000e+00 3.089905e-04 0.000000e+00 0.000000e+00 0.000000e+00
PROFILE_ITER 0 34 4.959106e-04 4.692078e-03 0.000000e+00 3.108978e-04 0.000000e+00 9.536743e-07 0.000000e+00
PROFILE_ITER 0+00 0.000000e+00
PROFILE_ITER 1 37 4.668713e-03 4.632473e-04 0.000000e+00 4.642725e-03 0.000000e+00 0.000000e+00 0.000000e+00
PROFILE_ITER 1 38 4.762173e-03 4.587173e-04 0.000000e+00 4.732132e-03 0.000000e+00 0.000000e+00 0.000000e+00
PROFILE_ITER 1 39 4.765034e-03 4.580021e-04 0.000000e+00 4.738092e-03 0.000000e+00 0.000000e+00 0.000000e+00
PROFILE_ITER 1 40 4.604101e-03 4.580021e-04 0.000000e+00 4.577160e-03 0.000000e+00 0.000000e+00 0.000000e+00
PROFILE_ITER 1 41 4.677057e-03 4.568100e-04 0.000000e+00 4.648924e-03 0.000000e+00 0.000000e+00 1.192093e-06
PROFILE_ITER 1 42 4.671097e-03 4.570484e-04 0.000000e+00 4.641771e-03 0.000000e+00 0.000000e+00 0.000000e+00
PROFILE_ITER 1 43 4.682064e-03 4.627705e-04 0.000000e+00 4.653215e-03 0.000000e+00 0.000000e+00 0.000000e+00
PROFILE_ITER 1 44 4.694939e-03 4.601479e-04 0.000000e+00 4.665852e-03 0.000000e+00 0.000000e+00 0.000000e+00
PROFILE_ITER 1 45 4.651070e-03 4.589558e-04 0.000000e+00 4.620075e-03 0.000000e+00 0.000000e+00 1.907349e-06
PROFILE_ITER 1 46 4.680872e-03 4.620552e-04 0.000000e+00 4.652023e-03 0.000000e+00 0.000000e+00 0.000000e+00
PROFILE_ITER 1 47 4.666090e-03 4.689693e-04 0.000000e+00 4.634857e-03 0.000000e+00 0.000000e+00 0.000000e+00
PROFILE_ITER 1 48 4.596233e-03 4.627705e-04 0.000000e+00 4.567146e-03 9.536743e-07 0.000000e+00 0.000000e+00
PROFILE_ITER 1 49 4.752159e-03 4.639626e-04 0.000000e+00 4.722595e-03 0.000000e+00 0.000000e+00 0.000000e+00
PROFILE_ITER 1 50 4.751921e-03 4.649162e-04 0.000000e+00 4.722118e-03 0.000000e+00 0.000000e+00 0.000000e+00
PROFILE_ITER 1 51 4.668951e-03 4.661083e-04 0.000000e+00 4.638672e-03 0.000000e+00 0.000000e+00 0.000000e+00
PROFILE_ITER 1 52 4.747152e-03 4.599094e-04 0.000000e+00 4.719019e-03 0.000000e+00 0.000000e+00 0.000000e+00
PROFILE_ITER 1 53 4.672050e-03 4.639626e-04 0.000000e+00 4.642963e-03 0.000000e+00 0.000000e+00 0.000000e+00
PROFILE_ITER 1 54 4.668236e-03 4.596710e-04 0.000000e+00 4.639149e-03 0.000000e+00 0.000000e+00 0.000000e+00
PROFILE_ITER 1 55 4.590988e-03 4.611015e-04 0.000000e+00 4.562140e-03 0.000000e+00 0.000000e+00 0.000000e+00
PROFILE_ITER 1 56 4.678965e-03 4.620552e-04 0.000000e+00 4.649878e-03 0.000000e+00 0.000000e+00 0.000000e+00
PROFILE_ITER 1 57 4.662037e-03 4.699230e-04 0.000000e+00 4.633188e-03 0.000000e+00 0.000000e+00 0.000000e+00
PROFILE_ITER 1 58 4.742861e-03 4.591942e-04 0.000000e+00 4.714966e-03 0.000000e+00 0.000000e+00 0.000000e+00
PROFILE_ITER 1 59 4.703045e-03 4.599094e-04 0.000000e+00 4.677057e-03 0.000000e+00 0.000000e+00 0.000000e+00
PROFILE_ITER 1 60 4.580021e-03 4.580021e-04 0.000000e+00 4.551172e-03 0.000000e+00 0.000000e+00 0.000000e+00
PROFILE_ITER 1 61 4.590034e-03 4.627705e-04 0.000000e+00 4.559040e-03 0.000000e+00 0.000000e+00 1.907349e-06
PROFILE_ITER 1 62 4.661798e-03 4.653931e-04 0.000000e+00 4.634857e-03 0.000000e+00 0.000000e+00 0.000000e+00
PROFILE_ITER 1 63 4.657030e-03 4.639626e-04 0.000000e+00 4.630089e-03 0.000000e+00 0.000000e+00 0.000000e+00
PROFILE_ITER 1 64 4.660130e-03 4.568100e-04 0.000000e+00 4.632235e-03 0.000000e+00 0.000000e+00 0.000000e+00
 35 4.909039e-04 4.652023e-03 0.000000e+00 3.099442e-04 0.000000e+00 0.000000e+00 0.000000e+00
PROFILE_ITER 0 36 4.827976e-04 4.595280e-03 0.000000e+00 3.099442e-04 0.000000e+00 0.000000e+00 0.000000e+00
PROFILE_ITER 0 37 4.930496e-04 4.638910e-03 0.000000e+00 3.111362e-04 0.000000e+00 0.000000e+00 0.000000e+00
PROFILE_ITER 0 38 4.940033e-04 4.726887e-03 0.000000e+00 3.099442e-04 0.000000e+00 0.000000e+00 0.000000e+00
PROFILE_ITER 0 39 4.973412e-04 4.725695e-03 0.000000e+00 3.123283e-04 0.000000e+00 0.000000e+00 0.000000e+00
PROFILE_ITER 0 40 4.980564e-04 4.564047e-03 0.000000e+00 3.120899e-04 9.536743e-07 0.000000e+00 0.000000e+00
PROFILE_ITER 0 41 4.949570e-04 4.638910e-03 0.000000e+00 3.108978e-04 0.000000e+00 0.000000e+00 0.000000e+00
PROFILE_ITER 0 42 4.932880e-04 4.634857e-03 0.000000e+00 3.113747e-04 0.000000e+00 0.000000e+00 0.000000e+00
PROFILE_ITER 0 43 4.959106e-04 4.648924e-03 0.000000e+00 3.101826e-04 0.000000e+00 0.000000e+00 0.000000e+00
PROFILE_ITER 0 44 4.940033e-04 4.661083e-03 0.000000e+00 3.108978e-04 0.000000e+00 0.000000e+00 0.000000e+00
PROFILE_ITER 0 45 4.861355e-04 4.623890e-03 0.000000e+00 3.111362e-04 0.000000e+00 0.000000e+00 9.536743e-07
PROFILE_ITER 0 46 4.808903e-04 4.662037e-03 0.000000e+00 3.108978e-04 0.000000e+00 0.000000e+00 0.000000e+00
PROFILE_ITER 0 47 4.820824e-04 4.652023e-03 0.000000e+00 3.089905e-04 9.536743e-07 0.000000e+00 0.000000e+00
PROFILE_ITER 0 48 4.839897e-04 4.576921e-03 0.000000e+00 3.108978e-04 0.000000e+00 0.000000e+00 0.000000e+00
PROFILE_ITER 0 49 4.959106e-04 4.720211e-03 0.000000e+00 3.130436e-04 0.000000e+00 0.000000e+00 0.000000e+00
PROFILE_ITER 1 65 4.588842e-03 4.591942e-04 0.000000e+00 4.559994e-03 0.000000e+00 0.000000e+00 0.000000e+00
PROFILE_ITER 1 66 4.706144e-03 4.618168e-04 0.000000e+00 4.677296e-03 0.000000e+00 0.000000e+00 0.000000e+00
PROFILE_ITER 1 67 4.611254e-03 4.718304e-04 9.536743e-07 4.578829e-03 0.000000e+00 0.000000e+00 0.000000e+00
PROFILE_ITER 1 68 4.652977e-03 4.699230e-04 0.000000e+00 4.626036e-03 0.000000e+00 0.000000e+00 0.000000e+00
PROFILE_ITER 1 69 4.601955e-03 4.589558e-04 0.000000e+00 4.572153e-03 0.000000e+00 0.000000e+00 0.000000e+00
PROFILE_ITER 1 70 4.678965e-03 4.692078e-04 0.000000e+00 4.646063e-03 0.000000e+00 0.000000e+00 0.000000e+00
PROFILE_ITER 1 71 4.590034e-03 4.649162e-04 0.000000e+00 4.560232e-03 0.000000e+00 0.000000e+00 0.000000e+00
PROFILE_ITER 1 72 4.655123e-03 4.658699e-04 0.000000e+00 4.623890e-03 0.000000e+00 0.000000e+00 0.000000e+00
PROFILE_ITER 1 73 4.644156e-03 4.677773e-04 0.000000e+00 4.614115e-03 0.000000e+00 0.000000e+00 9.536743e-07
PROFILE_ITER 1 74 4.676104e-03 4.599094e-04 0.000000e+00 4.649162e-03 0.000000e+00 0.000000e+00 0.000000e+00
PROFILE_ITER 1 75 4.623890e-03 4.682541e-04 0.000000e+00 4.595041e-03 0.000000e+00 0.000000e+00 0.000000e+00
PROFILE_ITER 1 76 4.665136e-03 4.696846e-04 0.000000e+00 4.637957e-03 0.000000e+00 0.000000e+00 0.000000e+00
PROFILE_ITER 1 77 4.643679e-03 4.594326e-04 0.000000e+00 4.612923e-03 0.000000e+00 0.000000e+00 0.000000e+00
PROFILE_ITER 1 78 4.733086e-03 4.539490e-04 0.000000e+00 4.704237e-03 0.000000e+00 0.000000e+00 0.000000e+00
PROFILE_ITER 1 79 4.710913e-03 4.661083e-04 0.000000e+00 4.679918e-03 0.000000e+00 0.000000e+00 0.000000e+00
PROFILE_ITER 1 80 4.751205e-03 4.577637e-04 0.000000e+00 4.722118e-03 0.000000e+00 0.000000e+00 0.000000e+00
PROFILE_ITER 1 81 4.569292e-03 4.627705e-04 0.000000e+00 4.538774e-03 0.000000e+00 0.000000e+00 1.192093e-06
PROFILE_ITER 1 82 4.662037e-03 4.627705e-04 0.000000e+00 4.634142e-03 0.000000e+00 0.000000e+00 0.000000e+00
PROFILE_ITER 0 50 4.839897e-04 4.732847e-03 0.000000e+00 3.099442e-04 0.000000e+00 0.000000e+00 0.000000e+00
PROFILE_ITER 0 51 4.839897e-04 4.651070e-03 0.000000e+00 3.099442e-04 0.000000e+00 0.000000e+00 0.000000e+00
PROFILE_ITER 0 52 4.839897e-04 4.723072e-03 0.000000e+00 3.099442e-04 0.000000e+00 0.000000e+00 0.000000e+00
PROFILE_ITER 0 53 4.920959e-04 4.643917e-03 0.000000e+00 3.108978e-04 0.000000e+00 0.000000e+00 0.000000e+00
PROFILE_ITER 0 54 4.839897e-04 4.643917e-03 0.000000e+00 3.092289e-04 0.000000e+00 0.000000e+00 0.000000e+00
PROFILE_ITER 0 55 4.837513e-04 4.566193e-03 0.000000e+00 3.099442e-04 0.000000e+00 0.000000e+00 0.000000e+00
PROFILE_ITER 0 56 4.868507e-04 4.656315e-03 0.000000e+00 3.130436e-04 0.000000e+00 0.000000e+00 0.000000e+00
PROFILE_ITER 0 57 4.796982e-04 4.652262e-03 0.000000e+00 3.077984e-04 0.000000e+00 0.000000e+00 0.000000e+00
PROFILE_ITER 0 58 4.959106e-04 4.706144e-03 0.000000e+00 3.130436e-04 0.000000e+00 0.000000e+00 0.000000e+00
PROFILE_ITER 0 59 4.928112e-04 4.670143e-03 0.000000e+00 3.108978e-04 0.000000e+00 0.000000e+00 0.000000e+00
PROFILE_ITER 0 60 4.949570e-04 4.543066e-03 9.536743e-07 3.099442e-04 0.000000e+00 0.000000e+00 0.000000e+00
PROFILE_ITER 0 61 4.842281e-04 4.568577e-03 0.000000e+00 3.111362e-04 0.000000e+00 0.000000e+00 0.000000e+00
PROFILE_ITER 0 62 4.930496e-04 4.634142e-03 1.192093e-06 3.099442e-04 0.000000e+00 0.000000e+00 0.000000e+00
PROFILE_ITER 1 83 4.726887e-03 4.591942e-04 0.000000e+00 4.698038e-03 0.000000e+00 0.000000e+00 1.907349e-06
PROFILE_ITER 1 84 4.717827e-03 4.582405e-04 0.000000e+00 4.689693e-03 0.000000e+00 0.000000e+00 0.000000e+00
PROFILE_ITER 1 85 4.573107e-03 4.558563e-04 0.000000e+00 4.544258e-03 0.000000e+00 0.000000e+00 0.000000e+00
PROFILE_ITER 1 86 4.701138e-03 4.549026e-04 0.000000e+00 4.672766e-03 0.000000e+00 0.000000e+00 2.384186e-06
PROFILE_ITER 1 87 4.643917e-03 4.611015e-04 0.000000e+00 4.616022e-03 0.000000e+00 0.000000e+00 0.000000e+00
PROFILE_ITER 1 88 4.563808e-03 4.591942e-04 0.000000e+00 4.534006e-03 0.000000e+00 0.000000e+00 0.000000e+00
PROFILE_ITER 1 89 4.579067e-03 4.568100e-04 0.000000e+00 4.551172e-03 0.000000e+00 0.000000e+00 0.000000e+00
PROFILE_ITER 1 90 4.575968e-03 4.601479e-04 0.000000e+00 4.548073e-03 0.000000e+00 0.000000e+00 0.000000e+00
PROFILE_ITER 0 63 4.940033e-04 4.624844e-03 0.000000e+00 3.120899e-04 0.000000e+00 0.000000e+00 0.000000e+00
PROFILE_ITER 0 64 4.940033e-04 4.625082e-03 0.000000e+00 3.099442e-04 0.000000e+00 0.000000e+00 0.000000e+00
PROFILE_ITER 0 65 4.868507e-04 4.561186e-03 0.000000e+00 3.108978e-04 0.000000e+00 0.000000e+00 9.536743e-07
PROFILE_ITER 0 66 4.920959e-04 4.675865e-03 0.000000e+00 3.099442e-04 0.000000e+00 0.000000e+00 0.000000e+00
PROFILE_ITER 0 67 4.758835e-04 4.607201e-03 0.000000e+00 3.128052e-04 0.000000e+00 0.000000e+00 0.000000e+00
PROFILE_ITER 0 68 4.746914e-04 4.648209e-03 0.000000e+00 3.108978e-04 0.000000e+00 9.536743e-07 0.000000e+00
PROFILE_ITER 1 91 4.731178e-03 4.596710e-04 0.000000e+00 4.703999e-03 0.000000e+00 0.000000e+00 0.000000e+00
PROFILE_ITER 1 92 4.645109e-03 4.689693e-04 0.000000e+00 4.615068e-03 0.000000e+00 0.000000e+00 0.000000e+00
PROFILE_ITER 1 93 4.561901e-03 4.651546e-04 0.000000e+00 4.535913e-03 0.000000e+00 0.000000e+00 0.000000e+00
PROFILE_ITER 0 69 4.837513e-04 4.577160e-03 0.000000e+00 3.108978e-04 0.000000e+00 0.000000e+00 0.000000e+00
PROFILE_ITER 0 70 4.842281e-04 4.663944e-03 0.000000e+00 3.099442e-04 1.192093e-06 0.000000e+00 0.000000e+00
PROFILE_ITER 1 94 4.650831e-03 4.591942e-04 9.536743e-07 4.621983e-03 0.000000e+00 0.000000e+00 0.000000e+00
PROFILE_ITER 1 95 4.632950e-03 4.639626e-04 0.000000e+00 4.605055e-03 9.536743e-07 0.000000e+00 9.536743e-07
PROFILE_ITER 1 96 4.640102e-03 4.589558e-04 0.000000e+00 4.611254e-03 0.000000e+00 0.000000e+00 0.000000e+00
PROFILE_ITER 1 97 4.576683e-03 4.613400e-04 0.000000e+00 4.549742e-03 0.000000e+00 0.000000e+00 0.000000e+00
PROFILE_ITER 0 71 4.839897e-04 4.570961e-03 9.536743e-07 3.099442e-04 0.000000e+00 0.000000e+00 0.000000e+00
PROFILE_ITER 0 72 4.839897e-04 4.637003e-03 0.000000e+00 3.111362e-04 0.000000e+00 0.000000e+00 0.000000e+00
PROFILE_ITER 1 98 4.727125e-03 4.587173e-04 0.000000e+00 4.701138e-03 0.000000e+00 0.000000e+00 0.000000e+00
PROFILE_ITER 1 99 4.576206e-03 4.658699e-04 0.000000e+00 4.549980e-03 0.000000e+00 0.000000e+00 0.000000e+00
PROFILE_ITER 0 73 4.730225e-04 4.637957e-03 0.000000e+00 3.111362e-04 0.000000e+00 0.000000e+00 0.000000e+00
PROFILE_ITER 0 74 4.849434e-04 4.652023e-03 0.000000e+00 3.108978e-04 0.000000e+00 0.000000e+00 0.000000e+00
PROFILE_ITER 1 100 4.726887e-03 4.620552e-04 0.000000e+00 4.698753e-03 0.000000e+00 0.000000e+00 1.192093e-06
PROFILE_ITER 1 101 4.568100e-03 4.589558e-04 0.000000e+00 4.539967e-03 0.000000e+00 0.000000e+00 0.000000e+00
PROFILE_ITER 1 102 4.684210e-03 4.658699e-04 0.000000e+00 4.656315e-03 0.000000e+00 0.000000e+00 0.000000e+00
PROFILE_ITER 0 75 4.832745e-04 4.609823e-03 0.000000e+00 3.113747e-04 0.000000e+00 0.000000e+00 0.000000e+00
PROFILE_ITER 0 76 4.818439e-04 4.652977e-03 0.000000e+00 3.099442e-04 0.000000e+00 0.000000e+00 0.000000e+00
PROFILE_ITER 0 77 4.889965e-04 4.614115e-03 0.000000e+00 3.120899e-04 0.000000e+00 0.000000e+00 0.000000e+00
PROFILE_ITER 1 103 4.729986e-03 4.670620e-04 0.000000e+00 4.701138e-03 0.000000e+00 0.000000e+00 0.000000e+00
PROFILE_ITER 1 104 4.623890e-03 4.611015e-04 0.000000e+00 4.595995e-03 0.000000e+00 0.000000e+00 9.536743e-07
PROFILE_ITER 1 105 4.614830e-03 4.580021e-04 0.000000e+00 4.587173e-03 0.000000e+00 0.000000e+00 0.000000e+00
PROFILE_ITER 0 78 4.937649e-04 4.693270e-03 0.000000e+00 3.108978e-04 9.536743e-07 0.000000e+00 0.000000e+00
PROFILE_ITER 0 79 4.818439e-04 4.693031e-03 0.000000e+00 3.099442e-04 0.000000e+00 0.000000e+00 0.000000e+00
PROFILE_ITER 1 106 4.723072e-03 4.639626e-04 9.536743e-07 4.696131e-03 0.000000e+00 0.000000e+00 9.536743e-07
PROFILE_ITER 1 107 4.718065e-03 4.620552e-04 0.000000e+00 4.689217e-03 0.000000e+00 0.000000e+00 0.000000e+00
PROFILE_ITER 1 108 4.637957e-03 4.589558e-04 0.000000e+00 4.611969e-03 0.000000e+00 0.000000e+00 0.000000e+00
PROFILE_ITER 0 80 4.937649e-04 4.717350e-03 0.000000e+00 3.108978e-04 0.000000e+00 0.000000e+00 0.000000e+00
PROFILE_ITER 0 81 4.839897e-04 4.548073e-03 0.000000e+00 3.120899e-04 0.000000e+00 0.000000e+00 0.000000e+00
PROFILE_ITER 0 82 4.880428e-04 4.636765e-03 0.000000e+00 3.108978e-04 0.000000e+00 0.000000e+00 0.000000e+00
PROFILE_ITER 1 109 4.592180e-03 4.618168e-04 0.000000e+00 4.563808e-03 0.000000e+00 0.000000e+00 0.000000e+00
PROFILE_ITER 1 110 4.632235e-03 4.608631e-04 0.000000e+00 4.602909e-03 0.000000e+00 0.000000e+00 1.192093e-06
PROFILE_ITER 1 111 4.709959e-03 4.680157e-04 0.000000e+00 4.683018e-03 0.000000e+00 0.000000e+00 0.000000e+00
PROFILE_ITER 0 83 4.949570e-04 4.691124e-03 0.000000e+00 3.111362e-04 0.000000e+00 0.000000e+00 0.000000e+00
PROFILE_ITER 0 84 4.920959e-04 4.683971e-03 0.000000e+00 3.120899e-04 0.000000e+00 0.000000e+00 0.000000e+00
PROFILE_ITER 1 112 4.558086e-03 4.608631e-04 0.000000e+00 4.528999e-03 0.000000e+00 0.000000e+00 0.000000e+00
PROFILE_ITER 1 113 4.547119e-03 4.649162e-04 9.536743e-07 4.518032e-03 9.536743e-07 0.000000e+00 0.000000e+00
PROFILE_ITER 1 114 4.717827e-03 4.582405e-04 9.536743e-07 4.688740e-03 0.000000e+00 0.000000e+00 0.000000e+00
PROFILE_ITER 1 115 4.552841e-03 4.611015e-04 0.000000e+00 4.523993e-03 0.000000e+00 0.000000e+00 0.000000e+00
PROFILE_ITER 1 116 4.635334e-03 4.587173e-04 0.000000e+00 4.608154e-03 0.000000e+00 0.000000e+00 0.000000e+00
PROFILE_ITER 1 117 4.656076e-03 4.577637e-04 0.000000e+00 4.626989e-03 0.000000e+00 0.000000e+00 9.536743e-07
PROFILE_ITER 1 118 4.638910e-03 4.651546e-04 0.000000e+00 4.611015e-03 0.000000e+00 0.000000e+00 0.000000e+00
PROFILE_ITER 1 119 4.591942e-03 4.630089e-04 0.000000e+00 4.563093e-03 0.000000e+00 0.000000e+00 0.000000e+00
PROFILE_ITER 0 85 4.928112e-04 4.536152e-03 0.000000e+00 3.099442e-04 0.000000e+00 0.000000e+00 0.000000e+00
PROFILE_ITER 0 86 4.940033e-04 4.662037e-03 0.000000e+00 3.111362e-04 0.000000e+00 9.536743e-07 0.000000e+00
PROFILE_ITER 0 87 4.940033e-04 4.608870e-03 0.000000e+00 3.111362e-04 0.000000e+00 0.000000e+00 0.000000e+00
PROFILE_ITER 0 88 4.849434e-04 4.540205e-03 0.000000e+00 3.108978e-04 0.000000e+00 0.000000e+00 0.000000e+00
PROFILE_ITER 0 89 4.930496e-04 4.542828e-03 0.000000e+00 3.108978e-04 0.000000e+00 0.000000e+00 0.000000e+00
PROFILE_ITER 0 90 4.920959e-04 4.544020e-03 0.000000e+00 3.108978e-04 0.000000e+00 0.000000e+00 0.000000e+00
PROFILE_ITER 1 120 4.640102e-03 4.549026e-04 0.000000e+00 4.611969e-03 0.000000e+00 0.000000e+00 0.000000e+00
PROFILE_ITER 1 121 4.555941e-03 4.630089e-04 0.000000e+00 4.526854e-03 0.000000e+00 0.000000e+00 0.000000e+00
PROFILE_ITER 1 122 4.549026e-03 4.630089e-04 0.000000e+00 4.520893e-03 0.000000e+00 0.000000e+00 0.000000e+00
PROFILE_ITER 0 91 4.928112e-04 4.698038e-03 0.000000e+00 3.118515e-04 0.000000e+00 0.000000e+00 0.000000e+00
PROFILE_ITER 1 123 4.604816e-03 4.572868e-04 0.000000e+00 4.575014e-03 0.000000e+00 0.000000e+00 0.000000e+00
PROFILE_ITER 1 124 4.631996e-03 4.680157e-04 0.000000e+00 4.601717e-03 0.000000e+00 0.000000e+00 0.000000e+00
PROFILE_ITER 1 125 4.626036e-03 4.639626e-04 0.000000e+00 4.595041e-03 0.000000e+00 0.000000e+00 9.536743e-07
PROFILE_ITER 1 126 4.543066e-03 4.618168e-04 0.000000e+00 4.515171e-03 0.000000e+00 0.000000e+00 9.536743e-07
PROFILE_ITER 1 127 4.558086e-03 4.620552e-04 0.000000e+00 4.528999e-03 0.000000e+00 0.000000e+00 9.536743e-07
PROFILE_ITER 0 92 4.930496e-04 4.620075e-03 0.000000e+00 3.101826e-04 0.000000e+00 0.000000e+00 0.000000e+00
PROFILE_ITER 0 93 4.918575e-04 4.535198e-03 0.000000e+00 3.118515e-04 0.000000e+00 0.000000e+00 0.000000e+00
PROFILE_ITER 0 94 4.937649e-04 4.616261e-03 0.000000e+00 3.099442e-04 0.000000e+00 0.000000e+00 9.536743e-07
PROFILE_ITER 0 95 4.918575e-04 4.603148e-03 0.000000e+00 3.089905e-04 0.000000e+00 0.000000e+00 0.000000e+00
PROFILE_ITER 1 128 4.550219e-03 4.637241e-04 0.000000e+00 4.521132e-03 0.000000e+00 0.000000e+00 0.000000e+00
PROFILE_ITER 1 129 4.663944e-03 4.651546e-04 0.000000e+00 4.635096e-03 0.000000e+00 0.000000e+00 0.000000e+00
PROFILE_ITER 1 130 4.626036e-03 4.568100e-04 0.000000e+00 4.599094e-03 0.000000e+00 0.000000e+00 0.000000e+00
PROFILE_ITER 1 131 4.711866e-03 4.601479e-04 0.000000e+00 4.684925e-03 0.000000e+00 0.000000e+00 0.000000e+00
PROFILE_ITER 1 132 4.629850e-03 4.723072e-04 0.000000e+00 4.601002e-03 0.000000e+00 0.000000e+00 0.000000e+00
PROFILE_ITER 1 133 4.548073e-03 4.549026e-04 0.000000e+00 4.519224e-03 0.000000e+00 0.000000e+00 0.000000e+00
PROFILE_ITER 0 96 4.940033e-04 4.606962e-03 0.000000e+00 3.108978e-04 0.000000e+00 0.000000e+00 0.000000e+00
PROFILE_ITER 0 97 4.949570e-04 4.543066e-03 0.000000e+00 3.120899e-04 0.000000e+00 0.000000e+00 0.000000e+00
PROFILE_ITER 0 98 4.968643e-04 4.688978e-03 9.536743e-07 3.089905e-04 0.000000e+00 0.000000e+00 0.000000e+00
PROFILE_ITER 0 99 4.930496e-04 4.549026e-03 0.000000e+00 3.120899e-04 0.000000e+00 0.000000e+00 0.000000e+00
PROFILE_ITER 1 134 4.539967e-03 4.620552e-04 0.000000e+00 4.512072e-03 0.000000e+00 0.000000e+00 0.000000e+00
PROFILE_ITER 1 135 4.611254e-03 4.596710e-04 0.000000e+00 4.584074e-03 0.000000e+00 0.000000e+00 0.000000e+00
PROFILE_ITER 0 100 4.951954e-04 4.693747e-03 0.000000e+00 3.132820e-04 0.000000e+00 0.000000e+00 0.000000e+00
PROFILE_ITER 0 101 4.930496e-04 4.534006e-03 0.000000e+00 3.111362e-04 0.000000e+00 0.000000e+00 0.000000e+00
PROFILE_ITER 0 102 4.870892e-04 4.662991e-03 0.000000e+00 3.139973e-04 0.000000e+00 0.000000e+00 0.000000e+00
PROFILE_ITER 1 136 4.633188e-03 4.618168e-04 0.000000e+00 4.604101e-03 0.000000e+00 0.000000e+00 0.000000e+00
PROFILE_ITER 1 137 4.547834e-03 4.541874e-04 0.000000e+00 4.519939e-03 0.000000e+00 0.000000e+00 0.000000e+00
PROFILE_ITER 0 103 4.909039e-04 4.703999e-03 0.000000e+00 3.089905e-04 0.000000e+00 0.000000e+00 0.000000e+00
PROFILE_ITER 0 104 4.827976e-04 4.605293e-03 0.000000e+00 3.118515e-04 0.000000e+00 0.000000e+00 0.000000e+00
PROFILE_ITER 1 138 4.626989e-03 4.558563e-04 0.000000e+00 4.598856e-03 0.000000e+00 0.000000e+00 0.000000e+00
PROFILE_ITER 1 139 4.703045e-03 4.949570e-04 0.000000e+00 4.672050e-03 0.000000e+00 0.000000e+00 0.000000e+00
PROFILE_ITER 1 140 4.575014e-03 4.839897e-04 0.000000e+00 4.545927e-03 0.000000e+00 0.000000e+00 0.000000e+00
PROFILE_ITER 0 105 4.949570e-04 4.577875e-03 0.000000e+00 3.120899e-04 0.000000e+00 0.000000e+00 0.000000e+00
PROFILE_ITER 0 106 4.937649e-04 4.693270e-03 0.000000e+00 3.118515e-04 0.000000e+00 9.536743e-07 0.000000e+00
PROFILE_ITER 1 141 4.597902e-03 4.611015e-04 0.000000e+00 4.570007e-03 0.000000e+00 0.000000e+00 9.536743e-07
PROFILE_ITER 1 142 4.568100e-03 4.570484e-04 0.000000e+00 4.537106e-03 0.000000e+00 0.000000e+00 9.536743e-07
PROFILE_ITER 0 107 4.928112e-04 4.687309e-03 0.000000e+00 3.108978e-04 0.000000e+00 0.000000e+00 0.000000e+00
PROFILE_ITER 0 108 4.968643e-04 4.600048e-03 0.000000e+00 3.099442e-04 0.000000e+00 9.536743e-07 0.000000e+00
PROFILE_ITER 1 143 4.697084e-03 4.549026e-04 0.000000e+00 4.667997e-03 0.000000e+00 0.000000e+00 0.000000e+00
PROFILE_ITER 1 144 4.565001e-03 4.570484e-04 0.000000e+00 4.537106e-03 0.000000e+00 0.000000e+00 0.000000e+00
PROFILE_ITER 0 109 4.930496e-04 4.559994e-03 0.000000e+00 3.099442e-04 0.000000e+00 0.000000e+00 0.000000e+00
PROFILE_ITER 0 110 4.880428e-04 4.606009e-03 0.000000e+00 3.099442e-04 0.000000e+00 0.000000e+00 0.000000e+00
PROFILE_ITER 0 111 4.930496e-04 4.682779e-03 0.000000e+00 3.099442e-04 0.000000e+00 0.000000e+00 0.000000e+00
PROFILE_ITER 1 145 4.552126e-03 4.546642e-04 0.000000e+00 4.523039e-03 0.000000e+00 0.000000e+00 0.000000e+00
PROFILE_ITER 1 146 4.600048e-03 4.568100e-04 0.000000e+00 4.570246e-03 0.000000e+00 0.000000e+00 0.000000e+00
PROFILE_ITER 1 147 4.595995e-03 4.601479e-04 0.000000e+00 4.568100e-03 0.000000e+00 0.000000e+00 9.536743e-07
PROFILE_ITER 0 112 4.961491e-04 4.524946e-03 0.000000e+00 3.111362e-04 0.000000e+00 0.000000e+00 0.000000e+00
PROFILE_ITER 0 113 4.930496e-04 4.518032e-03 0.000000e+00 3.120899e-04 0.000000e+00 0.000000e+00 0.000000e+00
PROFILE_ITER 0 114 4.928112e-04 4.683256e-03 0.000000e+00 3.118515e-04 0.000000e+00 0.000000e+00 0.000000e+00
PROFILE_ITER 0 115 4.920959e-04 4.521847e-03 0.000000e+00 3.111362e-04 0.000000e+00 0.000000e+00 0.000000e+00
PROFILE_ITER 0 116 4.940033e-04 4.600048e-03 0.000000e+00 3.111362e-04 0.000000e+00 0.000000e+00 0.000000e+00
PROFILE_ITER 0 117 4.947186e-04 4.619122e-03 0.000000e+00 3.118515e-04 0.000000e+00 0.000000e+00 0.000000e+00
PROFILE_ITER 0 118 4.942417e-04 4.609823e-03 0.000000e+00 3.108978e-04 0.000000e+00 0.000000e+00 0.000000e+00
PROFILE_ITER 1 148 4.646063e-03 4.577637e-04 0.000000e+00 4.618168e-03 0.000000e+00 0.000000e+00 0.000000e+00
PROFILE_ITER 1 149 4.713774e-03 4.544258e-04 0.000000e+00 4.686832e-03 0.000000e+00 0.000000e+00 0.000000e+00
PROFILE_ITER 1 150 4.635811e-03 4.601479e-04 0.000000e+00 4.606962e-03 0.000000e+00 0.000000e+00 0.000000e+00
PROFILE_ITER 1 151 4.620075e-03 4.639626e-04 0.000000e+00 4.592180e-03 0.000000e+00 0.000000e+00 0.000000e+00
PROFILE_ITER 1 152 4.714966e-03 4.630089e-04 0.000000e+00 4.686117e-03 0.000000e+00 0.000000e+00 9.536743e-07
PROFILE_ITER 1 153 4.632950e-03 4.589558e-04 0.000000e+00 4.605055e-03 0.000000e+00 0.000000e+00 0.000000e+00
PROFILE_ITER 0 119 4.830360e-04 4.571915e-03 0.000000e+00 3.099442e-04 0.000000e+00 0.000000e+00 0.000000e+00
PROFILE_ITER 0 120 4.959106e-04 4.599094e-03 0.000000e+00 3.118515e-04 0.000000e+00 0.000000e+00 0.000000e+00
PROFILE_ITER 0 121 4.851818e-04 4.533768e-03 0.000000e+00 3.101826e-04 0.000000e+00 0.000000e+00 0.000000e+00
PROFILE_ITER 0 122 4.949570e-04 4.517078e-03 0.000000e+00 3.111362e-04 0.000000e+00 0.000000e+00 0.000000e+00
PROFILE_ITER 0 123 4.882812e-04 4.573822e-03 0.000000e+00 3.111362e-04 0.000000e+00 0.000000e+00 0.000000e+00
PROFILE_ITER 0 124 4.909039e-04 4.609108e-03 0.000000e+00 3.099442e-04 0.000000e+00 0.000000e+00 0.000000e+00
PROFILE_ITER 0 125 4.849434e-04 4.605055e-03 0.000000e+00 3.108978e-04 0.000000e+00 0.000000e+00 0.000000e+00
PROFILE_ITER 0 126 4.940033e-04 4.510880e-03 0.000000e+00 3.108978e-04 0.000000e+00 0.000000e+00 0.000000e+00
PROFILE_ITER 0 127 4.940033e-04 4.523993e-03 0.000000e+00 3.108978e-04 0.000000e+00 0.000000e+00 0.000000e+00
PROFILE_ITER 0 128 4.758835e-04 4.540205e-03 0.000000e+00 3.128052e-04 0.000000e+00 0.000000e+00 0.000000e+00
PROFILE_ITER 0 129 4.839897e-04 4.645109e-03 0.000000e+00 3.099442e-04 0.000000e+00 0.000000e+00 0.000000e+00
PROFILE_ITER 0 130 4.909039e-04 4.591942e-03 0.000000e+00 3.087521e-04 0.000000e+00 0.000000e+00 0.000000e+00
PROFILE_ITER 0 131 4.932880e-04 4.678726e-03 0.000000e+00 3.111362e-04 0.000000e+00 0.000000e+00 0.000000e+00
PROFILE_ITER 0 132 4.920959e-04 4.610062e-03 0.000000e+00 3.120899e-04 0.000000e+00 0.000000e+00 0.000000e+00
PROFILE_ITER 0 133 4.920959e-04 4.510880e-03 0.000000e+00 3.099442e-04 0.000000e+00 0.000000e+00 0.000000e+00
PROFILE_ITER 0 134 4.930496e-04 4.508972e-03 0.000000e+00 3.099442e-04 0.000000e+00 0.000000e+00 0.000000e+00
PROFILE_ITER 0 135 4.930496e-04 4.575729e-03 0.000000e+00 3.118515e-04 0.000000e+00 0.000000e+00 0.000000e+00
PROFILE_ITER 0 136 4.830360e-04 4.613161e-03 0.000000e+00 3.108978e-04 0.000000e+00 0.000000e+00 0.000000e+00
PROFILE_ITER 0 137 4.959106e-04 4.506111e-03 0.000000e+00 3.120899e-04 0.000000e+00 0.000000e+00 0.000000e+00
PROFILE_ITER 0 138 4.949570e-04 4.587889e-03 0.000000e+00 3.108978e-04 0.000000e+00 0.000000e+00 0.000000e+00
PROFILE_ITER 0 139 4.930496e-04 4.704952e-03 0.000000e+00 3.108978e-04 0.000000e+00 0.000000e+00 0.000000e+00
PROFILE_ITER 0 140 4.827976e-04 4.576206e-03 0.000000e+00 3.099442e-04 0.000000e+00 0.000000e+00 0.000000e+00
PROFILE_ITER 0 141 4.951954e-04 4.563808e-03 0.000000e+00 3.118515e-04 0.000000e+00 0.000000e+00 0.000000e+00
PROFILE_ITER 0 142 4.820824e-04 4.543066e-03 0.000000e+00 3.099442e-04 0.000000e+00 0.000000e+00 0.000000e+00
PROFILE_ITER 0 143 4.959106e-04 4.653931e-03 0.000000e+00 3.108978e-04 0.000000e+00 0.000000e+00 0.000000e+00
PROFILE_ITER 0 144 4.949570e-04 4.529238e-03 0.000000e+00 3.128052e-04 0.000000e+00 0.000000e+00 0.000000e+00
PROFILE_ITER 0 145 4.849434e-04 4.523039e-03 0.000000e+00 3.108978e-04 0.000000e+00 0.000000e+00 0.000000e+00
PROFILE_ITER 0 146 4.849434e-04 4.571915e-03 0.000000e+00 3.128052e-04 0.000000e+00 0.000000e+00 0.000000e+00
PROFILE_ITER 0 147 4.942417e-04 4.561901e-03 0.000000e+00 3.113747e-04 0.000000e+00 0.000000e+00 0.000000e+00
PROFILE_ITER 0 148 4.959106e-04 4.607916e-03 0.000000e+00 3.120899e-04 0.000000e+00 0.000000e+00 0.000000e+00
PROFILE_ITER 0 149 4.971027e-04 4.671097e-03 0.000000e+00 3.130436e-04 0.000000e+00 0.000000e+00 0.000000e+00
PROFILE_ITER 0 150 4.830360e-04 4.612923e-03 0.000000e+00 3.099442e-04 0.000000e+00 0.000000e+00 0.000000e+00
PROFILE_ITER 0 151 4.956722e-04 4.588366e-03 0.000000e+00 3.108978e-04 0.000000e+00 0.000000e+00 0.000000e+00
PROFILE_ITER 0 152 4.940033e-04 4.683971e-03 0.000000e+00 3.111362e-04 0.000000e+00 0.000000e+00 0.000000e+00
PROFILE_ITER 0 153 4.920959e-04 4.598856e-03 0.000000e+00 3.089905e-04 0.000000e+00 9.536743e-07 0.000000e+00
PROFILE_ITER 0 154 4.911423e-04 4.592896e-03 0.000000e+00 3.101826e-04 0.000000e+00 0.000000e+00 0.000000e+00
PROFILE_ITER 0 155 4.761219e-04 4.691839e-03 0.000000e+00 3.120899e-04 0.000000e+00 0.000000e+00 0.000000e+00
PROFILE_ITER 0 156 4.84228PROFILE_ITER 1 154 4.628897e-03 4.551411e-04 0.000000e+00 4.601717e-03 0.000000e+00 0.000000e+00 0.000000e+00
PROFILE_ITER 1 155 4.706144e-03 4.618168e-04 0.000000e+00 4.675150e-03 0.000000e+00 0.000000e+00 9.536743e-07
PROFILE_ITER 1 156 4.623890e-03 4.580021e-04 0.000000e+00 4.595995e-03 0.000000e+00 0.000000e+00 0.000000e+00
PROFILE_ITER 1 157 4.704952e-03 4.570484e-04 0.000000e+00 4.673004e-03 0.000000e+00 0.000000e+00 9.536743e-07
PROFILE_ITER 1 158 4.687071e-03 4.601479e-04 1.907349e-06 4.657030e-03 0.000000e+00 0.000000e+00 0.000000e+00
PROFILE_ITER 1 159 4.699945e-03 4.689693e-04 9.536743e-07 4.672050e-03 0.000000e+00 0.000000e+00 0.000000e+00
PROFILE_ITER 1 160 4.698992e-03 4.599094e-04 0.000000e+00 4.671097e-03 0.000000e+00 0.000000e+00 0.000000e+00
PROFILE_ITER 1 161 4.626036e-03 4.589558e-04 0.000000e+00 4.598141e-03 0.000000e+00 0.000000e+00 0.000000e+00
PROFILE_ITER 1 162 4.636049e-03 4.608631e-04 0.000000e+00 4.607916e-03 0.000000e+00 0.000000e+00 0.000000e+00
PROFILE_ITER 1 163 4.625082e-03 4.639626e-04 1.192093e-06 4.596949e-03 0.000000e+00 0.000000e+00 0.000000e+00
PROFILE_ITER 1 164 4.561901e-03 4.639626e-04 0.000000e+00 4.530907e-03 0.000000e+00 0.000000e+00 0.000000e+00
PROFILE_ITER 1 165 4.630089e-03 4.580021e-04 0.000000e+00 4.600286e-03 0.000000e+00 0.000000e+00 0.000000e+00
PROFILE_ITER 1 166 4.540920e-03 4.620552e-04 0.000000e+00 4.513979e-03 0.000000e+00 0.000000e+00 9.536743e-07
PROFILE_ITER 1 167 4.627943e-03 4.601479e-04 0.000000e+00 4.599094e-03 0.000000e+00 0.000000e+00 9.536743e-07
PROFILE_ITER 1 168 4.617214e-03 4.587173e-04 0.000000e+00 4.589081e-03 0.000000e+00 0.000000e+00 0.000000e+00
PROFILE_ITER 1 169 4.544020e-03 4.608631e-04 0.000000e+00 4.517078e-03 0.000000e+00 0.000000e+00 0.000000e+00
PROFILE_ITER 1 170 4.540205e-03 4.558563e-04 0.000000e+00 4.511833e-03 0.000000e+00 0.000000e+00 0.000000e+00
PROFILE_ITER 1 171 4.593849e-03 4.632473e-04 0.000000e+00 4.566908e-03 0.000000e+00 0.000000e+00 0.000000e+00
PROFILE_ITER 1 172 4.600048e-03 4.558563e-04 0.000000e+00 4.572868e-03 0.000000e+00 0.000000e+00 0.000000e+00
PROFILE_ITER 1 173 4.594803e-03 4.673004e-04 0.000000e+00 4.565716e-03 0.000000e+00 0.000000e+00 9.536743e-07
PROFILE_ITER 1 174 4.613161e-03 4.696846e-04 0.000000e+00 4.584312e-03 0.000000e+00 0.000000e+00 9.536743e-07
PROFILE_ITER 1 175 4.614115e-03 4.599094e-04 0.000000e+00 4.585266e-03 0.000000e+00 0.000000e+00 0.000000e+00
PROFILE_ITER 1 176 4.531145e-03 4.658699e-04 0.000000e+00 4.503250e-03 0.000000e+00 0.000000e+00 9.536743e-07
PROFILE_ITER 1 177 4.558086e-03 4.639626e-04 0.000000e+00 4.529238e-03 0.000000e+00 0.000000e+00 0.000000e+00
PROFILE_ITER 1 178 4.535913e-03 4.601479e-04 0.000000e+00 4.504919e-03 0.000000e+00 0.000000e+00 0.000000e+00
PROFILE_ITER 1 179 4.539967e-03 4.560947e-04 0.000000e+00 4.511118e-03 0.000000e+00 0.000000e+00 0.000000e+00
PROFILE_ITER 1 180 4.568100e-03 4.608631e-04 0.000000e+00 4.537106e-03 0.000000e+00 0.000000e+00 9.536743e-07
PROFILE_ITER 1 181 4.534245e-03 4.615784e-04 0.000000e+00 4.505157e-03 0.000000e+00 0.000000e+00 0.000000e+00
PROFILE_ITER 1 182 4.626989e-03 4.601479e-04 0.000000e+00 4.601002e-03 0.000000e+00 0.000000e+00 0.000000e+00
PROFILE_ITER 1 183 4.691839e-03 4.601479e-04 0.000000e+00 4.663706e-03 0.000000e+00 0.000000e+00 0.000000e+00
PROFILE_ITER 1 184 4.527807e-03 4.591942e-04 0.000000e+00 4.500628e-03 0.000000e+00 0.000000e+00 0.000000e+00
PROFILE_ITER 1 185 4.617214e-03 4.608631e-04 0.000000e+00 4.588842e-03 0.000000e+00 0.000000e+00 0.000000e+00
PROFILE_ITER 1 186 4.695892e-03 4.599094e-04 0.000000e+00 4.667044e-03 0.000000e+00 0.000000e+00 9.536743e-07
PROFILE_ITER 1 187 4.528999e-03 4.661083e-04 0.000000e+00 4.499197e-03 0.000000e+00 0.000000e+00 0.000000e+00
PROFILE_ITER 1 188 4.543304e-03 4.646778e-04 0.000000e+00 4.513979e-03 0.000000e+00 0.000000e+00 0.000000e+00
PROFILE_ITER 1 189 4.578114e-03 4.608631e-04 0.000000e+00 4.549026e-03 0.000000e+00 0.000000e+00 0.000000e+00
PROFILE_ITER 1 190 4.532814e-03 4.611015e-04 0.000000e+00 4.504919e-03 0.000000e+00 0.000000e+00 0.000000e+00
PROFILE_ITER 1 191 4.61121e-04 4.597664e-03 0.000000e+00 3.101826e-04 0.000000e+00 0.000000e+00 0.000000e+00
PROFILE_ITER 0 157 4.849434e-04 4.677057e-03 0.000000e+00 3.089905e-04 0.000000e+00 9.536743e-07 0.000000e+00
PROFILE_ITER 0 158 4.951954e-04 4.652023e-03 0.000000e+00 3.130436e-04 0.000000e+00 0.000000e+00 0.000000e+00
PROFILE_ITER 0 159 4.956722e-04 4.671335e-03 9.536743e-07 3.108978e-04 0.000000e+00 0.000000e+00 0.000000e+00
PROFILE_ITER 0 160 4.920959e-04 4.668713e-03 0.000000e+00 3.099442e-04 0.000000e+00 0.000000e+00 0.000000e+00
PROFILE_ITER 0 161 4.951954e-04 4.590988e-03 0.000000e+00 3.118515e-04 0.000000e+00 0.000000e+00 0.000000e+00
PROFILE_ITER 0 162 4.851818e-04 4.611731e-03 0.000000e+00 3.111362e-04 0.000000e+00 0.000000e+00 0.000000e+00
PROFILE_ITER 0 163 4.971027e-04 4.591942e-03 0.000000e+00 3.130436e-04 0.000000e+00 0.000000e+00 0.000000e+00
PROFILE_ITER 0 164 4.739761e-04 4.551888e-03 0.000000e+00 3.101826e-04 0.000000e+00 0.000000e+00 0.000000e+00
PROFILE_ITER 0 165 4.961491e-04 4.591942e-03 0.000000e+00 3.087521e-04 0.000000e+00 0.000000e+00 0.000000e+00
PROFILE_ITER 0 166 4.961491e-04 4.506826e-03 0.000000e+00 3.142357e-04 0.000000e+00 0.000000e+00 0.000000e+00
PROFILE_ITER 0 167 4.940033e-04 4.590988e-03 0.000000e+00 3.101826e-04 0.000000e+00 0.000000e+00 0.000000e+00
PROFILE_ITER 0 168 4.940033e-04 4.585028e-03 0.000000e+00 3.108978e-04 0.000000e+00 0.000000e+00 0.000000e+00
PROFILE_ITER 0 169 4.909039e-04 4.513025e-03 0.000000e+00 3.118515e-04 0.000000e+00 0.000000e+00 0.000000e+00
PROFILE_ITER 0 170 4.942417e-04 4.501820e-03 0.000000e+00 3.142357e-04 0.000000e+00 0.000000e+00 0.000000e+00
PROFILE_ITER 0 171 4.928112e-04 4.563332e-03 0.000000e+00 3.108978e-04 0.000000e+00 0.000000e+00 0.000000e+00
PROFILE_ITER 0 172 4.940033e-04 4.561901e-03 0.000000e+00 3.120899e-04 0.000000e+00 0.000000e+00 0.000000e+00
PROFILE_ITER 0 173 4.880428e-04 4.574060e-03 0.000000e+00 3.120899e-04 0.000000e+00 0.000000e+00 0.000000e+00
PROFILE_ITER 0 174 4.909039e-04 4.591942e-03 0.000000e+00 3.108978e-04 0.000000e+00 0.000000e+00 0.000000e+00
PROFILE_ITER 0 175 4.849434e-04 4.588127e-03 1.192093e-06 3.118515e-04 9.536743e-07 0.000000e+00 0.000000e+00
PROFILE_ITER 0 176 4.851818e-04 4.512787e-03 2.384186e-06 3.108978e-04 0.000000e+00 0.000000e+00 0.000000e+00
PROFILE_ITER 0 177 4.861355e-04 4.535913e-03 0.000000e+00 3.111362e-04 0.000000e+00 9.536743e-07 0.000000e+00
PROFILE_ITER 0 178 4.928112e-04 4.503250e-03 0.000000e+00 3.108978e-04 0.000000e+00 0.000000e+00 0.000000e+00
PROFILE_ITER 0 179 4.949570e-04 4.501104e-03 0.000000e+00 3.120899e-04 0.000000e+00 0.000000e+00 0.000000e+00
54e-03 4.637241e-04 0.000000e+00 4.581690e-03 0.000000e+00 0.000000e+00 0.000000e+00
PROFILE_ITER 1 192 4.533052e-03 4.558563e-04 0.000000e+00 4.504204e-03 0.000000e+00 0.000000e+00 9.536743e-07
PROFILE_ITER 1 193 4.549980e-03 4.739761e-04 0.000000e+00 4.518986e-03 0.000000e+00 0.000000e+00 0.000000e+00
PROFILE_ITER 1 194 4.690170e-03 4.589558e-04 0.000000e+00 4.662037e-03 0.000000e+00 0.000000e+00 0.000000e+00
PROFILE_ITER 1 195 4.533768e-03 4.682541e-04 0.000000e+00 4.505873e-03 0.000000e+00 0.000000e+00 9.536743e-07
PROFILE_ITER 1 196 4.532814e-03 4.601479e-04 0.000000e+00 4.503965e-03 0.000000e+00 0.000000e+00 0.000000e+00
PROFILE_ITER 1 197 4.573107e-03 4.577637e-04 0.000000e+00 4.544258e-03 0.000000e+00 0.000000e+00 0.000000e+00
PROFILE_ITER 1 198 4.613876e-03 4.601479e-04 0.000000e+00 4.585028e-03 0.000000e+00 0.000000e+00 0.000000e+00
PROFILE_ITER 1 199 4.531145e-03 4.599094e-04 0.000000e+00 4.502058e-03 0.000000e+00 0.000000e+00 2.145767e-06
PROFILE_ACCUM 1 spmv=9.285853e-01 vecops=2.217863e-01 send_fill=1.192093e-05 local_spmv=9.227190e-01 comm_wait=5.006790e-06 shared_spmv=0.000000e+00 send_wait=4.816055e-05
PROFILE_ITER 0 180 4.827976e-04 4.546165e-03 0.000000e+00 3.089905e-04 0.000000e+00 0.000000e+00 0.000000e+00
PROFILE_ITER 0 181 4.937649e-04 4.502058e-03 0.000000e+00 3.099442e-04 0.000000e+00 0.000000e+00 0.000000e+00
PROFILE_ITER 0 182 4.961491e-04 4.590988e-03 0.000000e+00 3.130436e-04 0.000000e+00 0.000000e+00 0.000000e+00
PROFILE_ITER 0 183 4.949570e-04 4.653931e-03 0.000000e+00 3.120899e-04 0.000000e+00 0.000000e+00 0.000000e+00
PROFILE_ITER 0 184 4.940033e-04 4.496098e-03 9.536743e-07 3.089905e-04 0.000000e+00 0.000000e+00 0.000000e+00
PROFILE_ITER 0 185 4.928112e-04 4.585266e-03 0.000000e+00 3.108978e-04 0.000000e+00 0.000000e+00 0.000000e+00
PROFILE_ITER 0 186 4.961491e-04 4.659653e-03 0.000000e+00 3.111362e-04 0.000000e+00 0.000000e+00 0.000000e+00
PROFILE_ITER 0 187 4.920959e-04 4.503012e-03 0.000000e+00 3.089905e-04 0.000000e+00 0.000000e+00 0.000000e+00
PROFILE_ITER 0 188 4.940033e-04 4.513979e-03 0.000000e+00 3.099442e-04 0.000000e+00 0.000000e+00 0.000000e+00
PROFILE_ITER 0 189 4.811287e-04 4.557848e-03 0.000000e+00 3.089905e-04 0.000000e+00 0.000000e+00 0.000000e+00
PROFILE_ITER 0 190 4.940033e-04 4.499912e-03 0.000000e+00 3.099442e-04 0.000000e+00 0.000000e+00 0.000000e+00
PROFILE_ITER 0 191 4.839897e-04 4.592180e-03 0.000000e+00 3.089905e-04 9.536743e-07 0.000000e+00 0.000000e+00
PROFILE_ITER 0 192 4.937649e-04 4.495144e-03 0.000000e+00 3.108978e-04 0.000000e+00 0.000000e+00 0.000000e+00
PROFILE_ITER 0 193 4.868507e-04 4.537106e-03 0.000000e+00 3.108978e-04 0.000000e+00 0.000000e+00 0.000000e+00
PROFILE_ITER 0 194 4.849434e-04 4.664183e-03 0.000000e+00 3.118515e-04 0.000000e+00 0.000000e+00 0.000000e+00
PROFILE_ITER 0 195 4.861355e-04 4.515886e-03 0.000000e+00 3.108978e-04 0.000000e+00 0.000000e+00 0.000000e+00
PROFILE_ITER 0 196 4.959106e-04 4.497051e-03 0.000000e+00 3.120899e-04 0.000000e+00 9.536743e-07 0.000000e+00
PROFILE_ITER 0 197 4.971027e-04 4.533768e-03 0.000000e+00 3.111362e-04 0.000000e+00 0.000000e+00 0.000000e+00
PROFILE_ITER 0 198 4.858971e-04 4.588127e-03 0.000000e+00 3.118515e-04 0.000000e+00 0.000000e+00 0.000000e+00
PROFILE_ITER 0 199 4.930496e-04 4.496098e-03 0.000000e+00 3.120899e-04 0.000000e+00 0.000000e+00 0.000000e+00
PROFILE_ACCUM 0 spmv=9.814811e-02 vecops=9.231563e-01 send_fill=1.144409e-05 local_spmv=6.220722e-02 comm_wait=5.960464e-06 shared_spmv=8.583069e-06 send_wait=5.006790e-06
