Matrix name : /home/bugra/Workspace/C/HetHypPar_rewrite/data/matrices/rma10_1c_1g/rma10_1c_1g.mtx

	****	Matrix File readed	****LOG: Finished Creating Shard CSC
LOG: Finished Creating Vectors
PROFILE_HEADER rank iter spmv vecops send_fill local_spmv comm_wait shared_spmv send_wait
PROFILE_ITER 1 0 2.700090e-03 1.095388e-01 0.000000e+00 2.611876e-03 0.000000e+00 0.000000e+00 9.536743e-07
PROFILE_ITER 1 1 2.230883e-03 2.291203e-04 0.000000e+00 2.218008e-03 0.000000e+00 0.000000e+00 0.000000e+00
PROFILE_ITER 1 2 2.091169e-03 2.138615e-04 0.000000e+00 2.077818e-03 0.000000e+00 0.000000e+00 1.192093e-06
PROFILE_ITER 1 3 2.100945e-03 2.169609e-04 0.000000e+00 2.088070e-03 0.000000e+00 0.000000e+00 0.000000e+00
PROFILE_ITER 1 4 2.097130e-03 2.129078e-04 0.000000e+00 2.085209e-03 0.000000e+00 0.000000e+00 0.000000e+00
PROFILE_ITER 1 5 2.114296e-03 2.117157e-04 0.000000e+00 2.102137e-03 0.000000e+00 0.000000e+00 0.000000e+00
PROFILE_ITER 1 6 2.136946e-03 2.121925e-04 0.000000e+00 2.124071e-03 0.000000e+00 0.000000e+00 0.000000e+00
PROFILE_ITER 1 7 2.207756e-03 2.140999e-04 0.000000e+00 2.195835e-03 0.000000e+00 0.000000e+00 0.000000e+00
PROFILE_ITER 1 8 2.213955e-03 2.110004e-04 0.000000e+00 2.201080e-03 0.000000e+00 0.000000e+00 9.536743e-07
PROFILE_ITER 1 9 2.144814e-03 2.152920e-04 0.000000e+00 2.132893e-03 0.000000e+00 0.000000e+00 0.000000e+00
PROFILE_ITER 1 10 2.187014e-03 2.110004e-04 0.000000e+00 2.176046e-03 0.000000e+00 0.000000e+00 0.000000e+00
PROFILE_ITER 1 11 2.210855e-03 2.100468e-04 0.000000e+00 2.199888e-03 0.000000e+00 0.000000e+00 0.000000e+00
PROFILE_ITER 1 12 2.133131e-03 2.119541e-04 0.000000e+00 2.120018e-03 0.000000e+00 0.000000e+00 0.000000e+00
PROFILE_ITER 1 13 2.151966e-03 2.110004e-04 9.536743e-07 2.137899e-03 0.000000e+00 0.000000e+00 0.000000e+00
PROFILE_ITER 1 14 2.079248e-03 2.098083e-04 0.000000e+00 2.065897e-03 0.000000e+00 0.000000e+00 1.192093e-06
PROFILE_ITER 1 15 2.078056e-03 2.138615e-04 0.000000e+00 2.066135e-03 0.000000e+00 0.000000e+00 9.536743e-07
PROFILE_ITER 1 16 2.073288e-03 2.117157e-04 0.000000e+00 2.061129e-03 0.000000e+00 0.000000e+00 9.536743e-07
PROFILE_ITER 1 17 2.125978e-03 2.131462e-04 9.536743e-07 2.113104e-03 0.000000e+00 0.000000e+00 0.000000e+00
PROFILE_ITER 1 18 2.190113e-03 2.117157e-04 0.000000e+00 2.177000e-03 0.000000e+00 0.000000e+00 1.907349e-06
PROFILE_ITER 1 19 2.122879e-03 2.090931e-04 0.000000e+00 2.111912e-03 0.000000e+00 0.000000e+00 9.536743e-07
PROFILE_ITER 1 20 2.151012e-03 2.100468e-04 0.000000e+00 2.138138e-03 0.000000e+00 0.000000e+00 0.000000e+00
PROFILE_ITER 1 21 2.083063e-03 2.110004e-04 0.000000e+00 2.072096e-03 0.000000e+00 0.000000e+00 0.000000e+00
PROFILE_ITER 1 22 2.202034e-03 2.110004e-04 0.000000e+00 2.188683e-03 0.000000e+00 0.000000e+00 0.000000e+00
PROFILE_ITER 1 23 2.213001e-03 2.119541e-04 0.000000e+00 2.201796e-03 0.000000e+00 0.000000e+00 0.000000e+00
PROFILE_ITER 1 24 2.178192e-03 2.107620e-04 0.000000e+00 2.164841e-03 0.000000e+00 0.000000e+00 0.000000e+00
PROFILE_ITER 1 25 2.119064e-03 2.119541e-04 0.000000e+00 2.107143e-03 0.000000e+00 0.000000e+00 0.000000e+00
PROFILE_ITER 1 26 2.206326e-03 2.126694e-04 0.000000e+00 2.194166e-03 0.000000e+00 0.000000e+00 0.000000e+00
PROFILE_ITER 1 27 2.210140e-03 2.098083e-04 0.000000e+00 2.197981e-03 0.000000e+00 0.000000e+00 0.000000e+00
PROFILE_ITER 1 28 2.209902e-03 2.140999e-04 0.000000e+00 2.197981e-03 0.000000e+00 0.000000e+00 0.000000e+00
PROFILE_ITER 1 29 2.094030e-03 2.119541e-04 0.000000e+00 2.083063e-03 0.000000e+00 0.000000e+00 0.000000e+00
PROFILE_ITER 1 30 2.087831e-03 2.102852e-04 0.000000e+00 2.076149e-03 0.000000e+00 0.000000e+00 0.000000e+00
PROFILE_ITER 1 31 2.142906e-03 2.110004e-04 0.000000e+00 2.130032e-03 0.000000e+00 0.000000e+00 9.536743e-07
PROFILE_ITER 1 32 2.206802e-03 2.143383e-04 0.000000e+00 2.195120e-03 0.000000e+00 0.000000e+00 9.536743e-07
PROFILE_ITER 1 33 2.079248e-03 2.095699e-04 1.192093e-06 2.066135e-03 0.000000e+00 0.000000e+00 0.000000e+00
PROFILE_ITER 1 34 2.205849e-03 2.112389e-04 0.000000e+00 2.193928e-03 9.536743e-07 0.000000e+00 0.000000e+00
PROFILE_ITER 1 35 2.210140e-03 2.069473e-04 0.000000e+00 2.197266e-03 0.000000e+00 0.000000e+00 0.000000e+00
PROFILE_ITER 1 36 2.207041e-03 2.098083e-04 9.536743e-07 2.193689e-03 0.000000e+00 0.000000en_iters : 200 
spmv : 0.469886 
file_read : 0.854581 
relative_residual : 1.117793E+07
everything_total : 1.434011

----------------------------------------------------------------------
PROFILE_HEADER rank iter spmv vecops send_fill local_spmv comm_wait shared_spmv send_wait
PROFILE_ITER 0 0 2.810955e-04 2.943993e-03 0.000000e+00 1.659393e-04 0.000000e+00 0.000000e+00 0.000000e+00
PROFILE_ITER 0 1 2.720356e-04 2.188921e-03 0.000000e+00 1.649857e-04 0.000000e+00 0.000000e+00 0.000000e+00
PROFILE_ITER 0 2 2.663136e-04 2.038717e-03 0.000000e+00 1.630783e-04 0.000000e+00 0.000000e+00 0.000000e+00
PROFILE_ITER 0 3 2.708435e-04 2.047062e-03 0.000000e+00 1.649857e-04 0.000000e+00 0.000000e+00 0.000000e+00
PROFILE_ITER 0 4 2.636909e-04 2.046347e-03 0.000000e+00 1.626015e-04 0.000000e+00 0.000000e+00 0.000000e+00
PROFILE_ITER 0 5 2.651215e-04 2.060890e-03 0.000000e+00 1.621246e-04 0.000000e+00 0.000000e+00 0.000000e+00
PROFILE_ITER 0 6 2.620220e-04 2.087116e-03 0.000000e+00 1.621246e-04 0.000000e+00 0.000000e+00 0.000000e+00
PROFILE_ITER 0 7 2.658367e-04 2.156019e-03 9.536743e-07 1.640320e-04 0.000000e+00 0.000000e+00 0.000000e+00
PROFILE_ITER 0 8 2.620220e-04 2.162933e-03 0.000000e+00 1.630783e-04 0.000000e+00 0.000000e+00 0.000000e+00
PROFILE_ITER 0 9 2.560616e-04 2.104044e-03 0.000000e+00 1.630783e-04 0.000000e+00 0.000000e+00 0.000000e+00
PROFILE_ITER 0 10 2.620220e-04 2.135992e-03 0.000000e+00 1.621246e-04 0.000000e+00 0.000000e+00 9.536743e-07
PROFILE_ITER 0 11 2.639294e-04 2.156973e-03 0.000000e+00 1.621246e-04 0.000000e+00 0.000000e+00 0.000000e+00
PROFILE_ITER 0 12 2.670288e-04 2.078056e-03 0.000000e+00 1.630783e-04 0.000000e+00 0.000000e+00 0.000000e+00
PROFILE_ITER 0 13 2.608299e-04 2.102137e-03 1.192093e-06 1.618862e-04 0.000000e+00 0.000000e+00 0.000000e+00
PROFILE_ITER 0 14 2.641678e-04 2.024889e-03 0.000000e+00 1.621246e-04 0.000000e+00 9.536743e-07 0.000000e+00
PROFILE_ITER 0 15 2.658367e-04 2.026081e-03 0.000000e+00 1.640320e-04 0.000000e+00 0.000000e+00 0.000000e+00
PROFILE_ITER 0 16 2.648830e-04 2.020121e-03 0.000000e+00 1.618862e-04 0.000000e+00 0.000000e+00 0.000000e+00
PROFILE_ITER 0 17 2.570152e-04 2.082109e-03 0.000000e+00 1.630783e-04 0.000000e+00 0.000000e+00 0.000000e+00
PROFILE_ITER 0 18 2.629757e-04 2.137899e-03 0.000000e+00 1.628399e-04 0.000000e+00 0.000000e+00 0.000000e+00
PROFILE_ITER 0 19 2.641678e-04 2.068758e-03 0.000000e+00 1.630783e-04 0.000000e+00 0.000000e+00 0.000000e+00
PROFILE_ITER 0 20 2.639294e-04 2.097130e-03 1.192093e-06 1.618862e-04 0.000000e+00 0.000000e+00 0.000000e+00
PROFILE_ITER 0 21 2.632141e-04 2.030849e-03 0.000000e+00 1.630783e-04 0.000000e+00 0.000000e+00 0.000000e+00
PROFILE_ITER 0 22 2.620220e-04 2.148867e-03 0.000000e+00 1.628399e-04 0.000000e+00 0.000000e+00 0.000000e+00
PROFILE_ITER 0 23 2.632141e-04 2.163887e-03 0.000000e+00 1.630783e-04 0.000000e+00 0.000000e+00 0.000000e+00
PROFILE_ITER 0 24 2.651215e-04 2.123833e-03 0.000000e+00 1.640320e-04 0.000000e+00 0.000000e+00 0.000000e+00
PROFILE_ITER 0 25 2.651215e-04 2.065897e-03 0.000000e+00 1.640320e-04 0.000000e+00 0.000000e+00 0.000000e+00
PROFILE_ITER 0 26 2.639294e-04 2.155066e-03 0.000000e+00 1.628399e-04 0.000000e+00 0.000000e+00 0.000000e+00
PROFILE_ITER 0 27 2.639294e-04 2.156019e-03 0.000000e+00 1.618862e-04 0.000000e+00 0.000000e+00 0.000000e+00
PROFILE_ITER 0 28 2.641678e-04 2.159834e-03 0.000000e+00 1.621246e-04 0.000000e+00 0.000000e+00 0.000000e+00
PROFILE_ITER 0 29 2.660751e-04 2.039909e-03 0.000000e+00 1.630783e-04 0.000000e+00 0.000000e+00 0.000000e+00
PROFILE_ITER 0 30 2.641678e-04 2.032995e-03 0.000000e+00 1.640320e-04 0.000000e+00 0.000000e+00 0.000000e+00
PROFILE_ITER 0 31 2.672672e-04 2.087593e-03 0.000000e+00 1.642704e-04 0.000000e+00 0.000000e+00 0.000000e+00
PROFILE_ITER 0 32 2.641678e-04 2.156973e-03 0.000000e+00 1.630783e-04 0.000000e+00 0.000000e+00 0.000000e+00
PROFILE_ITER 0 33 2.620220e-04 2.025843e-03 0.000000e+00 1.630783e-04 0.000000e+00 0.000000e+00 0.000000e+00
PROFILE_ITER 0 34 2.679825e-04 2.148151e-03 0.000000e+00 1.640320e-04 0.000000e+00 0.000000e+00 0.000000e+00
PROFILE_ITER 0 35 2.641678e-04 2.153873e-03 0.000000e+00 1.640320e-04 0.000000e+00 0.000000e+00 0.000000e+00
PROFILE_ITER 0 36 2.648830e-04 2.151966e-03 0.000000e+00 1.618862e-04 0.000000e+00 0.000000e+00 0.000000e+00
PROFILE_ITER 0 37 2.632141e-04 2.024889e-03 0.000000e+00 1.621246e-04 0.000000e+00 0.000000e+00 0.000000e+00
PROFILE_ITER 0 38 2.629757e-04 2.029896e-03 0.000000e+00 1.628399e-04 0.000000e+00 0.000000e+00 0.000000e+00
PROFILE_ITER 0 39 2.617836e-04 2.035379e-03 9.536743e-07 1.618862e-04 0.000000e+00 0.000000e+00 0.000000e+00
PROFILE_ITER 0 40 2.632141e-04 2.026796e-03 0.000000e+00 1.618862e-04 1.192093e-06 0.000000e+00 0.000000e+00
PROFILE_ITER 0 41 2.629757e-04 2.019882e-03 0.000000e+00 1.618862e-04 0.000000e+00 0.000000e+00 0.000000e+00
PROFILE_ITER 0 42 2.641678e-04 2.022028e-03 0.000000e+00 1.630783e-04 0.000000e+00 0.000000e+00 9.536743e-07
PROFILE_ITER 0 43 2.658367e-04 2.154112e-03 0.000000e+00 1.628399e-04 0.000000e+00 0.000000e+00 0.000000e+00
PROFILE_ITER 0 44 2.617836e-04 2.019167e-03 0.000000e+00 1.628399e-04 0.000000e+00 0.000000e+00 0.000000e+00
PROFILE_ITER 0 45 2.641678e-04 2.154827e-03 0.000000e+00 1.630783e-04 0.000000e+00 9.536743e-07 0.000000e+00
PROFILE_ITER 0 46 2.639294e-04 2.084017e-03 0.000000e+00 1.640320e-04 0.000000e+00 0.000000e+00 0.000000e+00
PROFILE_ITER 0 47 2.629757e-04 2.023220e-03 0.000000e+00 1.640320e-04 0.000000e+00 0.000000e+00 0.000000e+00
PROFILE_ITER 0 48 2.636909e-04 2.022266e-03 0.000000e+00 1.618862e-04 0.000000e+00 0.000000e+00 0.000000e+00
PROFILE_ITER 0 49 2.570152e-04 2.089024e-03 0.000000e+00 1.637936e-04 0.000000e+00 0.000000e+00 1.192093e-06
PROFILE_ITER 0 50 2.617836e-04 2.030134e-03 0.000000e+00 1.618862e-04 0.000000e+00 0.000000e+00 0.000000e+00
PROFILE_ITER 0 51 2.651215e-04 2.154827e-03 0.000000e+00 1.630783e-04 0.000000e+00 0.000000e+00 0.000000e+00
PROFILE_ITER 0 52 2.629757e-04 2.015114e-03 0.000000e+00 1.628399e-04 0.000000e+00 0.000000e+00 0.000000e+00
PROFILE_ITER 0 53 2.639294e-04 2.018929e-03 0.000000e+00 1.626015e-04 0.000000e+00 0.000000e+00 0.000000e+00
PROFILE_ITER 0 54 2.617836e-04 2.018213e-03 0.000000e+00 1.618862e-04 0.000000e+00 0.000000e+00 0.000000e+00
PROFILE_ITER 0 55 2.620220e-04 2.025127e-03 0.000000e+00 1.630783e-04 0.000000e+00 0.000000e+00 0.000000e+00
PROFILE_ITER 0 56 2.651215e-04 2.156734e-03 0.000000e+00 1.630783e-04 0.000000e+00 0.000000e+00 0.000000e+00
PROFILE_ITER 0 57 2.629757e-04 2.163172e-03 9.536743e-07 1.621246e-04 0.000000e+00 0.000000e+00 0.000000e+00
PROFILE_ITER 0 58 2.629757e-04 2.022982e-03 0.000000e+00 1.628399e-04 0.000000e+00 0.000000e+00 0.000000e+00
PROFILE_ITER 0 59 2.620220e-04 2.044916e-03 0.000000e+00 1.621246e-04 0.000000e+00 0.000000e+00 0.000000e+00
PROFILE_ITER 0 60 2.641678e-04 2.099037e-03 0.000000e+00 1.630783e-04 0.000000e+00 0.000000e+00 0.000000e+00
PROFILE_ITER 0 61 2.639294e-04 2.027035e-03 0.000000e+00 1.640320e-04 0.000000e+00 0.000000e+00 0.000000e+00
PROFILE_ITER 0 62 2.627373e-04 2.019167e-03 0.000000e+00 1.630783e-04 0.000000e+00 0.000000e+00 0.000000e+00
PROFILE_ITER 0 63 2.651215e-04 2.016783e-03 0.000000e+00 1.640320e-04 0.000000e+00 0.000000e+00 0.000000e+00
PROFILE_ITER 0 64 2.627373e-04 2.019405e-03 0.000000e+00 1.630783e-04 0.000000e+00 0.000000e+00 0.000000e+00
PROFILE_ITER 0 65 2.620220e-04 2.140999e-03 0.000000e+00 1.618862e-04 0.000000e+00 0.000000e+00 0.000000e+00
PROFILE_ITER 0 66 2.627373e-04 2.046108e-03 0.000000e+00 1.626015e-04 0.000000e+00 0.000000e+00 0.000000e+00
PROFILE_ITER 0 67 2.670288e-04 2.132177e-03 0.000000e+00 1.637936e-04 0.000000e+00 0.000000e+00 0.000000e+00
PROFILE_ITER 0 68 2.651215e-04 2.105713e-03 0.000000e+00 1.640320e-04 0.000000e+00 0.000000e+00 0.000000e+00
PROFILE_ITER 0 69 2.622604e-04 2.069712e-03 0.000000e+00 1.640320e-04 0.000000e+00 0.000000e+00 0.000000e+00
PROFILE_ITER 0 70 2.639294e-04 2.152205e-03 0.000000e+00 1.640320e-04 0.000000e+00 0.000000e+00 0.000000e+00
PROFILE_ITER 0 71 2.632141e-04 2.153635e-03 0.000000e+00 1.630783e-04 0.000000e+00 0.000000e+00 0.000000e+00
PROFILE_ITER 0 72 2.632141e-04 2.113819e-03 0.000000e+00 1.628399e-04 1.19209+00 0.000000e+00
PROFILE_ITER 1 37 2.078056e-03 2.100468e-04 0.000000e+00 2.066135e-03 0.000000e+00 0.000000e+00 0.000000e+00
PROFILE_ITER 1 38 2.082109e-03 2.107620e-04 0.000000e+00 2.070904e-03 0.000000e+00 0.000000e+00 0.000000e+00
PROFILE_ITER 1 39 2.082109e-03 2.150536e-04 0.000000e+00 2.069950e-03 9.536743e-07 0.000000e+00 0.000000e+00
PROFILE_ITER 1 40 2.080202e-03 2.098083e-04 0.000000e+00 2.068996e-03 0.000000e+00 0.000000e+00 0.000000e+00
PROFILE_ITER 1 41 2.072811e-03 2.100468e-04 0.000000e+00 2.059937e-03 0.000000e+00 0.000000e+00 9.536743e-07
PROFILE_ITER 1 42 2.073765e-03 2.124310e-04 0.000000e+00 2.061844e-03 0.000000e+00 0.000000e+00 0.000000e+00
PROFILE_ITER 1 43 2.209902e-03 2.100468e-04 0.000000e+00 2.197027e-03 0.000000e+00 0.000000e+00 1.192093e-06
PROFILE_ITER 1 44 2.073050e-03 2.079010e-04 0.000000e+00 2.059937e-03 0.000000e+00 0.000000e+00 1.192093e-06
PROFILE_ITER 1 45 2.206802e-03 2.121925e-04 0.000000e+00 2.195835e-03 0.000000e+00 0.000000e+00 9.536743e-07
PROFILE_ITER 1 46 2.139807e-03 2.102852e-04 0.000000e+00 2.125978e-03 0.000000e+00 0.000000e+00 9.536743e-07
PROFILE_ITER 1 47 2.075911e-03 2.090931e-04 0.000000e+00 2.064228e-03 0.000000e+00 0.000000e+00 9.536743e-07
PROFILE_ITER 1 48 2.075911e-03 2.100468e-04 0.000000e+00 2.065182e-03 0.000000e+00 0.000000e+00 0.000000e+00
PROFILE_ITER 1 49 2.131701e-03 2.133846e-04 0.000000e+00 2.118826e-03 0.000000e+00 0.000000e+00 1.907349e-06
PROFILE_ITER 1 50 2.083063e-03 2.088547e-04 0.000000e+00 2.069950e-03 0.000000e+00 0.000000e+00 0.000000e+00
PROFILE_ITER 1 51 2.204895e-03 2.150536e-04 0.000000e+00 2.193928e-03 0.000000e+00 0.000000e+00 0.000000e+00
PROFILE_ITER 1 52 2.069235e-03 2.088547e-04 0.000000e+00 2.055883e-03 0.000000e+00 0.000000e+00 0.000000e+00
PROFILE_ITER 1 53 2.075911e-03 2.069473e-04 0.000000e+00 2.063990e-03 0.000000e+00 0.000000e+00 0.000000e+00
PROFILE_ITER 1 54 2.069950e-03 2.088547e-04 0.000000e+00 2.058744e-03 0.000000e+00 0.000000e+00 0.000000e+00
PROFILE_ITER 1 55 2.076864e-03 2.102852e-04 0.000000e+00 2.062798e-03 0.000000e+00 0.000000e+00 0.000000e+00
PROFILE_ITER 1 56 2.210855e-03 2.110004e-04 0.000000e+00 2.197981e-03 0.000000e+00 0.000000e+00 0.000000e+00
PROFILE_ITER 1 57 2.215862e-03 2.102852e-04 0.000000e+00 2.202988e-03 0.000000e+00 0.000000e+00 0.000000e+00
PROFILE_ITER 1 58 2.076149e-03 2.098083e-04 0.000000e+00 2.064943e-03 0.000000e+00 0.000000e+00 0.000000e+00
PROFILE_ITER 1 59 2.098083e-03 2.088547e-04 0.000000e+00 2.085924e-03 0.000000e+00 0.000000e+00 0.000000e+00
PROFILE_ITER 1 60 2.152920e-03 2.102852e-04 0.000000e+00 2.140999e-03 0.000000e+00 0.000000e+00 0.000000e+00
PROFILE_ITER 1 61 2.079010e-03 2.119541e-04 0.000000e+00 2.067089e-03 0.000000e+00 0.000000e+00 9.536743e-07
PROFILE_ITER 1 62 2.072096e-03 2.098083e-04 0.000000e+00 2.059937e-03 0.000000e+00 0.000000e+00 0.000000e+00
PROFILE_ITER 1 63 2.072096e-03 2.098083e-04 0.000000e+00 2.060890e-03 0.000000e+00 0.000000e+00 0.000000e+00
PROFILE_ITER 1 64 2.069712e-03 2.124310e-04 0.000000e+00 2.055883e-03 0.000000e+00 0.000000e+00 9.536743e-07
PROFILE_ITER 1 65 2.195835e-03 2.071857e-04 0.000000e+00 2.184868e-03 0.000000e+00 0.000000e+00 0.000000e+00
PROFILE_ITER 1 66 2.098083e-03 2.107620e-04 0.000000e+00 2.086878e-03 0.000000e+00 0.000000e+00 0.000000e+00
PROFILE_ITER 1 67 2.187967e-03 2.112389e-04 0.000000e+00 2.175808e-03 0.000000e+00 0.000000e+00 0.000000e+00
PROFILE_ITER 1 68 2.159834e-03 2.100468e-04 0.000000e+00 2.150059e-03 0.000000e+00 0.000000e+00 0.000000e+00
PROFILE_ITER 1 69 2.123117e-03 2.098083e-04 0.000000e+00 2.111912e-03 0.000000e+00 0.000000e+00 0.000000e+00
PROFILE_ITER 1 70 2.205133e-03 2.129078e-04 0.000000e+00 2.195120e-03 0.000000e+00 0.000000e+00 0.000000e+00
PROFILE_ITER 1 71 2.208233e-03 2.067089e-04 0.000000e+00 2.195120e-03 0.000000e+00 0.000000e+00 0.000000e+00
PROFILE_ITER 1 72 2.166986e-03 2.100468e-04 0.000000e+00 2.153158e-03 0.000000e+00 0.000000e+00 9.536743e-07
PROFILE_ITER 1 73 2.204895e-03 2.102852e-04 0.000000e+00 2.192974e-03 0.000000e+00 0.000000e+00 0.000000e+00
PROFILE_ITER 1 74 2.074957e-03 2.088547e-04 0.3e-06 0.000000e+00 0.000000e+00
PROFILE_ITER 0 73 2.670288e-04 2.148151e-03 0.000000e+00 1.652241e-04 0.000000e+00 0.000000e+00 0.000000e+00
PROFILE_ITER 0 74 2.651215e-04 2.018690e-03 0.000000e+00 1.637936e-04 0.000000e+00 1.192093e-06 0.000000e+00
PROFILE_ITER 0 75 2.629757e-04 2.135992e-03 0.000000e+00 1.621246e-04 0.000000e+00 0.000000e+00 0.000000e+00
PROFILE_ITER 0 76 2.620220e-04 2.022982e-03 0.000000e+00 1.621246e-04 0.000000e+00 0.000000e+00 0.000000e+00
PROFILE_ITER 0 77 2.617836e-04 2.023220e-03 0.000000e+00 1.630783e-04 0.000000e+00 0.000000e+00 0.000000e+00
PROFILE_ITER 0 78 2.622604e-04 2.017736e-03 0.000000e+00 1.630783e-04 0.000000e+00 0.000000e+00 0.000000e+00
PROFILE_ITER 0 79 2.620220e-04 2.024174e-03 0.000000e+00 1.621246e-04 0.000000e+00 0.000000e+00 0.000000e+00
PROFILE_ITER 0 80 2.617836e-04 2.151251e-03 0.000000e+00 1.618862e-04 0.000000e+00 0.000000e+00 0.000000e+00
PROFILE_ITER 0 81 2.608299e-04 2.109051e-03 0.000000e+00 1.630783e-04 0.000000e+00 0.000000e+00 0.000000e+00
PROFILE_ITER 0 82 2.613068e-04 2.020597e-03 0.000000e+00 1.630783e-04 0.000000e+00 0.000000e+00 0.000000e+00
PROFILE_ITER 0 83 2.632141e-04 2.019882e-03 0.000000e+00 1.640320e-04 0.000000e+00 0.000000e+00 0.000000e+00
PROFILE_ITER 0 84 2.632141e-04 2.069712e-03 0.000000e+00 1.630783e-04 0.000000e+00 0.000000e+00 0.000000e+00
PROFILE_ITER 0 85 2.601147e-04 2.089024e-03 0.000000e+00 1.630783e-04 0.000000e+00 0.000000e+00 0.000000e+00
PROFILE_ITER 0 86 2.617836e-04 2.161264e-03 0.000000e+00 1.621246e-04 0.000000e+00 0.000000e+00 0.000000e+00
PROFILE_ITER 0 87 2.617836e-04 2.162218e-03 0.000000e+00 1.621246e-04 0.000000e+00 0.000000e+00 0.000000e+00
PROFILE_ITER 0 88 2.617836e-04 2.153158e-03 0.000000e+00 1.628399e-04 0.000000e+00 0.000000e+00 0.000000e+00
PROFILE_ITER 0 89 2.639294e-04 2.157927e-03 0.000000e+00 1.630783e-04 0.000000e+00 0.000000e+00 0.000000e+00
PROFILE_ITER 0 90 2.632141e-04 2.021790e-03 9.536743e-07 1.621246e-04 0.000000e+00 0.000000e+00 0.000000e+00
PROFILE_ITER 0 91 2.622604e-04 2.143860e-03 0.000000e+00 1.621246e-04 0.000000e+00 0.000000e+00 0.000000e+00
PROFILE_ITER 0 92 2.648830e-04 2.022028e-03 0.000000e+00 1.640320e-04 0.000000e+00 0.000000e+00 0.000000e+00
PROFILE_ITER 0 93 2.651215e-04 2.022982e-03 0.000000e+00 1.640320e-04 0.000000e+00 0.000000e+00 0.000000e+00
PROFILE_ITER 0 94 2.632141e-04 2.021790e-03 0.000000e+00 1.630783e-04 0.000000e+00 0.000000e+00 0.000000e+00
PROFILE_ITER 0 95 2.620220e-04 2.020836e-03 0.000000e+00 1.618862e-04 0.000000e+00 0.000000e+00 0.000000e+00
PROFILE_ITER 0 96 2.629757e-04 2.162218e-03 0.000000e+00 1.618862e-04 0.000000e+00 0.000000e+00 0.000000e+00
PROFILE_ITER 0 97 2.627373e-04 2.159119e-03 0.000000e+00 1.626015e-04 0.000000e+00 0.000000e+00 0.000000e+00
PROFILE_ITER 0 98 2.639294e-04 2.103090e-03 0.000000e+00 1.637936e-04 0.000000e+00 0.000000e+00 0.000000e+00
PROFILE_ITER 0 99 2.632141e-04 2.077818e-03 0.000000e+00 1.630783e-04 0.000000e+00 0.000000e+00 0.000000e+00
PROFILE_ITER 0 100 2.629757e-04 2.058029e-03 0.000000e+00 1.618862e-04 0.000000e+00 0.000000e+00 0.000000e+00
PROFILE_ITER 0 101 2.629757e-04 2.023935e-03 0.000000e+00 1.630783e-04 0.000000e+00 0.000000e+00 9.536743e-07
PROFILE_ITER 0 102 2.646446e-04 2.085447e-03 0.000000e+00 1.630783e-04 0.000000e+00 9.536743e-07 0.000000e+00
PROFILE_ITER 0 103 2.622604e-04 2.019644e-03 0.000000e+00 1.640320e-04 0.000000e+00 0.000000e+00 0.000000e+00
PROFILE_ITER 0 104 2.639294e-04 2.076149e-03 0.000000e+00 1.621246e-04 0.000000e+00 0.000000e+00 0.000000e+00
PROFILE_ITER 0 105 2.641678e-04 2.074718e-03 0.000000e+00 1.630783e-04 0.000000e+00 0.000000e+00 0.000000e+00
000000e+00 2.063990e-03 0.000000e+00 0.000000e+00 0.000000e+00
PROFILE_ITER 1 75 2.188683e-03 2.102852e-04 0.000000e+00 2.177000e-03 0.000000e+00 0.000000e+00 0.000000e+00
PROFILE_ITER 1 76 2.073050e-03 2.119541e-04 0.000000e+00 2.061129e-03 0.000000e+00 0.000000e+00 9.536743e-07
PROFILE_ITER 1 77 2.074957e-03 2.100468e-04 0.000000e+00 2.062798e-03 0.000000e+00 0.000000e+00 0.000000e+00
PROFILE_ITER 1 78 2.066851e-03 2.131462e-04 0.000000e+00 2.053022e-03 0.000000e+00 0.000000e+00 0.000000e+00
PROFILE_ITER 1 79 2.076149e-03 2.100468e-04 0.000000e+00 2.063990e-03 0.000000e+00 0.000000e+00 9.536743e-07
PROFILE_ITER 1 80 2.202988e-03 2.100468e-04 0.000000e+00 2.190828e-03 9.536743e-07 0.000000e+00 0.000000e+00
PROFILE_ITER 1 81 2.162218e-03 2.076626e-04 0.000000e+00 2.150059e-03 0.000000e+00 0.000000e+00 0.000000e+00
PROFILE_ITER 1 82 2.070904e-03 2.110004e-04 1.907349e-06 2.058983e-03 0.000000e+00 0.000000e+00 0.000000e+00
PROFILE_ITER 1 83 2.074957e-03 2.081394e-04 0.000000e+00 2.062082e-03 0.000000e+00 0.000000e+00 0.000000e+00
PROFILE_ITER 1 84 2.123117e-03 2.098083e-04 0.000000e+00 2.110958e-03 0.000000e+00 0.000000e+00 0.000000e+00
PROFILE_ITER 1 85 2.141237e-03 2.079010e-04 0.000000e+00 2.129078e-03 0.000000e+00 0.000000e+00 9.536743e-07
PROFILE_ITER 1 86 2.212763e-03 2.102852e-04 0.000000e+00 2.200842e-03 0.000000e+00 0.000000e+00 0.000000e+00
PROFILE_ITER 1 87 2.210855e-03 2.131462e-04 0.000000e+00 2.199888e-03 0.000000e+00 0.000000e+00 0.000000e+00
PROFILE_ITER 1 88 2.203941e-03 2.110004e-04 0.000000e+00 2.192020e-03 0.000000e+00 0.000000e+00 0.000000e+00
PROFILE_ITER 1 89 2.207756e-03 2.140999e-04 0.000000e+00 2.193928e-03 0.000000e+00 0.000000e+00 9.536743e-07
PROFILE_ITER 1 90 2.071857e-03 2.131462e-04 0.000000e+00 2.059937e-03 0.000000e+00 0.000000e+00 0.000000e+00
PROFILE_ITER 1 91 2.195120e-03 2.110004e-04 0.000000e+00 2.183199e-03 0.000000e+00 0.000000e+00 9.536743e-07
PROFILE_ITER 1 92 2.076864e-03 2.100468e-04 9.536743e-07 2.063990e-03 0.000000e+00 0.000000e+00 0.000000e+00
PROFILE_ITER 1 93 2.077103e-03 2.110004e-04 0.000000e+00 2.062798e-03 0.000000e+00 0.000000e+00 0.000000e+00
PROFILE_ITER 1 94 2.074957e-03 2.119541e-04 0.000000e+00 2.064943e-03 0.000000e+00 0.000000e+00 0.000000e+00
PROFILE_ITER 1 95 2.071142e-03 2.098083e-04 0.000000e+00 2.058983e-03 0.000000e+00 0.000000e+00 9.536743e-07
PROFILE_ITER 1 96 2.215147e-03 2.100468e-04 0.000000e+00 2.201796e-03 0.000000e+00 0.000000e+00 1.192093e-06
PROFILE_ITER 1 97 2.211094e-03 2.107620e-04 0.000000e+00 2.198935e-03 0.000000e+00 0.000000e+00 0.000000e+00
PROFILE_ITER 1 98 2.153158e-03 2.138615e-04 0.000000e+00 2.141953e-03 0.000000e+00 0.000000e+00 0.000000e+00
PROFILE_ITER 1 99 2.127171e-03 2.129078e-04 0.000000e+00 2.116203e-03 0.000000e+00 0.000000e+00 0.000000e+00
PROFILE_ITER 1 100 2.111197e-03 2.098083e-04 0.000000e+00 2.099991e-03 0.000000e+00 0.000000e+00 0.000000e+00
PROFILE_ITER 1 101 2.075911e-03 2.110004e-04 0.000000e+00 2.063036e-03 0.000000e+00 0.000000e+00 9.536743e-07
PROFILE_ITER 1 102 2.139807e-03 2.102852e-04 0.000000e+00 2.126932e-03 0.000000e+00 0.000000e+00 0.000000e+00
PROFILE_ITER 1 103 2.073765e-03 2.081394e-04 0.000000e+00 2.061844e-03 0.000000e+00 0.000000e+00 0.000000e+00
PROFILE_ITER 1 104 2.129078e-03 2.110004e-04 0.000000e+00 2.115965e-03 0.000000e+00 0.000000e+00 0.000000e+00
PROFILE_ITER 1 105 2.129078e-03 2.098083e-04 0.000000e+00 2.116919e-03 0.000000e+00 0.000000e+00 0.000000e+00
PROFILE_ITER 1 106 2.075911e-03 2.090931e-04 0.000000e+00 2.063990e-03 0.000000e+00 0.000000e+00 0.000000e+00
PROFILE_ITER 1 107 2.120018e-03 2.088547e-04 0.000000e+00 2.109051e-03 0.000000e+00 0.000000e+00 0.000000e+00
PROFILE_ITER 1 108 2.070904e-03 2.121925e-04 0.000000e+00 2.058029e-03 0.000000e+00 0.000000e+00 0.000000e+00
PROFILE_ITER 1 109 2.065897e-03 2.110004e-04 0.000000e+00 2.053738e-03 0.000000e+00 0.000000e+00 0.000000e+00
PROFILE_ITER 1 110 2.069950e-03 2.071857e-04 0.000000e+00 2.057076e-03 9.536743e-07 0.000000e+00 9.536743e-07
PROFILE_ITER 1 111 2.105951e-03 2.090931e-04 0.000000e+00 2.094030e-03 0.000000e+00 0.000000e+00 0PROFILE_ITER 0 106 2.608299e-04 2.025366e-03 0.000000e+00 1.621246e-04 0.000000e+00 0.000000e+00 0.000000e+00
PROFILE_ITER 0 107 2.629757e-04 2.065897e-03 0.000000e+00 1.630783e-04 0.000000e+00 0.000000e+00 0.000000e+00
PROFILE_ITER 0 108 2.639294e-04 2.020121e-03 0.000000e+00 1.640320e-04 0.000000e+00 0.000000e+00 0.000000e+00
PROFILE_ITER 0 109 2.639294e-04 2.012968e-03 0.000000e+00 1.621246e-04 9.536743e-07 0.000000e+00 0.000000e+00
PROFILE_ITER 0 110 2.622604e-04 2.014875e-03 0.000000e+00 1.630783e-04 0.000000e+00 0.000000e+00 0.000000e+00
PROFILE_ITER 0 111 2.651215e-04 2.050877e-03 0.000000e+00 1.640320e-04 0.000000e+00 0.000000e+00 0.000000e+00
PROFILE_ITER 0 112 2.629757e-04 2.149105e-03 0.000000e+00 1.630783e-04 0.000000e+00 0.000000e+00 0.000000e+00
PROFILE_ITER 0 113 2.627373e-04 2.138138e-03 0.000000e+00 1.640320e-04 0.000000e+00 0.000000e+00 0.000000e+00
.000000e+00
PROFILE_ITER 1 112 2.202988e-03 2.090931e-04 0.000000e+00 2.191067e-03 0.000000e+00 0.000000e+00 0.000000e+00
PROFILE_ITER 1 113 2.190828e-03 2.100468e-04 0.000000e+00 2.180099e-03 0.000000e+00 0.000000e+00 0.000000e+00
PROFILE_ITER 1 114 2.079964e-03 2.119541e-04 0.000000e+00 2.065659e-03 0.000000e+00 0.000000e+00 0.000000e+00
PROFILE_ITER 1 115 2.079248e-03 2.088547e-04 0.000000e+00 2.068043e-03 0.000000e+00 0.000000e+00 0.000000e+00
PROFILE_ITER 1 116 2.152920e-03 2.090931e-04 0.000000e+00 2.141953e-03 0.000000e+00 0.000000e+00 9.536743e-07
PROFILE_ITER 1 117 2.080917e-03 2.119541e-04 0.000000e+00 2.068043e-03 0.000000e+00 0.000000e+00 9.536743e-07
PROFILE_ITER 1 118 2.204180e-03 2.098083e-04 0.000000e+00 2.192974e-03 0.000000e+00 0.000000e+00 0.000000e+00
PROFILE_ITER 1 119 2.155304e-03 2.088547e-04 0.000000e+00 2.143383e-03 0.000000e+00 0.000000e+00 0.000000e+00
PROFILE_ITER 1 120 2.205849e-03 2.131462e-04 0.000000e+00 2.193928e-03 0.000000e+00 0.000000e+00 0.000000e+00
PROFILE_ITER 0 114 2.629757e-04 2.027988e-03 0.000000e+00 1.630783e-04 0.000000e+00 0.000000e+00 0.000000e+00
PROFILE_ITER 0 115 2.620220e-04 2.027035e-03 0.000000e+00 1.609325e-04 0.000000e+00 0.000000e+00 9.536743e-07
PROFILE_ITER 0 116 2.639294e-04 2.098083e-03 0.000000e+00 1.630783e-04 0.000000e+00 0.000000e+00 0.000000e+00
PROFILE_ITER 1 121 2.073050e-03 2.088547e-04 0.000000e+00 2.059937e-03 9.536743e-07 0.000000e+00 9.536743e-07
PROFILE_ITER 1 122 2.069235e-03 2.088547e-04 0.000000e+00 2.058029e-03 0.000000e+00 0.000000e+00 0.000000e+00
PROFILE_ITER 0 117 2.639294e-04 2.028942e-03 0.000000e+00 1.649857e-04 0.000000e+00 0.000000e+00 0.000000e+00
PROFILE_ITER 0 118 2.632141e-04 2.148867e-03 0.000000e+00 1.630783e-04 0.000000e+00 0.000000e+00 0.000000e+00
PROFILE_ITER 0 119 2.617836e-04 2.105236e-03 0.000000e+00 1.618862e-04 0.000000e+00 0.000000e+00 0.000000e+00
PROFILE_ITER 1 123 2.070189e-03 2.157688e-04 0.000000e+00 2.058983e-03 0.000000e+00 0.000000e+00 0.000000e+00
PROFILE_ITER 1 124 2.079964e-03 2.110004e-04 0.000000e+00 2.069950e-03 0.000000e+00 0.000000e+00 0.000000e+00
PROFILE_ITER 1 125 2.092123e-03 2.098083e-04 0.000000e+00 2.079964e-03 0.000000e+00 0.000000e+00 0.000000e+00
PROFILE_ITER 1 126 2.073050e-03 2.110004e-04 0.000000e+00 2.060175e-03 0.000000e+00 0.000000e+00 9.536743e-07
PROFILE_ITER 0 120 2.629757e-04 2.155066e-03 0.000000e+00 1.630783e-04 0.000000e+00 0.000000e+00 0.000000e+00
PROFILE_ITER 0 121 2.632141e-04 2.017736e-03 0.000000e+00 1.630783e-04 0.000000e+00 0.000000e+00 0.000000e+00
PROFILE_ITER 0 122 2.610683e-04 2.017021e-03 0.000000e+00 1.630783e-04 0.000000e+00 0.000000e+00 0.000000e+00
PROFILE_ITER 1 127 2.079725e-03 2.124310e-04 0.000000e+00 2.069950e-03 0.000000e+00 0.000000e+00 0.000000e+00
PROFILE_ITER 1 128 2.069950e-03 2.100468e-04 0.000000e+00 2.059221e-03 0.000000e+00 0.000000e+00 0.000000e+00
PROFILE_ITER 0 123 2.651215e-04 2.020836e-03 0.000000e+00 1.630783e-04 0.000000e+00 0.000000e+00 0.000000e+00
PROFILE_ITER 0 124 2.632141e-04 2.027750e-03 0.000000e+00 1.640320e-04 0.000000e+00 0.000000e+00 0.000000e+00
PROFILE_ITER 1 129 2.207756e-03 2.131462e-04 0.000000e+00 2.196789e-03 0.000000e+00 0.000000e+00 0.000000e+00
PROFILE_ITER 1 130 2.085924e-03 2.121925e-04 0.000000e+00 2.073765e-03 0.000000e+00 0.000000e+00 9.536743e-07
PROFILE_ITER 0 125 2.632141e-04 2.038717e-03 0.000000e+00 1.630783e-04 0.000000e+00 0.000000e+00 0.000000e+00
PROFILE_ITER 0 126 2.617836e-04 2.022266e-03 0.000000e+00 1.621246e-04 0.000000e+00 0.000000e+00 0.000000e+00
PROFILE_ITER 1 131 2.213240e-03 2.076626e-04 0.000000e+00 2.199173e-03 0.000000e+00 0.000000e+00 9.536743e-07
PROFILE_ITER 1 132 2.207041e-03 2.129078e-04 0.000000e+00 2.193928e-03 0.000000e+00 0.000000e+00 0.000000e+00
PROFILE_ITER 0 127 2.620220e-04 2.030134e-03 0.000000e+00 1.630783e-04 0.000000e+00 0.000000e+00 0.000000e+00
PROFILE_ITER 0 128 2.617836e-04 2.018213e-03 0.000000e+00 1.618862e-04 0.000000e+00 0.000000e+00 0.000000e+00
PROFILE_ITER 0 129 2.617836e-04 2.159119e-03 0.000000e+00 1.618862e-04 0.000000e+00 0.000000e+00 0.000000e+00
PROFILE_ITER 1 133 2.139091e-03 2.100468e-04 0.000000e+00 2.127171e-03 0.000000e+00 0.000000e+00 0.000000e+00
PROFILE_ITER 0 130 2.620220e-04 2.036095e-03 0.000000e+00 1.628399e-04 0.000000e+00 0.000000e+00 0.000000e+00
PROFILE_ITER 1 134 2.071857e-03 2.090931e-04 0.000000e+00 2.061129e-03 0.000000e+00 0.000000e+00 9.536743e-07
PROFILE_ITER 1 135 2.138853e-03 2.090931e-04 0.000000e+00 2.124786e-03 0.000000e+00 0.000000e+00 0.000000e+00
PROFILE_ITER 1 136 2.074003e-03 2.100468e-04 0.000000e+00 2.063274e-03 0.000000e+00 0.000000e+00 0.000000e+00
PROFILE_ITER 1 137 2.101898e-03 2.071857e-04 0.000000e+00 2.089024e-03 0.000000e+00 0.000000e+00 9.536743e-07
PROFILE_ITER 1 138 2.071857e-03 2.131462e-04 0.000000e+00 2.058983e-03 0.000000e+00 0.000000e+00 0.000000e+00
PROFILE_ITER 1 139 2.205849e-03 2.110004e-04 0.000000e+00 2.192974e-03 0.000000e+00 0.000000e+00 9.536743e-07
PROFILE_ITER 1 140 2.165318e-03 2.107620e-04 0.000000e+00 2.153158e-03 0.000000e+00 0.000000e+00 0.000000e+00
PROFILE_ITER 1 141 2.081156e-03 2.148151e-04 0.000000e+00 2.070189e-03 0.000000e+00 0.000000e+00 0.000000e+00
PROFILE_ITER 1 142 2.069950e-03 2.131462e-04 0.000000e+00 2.058983e-03 0.000000e+00 0.000000e+00 0.000000e+00
PROFILE_ITER 1 143 2.077818e-03 2.110004e-04 0.000000e+00 2.064943e-03 0.000000e+00 0.000000e+00 0.000000e+00
PROFILE_ITER 0 131 2.608299e-04 2.160072e-03 0.000000e+00 1.618862e-04 0.000000e+00 0.000000e+00 0.000000e+00
PROFILE_ITER 0 132 2.620220e-04 2.157927e-03 0.000000e+00 1.618862e-04 0.000000e+00 0.000000e+00 0.000000e+00
PROFILE_ITER 0 133 2.629757e-04 2.087116e-03 0.000000e+00 1.640320e-04 0.000000e+00 0.000000e+00 0.000000e+00
PROFILE_ITER 0 134 2.620220e-04 2.018929e-03 0.000000e+00 1.628399e-04 0.000000e+00 0.000000e+00 0.000000e+00
PROFILE_ITER 0 135 2.658367e-04 2.082109e-03 0.000000e+00 1.621246e-04 0.000000e+00 0.000000e+00 0.000000e+00
PROFILE_ITER 0 136 2.610683e-04 2.022982e-03 0.000000e+00 1.628399e-04 0.000000e+00 0.000000e+00 0.000000e+00
PROFILE_ITER 0 137 2.639294e-04 2.045155e-03 0.000000e+00 1.630783e-04 0.000000e+00 0.000000e+00 0.000000e+00
PROFILE_ITER 0 138 2.651215e-04 2.019882e-03 0.000000e+00 1.640320e-04 0.000000e+00 0.000000e+00 0.000000e+00
PROFILE_ITER 0 139 2.629757e-04 2.153873e-03 0.000000e+00 1.628399e-04 0.000000e+00 0.000000e+00 0.000000e+00
PROFILE_ITER 0 140 2.641678e-04 2.111912e-03 0.000000e+00 1.640320e-04 0.000000e+00 0.000000e+00 0.000000e+00
PROFILE_ITER 0 141 2.641678e-04 2.031803e-03 0.000000e+00 1.640320e-04 0.000000e+00 0.000000e+00 0.000000e+00
PROFILE_ITER 0 142 2.620220e-04 2.018929e-03 0.000000e+00 1.630783e-04 0.000000e+00 0.000000e+00 0.000000e+00
PROFILE_ITER 1 144 2.070904e-03 2.131462e-04 0.000000e+00 2.059221e-03 0.000000e+00 0.000000e+00 0.000000e+00
PROFILE_ITER 1 145 2.205133e-03 2.088547e-04 0.000000e+00 2.192974e-03 0.000000e+00 0.000000e+00 0.000000e+00
PROFILE_ITER 1 146 2.205849e-03 2.102852e-04 0.000000e+00 2.194166e-03 0.000000e+00 0.000000e+00 0.000000e+00
PROFILE_ITER 1 147 2.213955e-03 2.090931e-04 0.000000e+00 2.200842e-03 1.192093e-06 0.000000e+00 0.000000e+00
PROFILE_ITER 1 148 2.071142e-03 2.088547e-04 0.000000e+00 2.059221e-03 0.000000e+00 0.000000e+00 0.000000e+00
PROFILE_ITER 0 143 2.629757e-04 2.027988e-03 0.000000e+00 1.630783e-04 0.000000e+00 0.000000e+00 0.000000e+00
PROFILE_ITER 0 144 2.627373e-04 2.021313e-03 0.000000e+00 1.630783e-04 0.000000e+00 0.000000e+00 0.000000e+00
PROFILE_ITER 0 145 2.641678e-04 2.149820e-03 0.000000e+00 1.621246e-04 0.000000e+00 0.000000e+00 0.000000e+00
PROFILE_ITER 1 149 2.111912e-03 2.079010e-04 0.000000e+00 2.097845e-03 0.000000e+00 0.000000e+00 2.145767e-06
PROFILE_ITER 1 150 2.203941e-03 2.090931e-04 0.000000e+00 2.192020e-03 0.000000e+00 0.000000e+00 1.192093e-06
PROFILE_ITER 1 151 2.073288e-03 2.088547e-04 0.000000e+00 2.062321e-03 0.000000e+00 0.000000e+00 0.000000e+00
PROFILE_ITER 1 152 2.155781e-03 2.112389e-04 0.000000e+00 2.143860e-03 0.000000e+00 0.000000e+00 0.000000e+00
PROFILE_ITER 0 146 2.629757e-04 2.154112e-03 0.000000e+00 1.621246e-04 0.000000e+00 0.000000e+00 0.000000e+00
PROFILE_ITER 0 147 2.629757e-04 2.160072e-03 0.000000e+00 1.630783e-04 0.000000e+00 0.000000e+00 0.000000e+00
PROFILE_ITER 0 148 2.627373e-04 2.017260e-03 0.000000e+00 1.616478e-04 0.000000e+00 0.000000e+00 0.000000e+00
PROFILE_ITER 0 149 2.636909e-04 2.056122e-03 0.000000e+00 1.630783e-04 0.000000e+00 0.000000e+00 9.536743e-07
PROFILE_ITER 1 153 2.187252e-03 2.107620e-04 0.000000e+00 2.174377e-03 0.000000e+00 0.000000e+00 0.000000e+00
PROFILE_ITER 1 154 2.142906e-03 2.110004e-04 0.000000e+00 2.130985e-03 0.000000e+00 0.000000e+00 0.000000e+00
PROFILE_ITER 0 150 2.627373e-04 2.150297e-03 0.000000e+00 1.640320e-04 0.000000e+00 0.000000e+00 0.000000e+00
PROFILE_ITER 0 151 2.648830e-04 2.018213e-03 0.000000e+00 1.630783e-04 0.000000e+00 0.000000e+00 0.000000e+00
PROFILE_ITER 1 155 2.160072e-03 2.110004e-04 0.000000e+00 2.148151e-03 0.000000e+00 0.000000e+00 0.000000e+00
PROFILE_ITER 1 156 2.209902e-03 2.110004e-04 0.000000e+00 2.198935e-03 0.000000e+00 0.000000e+00 0.000000e+00
PROFILE_ITER 1 157 2.207041e-03 2.081394e-04 9.536743e-07 2.192974e-03 0.000000e+00 0.000000e+00 2.145767e-06
PROFILE_ITER 1 158 2.207994e-03 2.088547e-04 0.000000e+00 2.195120e-03 0.000000e+00 0.000000e+00 0.000000e+00
PROFILE_ITER 0 152 2.627373e-04 2.104282e-03 0.000000e+00 1.628399e-04 0.000000e+00 0.000000e+00 0.000000e+00
PROFILE_ITER 0 153 2.639294e-04 2.134085e-03 0.000000e+00 1.640320e-04 0.000000e+00 0.000000e+00 0.000000e+00
PROFILE_ITER 0 154 2.636909e-04 2.090216e-03 0.000000e+00 1.626015e-04 0.000000e+00 0.000000e+00 0.000000e+00
PROFILE_ITER 0 155 2.639294e-04 2.107143e-03 0.000000e+00 1.640320e-04 0.000000e+00 0.000000e+00 0.000000e+00
PROFILE_ITER 1 159 2.202034e-03 2.090931e-04 0.000000e+00 2.189159e-03 0.000000e+00 0.000000e+00 9.536743e-07
PROFILE_ITER 0 156 2.601147e-04 2.160788e-03 0.000000e+00 1.630783e-04 0.000000e+00 0.000000e+00 0.000000e+00
PROFILE_ITER 0 157 2.641678e-04 2.151012e-03 0.000000e+00 1.630783e-04 0.000000e+00 0.000000e+00 0.000000e+00
PROFILE_ITER 0 158 2.660751e-04 2.150774e-03 0.000000e+00 1.640320e-04 0.000000e+00 0.000000e+00 0.000000e+00
PROFILE_ITER 1 160 2.155781e-03 2.112389e-04 0.000000e+00 2.142906e-03 0.000000e+00 0.000000e+00 0.000000e+00
PROFILE_ITER 1 161 2.126217e-03 2.107620e-04 0.000000e+00 2.115250e-03 0.000000e+00 0.000000e+00 0.000000e+00
PROFILE_ITER 1 162 2.068996e-03 2.138615e-04 0.000000e+00 2.058029e-03 0.000000e+00 0.000000e+00 0.000000e+00
PROFILE_ITER 0 159 2.641678e-04 2.146959e-03 0.000000e+00 1.630783e-04 0.000000e+00 0.000000e+00 0.000000e+00
PROFILE_ITER 0 160 2.617836e-04 2.105236e-03 0.000000e+00 1.630783e-04 0.000000e+00 0.000000e+00 0.000000e+00
PROFILE_ITER 0 161 2.620220e-04 2.074957e-03 0.000000e+00 1.621246e-04 0.000000e+00 0.000000e+00 0.000000e+00
PROFILE_ITER 1 163 2.073050e-03 2.140999e-04 0.000000e+00 2.059937e-03 0.000000e+00 0.000000e+00 0.000000e+00
PROFILE_ITER 1 164 2.214909e-03 2.119541e-04 0.000000e+00 2.203703e-03 0.000000e+00 0.000000e+00 0.000000e+00
PROFILE_ITER 1 165 2.111912e-03 2.100468e-04 0.000000e+00 2.099037e-03 0.000000e+00 0.000000e+00 0.000000e+00
PROFILE_ITER 1 166 2.079248e-03 2.188683e-04 0.000000e+00 2.066135e-03 0.000000e+00 0.000000e+00 9.536743e-07
PROFILE_ITER 0 162 2.632141e-04 2.018690e-03 0.000000e+00 1.630783e-04 0.000000e+00 0.000000e+00 0.000000e+00
PROFILE_ITER 0 163 2.629757e-04 2.024174e-03 0.000000e+00 1.630783e-04 0.000000e+00 0.000000e+00 0.000000e+00
PROFILE_ITER 0 164 2.639294e-04 2.162933e-03 0.000000e+00 1.628399e-04 0.000000e+00 0.000000e+00 0.000000e+00
PROFILE_ITER 0 165 2.620220e-04 2.059937e-03 0.000000e+00 1.640320e-04 0.000000e+00 0.000000e+00 0.000000e+00
PROFILE_ITER 1 167 2.075195e-03 2.088547e-04 0.000000e+00 2.061129e-03 0.000000e+00 0.000000e+00 9.536743e-07
PROFILE_ITER 1 168 2.141953e-03 2.100468e-04 0.000000e+00 2.130985e-03 0.000000e+00 0.000000e+00 0.000000e+00
PROFILE_ITER 0 166 2.651215e-04 2.030849e-03 0.000000e+00 1.630783e-04 0.000000e+00 0.000000e+00 0.000000e+00
PROFILE_ITER 0 167 2.651215e-04 2.021074e-03 0.000000e+00 1.630783e-04 0.000000e+00 0.000000e+00 0.000000e+00
PROFILE_ITER 1 169 2.136946e-03 2.110004e-04 0.000000e+00 2.126217e-03 0.000000e+00 0.000000e+00 0.000000e+00
PROFILE_ITER 1 170 2.202988e-03 2.090931e-04 0.000000e+00 2.188921e-03 0.000000e+00 0.000000e+00 1.192093e-06
PROFILE_ITER 0 168 2.617836e-04 2.090216e-03 0.000000e+00 1.630783e-04 0.000000e+00 0.000000e+00 0.000000e+00
PROFILE_ITER 0 169 2.636909e-04 2.084255e-03 0.000000e+00 1.630783e-04 0.000000e+00 0.000000e+00 0.000000e+00
PROFILE_ITER 1 171 2.206087e-03 2.088547e-04 1.192093e-06 2.192736e-03 0.000000e+00 0.000000e+00 1.192093e-06
PROFILE_ITER 1 172 2.141953e-03 2.131462e-04 0.000000e+00 2.130985e-03 0.000000e+00 0.000000e+00 0.000000e+00
PROFILE_ITER 0 170 2.639294e-04 2.148151e-03 0.000000e+00 1.640320e-04 0.000000e+00 0.000000e+00 0.000000e+00
PROFILE_ITER 0 171 2.646446e-04 2.151251e-03 0.000000e+00 1.628399e-04 0.000000e+00 0.000000e+00 0.000000e+00
PROFILE_ITER 0 172 2.641678e-04 2.090931e-03 0.000000e+00 1.630783e-04 0.000000e+00 0.000000e+00 0.000000e+00
PROFILE_ITER 1 173 2.200842e-03 2.069473e-04 0.000000e+00 2.188921e-03 0.000000e+00 0.000000e+00 0.000000e+00
PROFILE_ITER 1 174 2.205133e-03 2.119541e-04 0.000000e+00 2.194166e-03 0.000000e+00 0.000000e+00 0.000000e+00
PROFILE_ITER 1 175 2.083302e-03 2.098083e-04 0.000000e+00 2.072096e-03 0.000000e+00 0.000000e+00 0.000000e+00
PROFILE_ITER 0 173 2.651215e-04 2.143860e-03 0.000000e+00 1.640320e-04 0.000000e+00 0.000000e+00 0.000000e+00
PROFILE_ITER 0 174 2.651215e-04 2.150774e-03 0.000000e+00 1.640320e-04 0.000000e+00 0.000000e+00 0.000000e+00
PROFILE_ITER 0 175 2.651215e-04 2.027988e-03 0.000000e+00 1.640320e-04 0.000000e+00 0.000000e+00 0.000000e+00
PROFILE_ITER 1 176 2.198935e-03 2.150536e-04 0.000000e+00 2.187967e-03 0.000000e+00 0.000000e+00 0.000000e+00
PROFILE_ITER 1 177 2.078056e-03 2.107620e-04 9.536743e-07 2.063990e-03 0.000000e+00 0.000000e+00 9.536743e-07
PROFILE_ITER 1 178 2.206087e-03 2.100468e-04 0.000000e+00 2.192736e-03 0.000000e+00 0.000000e+00 0.000000e+00
PROFILE_ITER 1 179 2.208233e-03 2.098083e-04 0.000000e+00 2.196074e-03 0.000000e+00 0.000000e+00 0.000000e+00
PROFILE_ITER 0 176 2.639294e-04 2.150059e-03 0.000000e+00 1.630783e-04 0.000000e+00 0.000000e+00 0.000000e+00
PROFILE_ITER 0 177 2.627373e-04 2.026081e-03 0.000000e+00 1.630783e-04 0.000000e+00 0.000000e+00 0.000000e+00
PROFILE_ITER 1 180 2.202749e-03 2.090931e-04 9.536743e-07 2.190828e-03 0.000000e+00 0.000000e+00 0.000000e+00
PROFILE_ITER 1 181 2.207279e-03 2.098083e-04 0.000000e+00 2.194166e-03 0.000000e+00 0.000000e+00 9.536743e-07
PROFILE_ITER 1 182 2.144098e-03 2.098083e-04 0.000000e+00 2.130985e-03 0.000000e+00 0.000000e+00 0.000000e+00
PROFILE_ITER 1 183 2.189875e-03 2.112389e-04 0.000000e+00 2.177238e-03 0.000000e+00 0.000000e+00 0.000000e+00
PROFILE_ITER 0 178 2.639294e-04 2.152205e-03 0.000000e+00 1.640320e-04 0.000000e+00 0.000000e+00 0.000000e+00
PROFILE_ITER 0 179 2.629757e-04 2.155066e-03 0.000000e+00 1.618862e-04 0.000000e+00 0.000000e+00 0.000000e+00
PROFILE_ITER 0 180 2.617836e-04 2.150059e-03 0.000000e+00 1.621246e-04 0.000000e+00 0.000000e+00 0.000000e+00
PROFILE_ITER 0 181 2.648830e-04 2.152205e-03 0.000000e+00 1.606941e-04 0.000000e+00 0.000000e+00 0.000000e+00
PROFILE_ITER 1 184 2.103090e-03 2.110004e-04 0.000000e+00 2.091646e-03 0.000000e+00 0.000000e+00 0.000000e+00
PROFILE_ITER 1 185 2.117872e-03 2.119541e-04 0.000000e+00 2.107143e-03 0.000000e+00 0.000000e+00 0.000000e+00
PROFILE_ITER 0 182 2.629757e-04 2.090931e-03 0.000000e+00 1.628399e-04 0.000000e+00 0.000000e+00 0.000000e+00
PROFILE_ITER 1 186 2.075911e-03 2.112389e-04 0.000000e+00 2.063990e-03 0.000000e+00 0.000000e+00 0.000000e+00
PROFILE_ITER 1 187 2.074003e-03 2.079010e-04 0.000000e+00 2.061844e-03 0.000000e+00 0.000000e+00 0.000000e+00
PROFILE_ITER 0 183 2.629757e-04 2.138138e-03 0.000000e+00 1.618862e-04 0.000000e+00 9.536743e-07 0.000000e+00
PROFILE_ITER 0 184 2.639294e-04 2.050161e-03 0.000000e+00 1.618862e-04 0.000000e+00 0.000000e+00 0.000000e+00
PROFILE_ITER 1 188 2.066135e-03 2.119541e-04 0.000000e+00 2.054930e-03 0.000000e+00 0.000000e+00 0.000000e+00
PROFILE_ITER 1 189 2.140045e-03 2.138615e-04 0.000000e+00 2.128124e-03 0.000000e+00 0.000000e+00 0.000000e+00
PROFILE_ITER 0 185 2.648830e-04 2.064943e-03 0.000000e+00 1.630783e-04 0.000000e+00 0.000000e+00 0.000000e+00
PROFILE_ITER 0 186 2.639294e-04 2.023220e-03 0.000000e+00 1.628399e-04 0.000000e+00 0.000000e+00 0.000000e+00
PROFILE_ITER 1 190 2.141953e-03 2.110004e-04 0.000000e+00 2.130032e-03 0.000000e+00 0.000000e+00 0.000000e+00
PROFILE_ITER 1 191 2.072096e-03 2.079010e-04 0.000000e+00 2.060175e-03 0.000000e+00 0.000000e+00 9.536743e-07
PROFILE_ITER 0 187 2.641678e-04 2.018690e-03 0.000000e+00 1.630783e-04 0.000000e+00 0.000000e+00 0.000000e+00
PROFILE_ITER 0 188 2.670288e-04 2.011061e-03 0.000000e+00 1.630783e-04 0.000000e+00 0.000000e+00 0.000000e+00
PROFILE_ITER 0 189 2.629757e-04 2.090931e-03 0.000000e+00 1.630783e-04 0.000000e+00 0.000000e+00 0.000000e+00
PROFILE_ITER 0 190 2.620220e-04 2.089977e-03 0.000000e+00 1.621246e-04 0.000000e+00 0.000000e+00 0.000000e+00
PROFILE_ITER 0 191 2.632141e-04 2.017736e-03 0.000000e+00 1.621246e-04 0.000000e+00 0.000000e+00 0.000000e+00
PROFILE_ITER 1 192 2.174139e-03 2.129078e-04 0.000000e+00 2.159834e-03 0.000000e+00 0.000000e+00 0.000000e+00
PROFILE_ITER 1 193 2.074242e-03 2.088547e-04 0.000000e+00 2.060175e-03 0.000000e+00 0.000000e+00 0.000000e+00
PROFILE_ITER 1 194 2.073050e-03 2.088547e-04 0.000000e+00 2.060890e-03 0.000000e+00 0.000000e+00 0.000000e+00
PROFILE_ITER 0 192 2.639294e-04 2.123117e-03 0.000000e+00 1.628399e-04 0.000000e+00 0.000000e+00 0.000000e+00
PROFILE_ITER 0 193 2.641678e-04 2.018929e-03 0.000000e+00 1.621246e-04 0.000000e+00 0.000000e+00 0.000000e+00
PROFILE_ITER 1 195 2.081156e-03 2.160072e-04 0.000000e+00 2.068996e-03 0.000000e+00 0.000000e+00 0.000000e+00
PROFILE_ITER 1 196 2.077103e-03 2.079010e-04 0.000000e+00 2.063990e-03 0.000000e+00 0.000000e+00 0.000000e+00
PROFILE_ITER 1 197 2.184391e-03 2.086163e-04 0.000000e+00 2.172232e-03 0.000000e+00 0.000000e+00 0.000000e+00
PROFILE_ITER 0 194 2.641678e-04 2.017736e-03 0.000000e+00 1.640320e-04 0.000000e+00 0.000000e+00 0.000000e+00
PROFILE_ITER 0 195 2.641678e-04 2.032995e-03 0.000000e+00 1.630783e-04 0.000000e+00 0.000000e+00 0.000000e+00
PROFILE_ITER 1 198 2.205133e-03 2.098083e-04 0.000000e+00 2.192259e-03 0.000000e+00 0.000000e+00 9.536743e-07
PROFILE_ITER 0 196 2.617836e-04 2.023220e-03 0.000000e+00 1.616478e-04 0.000000e+00 0.000000e+00 0.000000e+00
PROFILE_ITER 0 197 2.627373e-04 2.130270e-03 0.000000e+00 1.618862e-04 0.000000e+00 9.536743e-07 0.000000e+00
PROFILE_ITER 1 199 2.207994e-03 2.069473e-04 0.000000e+00 2.194881e-03 0.000000e+00 0.000000e+00 0.000000e+00
PROFILE_ACCUM 1 spmv=4.273908e-01 vecops=1.514962e-01 send_fill=1.096725e-05 local_spmv=4.248788e-01 comm_wait=5.960464e-06 shared_spmv=0.000000e+00 send_wait=5.388260e-05
PROFILE_ITER 0 198 2.639294e-04 2.151012e-03 0.000000e+00 1.630783e-04 0.000000e+00 0.000000e+00 0.000000e+00
PROFILE_ITER 0 199 2.620220e-04 2.152920e-03 0.000000e+00 1.618862e-04 0.000000e+00 0.000000e+00 0.000000e+00
PROFILE_ACCUM 0 spmv=5.269909e-02 vecops=4.171822e-01 send_fill=6.198883e-06 local_spmv=3.259349e-02 comm_wait=3.337860e-06 shared_spmv=5.960464e-06 send_wait=5.960464e-06
