Matrix name : /home/bugra/Workspace/C/HetHypPar_rewrite/data/matrices/rma10_1c_50g/rma10_1c_50g.mtx

	****	Matrix File readed	****LOG: Finished Creating Shard CSC
LOG: Finished Creating Vectors
n_iters : 200 
spmv : 2.439616 
file_read : 20.843741 
relative_residual : 5.541563E+10
everything_total : 23.585334

----------------------------------------------------------------------
PROFILE_HEADER rank iter spmv vecops send_fill local_spmv comm_wait shared_spmv send_wait
PROFILE_ITER 0 0 1.133394e-02 2.039194e-03 0.000000e+00 7.395983e-03 0.000000e+00 0.000000e+00 9.536743e-07
PROFILE_ITER 0 1 1.067209e-02 1.703739e-03 0.000000e+00 7.392883e-03 0.000000e+00 0.000000e+00 0.000000e+00
PROFILE_ITER 0 2 1.055169e-02 1.686335e-03 0.000000e+00 7.391930e-03 0.000000e+00 0.000000e+00 0.000000e+00
PROFILE_ITER 0 3 1.053286e-02 1.696348e-03 0.000000e+00 7.388830e-03 0.000000e+00 0.000000e+00 9.536743e-07
PROFILE_ITER 0 4 1.052213e-02 1.693726e-03 9.536743e-07 7.388115e-03 0.000000e+00 0.000000e+00 0.000000e+00
PROFILE_ITER 0 5 1.052308e-02 1.682997e-03 0.000000e+00 7.389069e-03 0.000000e+00 0.000000e+00 0.000000e+00
PROFILE_ITER 0 6 1.054096e-02 1.691103e-03 0.000000e+00 7.390976e-03 0.000000e+00 0.000000e+00 0.000000e+00
PROFILE_ITER 0 7 1.051903e-02 1.689911e-03 0.000000e+00 7.390976e-03 0.000000e+00 0.000000e+00 0.000000e+00
PROFILE_ITER 0 8 1.052809e-02 1.693964e-03 0.000000e+00 7.392168e-03 0.000000e+00 0.000000e+00 0.000000e+00
PROFILE_ITER 0 9 1.052189e-02 1.694918e-03 0.000000e+00 7.390022e-03 0.000000e+00 0.000000e+00 0.000000e+00
PROFILE_ITER 0 10 1.053810e-02 1.688957e-03 0.000000e+00 7.390022e-03 0.000000e+00 0.000000e+00 0.000000e+00
PROFILE_ITER 0 11 1.051903e-02 1.692057e-03 0.000000e+00 7.390738e-03 0.000000e+00 0.000000e+00 0.000000e+00
PROFILE_ITER 0 12 1.054478e-02 1.689196e-03 0.000000e+00 7.387877e-03 0.000000e+00 0.000000e+00 0.000000e+00
PROFILE_ITER 0 13 1.055026e-02 1.689672e-03 0.000000e+00 7.392168e-03 0.000000e+00 0.000000e+00 0.000000e+00
PROFILE_ITER 0 14 1.053119e-02 1.691818e-03 9.536743e-07 7.390022e-03 0.000000e+00 0.000000e+00 0.000000e+00
PROFILE_ITER 0 15 1.052594e-02 1.697063e-03 0.000000e+00 7.389069e-03 9.536743e-07 0.000000e+00 0.000000e+00
PROFILE_ITER 0 16 1.051807e-02 1.683950e-03 0.000000e+00 7.390976e-03 0.000000e+00 0.000000e+00 0.000000e+00
PROFILE_ITER 0 17 1.051998e-02 1.693964e-03 0.000000e+00 7.388115e-03 0.000000e+00 0.000000e+00 0.000000e+00
PROFILE_ITER 0 18 1.052284e-02 1.695156e-03 0.000000e+00 7.392883e-03 0.000000e+00 0.000000e+00 0.000000e+00
PROFILE_ITER 0 19 1.052713e-02 1.688957e-03 0.000000e+00 7.393122e-03 0.000000e+00 0.000000e+00 0.000000e+00
PROFILE_ITER 0 20 1.052189e-02 1.698971e-03 0.000000e+00 7.391930e-03 0.000000e+00 0.000000e+00 0.000000e+00
PROFILE_ITER 0 21 1.054311e-02 1.688957e-03 0.000000e+00 7.394075e-03 0.000000e+00 1.192093e-06 0.000000e+00
PROFILE_ITER 0 22 1.053476e-02 1.687288e-03 0.000000e+00 7.389784e-03 0.000000e+00 1.192093e-06 0.000000e+00
PROFILE_ITER 0 23 1.053190e-02 1.696110e-03 0.000000e+00 7.391691e-03 0.000000e+00 0.000000e+00 0.000000e+00
PROFILE_ITER 0 24 1.053596e-02 1.690149e-03 0.000000e+00 7.390022e-03 0.000000e+00 0.000000e+00 9.536743e-07
PROFILE_ITER 0 25 1.052904e-02 1.687765e-03 0.000000e+00 7.394075e-03 0.000000e+00 0.000000e+00 0.000000e+00
PROFILE_ITER 0 26 1.053691e-02 1.692057e-03 0.000000e+00 7.388115e-03 0.000000e+00 0.000000e+00 0.000000e+00
PROFILE_ITER 0 27 1.051474e-02 1.687288e-03 0.000000e+00 7.390022e-03 0.000000e+00 0.000000e+00 0.000000e+00
PROFILE_ITER 0 28 1.049304e-02 1.690149e-03 0.000000e+00 7.367134e-03 0.000000e+00 0.000000e+00 0.000000e+00
PROFILE_ITER 0 29 1.050091e-02 1.683950e-03 0.000000e+00 7.364035e-03 0.000000e+00 0.000000e+00 0.000000e+00
PROFILE_ITER 0 30 1.047993e-02 1.692057e-03 0.000000e+00 7.362843e-03 0.000000e+00 0.000000e+00 0.000000e+00
PROFILE_ITER 0 31 1.047993e-02 1.686096e-03 0.000000e+00 7.364273e-03 0.000000e+00 0.000000e+00 0.000000e+00
PROFILE_ITER 0 32 1.055908e-02 1.694918e-03 0.000000e+00 7.365227e-03 0.000000e+00 0.000000e+00 0.000000e+00
PROFILE_ITER 0 33 1.050496e-02 1.690149e-03 0.000000e+00 7.362843e-03 9.536743e-07 0.000000e+00 0.000000e+00
PROFILE_ITER 0 34 1.049471e-02 1.684189e-03 0.000000e+00 7.364035e-03 9.536743e-07 0.000000e+00 0.000000e+00
PROFILE_ITERPROFILE_HEADER rank iter spmv vecops send_fill local_spmv comm_wait shared_spmv send_wait
PROFILE_ITER 1 0 4.588127e-03 3.428600e-01 0.000000e+00 4.562855e-03 9.536743e-07 0.000000e+00 0.000000e+00
PROFILE_ITER 1 1 3.502846e-03 8.872032e-03 0.000000e+00 3.488064e-03 0.000000e+00 0.000000e+00 9.536743e-07
PROFILE_ITER 1 2 3.238916e-03 8.999109e-03 0.000000e+00 3.221989e-03 0.000000e+00 0.000000e+00 9.536743e-07
PROFILE_ITER 1 3 3.253937e-03 8.976221e-03 0.000000e+00 3.239870e-03 0.000000e+00 0.000000e+00 0.000000e+00
PROFILE_ITER 1 4 3.170013e-03 9.043932e-03 9.536743e-07 3.155947e-03 0.000000e+00 0.000000e+00 0.000000e+00
PROFILE_ITER 1 5 3.142118e-03 9.064913e-03 0.000000e+00 3.127813e-03 0.000000e+00 0.000000e+00 0.000000e+00
PROFILE_ITER 1 6 3.162146e-03 9.070873e-03 9.536743e-07 3.147125e-03 0.000000e+00 0.000000e+00 0.000000e+00
PROFILE_ITER 1 7 3.150940e-03 9.057045e-03 0.000000e+00 3.136873e-03 0.000000e+00 0.000000e+00 0.000000e+00
PROFILE_ITER 1 8 3.190994e-03 9.031057e-03 0.000000e+00 3.175974e-03 0.000000e+00 0.000000e+00 9.536743e-07
PROFILE_ITER 1 9 3.192902e-03 9.023905e-03 0.000000e+00 3.176689e-03 0.000000e+00 0.000000e+00 0.000000e+00
PROFILE_ITER 1 10 3.244162e-03 8.982897e-03 0.000000e+00 3.228903e-03 0.000000e+00 0.000000e+00 0.000000e+00
PROFILE_ITER 1 11 3.094673e-03 9.115458e-03 0.000000e+00 3.077984e-03 0.000000e+00 0.000000e+00 0.000000e+00
PROFILE_ITER 1 12 3.210068e-03 9.021997e-03 0.000000e+00 3.196001e-03 0.000000e+00 0.000000e+00 0.000000e+00
PROFILE_ITER 1 13 3.241062e-03 9.000778e-03 0.000000e+00 3.226995e-03 0.000000e+00 0.000000e+00 0.000000e+00
PROFILE_ITER 1 14 3.191233e-03 9.031773e-03 0.000000e+00 3.178120e-03 0.000000e+00 0.000000e+00 9.536743e-07
PROFILE_ITER 1 15 3.174782e-03 9.048223e-03 0.000000e+00 3.160715e-03 0.000000e+00 0.000000e+00 0.000000e+00
PROFILE_ITER 1 16 3.125906e-03 9.076118e-03 0.000000e+00 3.110647e-03 0.000000e+00 0.000000e+00 0.000000e+00
PROFILE_ITER 1 17 3.163099e-03 9.050846e-03 0.000000e+00 3.147125e-03 0.000000e+00 0.000000e+00 0.000000e+00
PROFILE_ITER 1 18 3.201723e-03 9.015322e-03 0.000000e+00 3.184795e-03 0.000000e+00 0.000000e+00 0.000000e+00
PROFILE_ITER 1 19 3.143072e-03 9.073019e-03 0.000000e+00 3.127813e-03 0.000000e+00 0.000000e+00 0.000000e+00
PROFILE_ITER 1 20 3.117800e-03 9.101152e-03 0.000000e+00 3.103733e-03 0.000000e+00 0.000000e+00 0.000000e+00
PROFILE_ITER 1 21 3.232002e-03 9.001970e-03 0.000000e+00 3.218174e-03 0.000000e+00 0.000000e+00 0.000000e+00
PROFILE_ITER 1 22 3.250837e-03 8.971214e-03 0.000000e+00 3.234863e-03 0.000000e+00 0.000000e+00 0.000000e+00
PROFILE_ITER 1 23 3.137112e-03 9.089947e-03 0.000000e+00 3.124952e-03 0.000000e+00 0.000000e+00 0.000000e+00
PROFILE_ITER 1 24 3.152609e-03 9.073496e-03 0.000000e+00 3.140926e-03 0.000000e+00 0.000000e+00 0.000000e+00
PROFILE_ITER 1 25 3.169060e-03 9.048939e-03 0.000000e+00 3.155231e-03 9.536743e-07 0.000000e+00 0.000000e+00
PROFILE_ITER 1 26 3.246069e-03 8.981705e-03 1.192093e-06 3.230810e-03 0.000000e+00 0.000000e+00 0.000000e+00
PROFILE_ITER 1 27 3.141880e-03 9.060144e-03 0.000000e+00 3.125906e-03 0.000000e+00 0.000000e+00 0.000000e+00
PROFILE_ITER 1 28 3.135920e-03 9.046078e-03 0.000000e+00 3.121853e-03 0.000000e+00 0.000000e+00 9.536743e-07
PROFILE_ITER 1 29 3.214836e-03 8.972168e-03 0.000000e+00 3.201008e-03 0.000000e+00 0.000000e+00 0.000000e+00
PROFILE_ITER 1 30 3.128052e-03 9.043932e-03 0.000000e+00 3.114939e-03 0.000000e+00 0.000000e+00 0.000000e+00
PROFILE_ITER 1 31 3.149033e-03 9.016991e-03 0.000000e+00 3.134966e-03 0.000000e+00 0.000000e+00 0.000000e+00
PROFILE_ITER 1 32 3.216982e-03 9.038210e-03 0.000000e+00 3.201962e-03 0.000000e+00 0.000000e+00 0.000000e+00
PROFILE_ITER 1 33 3.190994e-03 9.002924e-03 0.000000e+00 3.174067e-03 0.000000e+00 0.000000e+00 0.000000e+00
PROFILE_ITER 1 34 3.164053e-03 9.013891e-03 0.000000e+00 3.147125e-03 0.000000e+00 0.000000e+00 0.000000e+00
PROFILE_ITER 1 35 3.160954e-03 9.019136e-03 0.000000e+00 3.147840e-03 0.000000e+00 0.000000e+00 0.000000e+00
PROFILE_ITER 1 36 3.184080e-03 8.992910e-03 0.000000e+00 3.171206e-03 0.000000e+00 0.000000e 0 35 1.048899e-02 1.691103e-03 0.000000e+00 7.363796e-03 0.000000e+00 0.000000e+00 0.000000e+00
PROFILE_ITER 0 36 1.049995e-02 1.678944e-03 0.000000e+00 7.367134e-03 0.000000e+00 0.000000e+00 0.000000e+00
PROFILE_ITER 0 37 1.049399e-02 1.692057e-03 0.000000e+00 7.364035e-03 0.000000e+00 0.000000e+00 0.000000e+00
PROFILE_ITER 0 38 1.051211e-02 1.688957e-03 0.000000e+00 7.364988e-03 9.536743e-07 0.000000e+00 0.000000e+00
PROFILE_ITER 0 39 1.049519e-02 1.683712e-03 0.000000e+00 7.364035e-03 0.000000e+00 0.000000e+00 0.000000e+00
PROFILE_ITER 0 40 1.048493e-02 1.702070e-03 0.000000e+00 7.364988e-03 0.000000e+00 0.000000e+00 0.000000e+00
PROFILE_ITER 0 41 1.049089e-02 1.690149e-03 0.000000e+00 7.364035e-03 0.000000e+00 0.000000e+00 0.000000e+00
PROFILE_ITER 0 42 1.051879e-02 1.686335e-03 0.000000e+00 7.363796e-03 0.000000e+00 0.000000e+00 0.000000e+00
PROFILE_ITER 0 43 1.056290e-02 1.683950e-03 0.000000e+00 7.365227e-03 0.000000e+00 0.000000e+00 0.000000e+00
PROFILE_ITER 0 44 1.064372e-02 1.693249e-03 0.000000e+00 7.366657e-03 0.000000e+00 0.000000e+00 0.000000e+00
PROFILE_ITER 0 45 1.049685e-02 1.689196e-03 0.000000e+00 7.364988e-03 0.000000e+00 0.000000e+00 0.000000e+00
PROFILE_ITER 0 46 1.049399e-02 1.690149e-03 0.000000e+00 7.365227e-03 0.000000e+00 0.000000e+00 0.000000e+00
PROFILE_ITER 0 47 1.047897e-02 1.698971e-03 0.000000e+00 7.363796e-03 0.000000e+00 0.000000e+00 0.000000e+00
PROFILE_ITER 0 48 1.050091e-02 1.693010e-03 0.000000e+00 7.364988e-03 0.000000e+00 0.000000e+00 0.000000e+00
PROFILE_ITER 0 49 1.050210e-02 1.684904e-03 0.000000e+00 7.362843e-03 0.000000e+00 0.000000e+00 0.000000e+00
PROFILE_ITER 0 50 1.049209e-02 1.680851e-03 0.000000e+00 7.364988e-03 0.000000e+00 9.536743e-07 0.000000e+00
PROFILE_ITER 0 51 1.048994e-02 1.703024e-03 0.000000e+00 7.364035e-03 0.000000e+00 0.000000e+00 0.000000e+00
PROFILE_ITER 0 52 1.048493e-02 1.697063e-03 0.000000e+00 7.364035e-03 0.000000e+00 0.000000e+00 0.000000e+00
PROFILE_ITER 0 53 1.051307e-02 1.687050e-03 0.000000e+00 7.364988e-03 0.000000e+00 0.000000e+00 0.000000e+00
PROFILE_ITER 0 54 1.050782e-02 1.682281e-03 0.000000e+00 7.366896e-03 0.000000e+00 0.000000e+00 0.000000e+00
PROFILE_ITER 0 55 1.049209e-02 1.681805e-03 0.000000e+00 7.363319e-03 0.000000e+00 0.000000e+00 0.000000e+00
PROFILE_ITER 0 56 1.049185e-02 1.689196e-03 0.000000e+00 7.369041e-03 0.000000e+00 0.000000e+00 0.000000e+00
PROFILE_ITER 0 57 1.050496e-02 1.693010e-03 0.000000e+00 7.365227e-03 0.000000e+00 0.000000e+00 0.000000e+00
PROFILE_ITER 0 58 1.049113e-02 1.694918e-03 0.000000e+00 7.366180e-03 0.000000e+00 0.000000e+00 0.000000e+00
PROFILE_ITER 0 59 1.048708e-02 1.686811e-03 0.000000e+00 7.364035e-03 0.000000e+00 0.000000e+00 0.000000e+00
PROFILE_ITER 0 60 1.049590e-02 1.690149e-03 0.000000e+00 7.366657e-03 0.000000e+00 0.000000e+00 0.000000e+00
PROFILE_ITER 0 61 1.048517e-02 1.689911e-03 0.000000e+00 7.361174e-03 0.000000e+00 0.000000e+00 0.000000e+00
PROFILE_ITER 0 62 1.048493e-02 1.686096e-03 9.536743e-07 7.364273e-03 0.000000e+00 0.000000e+00 0.000000e+00
PROFILE_ITER 0 63 1.048613e-02 1.685858e-03 0.000000e+00 7.364273e-03 0.000000e+00 0.000000e+00 0.000000e+00
PROFILE_ITER 0 64 1.049900e-02 1.686811e-03 9.536743e-07 7.364988e-03 0.000000e+00 0.000000e+00 0.000000e+00
PROFILE_ITER 0 65 1.048613e-02 1.695871e-03 0.000000e+00 7.359982e-03 0.000000e+00 9.536743e-07 0.000000e+00
PROFILE_ITER 0 66 1.048923e-02 1.689911e-03 0.000000e+00 7.364273e-03 0.000000e+00 0.000000e+00 0.000000e+00
PROFILE_ITER 0 67 1.048398e-02 1.693964e-03 9.536743e-07 7.362843e-03 0.000000e+00 0.000000e+00 0.000000e+00
PROFILE_ITER 0 68 1.048803e-02 1.687050e-03 0.000000e+00 7.364035e-03 0.000000e+00 0.000000e+00 0.000000e+00
PROFILE_ITER 0 69 1.049304e-02 1.688004e-03 0.000000e+00 7.365227e-03 0.000000e+00 0.000000e+00 0.000000e+00
PROFILE_ITER 0 70 1.049113e-02 1.684666e-03 9.536743e-07 7.361174e-03 9.536743e-07 0.000000e+00 0.000000e+00
PROFILE_ITER 0 71 1.049209e-02 1.688004e-03 0.000000e+00 7.363796e-03 1.192093e-06 0.000000e+00 0.000000e+00
PROFILE_ITER 0 72 1.049209e-02 1.685858e-03 0.000000e+00 7.365942e-03 0.00+00 0.000000e+00
PROFILE_ITER 1 37 3.258705e-03 8.928299e-03 0.000000e+00 3.243923e-03 0.000000e+00 0.000000e+00 0.000000e+00
PROFILE_ITER 1 38 3.138781e-03 9.062290e-03 0.000000e+00 3.127098e-03 0.000000e+00 0.000000e+00 0.000000e+00
PROFILE_ITER 1 39 3.200054e-03 8.979797e-03 0.000000e+00 3.185034e-03 0.000000e+00 0.000000e+00 9.536743e-07
PROFILE_ITER 1 40 3.126860e-03 9.060144e-03 0.000000e+00 3.113747e-03 0.000000e+00 0.000000e+00 0.000000e+00
PROFILE_ITER 1 41 3.176928e-03 9.003162e-03 0.000000e+00 3.162146e-03 0.000000e+00 0.000000e+00 0.000000e+00
PROFILE_ITER 1 42 3.241777e-03 8.963346e-03 0.000000e+00 3.226995e-03 9.536743e-07 0.000000e+00 0.000000e+00
PROFILE_ITER 1 43 3.301859e-03 8.945942e-03 0.000000e+00 3.283978e-03 0.000000e+00 0.000000e+00 0.000000e+00
PROFILE_ITER 1 44 3.551006e-03 8.784056e-03 0.000000e+00 3.534079e-03 0.000000e+00 0.000000e+00 9.536743e-07
PROFILE_ITER 1 45 3.138065e-03 9.048939e-03 0.000000e+00 3.123999e-03 0.000000e+00 0.000000e+00 0.000000e+00
PROFILE_ITER 1 46 3.151178e-03 9.032965e-03 0.000000e+00 3.136158e-03 0.000000e+00 0.000000e+00 1.192093e-06
PROFILE_ITER 1 47 3.111124e-03 9.066820e-03 0.000000e+00 3.097057e-03 0.000000e+00 0.000000e+00 1.192093e-06
PROFILE_ITER 1 48 3.172874e-03 9.021044e-03 0.000000e+00 3.158808e-03 0.000000e+00 0.000000e+00 0.000000e+00
PROFILE_ITER 1 49 3.234863e-03 8.952141e-03 0.000000e+00 3.220081e-03 0.000000e+00 0.000000e+00 9.536743e-07
PROFILE_ITER 1 50 3.113031e-03 9.061098e-03 0.000000e+00 3.099203e-03 0.000000e+00 0.000000e+00 0.000000e+00
PROFILE_ITER 1 51 3.178835e-03 9.014130e-03 0.000000e+00 3.163338e-03 0.000000e+00 0.000000e+00 0.000000e+00
PROFILE_ITER 1 52 3.169060e-03 9.009838e-03 0.000000e+00 3.155231e-03 0.000000e+00 0.000000e+00 0.000000e+00
PROFILE_ITER 1 53 3.196955e-03 9.005070e-03 0.000000e+00 3.182173e-03 0.000000e+00 0.000000e+00 0.000000e+00
PROFILE_ITER 1 54 3.165960e-03 9.024143e-03 0.000000e+00 3.151894e-03 0.000000e+00 0.000000e+00 0.000000e+00
PROFILE_ITER 1 55 3.137112e-03 9.037733e-03 0.000000e+00 3.123999e-03 0.000000e+00 0.000000e+00 0.000000e+00
PROFILE_ITER 1 56 3.214121e-03 8.965969e-03 0.000000e+00 3.199339e-03 0.000000e+00 0.000000e+00 1.907349e-06
PROFILE_ITER 1 57 3.177166e-03 9.020805e-03 0.000000e+00 3.162146e-03 0.000000e+00 0.000000e+00 0.000000e+00
PROFILE_ITER 1 58 3.148317e-03 9.037733e-03 0.000000e+00 3.133059e-03 0.000000e+00 0.000000e+00 0.000000e+00
PROFILE_ITER 1 59 3.123999e-03 9.049892e-03 0.000000e+00 3.109932e-03 0.000000e+00 0.000000e+00 9.536743e-07
PROFILE_ITER 1 60 3.199100e-03 8.985043e-03 0.000000e+00 3.182888e-03 0.000000e+00 0.000000e+00 0.000000e+00
PROFILE_ITER 1 61 3.130198e-03 9.047747e-03 0.000000e+00 3.114939e-03 0.000000e+00 0.000000e+00 1.192093e-06
PROFILE_ITER 1 62 3.170013e-03 9.000063e-03 0.000000e+00 3.154039e-03 0.000000e+00 0.000000e+00 0.000000e+00
PROFILE_ITER 1 63 3.156900e-03 9.015083e-03 0.000000e+00 3.143072e-03 0.000000e+00 0.000000e+00 0.000000e+00
PROFILE_ITER 1 64 3.209114e-03 8.976698e-03 0.000000e+00 3.194094e-03 0.000000e+00 0.000000e+00 9.536743e-07
PROFILE_ITER 1 65 3.150940e-03 9.031057e-03 0.000000e+00 3.136873e-03 0.000000e+00 0.000000e+00 0.000000e+00
PROFILE_ITER 1 66 3.183842e-03 8.995295e-03 0.000000e+00 3.170013e-03 0.000000e+00 0.000000e+00 0.000000e+00
PROFILE_ITER 1 67 3.131151e-03 9.046793e-03 0.000000e+00 3.115892e-03 0.000000e+00 0.000000e+00 0.000000e+00
PROFILE_ITER 1 68 3.166914e-03 9.006023e-03 0.000000e+00 3.150940e-03 0.000000e+00 0.000000e+00 1.907349e-06
PROFILE_ITER 1 69 3.144979e-03 9.038210e-03 0.000000e+00 3.129959e-03 0.000000e+00 0.000000e+00 0.000000e+00
PROFILE_ITER 1 70 3.136158e-03 9.039640e-03 0.000000e+00 3.120899e-03 9.536743e-07 0.000000e+00 1.192093e-06
PROFILE_ITER 1 71 3.199816e-03 8.981228e-03 0.000000e+00 3.185034e-03 0.000000e+00 0.000000e+00 0.000000e+00
PROFILE_ITER 1 72 3.145933e-03 9.032011e-03 0.000000e+00 3.129959e-03 0.000000e+00 0.000000e+00 0.000000e+00
PROFILE_ITER 1 73 3.232002e-03 8.944988e-03 0.000000e+00 3.217936e-03 0.000000e+00 0.000000e+00 0.000000e+00
PROFILE_ITER 1 74 3.122807e-03 9.044409e-03 1.0000e+00 0.000000e+00 0.000000e+00
PROFILE_ITER 0 73 1.048803e-02 1.688957e-03 0.000000e+00 7.363796e-03 0.000000e+00 0.000000e+00 0.000000e+00
PROFILE_ITER 0 74 1.049399e-02 1.673222e-03 0.000000e+00 7.364035e-03 0.000000e+00 0.000000e+00 0.000000e+00
PROFILE_ITER 0 75 1.048803e-02 1.679897e-03 0.000000e+00 7.364988e-03 9.536743e-07 0.000000e+00 0.000000e+00
PROFILE_ITER 0 76 1.050496e-02 1.688957e-03 0.000000e+00 7.366896e-03 0.000000e+00 0.000000e+00 0.000000e+00
PROFILE_ITER 0 77 1.049995e-02 1.681089e-03 0.000000e+00 7.368088e-03 0.000000e+00 0.000000e+00 0.000000e+00
PROFILE_ITER 0 78 1.048899e-02 1.692057e-03 9.536743e-07 7.365942e-03 0.000000e+00 0.000000e+00 0.000000e+00
PROFILE_ITER 0 79 1.050115e-02 1.699924e-03 0.000000e+00 7.363081e-03 0.000000e+00 0.000000e+00 0.000000e+00
PROFILE_ITER 0 80 1.048708e-02 1.691818e-03 0.000000e+00 7.364988e-03 0.000000e+00 0.000000e+00 0.000000e+00
PROFILE_ITER 0 81 1.049089e-02 1.693010e-03 0.000000e+00 7.366180e-03 0.000000e+00 0.000000e+00 0.000000e+00
PROFILE_ITER 0 82 1.048708e-02 1.686096e-03 0.000000e+00 7.363796e-03 0.000000e+00 0.000000e+00 0.000000e+00
PROFILE_ITER 0 83 1.048779e-02 1.677036e-03 0.000000e+00 7.367134e-03 0.000000e+00 0.000000e+00 0.000000e+00
PROFILE_ITER 0 84 1.051283e-02 1.709223e-03 0.000000e+00 7.367134e-03 0.000000e+00 0.000000e+00 0.000000e+00
PROFILE_ITER 0 85 1.051521e-02 1.686811e-03 0.000000e+00 7.366896e-03 0.000000e+00 0.000000e+00 0.000000e+00
PROFILE_ITER 0 86 1.048398e-02 1.686096e-03 0.000000e+00 7.364035e-03 0.000000e+00 0.000000e+00 0.000000e+00
PROFILE_ITER 0 87 1.049805e-02 1.691818e-03 0.000000e+00 7.362843e-03 0.000000e+00 0.000000e+00 0.000000e+00
PROFILE_ITER 0 88 1.051092e-02 1.691103e-03 0.000000e+00 7.364988e-03 0.000000e+00 0.000000e+00 0.000000e+00
PROFILE_ITER 0 89 1.048994e-02 1.701117e-03 0.000000e+00 7.360935e-03 0.000000e+00 0.000000e+00 0.000000e+00
PROFILE_ITER 0 90 1.049304e-02 1.692057e-03 0.000000e+00 7.364035e-03 0.000000e+00 0.000000e+00 0.000000e+00
PROFILE_ITER 0 91 1.049805e-02 1.690865e-03 0.000000e+00 7.365227e-03 0.000000e+00 0.000000e+00 0.000000e+00
PROFILE_ITER 0 92 1.048708e-02 1.698017e-03 0.000000e+00 7.361889e-03 9.536743e-07 0.000000e+00 0.000000e+00
PROFILE_ITER 0 93 1.047993e-02 1.682043e-03 0.000000e+00 7.362127e-03 0.000000e+00 0.000000e+00 0.000000e+00
PROFILE_ITER 0 94 1.048398e-02 1.693010e-03 0.000000e+00 7.362843e-03 0.000000e+00 0.000000e+00 0.000000e+00
PROFILE_ITER 0 95 1.050615e-02 1.678944e-03 0.000000e+00 7.364988e-03 0.000000e+00 0.000000e+00 0.000000e+00
PROFILE_ITER 0 96 1.048303e-02 1.693964e-03 0.000000e+00 7.364988e-03 0.000000e+00 9.536743e-07 0.000000e+00
PROFILE_ITER 0 97 1.049304e-02 1.685858e-03 1.907349e-06 7.366180e-03 0.000000e+00 0.000000e+00 0.000000e+00
PROFILE_ITER 0 98 1.050496e-02 1.695156e-03 0.000000e+00 7.364035e-03 0.000000e+00 0.000000e+00 0.000000e+00
PROFILE_ITER 0 99 1.049399e-02 1.679897e-03 9.536743e-07 7.364273e-03 0.000000e+00 0.000000e+00 0.000000e+00
PROFILE_ITER 0 100 1.050305e-02 1.693010e-03 0.000000e+00 7.363081e-03 0.000000e+00 0.000000e+00 0.000000e+00
PROFILE_ITER 0 101 1.049495e-02 1.697063e-03 0.000000e+00 7.364988e-03 0.000000e+00 0.000000e+00 0.000000e+00
PROFILE_ITER 0 102 1.048684e-02 1.697063e-03 0.000000e+00 7.364035e-03 0.000000e+00 0.000000e+00 0.000000e+00
PROFILE_ITER 0 103 1.051188e-02 1.694202e-03 0.000000e+00 7.365942e-03 0.000000e+00 0.000000e+00 0.000000e+00
PROFILE_ITER 0 104 1.048708e-02 1.690865e-03 0.000000e+00 7.363081e-03 0.000000e+00 0.000000e+00 0.000000e+00
PROFILE_ITER 0 105 1.048779e-02 1.687288e-03 0.000000e+00 7.365704e-03 0.000000e+00 0.000000e+00 0.000000e+00
PROFILE_ITER 0 106 1.048684e-02 1.684189e-03 0.000000e+00 7.366180e-03 9.536743e-07 0.000000e+00 0.000000e+00
PROFILE_ITER 0 107 1.048684e-02 1.688004e-03 0.000000e+00 7.362843e-03 0.000000e+00 9.536743e-07 0.000000e+00
192093e-06 3.107786e-03 0.000000e+00 0.000000e+00 0.000000e+00
PROFILE_ITER 1 75 3.131866e-03 9.037018e-03 0.000000e+00 3.118753e-03 0.000000e+00 0.000000e+00 1.192093e-06
PROFILE_ITER 1 76 3.129959e-03 9.061098e-03 0.000000e+00 3.114939e-03 9.536743e-07 0.000000e+00 0.000000e+00
PROFILE_ITER 1 77 3.149271e-03 9.034634e-03 0.000000e+00 3.134012e-03 1.192093e-06 0.000000e+00 0.000000e+00
PROFILE_ITER 1 78 3.128767e-03 9.051323e-03 0.000000e+00 3.114939e-03 0.000000e+00 0.000000e+00 0.000000e+00
PROFILE_ITER 1 79 3.148794e-03 9.052277e-03 0.000000e+00 3.135920e-03 0.000000e+00 0.000000e+00 0.000000e+00
PROFILE_ITER 1 80 3.108025e-03 9.070873e-03 0.000000e+00 3.091812e-03 0.000000e+00 0.000000e+00 0.000000e+00
PROFILE_ITER 1 81 3.170967e-03 9.012938e-03 0.000000e+00 3.157139e-03 0.000000e+00 0.000000e+00 0.000000e+00
PROFILE_ITER 1 82 3.155947e-03 9.017229e-03 9.536743e-07 3.142118e-03 0.000000e+00 0.000000e+00 0.000000e+00
PROFILE_ITER 1 83 3.123045e-03 9.041786e-03 0.000000e+00 3.108978e-03 0.000000e+00 0.000000e+00 0.000000e+00
PROFILE_ITER 1 84 3.148079e-03 9.071112e-03 0.000000e+00 3.134012e-03 0.000000e+00 0.000000e+00 0.000000e+00
PROFILE_ITER 1 85 3.179312e-03 9.026527e-03 0.000000e+00 3.164291e-03 0.000000e+00 0.000000e+00 0.000000e+00
PROFILE_ITER 1 86 3.162146e-03 9.006977e-03 0.000000e+00 3.146172e-03 0.000000e+00 0.000000e+00 1.907349e-06
PROFILE_ITER 1 87 3.204346e-03 8.986473e-03 0.000000e+00 3.189087e-03 0.000000e+00 0.000000e+00 1.192093e-06
PROFILE_ITER 1 88 3.204823e-03 8.996248e-03 0.000000e+00 3.191948e-03 0.000000e+00 0.000000e+00 0.000000e+00
PROFILE_ITER 1 89 3.103733e-03 9.087324e-03 0.000000e+00 3.091097e-03 0.000000e+00 0.000000e+00 0.000000e+00
PROFILE_ITER 1 90 3.129959e-03 9.056091e-03 0.000000e+00 3.117085e-03 0.000000e+00 0.000000e+00 0.000000e+00
PROFILE_ITER 1 91 3.114223e-03 9.074688e-03 0.000000e+00 3.098965e-03 0.000000e+00 0.000000e+00 9.536743e-07
PROFILE_ITER 1 92 3.104925e-03 9.078026e-03 0.000000e+00 3.090858e-03 0.000000e+00 0.000000e+00 9.536743e-07
PROFILE_ITER 1 93 3.129244e-03 9.035826e-03 0.000000e+00 3.113985e-03 0.000000e+00 0.000000e+00 0.000000e+00
PROFILE_ITER 1 94 3.129244e-03 9.047747e-03 9.536743e-07 3.113985e-03 0.000000e+00 0.000000e+00 1.192093e-06
PROFILE_ITER 1 95 3.168821e-03 9.017229e-03 0.000000e+00 3.154993e-03 9.536743e-07 0.000000e+00 0.000000e+00
PROFILE_ITER 1 96 3.164053e-03 9.011984e-03 0.000000e+00 3.148079e-03 0.000000e+00 0.000000e+00 9.536743e-07
PROFILE_ITER 1 97 3.154039e-03 9.024858e-03 0.000000e+00 3.139019e-03 0.000000e+00 0.000000e+00 9.536743e-07
PROFILE_ITER 1 98 3.168106e-03 9.032011e-03 0.000000e+00 3.152132e-03 9.536743e-07 0.000000e+00 9.536743e-07
PROFILE_ITER 1 99 3.146172e-03 9.028673e-03 0.000000e+00 3.131151e-03 0.000000e+00 0.000000e+00 9.536743e-07
PROFILE_ITER 1 100 3.159046e-03 9.033918e-03 0.000000e+00 3.144741e-03 0.000000e+00 0.000000e+00 0.000000e+00
PROFILE_ITER 1 101 3.130198e-03 9.063959e-03 0.000000e+00 3.115177e-03 0.000000e+00 0.000000e+00 0.000000e+00
PROFILE_ITER 1 102 3.163099e-03 9.020805e-03 0.000000e+00 3.149033e-03 0.000000e+00 0.000000e+00 0.000000e+00
PROFILE_ITER 1 103 3.194809e-03 9.011269e-03 0.000000e+00 3.181219e-03 0.000000e+00 0.000000e+00 0.000000e+00
PROFILE_ITER 1 104 3.191948e-03 8.985996e-03 0.000000e+00 3.176928e-03 0.000000e+00 0.000000e+00 2.145767e-06
PROFILE_ITER 1 105 3.149748e-03 9.025335e-03 0.000000e+00 3.135920e-03 0.000000e+00 0.000000e+00 1.907349e-06
PROFILE_ITER 1 106 3.113985e-03 9.057999e-03 0.000000e+00 3.098965e-03 0.000000e+00 0.000000e+00 1.192093e-06
PROFILE_ITER 1 107 3.154993e-03 9.018898e-03 0.000000e+00 3.139973e-03 0.000000e+00 0.000000e+00 0.000000e+00
PROFILE_ITER 1 108 3.111124e-03 9.054899e-03 0.000000e+00 3.098011e-03 0.000000e+00 0.000000e+00 9.536743e-07
PROFILE_ITER 1 109 3.167868e-03 9.013176e-03 0.000000e+00 3.153086e-03 0.000000e+00 0.000000e+00 9.536743e-07
PROFILE_ITER 1 110 3.081799e-03 9.078264e-03 0.000000e+00 3.067732e-03 0.000000e+00 0.000000e+00 0.000000e+00
PROFILE_ITER 1 111 3.196001e-03 8.996010e-03 0.000000e+00 3.180981e-03 0.000000e+00 0.000000e+00 0PROFILE_ITER 0 108 1.047611e-02 1.690865e-03 0.000000e+00 7.362843e-03 0.000000e+00 0.000000e+00 0.000000e+00
PROFILE_ITER 0 109 1.049209e-02 1.688004e-03 0.000000e+00 7.365942e-03 0.000000e+00 0.000000e+00 0.000000e+00
PROFILE_ITER 0 110 1.048088e-02 1.679182e-03 0.000000e+00 7.364035e-03 0.000000e+00 0.000000e+00 0.000000e+00
PROFILE_ITER 0 111 1.051307e-02 1.678944e-03 0.000000e+00 7.368088e-03 0.000000e+00 0.000000e+00 0.000000e+00
PROFILE_ITER 0 112 1.051497e-02 1.690865e-03 0.000000e+00 7.361889e-03 0.000000e+00 0.000000e+00 0.000000e+00
PROFILE_ITER 0 113 1.048708e-02 1.688004e-03 0.000000e+00 7.360935e-03 0.000000e+00 0.000000e+00 0.000000e+00
PROFILE_ITER 0 114 1.048493e-02 1.687050e-03 0.000000e+00 7.365942e-03 0.000000e+00 0.000000e+00 0.000000e+00
PROFILE_ITER 0 115 1.048684e-02 1.696110e-03 1.192093e-06 7.364750e-03 0.000000e+00 0.000000e+00 0.000000e+00
PROFILE_ITER 0 116 1.049805e-02 1.688957e-03 0.000000e+00 7.365227e-03 0.000000e+00 0.000000e+00 0.000000e+00
PROFILE_ITER 0 117 1.050997e-02 1.698017e-03 0.000000e+00 7.362843e-03 0.000000e+00 0.000000e+00 0.000000e+00
PROFILE_ITER 0 118 1.049185e-02 1.681328e-03 0.000000e+00 7.363081e-03 0.000000e+00 0.000000e+00 0.000000e+00
.000000e+00
PROFILE_ITER 1 112 3.198862e-03 9.006977e-03 0.000000e+00 3.183842e-03 9.536743e-07 0.000000e+00 9.536743e-07
PROFILE_ITER 1 113 3.135204e-03 9.039879e-03 0.000000e+00 3.119707e-03 0.000000e+00 0.000000e+00 0.000000e+00
PROFILE_ITER 1 114 3.087997e-03 9.084940e-03 0.000000e+00 3.073931e-03 0.000000e+00 0.000000e+00 1.192093e-06
PROFILE_ITER 1 115 3.152132e-03 9.029865e-03 0.000000e+00 3.137112e-03 0.000000e+00 0.000000e+00 9.536743e-07
PROFILE_ITER 1 116 3.170967e-03 9.014130e-03 0.000000e+00 3.156900e-03 0.000000e+00 0.000000e+00 9.536743e-07
PROFILE_ITER 1 117 3.182888e-03 9.027004e-03 0.000000e+00 3.167152e-03 0.000000e+00 0.000000e+00 9.536743e-07
PROFILE_ITER 1 118 3.135920e-03 9.037256e-03 0.000000e+00 3.122091e-03 0.000000e+00 0.000000e+00 0.000000e+00
PROFILE_ITER 1 119 3.135920e-03 9.042978e-03 0.000000e+00 3.121138e-03 0.000000e+00 0.000000e+00 0.000000e+00
PROFILE_ITER 1 120 3.162861e-03 9.024143e-03 0.000000e+00 3.145933e-03 0.000000e+00 0.000000e+00 9.536743e-07
PROFILE_ITER 1 121 3.148794e-03 9.028196e-03 0.000000e+00 3.135920e-03 0.000000e+00 0.000000e+00 0.000000e+00
PROFILE_ITER 1 122 3.144264e-03 9.019852e-03 0.000000e+00 3.129005e-03 0.000000e+00 0.000000e+00 0.000000e+00
PROFILE_ITER 1 123 3.144979e-03 9.027958e-03 0.000000e+00 3.130913e-03 0.000000e+00 0.000000e+00 0.000000e+00
PROFILE_ITER 1 124 3.143072e-03 9.042978e-03 0.000000e+00 3.129005e-03 0.000000e+00 0.000000e+00 0.000000e+00
PROFILE_ITER 0 119 1.048994e-02 1.688957e-03 1.192093e-06 7.365942e-03 0.000000e+00 0.000000e+00 0.000000e+00
PROFILE_ITER 0 120 1.050496e-02 1.682043e-03 0.000000e+00 7.364035e-03 0.000000e+00 0.000000e+00 0.000000e+00
PROFILE_ITER 0 121 1.048398e-02 1.693010e-03 0.000000e+00 7.361889e-03 0.000000e+00 0.000000e+00 0.000000e+00
PROFILE_ITER 1 125 3.324032e-03 8.939981e-03 0.000000e+00 3.307819e-03 9.536743e-07 0.000000e+00 0.000000e+00
PROFILE_ITER 1 126 3.620148e-03 8.719683e-03 0.000000e+00 3.602982e-03 0.000000e+00 0.000000e+00 9.536743e-07
PROFILE_ITER 1 127 3.230095e-03 8.980989e-03 0.000000e+00 3.215075e-03 0.000000e+00 0.000000e+00 9.536743e-07
PROFILE_ITER 0 122 1.048088e-02 1.683235e-03 0.000000e+00 7.362843e-03 0.000000e+00 0.000000e+00 0.000000e+00
PROFILE_ITER 0 123 1.048493e-02 1.688004e-03 0.000000e+00 7.362127e-03 0.000000e+00 0.000000e+00 0.000000e+00
PROFILE_ITER 0 124 1.049805e-02 1.688957e-03 0.000000e+00 7.361889e-03 0.000000e+00 0.000000e+00 0.000000e+00
PROFILE_ITER 1 128 3.153324e-03 9.039640e-03 0.000000e+00 3.138304e-03 0.000000e+00 0.000000e+00 0.000000e+00
PROFILE_ITER 1 129 3.125906e-03 9.060144e-03 0.000000e+00 3.111124e-03 0.000000e+00 0.000000e+00 0.000000e+00
PROFILE_ITER 1 130 3.123999e-03 9.047985e-03 0.000000e+00 3.108025e-03 0.000000e+00 0.000000e+00 9.536743e-07
PROFILE_ITER 1 131 3.092051e-03 9.104013e-03 0.000000e+00 3.076792e-03 9.536743e-07 0.000000e+00 1.192093e-06
PROFILE_ITER 1 132 3.199816e-03 8.994102e-03 0.000000e+00 3.185987e-03 0.000000e+00 0.000000e+00 0.000000e+00
PROFILE_ITER 0 125 1.056790e-02 1.693010e-03 9.536743e-07 7.360935e-03 0.000000e+00 0.000000e+00 0.000000e+00
PROFILE_ITER 0 126 1.064634e-02 1.693726e-03 0.000000e+00 7.363081e-03 0.000000e+00 0.000000e+00 0.000000e+00
PROFILE_ITER 0 127 1.052308e-02 1.688957e-03 0.000000e+00 7.365227e-03 0.000000e+00 0.000000e+00 0.000000e+00
PROFILE_ITER 1 133 3.137589e-03 9.048462e-03 0.000000e+00 3.123999e-03 0.000000e+00 0.000000e+00 0.000000e+00
PROFILE_ITER 1 134 3.139973e-03 9.038925e-03 0.000000e+00 3.125906e-03 0.000000e+00 0.000000e+00 0.000000e+00
PROFILE_ITER 0 128 1.050210e-02 1.689911e-03 0.000000e+00 7.364750e-03 0.000000e+00 0.000000e+00 9.536743e-07
PROFILE_ITER 0 129 1.049209e-02 1.693964e-03 0.000000e+00 7.364988e-03 0.000000e+00 0.000000e+00 0.000000e+00
PROFILE_ITER 0 130 1.048899e-02 1.682997e-03 0.000000e+00 7.364035e-03 0.000000e+00 0.000000e+00 0.000000e+00
PROFILE_ITER 0 131 1.049185e-02 1.704216e-03 0.000000e+00 7.365942e-03 0.000000e+00 0.000000e+00 0.000000e+00
PROFILE_ITER 0 132 1.050782e-02 1.688004e-03 0.000000e+00 7.363796e-03 0.000000e+00 0.000000e+00 0.000000e+00
PROFILE_ITER 1 135 3.195047e-03 8.989096e-03 0.000000e+00 3.181219e-03 0.000000e+00 0.000000e+00 0.000000e+00
PROFILE_ITER 1 136 3.170967e-03 9.032011e-03 0.000000e+00 3.157854e-03 0.000000e+00 0.000000e+00 0.000000e+00
PROFILE_ITER 1 137 3.105879e-03 9.073973e-03 0.000000e+00 3.092766e-03 0.000000e+00 0.000000e+00 0.000000e+00
PROFILE_ITER 0 133 1.049614e-02 1.687050e-03 0.000000e+00 7.364035e-03 0.000000e+00 0.000000e+00 0.000000e+00
PROFILE_ITER 1 138 3.141165e-03 9.043932e-03 0.000000e+00 3.125191e-03 9.536743e-07 0.000000e+00 0.000000e+00
PROFILE_ITER 1 139 3.214359e-03 8.963585e-03 0.000000e+00 3.200054e-03 0.000000e+00 0.000000e+00 0.000000e+00
PROFILE_ITER 1 140 3.098965e-03 9.083033e-03 0.000000e+00 3.086090e-03 0.000000e+00 0.000000e+00 0.000000e+00
PROFILE_ITER 0 134 1.049399e-02 1.685858e-03 0.000000e+00 7.367134e-03 0.000000e+00 0.000000e+00 0.000000e+00
PROFILE_ITER 0 135 1.049495e-02 1.689196e-03 0.000000e+00 7.363081e-03 0.000000e+00 0.000000e+00 0.000000e+00
PROFILE_ITER 0 136 1.050997e-02 1.693010e-03 9.536743e-07 7.365942e-03 0.000000e+00 0.000000e+00 0.000000e+00
PROFILE_ITER 1 141 3.176928e-03 8.995295e-03 0.000000e+00 3.161669e-03 9.536743e-07 0.000000e+00 0.000000e+00
PROFILE_ITER 1 142 3.199100e-03 9.002686e-03 0.000000e+00 3.185034e-03 0.000000e+00 0.000000e+00 0.000000e+00
PROFILE_ITER 1 143 3.177881e-03 8.997202e-03 0.000000e+00 3.163815e-03 9.536743e-07 0.000000e+00 0.000000e+00
PROFILE_ITER 0 137 1.048183e-02 1.697063e-03 0.000000e+00 7.363796e-03 0.000000e+00 0.000000e+00 0.000000e+00
PROFILE_ITER 0 138 1.049399e-02 1.691103e-03 0.000000e+00 7.366180e-03 0.000000e+00 0.000000e+00 0.000000e+00
PROFILE_ITER 0 139 1.048589e-02 1.693010e-03 0.000000e+00 7.361889e-03 9.536743e-07 0.000000e+00 0.000000e+00
PROFILE_ITER 1 144 3.253698e-03 8.939266e-03 0.000000e+00 3.239870e-03 0.000000e+00 0.000000e+00 0.000000e+00
PROFILE_ITER 1 145 3.175020e-03 9.012938e-03 0.000000e+00 3.161192e-03 0.000000e+00 0.000000e+00 0.000000e+00
PROFILE_ITER 0 140 1.049519e-02 1.688957e-03 0.000000e+00 7.366180e-03 0.000000e+00 0.000000e+00 0.000000e+00
PROFILE_ITER 0 141 1.049399e-02 1.677036e-03 0.000000e+00 7.363796e-03 0.000000e+00 0.000000e+00 0.000000e+00
PROFILE_ITER 1 146 3.120899e-03 9.054184e-03 0.000000e+00 3.105879e-03 0.000000e+00 0.000000e+00 9.536743e-07
PROFILE_ITER 1 147 3.195047e-03 8.990049e-03 0.000000e+00 3.180027e-03 0.000000e+00 0.000000e+00 0.000000e+00
PROFILE_ITER 1 148 3.098249e-03 9.069681e-03 0.000000e+00 3.086090e-03 0.000000e+00 0.000000e+00 0.000000e+00
PROFILE_ITER 1 149 3.158569e-03 9.017467e-03 0.000000e+00 3.143787e-03 0.000000e+00 0.000000e+00 9.536743e-07
PROFILE_ITER 1 150 3.240108e-03 8.975744e-03 0.000000e+00 3.227234e-03 0.000000e+00 0.000000e+00 0.000000e+00
PROFILE_ITER 1 151 3.098249e-03 9.071827e-03 0.000000e+00 3.083944e-03 0.000000e+00 0.000000e+00 0.000000e+00
PROFILE_ITER 1 152 3.115177e-03 9.054899e-03 0.000000e+00 3.098965e-03 0.000000e+00 0.000000e+00 0.000000e+00
PROFILE_ITER 1 153 3.188133e-03 8.996725e-03 0.000000e+00 3.175020e-03 0.000000e+00 0.000000e+00 0.000000e+00
PROFILE_ITER 1 154 3.129959e-03 9.043217e-03 0.000000e+00 3.116131e-03 0.000000e+00 0.000000e+00 0.000000e+00
PROFILE_ITER 1 155 3.124952e-03 9.044886e-03 0.000000e+00 3.107786e-03 0.000000e+00 0.000000e+00 0.000000e+00
PROFILE_ITER 1 156 3.170967e-03 9.010077e-03 0.000000e+00 3.157139e-03 0.000000e+00 0.000000e+00 0.000000e+00
PROFILE_ITER 1 157 3.184080e-03 8.991957e-03 0.000000e+00 3.172159e-03 0.000000e+00 0.000000e+00 0.000000e+00
PROFILE_ITER 1 158 3.187895e-03 9.006262e-03 0.000000e+00 3.172874e-03 0.000000e+00 0.000000e+00 0.000000e+00
PROFILE_ITER 0 142 1.050210e-02 1.699686e-03 0.000000e+00 7.365227e-03 0.000000e+00 0.000000e+00 9.536743e-07
PROFILE_ITER 0 143 1.048970e-02 1.685381e-03 0.000000e+00 7.364750e-03 0.000000e+00 0.000000e+00 0.000000e+00
PROFILE_ITER 0 144 1.050711e-02 1.684904e-03 0.000000e+00 7.361174e-03 9.536743e-07 0.000000e+00 0.000000e+00
PROFILE_ITER 0 145 1.049185e-02 1.697063e-03 0.000000e+00 7.363796e-03 0.000000e+00 0.000000e+00 0.000000e+00
PROFILE_ITER 0 146 1.049399e-02 1.681089e-03 0.000000e+00 7.370234e-03 0.000000e+00 0.000000e+00 0.000000e+00
PROFILE_ITER 0 147 1.049018e-02 1.694918e-03 0.000000e+00 7.366180e-03 0.000000e+00 0.000000e+00 0.000000e+00
PROFILE_ITER 0 148 1.048303e-02 1.685858e-03 0.000000e+00 7.364035e-03 0.000000e+00 0.000000e+00 0.000000e+00
PROFILE_ITER 0 149 1.048779e-02 1.687288e-03 0.000000e+00 7.364035e-03 0.000000e+00 0.000000e+00 0.000000e+00
PROFILE_ITER 0 150 1.051903e-02 1.695871e-03 0.000000e+00 7.364988e-03 0.000000e+00 0.000000e+00 0.000000e+00
PROFILE_ITER 0 151 1.048112e-02 1.688957e-03 0.000000e+00 7.366896e-03 0.000000e+00 0.000000e+00 0.000000e+00
PROFILE_ITER 0 152 1.047802e-02 1.692057e-03 0.000000e+00 7.363081e-03 0.000000e+00 0.000000e+00 0.000000e+00
PROFILE_ITER 0 153 1.049399e-02 1.689911e-03 0.000000e+00 7.365942e-03 0.000000e+00 0.000000e+00 0.000000e+00
PROFILE_ITER 0 154 1.048803e-02 1.686096e-03 0.000000e+00 7.363081e-03 0.000000e+00 0.000000e+00 0.000000e+00
PROFILE_ITER 1 159 3.142834e-03 9.027004e-03 0.000000e+00 3.128767e-03 0.000000e+00 0.000000e+00 0.000000e+00
PROFILE_ITER 1 160 3.123760e-03 9.037256e-03 0.000000e+00 3.110170e-03 0.000000e+00 0.000000e+00 0.000000e+00
PROFILE_ITER 1 161 3.151894e-03 9.045124e-03 0.000000e+00 3.139019e-03 0.000000e+00 0.000000e+00 0.000000e+00
PROFILE_ITER 0 155 1.047993e-02 1.689911e-03 0.000000e+00 7.361889e-03 0.000000e+00 0.000000e+00 0.000000e+00
PROFILE_ITER 0 156 1.049185e-02 1.691341e-03 0.000000e+00 7.363796e-03 0.000000e+00 0.000000e+00 0.000000e+00
PROFILE_ITER 1 162 3.144979e-03 9.035110e-03 0.000000e+00 3.130198e-03 0.000000e+00 0.000000e+00 9.536743e-07
PROFILE_ITER 1 163 3.191710e-03 9.025335e-03 0.000000e+00 3.178835e-03 0.000000e+00 0.000000e+00 0.000000e+00
PROFILE_ITER 0 157 1.048183e-02 1.693010e-03 9.536743e-07 7.362843e-03 0.000000e+00 0.000000e+00 0.000000e+00
PROFILE_ITER 0 158 1.050711e-02 1.685858e-03 9.536743e-07 7.363796e-03 1.192093e-06 0.000000e+00 0.000000e+00
PROFILE_ITER 0 159 1.048112e-02 1.687765e-03 0.000000e+00 7.362127e-03 0.000000e+00 0.000000e+00 0.000000e+00
PROFILE_ITER 0 160 1.047587e-02 1.685143e-03 0.000000e+00 7.365942e-03 0.000000e+00 0.000000e+00 0.000000e+00
PROFILE_ITER 0 161 1.050687e-02 1.690149e-03 0.000000e+00 7.364035e-03 0.000000e+00 0.000000e+00 0.000000e+00
PROFILE_ITER 0 162 1.049614e-02 1.684904e-03 0.000000e+00 7.364035e-03 0.000000e+00 0.000000e+00 0.000000e+00
PROFILE_ITER 1 164 3.196716e-03 9.005070e-03 0.000000e+00 3.180742e-03 9.536743e-07 0.000000e+00 9.536743e-07
PROFILE_ITER 1 165 3.197670e-03 9.006500e-03 0.000000e+00 3.183842e-03 0.000000e+00 0.000000e+00 0.000000e+00
PROFILE_ITER 1 166 3.201008e-03 8.999825e-03 0.000000e+00 3.187180e-03 1.192093e-06 0.000000e+00 0.000000e+00
PROFILE_ITER 1 167 3.110886e-03 9.061098e-03 0.000000e+00 3.097773e-03 0.000000e+00 0.000000e+00 0.000000e+00
PROFILE_ITER 0 163 1.051903e-02 1.698017e-03 0.000000e+00 7.366180e-03 9.536743e-07 0.000000e+00 0.000000e+00
PROFILE_ITER 0 164 1.051116e-02 1.691818e-03 0.000000e+00 7.369995e-03 0.000000e+00 0.000000e+00 0.000000e+00
PROFILE_ITER 1 168 3.165960e-03 9.016037e-03 0.000000e+00 3.149986e-03 0.000000e+00 0.000000e+00 1.907349e-06
PROFILE_ITER 1 169 3.225803e-03 8.970261e-03 0.000000e+00 3.212690e-03 0.000000e+00 0.000000e+00 0.000000e+00
PROFILE_ITER 0 165 1.051092e-02 1.692057e-03 0.000000e+00 7.368088e-03 9.536743e-07 0.000000e+00 0.000000e+00
PROFILE_ITER 0 166 1.051402e-02 1.686811e-03 0.000000e+00 7.369041e-03 0.000000e+00 0.000000e+00 0.000000e+00
PROFILE_ITER 1 170 3.161907e-03 9.019136e-03 0.000000e+00 3.146887e-03 9.536743e-07 0.000000e+00 0.000000e+00
PROFILE_ITER 1 171 3.193855e-03 8.990049e-03 0.000000e+00 3.177881e-03 0.000000e+00 0.000000e+00 9.536743e-07
PROFILE_ITER 1 172 3.177166e-03 8.996964e-03 0.000000e+00 3.161907e-03 0.000000e+00 0.000000e+00 0.000000e+00
PROFILE_ITER 0 167 1.049113e-02 1.680851e-03 0.000000e+00 7.367134e-03 0.000000e+00 0.000000e+00 0.000000e+00
PROFILE_ITER 0 168 1.048779e-02 1.693249e-03 0.000000e+00 7.361889e-03 0.000000e+00 0.000000e+00 0.000000e+00
PROFILE_ITER 0 169 1.050520e-02 1.691818e-03 0.000000e+00 7.362127e-03 9.536743e-07 0.000000e+00 0.000000e+00
PROFILE_ITER 0 170 1.049900e-02 1.682043e-03 0.000000e+00 7.364988e-03 0.000000e+00 0.000000e+00 0.000000e+00
PROFILE_ITER 1 173 3.205061e-03 8.982897e-03 0.000000e+00 3.189802e-03 0.000000e+00 0.000000e+00 0.000000e+00
PROFILE_ITER 1 174 3.105164e-03 9.074926e-03 0.000000e+00 3.091097e-03 0.000000e+00 0.000000e+00 0.000000e+00
PROFILE_ITER 1 175 3.173113e-03 9.000778e-03 0.000000e+00 3.159046e-03 0.000000e+00 0.000000e+00 1.907349e-06
PROFILE_ITER 0 171 1.049209e-02 1.691818e-03 0.000000e+00 7.364988e-03 0.000000e+00 0.000000e+00 0.000000e+00
PROFILE_ITER 0 172 1.048803e-02 1.687050e-03 0.000000e+00 7.362127e-03 0.000000e+00 0.000000e+00 0.000000e+00
PROFILE_ITER 0 173 1.050282e-02 1.684189e-03 0.000000e+00 7.362843e-03 0.000000e+00 0.000000e+00 0.000000e+00
PROFILE_ITER 1 176 3.171921e-03 9.010077e-03 0.000000e+00 3.156900e-03 9.536743e-07 0.000000e+00 0.000000e+00
PROFILE_ITER 1 177 3.199816e-03 9.005308e-03 0.000000e+00 3.186226e-03 0.000000e+00 0.000000e+00 0.000000e+00
PROFILE_ITER 1 178 3.134966e-03 9.042025e-03 0.000000e+00 3.119946e-03 0.000000e+00 0.000000e+00 0.000000e+00
PROFILE_ITER 1 179 3.129959e-03 9.048939e-03 0.000000e+00 3.113985e-03 0.000000e+00 0.000000e+00 9.536743e-07
PROFILE_ITER 1 180 3.138065e-03 9.052992e-03 0.000000e+00 3.123760e-03 0.000000e+00 0.000000e+00 9.536743e-07
PROFILE_ITER 0 174 1.048899e-02 1.691103e-03 0.000000e+00 7.364750e-03 0.000000e+00 0.000000e+00 0.000000e+00
PROFILE_ITER 0 175 1.048684e-02 1.687050e-03 0.000000e+00 7.364750e-03 0.000000e+00 0.000000e+00 0.000000e+00
PROFILE_ITER 0 176 1.048803e-02 1.693964e-03 0.000000e+00 7.364988e-03 0.000000e+00 0.000000e+00 0.000000e+00
PROFILE_ITER 0 177 1.050878e-02 1.696348e-03 0.000000e+00 7.364750e-03 0.000000e+00 0.000000e+00 9.536743e-07
PROFILE_ITER 1 181 3.142118e-03 9.030819e-03 0.000000e+00 3.128052e-03 0.000000e+00 0.000000e+00 0.000000e+00
PROFILE_ITER 1 182 3.173113e-03 9.023905e-03 9.536743e-07 3.159046e-03 0.000000e+00 0.000000e+00 0.000000e+00
PROFILE_ITER 1 183 3.208876e-03 8.978128e-03 0.000000e+00 3.193855e-03 0.000000e+00 0.000000e+00 0.000000e+00
PROFILE_ITER 0 178 1.048803e-02 1.688957e-03 0.000000e+00 7.366896e-03 9.536743e-07 0.000000e+00 0.000000e+00
PROFILE_ITER 0 179 1.048493e-02 1.693964e-03 0.000000e+00 7.365942e-03 0.000000e+00 0.000000e+00 0.000000e+00
PROFILE_ITER 0 180 1.050091e-02 1.692057e-03 0.000000e+00 7.369041e-03 0.000000e+00 0.000000e+00 0.000000e+00
PROFILE_ITER 0 181 1.048279e-02 1.688242e-03 0.000000e+00 7.364988e-03 0.000000e+00 0.000000e+00 0.000000e+00
PROFILE_ITER 1 184 3.133059e-03 9.040833e-03 0.000000e+00 3.118277e-03 0.000000e+00 0.000000e+00 9.536743e-07
PROFILE_ITER 1 185 3.201008e-03 8.982182e-03 0.000000e+00 3.186941e-03 0.000000e+00 0.000000e+00 0.000000e+00
PROFILE_ITER 1 186 3.166199e-03 9.009838e-03 0.000000e+00 3.153086e-03 0.000000e+00 0.000000e+00 0.000000e+00
PROFILE_ITER 1 187 3.134966e-03 9.055853e-03 0.000000e+00 3.121138e-03 0.000000e+00 0.000000e+00 0.000000e+00
PROFILE_ITER 1 188 3.096104e-03 9.083986e-03 0.000000e+00 3.081083e-03 0.000000e+00 0.000000e+00 9.536743e-07
PROFILE_ITER 0 182 1.050210e-02 1.694918e-03 0.000000e+00 7.368088e-03 0.000000e+00 0.000000e+00 0.000000e+00
PROFILE_ITER 0 183 1.049995e-02 1.686096e-03 0.000000e+00 7.371664e-03 0.000000e+00 0.000000e+00 0.000000e+00
PROFILE_ITER 1 189 3.067970e-03 9.117126e-03 0.000000e+00 3.052950e-03 0.000000e+00 0.000000e+00 1.192093e-06
PROFILE_ITER 0 184 1.048589e-02 1.688957e-03 0.000000e+00 7.364988e-03 0.000000e+00 0.000000e+00 0.000000e+00
PROFILE_ITER 0 185 1.049590e-02 1.687288e-03 0.000000e+00 7.361889e-03 0.000000e+00 0.000000e+00 0.000000e+00
PROFILE_ITER 0 186 1.049185e-02 1.682997e-03 0.000000e+00 7.363081e-03 0.000000e+00 0.000000e+00 9.536743e-07
PROFILE_ITER 0 187 1.050568e-02 1.684189e-03 0.000000e+00 7.366896e-03 9.536743e-07 0.000000e+00 0.000000e+00
PROFILE_ITER 1 190 3.198147e-03 8.999825e-03 0.000000e+00 3.185034e-03 0.000000e+00 0.000000e+00 0.000000e+00
PROFILE_ITER 1 191 3.223896e-03 8.963108e-03 0.000000e+00 3.211975e-03 0.000000e+00 0.000000e+00 0.000000e+00
PROFILE_ITER 1 192 3.185749e-03 9.004116e-03 0.000000e+00 3.171921e-03 0.000000e+00 0.000000e+00 0.000000e+00
PROFILE_ITER 1 193 3.173113e-03 9.011030e-03 0.000000e+00 3.160000e-03 0.000000e+00 0.000000e+00 0.000000e+00
PROFILE_ITER 0 188 1.048875e-02 1.693249e-03 0.000000e+00 7.364750e-03 0.000000e+00 0.000000e+00 0.000000e+00
PROFILE_ITER 0 189 1.049185e-02 1.692295e-03 0.000000e+00 7.363081e-03 0.000000e+00 0.000000e+00 0.000000e+00
PROFILE_ITER 0 190 1.050711e-02 1.690865e-03 0.000000e+00 7.360935e-03 9.536743e-07 0.000000e+00 0.000000e+00
PROFILE_ITER 1 194 3.240108e-03 8.959770e-03 0.000000e+00 3.226042e-03 0.000000e+00 0.000000e+00 0.000000e+00
PROFILE_ITER 1 195 3.144026e-03 9.026051e-03 0.000000e+00 3.129959e-03 0.000000e+00 0.000000e+00 0.000000e+00
PROFILE_ITER 1 196 3.135920e-03 9.047985e-03 0.000000e+00 3.121853e-03 0.000000e+00 0.000000e+00 9.536743e-07
PROFILE_ITER 1 197 3.128767e-03 9.047270e-03 0.000000e+00 3.114939e-03 0.000000e+00 0.000000e+00 0.000000e+00
PROFILE_ITER 1 198 3.165960e-03 9.011030e-03 0.000000e+00 3.151894e-03 0.000000e+00 0.000000e+00 0.000000e+00
PROFILE_ITER 0 191 1.050305e-02 1.683950e-03 0.000000e+00 7.364273e-03 0.000000e+00 0.000000e+00 0.000000e+00
PROFILE_ITER 0 192 1.049995e-02 1.689911e-03 0.000000e+00 7.363319e-03 0.000000e+00 0.000000e+00 0.000000e+00
PROFILE_ITER 0 193 1.049304e-02 1.692057e-03 0.000000e+00 7.363796e-03 0.000000e+00 0.000000e+00 0.000000e+00
PROFILE_ITER 1 199 3.160238e-03 9.012938e-03 0.000000e+00 3.145218e-03 0.000000e+00 0.000000e+00 0.000000e+00
PROFILE_ACCUM 1 spmv=6.354916e-01 vecops=2.138190e+00 send_fill=7.152557e-06 local_spmv=6.325772e-01 comm_wait=1.764297e-05 shared_spmv=0.000000e+00 send_wait=6.103516e-05
PROFILE_ITER 0 194 1.051497e-02 1.684904e-03 0.000000e+00 7.363081e-03 0.000000e+00 0.000000e+00 0.000000e+00
PROFILE_ITER 0 195 1.047802e-02 1.692057e-03 0.000000e+00 7.362843e-03 0.000000e+00 0.000000e+00 0.000000e+00
PROFILE_ITER 0 196 1.048589e-02 1.699209e-03 9.536743e-07 7.363796e-03 0.000000e+00 0.000000e+00 0.000000e+00
PROFILE_ITER 0 197 1.049018e-02 1.684666e-03 0.000000e+00 7.362127e-03 0.000000e+00 0.000000e+00 0.000000e+00
PROFILE_ITER 0 198 1.049399e-02 1.682043e-03 0.000000e+00 7.362127e-03 0.000000e+00 0.000000e+00 0.000000e+00
PROFILE_ITER 0 199 1.049590e-02 1.677036e-03 0.000000e+00 7.367134e-03 0.000000e+00 0.000000e+00 0.000000e+00
PROFILE_ACCUM 0 spmv=2.101333e+00 vecops=3.382716e-01 send_fill=1.668930e-05 local_spmv=1.473644e+00 comm_wait=1.764297e-05 shared_spmv=6.198883e-06 send_wait=6.675720e-06
