Matrix name : /home/bugra/Workspace/C/HetHypPar_rewrite/data/matrices/rma10_1c_20g/rma10_1c_20g.mtx

	****	Matrix File readed	****LOG: Finished Creating Shard CSC
LOG: Finished Creating Vectors
PROFILE_HEADER rank iter spmv vecops send_fill local_spmv comm_wait shared_spmv send_wait
PROFILE_ITER 1 0 3.524303e-03 2.468557e-01 0.000000e+00 3.499985e-03 0.000000e+00 0.000000e+00 0.000000e+00
PROFILE_ITER 1 1 2.853155e-03 2.245903e-03 0.000000e+00 2.840042e-03 0.000000e+00 0.000000e+00 0.000000e+00
PROFILE_ITER 1 2 2.707243e-03 2.322674e-03 0.000000e+00 2.692938e-03 0.000000e+00 0.000000e+00 2.384186e-06
PROFILE_ITER 1 3 2.682924e-03 2.336979e-03 0.000000e+00 2.668858e-03 9.536743e-07 0.000000e+00 0.000000e+00
PROFILE_ITER 1 4 2.714157e-03 2.300024e-03 0.000000e+00 2.702236e-03 0.000000e+00 0.000000e+00 0.000000e+00
PROFILE_ITER 1 5 2.635002e-03 2.388954e-03 0.000000e+00 2.622843e-03 0.000000e+00 0.000000e+00 0.000000e+00
PROFILE_ITER 1 6 2.683163e-03 2.327919e-03 0.000000e+00 2.671003e-03 0.000000e+00 0.000000e+00 1.192093e-06
PROFILE_ITER 1 7 2.733946e-03 2.279997e-03 0.000000e+00 2.721071e-03 9.536743e-07 0.000000e+00 0.000000e+00
PROFILE_ITER 1 8 2.628088e-03 2.384901e-03 0.000000e+00 2.615929e-03 0.000000e+00 0.000000e+00 0.000000e+00
PROFILE_ITER 1 9 2.684832e-03 2.338171e-03 0.000000e+00 2.672911e-03 0.000000e+00 0.000000e+00 0.000000e+00
PROFILE_ITER 1 10 2.691746e-03 2.324104e-03 0.000000e+00 2.678871e-03 0.000000e+00 0.000000e+00 0.000000e+00
PROFILE_ITER 1 11 2.875090e-03 2.275944e-03 0.000000e+00 2.862215e-03 0.000000e+00 0.000000e+00 9.536743e-07
PROFILE_ITER 1 12 2.959967e-03 2.171040e-03 0.000000e+00 2.945900e-03 0.000000e+00 0.000000e+00 9.536743e-07
PROFILE_ITER 1 13 2.751827e-03 2.293348e-03 0.000000e+00 2.738953e-03 0.000000e+00 0.000000e+00 1.192093e-06
PROFILE_ITER 1 14 2.646923e-03 2.376080e-03 0.000000e+00 2.634048e-03 0.000000e+00 0.000000e+00 0.000000e+00
PROFILE_ITER 1 15 2.960920e-03 2.194881e-03 0.000000e+00 2.945900e-03 0.000000e+00 0.000000e+00 0.000000e+00
PROFILE_ITER 1 16 2.849817e-03 2.243280e-03 1.192093e-06 2.832890e-03 0.000000e+00 0.000000e+00 0.000000e+00
PROFILE_ITER 1 17 2.707005e-03 2.309084e-03 0.000000e+00 2.696037e-03 0.000000e+00 0.000000e+00 0.000000e+00
PROFILE_ITER 1 18 2.820969e-03 2.247095e-03 0.000000e+00 2.805710e-03 0.000000e+00 0.000000e+00 0.000000e+00
PROFILE_ITER 1 19 2.860069e-03 2.224922e-03 0.000000e+00 2.843142e-03 9.536743e-07 0.000000e+00 0.000000e+00
PROFILE_ITER 1 20 2.702236e-03 2.325773e-03 0.000000e+00 2.688169e-03 0.000000e+00 0.000000e+00 0.000000e+00
PROFILE_ITER 1 21 2.843857e-03 2.283096e-03 0.000000e+00 2.830982e-03 0.000000e+00 0.000000e+00 9.536743e-07
PROFILE_ITER 1 22 2.861977e-03 2.212048e-03 0.000000e+00 2.850056e-03 0.000000e+00 0.000000e+00 0.000000e+00
PROFILE_ITER 1 23 2.678156e-03 2.356768e-03 0.000000e+00 2.664804e-03 0.000000e+00 0.000000e+00 0.000000e+00
PROFILE_ITER 1 24 2.687216e-03 2.336740e-03 0.000000e+00 2.676249e-03 0.000000e+00 0.000000e+00 0.000000e+00
PROFILE_ITER 1 25 2.686262e-03 2.318859e-03 0.000000e+00 2.674341e-03 0.000000e+00 0.000000e+00 0.000000e+00
PROFILE_ITER 1 26 2.624989e-03 2.381802e-03 0.000000e+00 2.613783e-03 0.000000e+00 0.000000e+00 0.000000e+00
PROFILE_ITER 1 27 2.666950e-03 2.339125e-03 0.000000e+00 2.653837e-03 0.000000e+00 0.000000e+00 0.000000e+00
PROFILE_ITER 1 28 2.709627e-03 2.303362e-03 0.000000e+00 2.698898e-03 0.000000e+00 0.000000e+00 0.000000e+00
PROFILE_ITER 1 29 2.686977e-03 2.336025e-03 0.000000e+00 2.674818e-03 0.000000e+00 0.000000e+00 1.192093e-06
PROFILE_ITER 1 30 2.699852e-03 2.333164e-03 0.000000e+00 2.687931e-03 0.000000e+00 0.000000e+00 0.000000e+00
PROFILE_ITER 1 31 2.686024e-03 2.315998e-03 0.000000e+00 2.674103e-03 0.000000e+00 0.000000e+00 0.000000e+00
PROFILE_ITER 1 32 2.716780e-03 2.289295e-03 0.000000e+00 2.704859e-03 0.000000e+00 0.000000e+00 0.000000e+00
PROFILE_ITER 1 33 2.671003e-03 2.327919e-03 0.000000e+00 2.658844e-03 0.000000e+00 0.000000e+00 0.000000e+00
PROFILE_ITER 1 34 2.628803e-03 2.364397e-03 0.000000e+00 2.618074e-03 0.000000e+00 0.000000e+00 0.000000e+00
PROFILE_ITER 1 35 2.623081e-03 2.393723e-03 0.000000e+00 2.611876e-03 0.000000e+00 0.000000e+00 0.000000e+00
PROFILE_ITER 1 36 2.672195e-03 2.333879e-03 0.000000e+00 2.658129e-03 0.000000e+00 0.000000en_iters : 200 
spmv : 1.003305 
file_read : 8.480886 
relative_residual : 2.978226E+09
everything_total : 9.717559

----------------------------------------------------------------------
PROFILE_HEADER rank iter spmv vecops send_fill local_spmv comm_wait shared_spmv send_wait
PROFILE_ITER 0 0 4.594088e-03 1.343966e-03 9.536743e-07 2.977133e-03 0.000000e+00 0.000000e+00 0.000000e+00
PROFILE_ITER 0 1 4.338980e-03 7.600784e-04 0.000000e+00 2.975941e-03 1.907349e-06 0.000000e+00 0.000000e+00
PROFILE_ITER 0 2 4.275799e-03 7.541180e-04 0.000000e+00 2.971888e-03 0.000000e+00 0.000000e+00 0.000000e+00
PROFILE_ITER 0 3 4.263163e-03 7.567406e-04 9.536743e-07 2.972126e-03 0.000000e+00 0.000000e+00 0.000000e+00
PROFILE_ITER 0 4 4.263878e-03 7.522106e-04 0.000000e+00 2.973795e-03 0.000000e+00 0.000000e+00 0.000000e+00
PROFILE_ITER 0 5 4.263878e-03 7.581711e-04 0.000000e+00 2.973080e-03 0.000000e+00 0.000000e+00 0.000000e+00
PROFILE_ITER 0 6 4.264116e-03 7.469654e-04 0.000000e+00 2.973080e-03 0.000000e+00 0.000000e+00 0.000000e+00
PROFILE_ITER 0 7 4.268169e-03 7.457733e-04 0.000000e+00 2.974033e-03 0.000000e+00 0.000000e+00 0.000000e+00
PROFILE_ITER 0 8 4.258871e-03 7.541180e-04 0.000000e+00 2.973080e-03 0.000000e+00 0.000000e+00 0.000000e+00
PROFILE_ITER 0 9 4.265070e-03 7.579327e-04 0.000000e+00 2.969980e-03 0.000000e+00 0.000000e+00 0.000000e+00
PROFILE_ITER 0 10 4.263163e-03 7.526875e-04 0.000000e+00 2.976179e-03 0.000000e+00 0.000000e+00 0.000000e+00
PROFILE_ITER 0 11 4.390955e-03 7.600784e-04 0.000000e+00 2.972841e-03 0.000000e+00 0.000000e+00 0.000000e+00
PROFILE_ITER 0 12 4.374981e-03 7.560253e-04 0.000000e+00 2.974033e-03 0.000000e+00 0.000000e+00 0.000000e+00
PROFILE_ITER 0 13 4.293919e-03 7.512569e-04 0.000000e+00 2.970219e-03 0.000000e+00 0.000000e+00 0.000000e+00
PROFILE_ITER 0 14 4.269123e-03 7.538795e-04 0.000000e+00 2.975941e-03 0.000000e+00 0.000000e+00 0.000000e+00
PROFILE_ITER 0 15 4.395962e-03 7.598400e-04 9.536743e-07 2.974033e-03 0.000000e+00 0.000000e+00 0.000000e+00
PROFILE_ITER 0 16 4.333019e-03 7.600784e-04 0.000000e+00 2.970934e-03 0.000000e+00 0.000000e+00 0.000000e+00
PROFILE_ITER 0 17 4.269123e-03 7.479191e-04 0.000000e+00 2.969027e-03 9.536743e-07 0.000000e+00 0.000000e+00
PROFILE_ITER 0 18 4.319668e-03 7.483959e-04 0.000000e+00 2.974033e-03 9.536743e-07 0.000000e+00 0.000000e+00
PROFILE_ITER 0 19 4.338264e-03 7.467270e-04 0.000000e+00 2.974033e-03 0.000000e+00 0.000000e+00 0.000000e+00
PROFILE_ITER 0 20 4.274130e-03 7.557869e-04 0.000000e+00 2.971888e-03 0.000000e+00 0.000000e+00 0.000000e+00
PROFILE_ITER 0 21 4.372120e-03 7.529259e-04 0.000000e+00 2.973080e-03 0.000000e+00 0.000000e+00 0.000000e+00
PROFILE_ITER 0 22 4.324913e-03 7.491112e-04 0.000000e+00 2.973080e-03 0.000000e+00 0.000000e+00 0.000000e+00
PROFILE_ITER 0 23 4.285097e-03 7.498264e-04 0.000000e+00 2.974987e-03 0.000000e+00 0.000000e+00 0.000000e+00
PROFILE_ITER 0 24 4.266024e-03 7.569790e-04 0.000000e+00 2.973080e-03 0.000000e+00 0.000000e+00 0.000000e+00
PROFILE_ITER 0 25 4.266262e-03 7.398129e-04 0.000000e+00 2.971172e-03 0.000000e+00 0.000000e+00 0.000000e+00
PROFILE_ITER 0 26 4.259109e-03 7.476807e-04 0.000000e+00 2.970934e-03 0.000000e+00 0.000000e+00 0.000000e+00
PROFILE_ITER 0 27 4.256010e-03 7.500648e-04 0.000000e+00 2.970219e-03 0.000000e+00 0.000000e+00 0.000000e+00
PROFILE_ITER 0 28 4.261017e-03 7.529259e-04 9.536743e-07 2.972126e-03 0.000000e+00 0.000000e+00 0.000000e+00
PROFILE_ITER 0 29 4.271030e-03 7.519722e-04 0.000000e+00 2.972126e-03 0.000000e+00 0.000000e+00 0.000000e+00
PROFILE_ITER 0 30 4.283190e-03 7.488728e-04 0.000000e+00 2.973080e-03 0.000000e+00 0.000000e+00 0.000000e+00
PROFILE_ITER 0 31 4.259825e-03 7.431507e-04 0.000000e+00 2.971888e-03 0.000000e+00 0.000000e+00 0.000000e+00
PROFILE_ITER 0 32 4.254103e-03 7.519722e-04 0.000000e+00 2.971888e-03 0.000000e+00 0.000000e+00 0.000000e+00
PROFILE_ITER 0 33 4.257202e-03 7.417202e-04 0.000000e+00 2.970934e-03 0.000000e+00 0.000000e+00 0.000000e+00
PROFILE_ITER 0 34 4.254103e-03 7.400513e-04 0.000000e+00 2.971172e-03 9.536743e-07 0.000000e+00 0.000000e+00
PROFILE_ITER 0+00 0.000000e+00
PROFILE_ITER 1 37 2.732992e-03 2.325058e-03 0.000000e+00 2.720833e-03 0.000000e+00 0.000000e+00 0.000000e+00
PROFILE_ITER 1 38 2.753973e-03 2.274036e-03 0.000000e+00 2.742052e-03 0.000000e+00 0.000000e+00 0.000000e+00
PROFILE_ITER 1 39 2.688885e-03 2.321005e-03 0.000000e+00 2.676964e-03 0.000000e+00 0.000000e+00 0.000000e+00
PROFILE_ITER 1 40 2.668858e-03 2.352238e-03 0.000000e+00 2.656937e-03 0.000000e+00 0.000000e+00 0.000000e+00
PROFILE_ITER 1 41 2.660990e-03 2.357960e-03 0.000000e+00 2.649069e-03 0.000000e+00 0.000000e+00 0.000000e+00
PROFILE_ITER 1 42 2.680063e-03 2.331972e-03 0.000000e+00 2.667904e-03 0.000000e+00 0.000000e+00 0.000000e+00
PROFILE_ITER 1 43 2.625942e-03 2.374172e-03 0.000000e+00 2.611160e-03 0.000000e+00 0.000000e+00 0.000000e+00
PROFILE_ITER 1 44 2.655268e-03 2.353668e-03 0.000000e+00 2.644062e-03 0.000000e+00 0.000000e+00 0.000000e+00
PROFILE_ITER 1 45 3.034115e-03 2.135754e-03 0.000000e+00 3.021002e-03 0.000000e+00 0.000000e+00 0.000000e+00
PROFILE_ITER 1 46 2.795935e-03 2.260208e-03 0.000000e+00 2.783060e-03 0.000000e+00 0.000000e+00 0.000000e+00
PROFILE_ITER 1 47 2.628088e-03 2.373934e-03 0.000000e+00 2.616882e-03 0.000000e+00 0.000000e+00 0.000000e+00
PROFILE_ITER 1 48 2.887011e-03 2.235889e-03 0.000000e+00 2.873182e-03 0.000000e+00 0.000000e+00 0.000000e+00
PROFILE_ITER 1 49 2.806902e-03 2.242088e-03 0.000000e+00 2.793074e-03 0.000000e+00 0.000000e+00 0.000000e+00
PROFILE_ITER 1 50 2.681971e-03 2.354145e-03 0.000000e+00 2.668858e-03 0.000000e+00 0.000000e+00 0.000000e+00
PROFILE_ITER 1 51 2.948284e-03 2.204657e-03 0.000000e+00 2.933025e-03 0.000000e+00 0.000000e+00 1.192093e-06
PROFILE_ITER 1 52 2.748013e-03 2.305984e-03 0.000000e+00 2.735138e-03 0.000000e+00 0.000000e+00 0.000000e+00
PROFILE_ITER 1 53 2.648115e-03 2.365828e-03 0.000000e+00 2.635002e-03 0.000000e+00 0.000000e+00 0.000000e+00
PROFILE_ITER 1 54 2.909660e-03 2.228498e-03 0.000000e+00 2.895832e-03 0.000000e+00 0.000000e+00 0.000000e+00
PROFILE_ITER 1 55 2.883911e-03 2.182007e-03 0.000000e+00 2.871037e-03 0.000000e+00 0.000000e+00 0.000000e+00
PROFILE_ITER 1 56 2.698183e-03 2.323866e-03 0.000000e+00 2.686262e-03 0.000000e+00 0.000000e+00 9.536743e-07
PROFILE_ITER 1 57 2.841234e-03 2.255678e-03 0.000000e+00 2.826929e-03 0.000000e+00 0.000000e+00 0.000000e+00
PROFILE_ITER 1 58 2.851963e-03 2.213001e-03 9.536743e-07 2.838850e-03 0.000000e+00 0.000000e+00 0.000000e+00
PROFILE_ITER 1 59 2.688169e-03 2.330780e-03 0.000000e+00 2.673864e-03 0.000000e+00 0.000000e+00 1.192093e-06
PROFILE_ITER 1 60 2.659082e-03 2.337933e-03 0.000000e+00 2.647161e-03 0.000000e+00 0.000000e+00 0.000000e+00
PROFILE_ITER 1 61 2.924919e-03 2.157927e-03 0.000000e+00 2.912998e-03 0.000000e+00 0.000000e+00 0.000000e+00
PROFILE_ITER 1 62 2.692938e-03 2.334118e-03 0.000000e+00 2.679825e-03 0.000000e+00 0.000000e+00 2.145767e-06
PROFILE_ITER 1 63 2.735853e-03 2.263308e-03 0.000000e+00 2.725124e-03 0.000000e+00 0.000000e+00 0.000000e+00
PROFILE_ITER 1 64 2.638340e-03 2.368450e-03 0.000000e+00 2.627134e-03 0.000000e+00 0.000000e+00 0.000000e+00
PROFILE_ITER 1 65 2.654076e-03 2.346039e-03 0.000000e+00 2.642155e-03 0.000000e+00 0.000000e+00 0.000000e+00
PROFILE_ITER 1 66 2.670050e-03 2.323866e-03 0.000000e+00 2.654791e-03 0.000000e+00 0.000000e+00 0.000000e+00
PROFILE_ITER 1 67 2.677917e-03 2.310276e-03 0.000000e+00 2.665997e-03 0.000000e+00 0.000000e+00 0.000000e+00
PROFILE_ITER 1 68 2.702951e-03 2.286911e-03 0.000000e+00 2.691984e-03 0.000000e+00 0.000000e+00 0.000000e+00
PROFILE_ITER 1 69 2.665997e-03 2.323151e-03 0.000000e+00 2.653837e-03 0.000000e+00 0.000000e+00 0.000000e+00
PROFILE_ITER 1 70 2.685070e-03 2.303839e-03 0.000000e+00 2.672911e-03 0.000000e+00 0.000000e+00 0.000000e+00
PROFILE_ITER 1 71 2.640009e-03 2.340078e-03 9.536743e-07 2.628088e-03 0.000000e+00 0.000000e+00 0.000000e+00
PROFILE_ITER 1 72 2.630234e-03 2.368689e-03 0.000000e+00 2.618074e-03 0.000000e+00 0.000000e+00 1.192093e-06
PROFILE_ITER 1 73 2.624035e-03 2.363920e-03 0.000000e+00 2.612114e-03 0.000000e+00 0.000000e+00 9.536743e-07
PROFILE_ITER 1 74 2.665281e-03 2.323866e-03 0. 35 4.259825e-03 7.569790e-04 0.000000e+00 2.972841e-03 0.000000e+00 0.000000e+00 0.000000e+00
PROFILE_ITER 0 36 4.263878e-03 7.441044e-04 0.000000e+00 2.974033e-03 0.000000e+00 0.000000e+00 0.000000e+00
PROFILE_ITER 0 37 4.304171e-03 7.519722e-04 0.000000e+00 2.973080e-03 0.000000e+00 0.000000e+00 0.000000e+00
PROFILE_ITER 0 38 4.269123e-03 7.579327e-04 9.536743e-07 2.970695e-03 9.536743e-07 0.000000e+00 1.192093e-06
PROFILE_ITER 0 39 4.263878e-03 7.469654e-04 0.000000e+00 2.971649e-03 0.000000e+00 0.000000e+00 0.000000e+00
PROFILE_ITER 0 40 4.263163e-03 7.579327e-04 0.000000e+00 2.971172e-03 0.000000e+00 0.000000e+00 0.000000e+00
PROFILE_ITER 0 41 4.263163e-03 7.557869e-04 0.000000e+00 2.973080e-03 0.000000e+00 0.000000e+00 9.536743e-07
PROFILE_ITER 0 42 4.261017e-03 7.500648e-04 0.000000e+00 2.969027e-03 0.000000e+00 0.000000e+00 0.000000e+00
PROFILE_ITER 0 43 4.252911e-03 7.472038e-04 0.000000e+00 2.974033e-03 0.000000e+00 0.000000e+00 0.000000e+00
PROFILE_ITER 0 44 4.255056e-03 7.538795e-04 0.000000e+00 2.973080e-03 0.000000e+00 0.000000e+00 0.000000e+00
PROFILE_ITER 0 45 4.416227e-03 7.536411e-04 0.000000e+00 2.971172e-03 9.536743e-07 0.000000e+00 0.000000e+00
PROFILE_ITER 0 46 4.306078e-03 7.500648e-04 0.000000e+00 2.974987e-03 0.000000e+00 0.000000e+00 0.000000e+00
PROFILE_ITER 0 47 4.257917e-03 7.441044e-04 0.000000e+00 2.971172e-03 0.000000e+00 0.000000e+00 0.000000e+00
PROFILE_ITER 0 48 4.373074e-03 7.507801e-04 0.000000e+00 2.972841e-03 1.192093e-06 9.536743e-07 0.000000e+00
PROFILE_ITER 0 49 4.312038e-03 7.369518e-04 0.000000e+00 2.972126e-03 0.000000e+00 0.000000e+00 0.000000e+00
PROFILE_ITER 0 50 4.283190e-03 7.519722e-04 0.000000e+00 2.971888e-03 0.000000e+00 0.000000e+00 0.000000e+00
PROFILE_ITER 0 51 4.404068e-03 7.488728e-04 0.000000e+00 2.973080e-03 0.000000e+00 0.000000e+00 0.000000e+00
PROFILE_ITER 0 52 4.306078e-03 7.498264e-04 0.000000e+00 2.970934e-03 9.536743e-07 0.000000e+00 0.000000e+00
PROFILE_ITER 0 53 4.263878e-03 7.481575e-04 0.000000e+00 2.971888e-03 0.000000e+00 0.000000e+00 0.000000e+00
PROFILE_ITER 0 54 4.382133e-03 7.560253e-04 9.536743e-07 2.964020e-03 0.000000e+00 0.000000e+00 0.000000e+00
PROFILE_ITER 0 55 4.326344e-03 7.405281e-04 0.000000e+00 2.964020e-03 0.000000e+00 0.000000e+00 0.000000e+00
PROFILE_ITER 0 56 4.272223e-03 7.498264e-04 0.000000e+00 2.964020e-03 0.000000e+00 0.000000e+00 0.000000e+00
PROFILE_ITER 0 57 4.340172e-03 7.567406e-04 0.000000e+00 2.964020e-03 0.000000e+00 0.000000e+00 0.000000e+00
PROFILE_ITER 0 58 4.304886e-03 7.612705e-04 0.000000e+00 2.964973e-03 0.000000e+00 0.000000e+00 0.000000e+00
PROFILE_ITER 0 59 4.271984e-03 7.469654e-04 0.000000e+00 2.964020e-03 0.000000e+00 0.000000e+00 0.000000e+00
PROFILE_ITER 0 60 4.253149e-03 7.438660e-04 9.536743e-07 2.963305e-03 0.000000e+00 0.000000e+00 0.000000e+00
PROFILE_ITER 0 61 4.338026e-03 7.448196e-04 0.000000e+00 2.962112e-03 9.536743e-07 0.000000e+00 0.000000e+00
PROFILE_ITER 0 62 4.277945e-03 7.491112e-04 0.000000e+00 2.963781e-03 0.000000e+00 0.000000e+00 0.000000e+00
PROFILE_ITER 0 63 4.253149e-03 7.460117e-04 1.192093e-06 2.961874e-03 0.000000e+00 0.000000e+00 0.000000e+00
PROFILE_ITER 0 64 4.246950e-03 7.598400e-04 0.000000e+00 2.963066e-03 9.536743e-07 0.000000e+00 0.000000e+00
PROFILE_ITER 0 65 4.249811e-03 7.503033e-04 0.000000e+00 2.962828e-03 0.000000e+00 0.000000e+00 0.000000e+00
PROFILE_ITER 0 66 4.245281e-03 7.486343e-04 0.000000e+00 2.962828e-03 0.000000e+00 0.000000e+00 0.000000e+00
PROFILE_ITER 0 67 4.249096e-03 7.390976e-04 0.000000e+00 2.965927e-03 0.000000e+00 0.000000e+00 0.000000e+00
PROFILE_ITER 0 68 4.240990e-03 7.507801e-04 0.000000e+00 2.964020e-03 0.000000e+00 0.000000e+00 0.000000e+00
PROFILE_ITER 0 69 4.238844e-03 7.493496e-04 0.000000e+00 2.964020e-03 0.000000e+00 0.000000e+00 0.000000e+00
PROFILE_ITER 0 70 4.251242e-03 7.376671e-04 0.000000e+00 2.961159e-03 0.000000e+00 0.000000e+00 0.000000e+00
PROFILE_ITER 0 71 4.244089e-03 7.359982e-04 0.000000e+00 2.964020e-03 2.145767e-06 0.000000e+00 0.000000e+00
PROFILE_ITER 0 72 4.246950e-03 7.519722e-04 0.000000e+00 2.964020e-03 0.00000000000e+00 2.653122e-03 0.000000e+00 0.000000e+00 0.000000e+00
PROFILE_ITER 1 75 2.674103e-03 2.317905e-03 0.000000e+00 2.662182e-03 0.000000e+00 0.000000e+00 9.536743e-07
PROFILE_ITER 1 76 2.671003e-03 2.316952e-03 0.000000e+00 2.659798e-03 0.000000e+00 0.000000e+00 0.000000e+00
PROFILE_ITER 1 77 2.684355e-03 2.317667e-03 0.000000e+00 2.670050e-03 0.000000e+00 0.000000e+00 0.000000e+00
PROFILE_ITER 1 78 2.677202e-03 2.339602e-03 0.000000e+00 2.665043e-03 0.000000e+00 0.000000e+00 0.000000e+00
PROFILE_ITER 1 79 2.690077e-03 2.304077e-03 0.000000e+00 2.677202e-03 0.000000e+00 0.000000e+00 0.000000e+00
PROFILE_ITER 1 80 2.689838e-03 2.303123e-03 0.000000e+00 2.678871e-03 0.000000e+00 0.000000e+00 0.000000e+00
PROFILE_ITER 1 81 2.707005e-03 2.299070e-03 0.000000e+00 2.695084e-03 0.000000e+00 0.000000e+00 0.000000e+00
PROFILE_ITER 1 82 2.633810e-03 2.371073e-03 0.000000e+00 2.621889e-03 0.000000e+00 0.000000e+00 0.000000e+00
PROFILE_ITER 1 83 2.906322e-03 2.187729e-03 0.000000e+00 2.890348e-03 0.000000e+00 0.000000e+00 0.000000e+00
PROFILE_ITER 1 84 2.867222e-03 2.187729e-03 0.000000e+00 2.851963e-03 0.000000e+00 0.000000e+00 0.000000e+00
PROFILE_ITER 1 85 2.660990e-03 2.341032e-03 0.000000e+00 2.645731e-03 0.000000e+00 0.000000e+00 0.000000e+00
PROFILE_ITER 1 86 2.624989e-03 2.382040e-03 0.000000e+00 2.610922e-03 0.000000e+00 0.000000e+00 0.000000e+00
PROFILE_ITER 1 87 2.634048e-03 2.369881e-03 0.000000e+00 2.619028e-03 0.000000e+00 0.000000e+00 0.000000e+00
PROFILE_ITER 1 88 2.675056e-03 2.312899e-03 0.000000e+00 2.662182e-03 0.000000e+00 0.000000e+00 0.000000e+00
PROFILE_ITER 1 89 2.633095e-03 2.360106e-03 0.000000e+00 2.619982e-03 0.000000e+00 0.000000e+00 0.000000e+00
PROFILE_ITER 1 90 2.668142e-03 2.330780e-03 0.000000e+00 2.654076e-03 0.000000e+00 0.000000e+00 9.536743e-07
PROFILE_ITER 1 91 2.639771e-03 2.373219e-03 0.000000e+00 2.629042e-03 0.000000e+00 0.000000e+00 0.000000e+00
PROFILE_ITER 1 92 2.629042e-03 2.362013e-03 0.000000e+00 2.617836e-03 0.000000e+00 0.000000e+00 0.000000e+00
PROFILE_ITER 1 93 2.622128e-03 2.373934e-03 0.000000e+00 2.611160e-03 0.000000e+00 0.000000e+00 0.000000e+00
PROFILE_ITER 1 94 2.631903e-03 2.355099e-03 0.000000e+00 2.619028e-03 0.000000e+00 0.000000e+00 0.000000e+00
PROFILE_ITER 1 95 2.679825e-03 2.303123e-03 0.000000e+00 2.665043e-03 0.000000e+00 0.000000e+00 0.000000e+00
PROFILE_ITER 1 96 2.678871e-03 2.317190e-03 0.000000e+00 2.665997e-03 0.000000e+00 0.000000e+00 9.536743e-07
PROFILE_ITER 1 97 2.659082e-03 2.334833e-03 0.000000e+00 2.647877e-03 0.000000e+00 0.000000e+00 0.000000e+00
PROFILE_ITER 1 98 2.633095e-03 2.357006e-03 0.000000e+00 2.620935e-03 0.000000e+00 0.000000e+00 0.000000e+00
PROFILE_ITER 1 99 2.671003e-03 2.322912e-03 0.000000e+00 2.657890e-03 0.000000e+00 0.000000e+00 1.192093e-06
PROFILE_ITER 1 100 2.667904e-03 2.319098e-03 0.000000e+00 2.654076e-03 0.000000e+00 0.000000e+00 9.536743e-07
PROFILE_ITER 1 101 2.652168e-03 2.364874e-03 0.000000e+00 2.638102e-03 0.000000e+00 0.000000e+00 9.536743e-07
PROFILE_ITER 1 102 2.676964e-03 2.323866e-03 0.000000e+00 2.664804e-03 0.000000e+00 0.000000e+00 0.000000e+00
PROFILE_ITER 1 103 2.633095e-03 2.358913e-03 0.000000e+00 2.620220e-03 0.000000e+00 0.000000e+00 9.536743e-07
PROFILE_ITER 1 104 2.684832e-03 2.308369e-03 0.000000e+00 2.671003e-03 0.000000e+00 0.000000e+00 0.000000e+00
PROFILE_ITER 1 105 2.711773e-03 2.280235e-03 9.536743e-07 2.699852e-03 0.000000e+00 0.000000e+00 0.000000e+00
PROFILE_ITER 1 106 2.707958e-03 2.285004e-03 0.000000e+00 2.695084e-03 0.000000e+00 0.000000e+00 0.000000e+00
PROFILE_ITER 1 107 2.626896e-03 2.370119e-03 0.000000e+00 2.615213e-03 0.000000e+00 0.000000e+00 0.000000e+00
PROFILE_ITER 1 108 2.631187e-03 2.361774e-03 0.000000e+00 2.618074e-03 0.000000e+00 0.000000e+00 0.000000e+00
PROFILE_ITER 1 109 2.650023e-03 2.342939e-03 9.536743e-07 2.636909e-03 0.000000e+00 0.000000e+00 0.000000e+00
0e+00 0.000000e+00 0.000000e+00
PROFILE_ITER 0 73 4.245996e-03 7.419586e-04 0.000000e+00 2.963066e-03 0.000000e+00 0.000000e+00 0.000000e+00
PROFILE_ITER 0 74 4.244089e-03 7.450581e-04 0.000000e+00 2.962828e-03 0.000000e+00 0.000000e+00 0.000000e+00
PROFILE_ITER 0 75 4.243135e-03 7.488728e-04 0.000000e+00 2.964020e-03 0.000000e+00 0.000000e+00 0.000000e+00
PROFILE_ITER 0 76 4.245043e-03 7.429123e-04 0.000000e+00 2.962828e-03 0.000000e+00 0.000000e+00 0.000000e+00
PROFILE_ITER 0 77 4.246950e-03 7.550716e-04 0.000000e+00 2.963066e-03 0.000000e+00 0.000000e+00 0.000000e+00
PROFILE_ITER 0 78 4.255056e-03 7.617474e-04 0.000000e+00 2.966881e-03 0.000000e+00 0.000000e+00 0.000000e+00
PROFILE_ITER 0 79 4.250765e-03 7.433891e-04 9.536743e-07 2.959728e-03 9.536743e-07 0.000000e+00 0.000000e+00
PROFILE_ITER 0 80 4.251957e-03 7.410049e-04 0.000000e+00 2.964020e-03 0.000000e+00 0.000000e+00 0.000000e+00
PROFILE_ITER 0 81 4.254818e-03 7.500648e-04 0.000000e+00 2.964973e-03 0.000000e+00 0.000000e+00 0.000000e+00
PROFILE_ITER 0 82 4.248857e-03 7.560253e-04 0.000000e+00 2.962828e-03 0.000000e+00 0.000000e+00 0.000000e+00
PROFILE_ITER 0 83 4.352093e-03 7.410049e-04 0.000000e+00 2.961159e-03 0.000000e+00 0.000000e+00 0.000000e+00
PROFILE_ITER 0 84 4.305124e-03 7.538795e-04 0.000000e+00 2.967119e-03 0.000000e+00 0.000000e+00 0.000000e+00
PROFILE_ITER 0 85 4.257202e-03 7.417202e-04 0.000000e+00 2.962112e-03 0.000000e+00 0.000000e+00 0.000000e+00
PROFILE_ITER 0 86 4.261017e-03 7.460117e-04 0.000000e+00 2.962828e-03 1.192093e-06 0.000000e+00 0.000000e+00
PROFILE_ITER 0 87 4.257917e-03 7.450581e-04 0.000000e+00 2.966166e-03 0.000000e+00 0.000000e+00 0.000000e+00
PROFILE_ITER 0 88 4.245043e-03 7.429123e-04 0.000000e+00 2.963066e-03 0.000000e+00 0.000000e+00 0.000000e+00
PROFILE_ITER 0 89 4.247189e-03 7.469654e-04 0.000000e+00 2.964020e-03 0.000000e+00 0.000000e+00 0.000000e+00
PROFILE_ITER 0 90 4.250050e-03 7.498264e-04 0.000000e+00 2.962828e-03 0.000000e+00 0.000000e+00 0.000000e+00
PROFILE_ITER 0 91 4.261971e-03 7.510185e-04 0.000000e+00 2.965927e-03 0.000000e+00 0.000000e+00 0.000000e+00
PROFILE_ITER 0 92 4.244089e-03 7.469654e-04 9.536743e-07 2.961874e-03 0.000000e+00 0.000000e+00 0.000000e+00
PROFILE_ITER 0 93 4.248857e-03 7.472038e-04 0.000000e+00 2.965927e-03 0.000000e+00 9.536743e-07 0.000000e+00
PROFILE_ITER 0 94 4.240990e-03 7.460117e-04 0.000000e+00 2.963066e-03 0.000000e+00 0.000000e+00 0.000000e+00
PROFILE_ITER 0 95 4.239082e-03 7.438660e-04 0.000000e+00 2.962112e-03 0.000000e+00 0.000000e+00 0.000000e+00
PROFILE_ITER 0 96 4.249096e-03 7.469654e-04 0.000000e+00 2.962112e-03 9.536743e-07 0.000000e+00 0.000000e+00
PROFILE_ITER 0 97 4.248142e-03 7.457733e-04 0.000000e+00 2.964973e-03 0.000000e+00 0.000000e+00 0.000000e+00
PROFILE_ITER 0 98 4.246235e-03 7.438660e-04 0.000000e+00 2.964973e-03 0.000000e+00 0.000000e+00 0.000000e+00
PROFILE_ITER 0 99 4.241943e-03 7.519722e-04 0.000000e+00 2.964020e-03 0.000000e+00 0.000000e+00 0.000000e+00
PROFILE_ITER 0 100 4.243851e-03 7.441044e-04 0.000000e+00 2.961874e-03 0.000000e+00 0.000000e+00 0.000000e+00
PROFILE_ITER 0 101 4.261971e-03 7.541180e-04 0.000000e+00 2.964020e-03 0.000000e+00 0.000000e+00 0.000000e+00
PROFILE_ITER 0 102 4.248857e-03 7.519722e-04 0.000000e+00 2.962828e-03 0.000000e+00 0.000000e+00 0.000000e+00
PROFILE_ITER 0 103 4.243135e-03 7.479191e-04 0.000000e+00 2.963066e-03 0.000000e+00 0.000000e+00 0.000000e+00
PROFILE_ITER 0 104 4.245043e-03 7.479191e-04 0.000000e+00 2.961159e-03 0.000000e+00 0.000000e+00 0.000000e+00
PROFILE_ITER 0 105 4.240036e-03 7.507801e-04 0.000000e+00 2.960205e-03 0.000000e+00 0.000000e+00 0.000000e+00
PROFILE_ITER 0 106 4.250050e-03 7.429123e-04 0.000000e+00 2.964973e-03 0.000000e+00 0.000000e+00 0.000000e+00
PROFILE_ITER 0 107 4.251003e-03 7.448196e-04 0.000000e+00 2.965927e-03 0.000000e+00 0.000000e+00 0.000000e+00
PROFILE_ITER 1 110 2.633333e-03 2.355576e-03 0.000000e+00 2.617836e-03 0.000000e+00 0.000000e+00 0.000000e+00
PROFILE_ITER 1 111 2.660036e-03 2.321959e-03 0.000000e+00 2.648115e-03 0.000000e+00 0.000000e+00 0.000000e+00
PROFILE_ITER 1 112 2.652168e-03 2.328634e-03 0.000000e+00 2.640963e-03 0.000000e+00 0.000000e+00 0.000000e+00
PROFILE_ITER 1 113 2.662182e-03 2.324820e-03 0.000000e+00 2.650023e-03 0.000000e+00 0.000000e+00 0.000000e+00
PROFILE_ITER 1 114 2.651215e-03 2.348900e-03 0.000000e+00 2.637148e-03 0.000000e+00 0.000000e+00 0.000000e+00
PROFILE_ITER 1 115 2.671957e-03 2.326965e-03 0.000000e+00 2.660036e-03 0.000000e+00 0.000000e+00 0.000000e+00
PROFILE_ITER 1 116 2.688169e-03 2.305984e-03 0.000000e+00 2.676010e-03 0.000000e+00 0.000000e+00 0.000000e+00
PROFILE_ITER 1 117 2.640963e-03 2.351999e-03 0.000000e+00 2.629042e-03 0.000000e+00 0.000000e+00 9.536743e-07
PROFILE_ITER 1 118 2.628088e-03 2.360821e-03 0.000000e+00 2.613783e-03 0.000000e+00 0.000000e+00 1.192093e-06
PROFILE_ITER 0 108 4.249096e-03 7.450581e-04 0.000000e+00 2.964020e-03 0.000000e+00 0.000000e+00 0.000000e+00
PROFILE_ITER 0 109 4.240990e-03 7.510185e-04 0.000000e+00 2.962828e-03 0.000000e+00 0.000000e+00 0.000000e+00
PROFILE_ITER 0 110 4.245996e-03 7.438660e-04 0.000000e+00 2.960920e-03 0.000000e+00 9.536743e-07 0.000000e+00
PROFILE_ITER 0 111 4.240990e-03 7.421970e-04 9.536743e-07 2.961159e-03 0.000000e+00 9.536743e-07 0.000000e+00
PROFILE_ITER 0 112 4.237890e-03 7.429123e-04 9.536743e-07 2.960920e-03 0.000000e+00 0.000000e+00 0.000000e+00
PROFILE_ITER 0 113 4.244089e-03 7.429123e-04 0.000000e+00 2.964735e-03 0.000000e+00 0.000000e+00 0.000000e+00
PROFILE_ITER 0 114 4.257202e-03 7.429123e-04 0.000000e+00 2.963066e-03 0.000000e+00 0.000000e+00 0.000000e+00
PROFILE_ITER 0 115 4.254103e-03 7.448196e-04 0.000000e+00 2.965927e-03 0.000000e+00 0.000000e+00 0.000000e+00
PROFILE_ITER 1 119 2.664089e-03 2.326965e-03 0.000000e+00 2.649307e-03 0.000000e+00 0.000000e+00 0.000000e+00
PROFILE_ITER 1 120 2.624035e-03 2.363920e-03 0.000000e+00 2.612114e-03 0.000000e+00 0.000000e+00 0.000000e+00
PROFILE_ITER 1 121 2.624750e-03 2.367258e-03 0.000000e+00 2.612829e-03 0.000000e+00 0.000000e+00 0.000000e+00
PROFILE_ITER 0 116 4.250050e-03 7.460117e-04 0.000000e+00 2.964973e-03 0.000000e+00 0.000000e+00 0.000000e+00
PROFILE_ITER 0 117 4.251719e-03 7.393360e-04 0.000000e+00 2.959728e-03 0.000000e+00 0.000000e+00 0.000000e+00
PROFILE_ITER 0 118 4.246712e-03 7.421970e-04 0.000000e+00 2.960920e-03 0.000000e+00 0.000000e+00 0.000000e+00
PROFILE_ITER 0 119 4.245043e-03 7.460117e-04 0.000000e+00 2.962112e-03 0.000000e+00 0.000000e+00 0.000000e+00
PROFILE_ITER 0 120 4.240036e-03 7.479191e-04 0.000000e+00 2.962112e-03 9.536743e-07 0.000000e+00 0.000000e+00
PROFILE_ITER 1 122 2.711296e-03 2.294779e-03 0.000000e+00 2.699137e-03 0.000000e+00 0.000000e+00 0.000000e+00
PROFILE_ITER 1 123 2.664804e-03 2.336025e-03 1.192093e-06 2.652884e-03 0.000000e+00 0.000000e+00 0.000000e+00
PROFILE_ITER 1 124 2.630949e-03 2.367973e-03 0.000000e+00 2.618074e-03 0.000000e+00 0.000000e+00 0.000000e+00
PROFILE_ITER 1 125 2.626896e-03 2.360106e-03 0.000000e+00 2.612829e-03 9.536743e-07 0.000000e+00 0.000000e+00
PROFILE_ITER 0 121 4.249811e-03 7.421970e-04 0.000000e+00 2.964973e-03 0.000000e+00 0.000000e+00 0.000000e+00
PROFILE_ITER 0 122 4.252911e-03 7.531643e-04 0.000000e+00 2.965927e-03 0.000000e+00 0.000000e+00 0.000000e+00
PROFILE_ITER 0 123 4.246950e-03 7.538795e-04 0.000000e+00 2.963066e-03 0.000000e+00 0.000000e+00 0.000000e+00
PROFILE_ITER 0 124 4.248142e-03 7.519722e-04 0.000000e+00 2.962112e-03 0.000000e+00 0.000000e+00 0.000000e+00
PROFILE_ITER 0 125 4.242897e-03 7.431507e-04 0.000000e+00 2.959013e-03 0.000000e+00 0.000000e+00 0.000000e+00
PROFILE_ITER 1 126 2.623081e-03 2.378941e-03 0.000000e+00 2.610922e-03 0.000000e+00 0.000000e+00 0.000000e+00
PROFILE_ITER 1 127 2.625942e-03 2.371073e-03 0.000000e+00 2.614737e-03 0.000000e+00 0.000000e+00 0.000000e+00
PROFILE_ITER 1 128 2.663136e-03 2.334833e-03 0.000000e+00 2.651215e-03 0.000000e+00 0.000000e+00 9.536743e-07
PROFILE_ITER 1 129 2.624035e-03 2.377987e-03 0.000000e+00 2.612829e-03 0.000000e+00 0.000000e+00 0.000000e+00
PROFILE_ITER 0 126 4.245043e-03 7.579327e-04 0.000000e+00 2.964973e-03 0.000000e+00 0.000000e+00 0.000000e+00
PROFILE_ITER 0 127 4.252195e-03 7.448196e-04 0.000000e+00 2.964020e-03 0.000000e+00 0.000000e+00 0.000000e+00
PROFILE_ITER 1 130 2.638817e-03 2.363205e-03 0.000000e+00 2.625942e-03 0.000000e+00 0.000000e+00 9.536743e-07
PROFILE_ITER 1 131 2.635002e-03 2.362967e-03 0.000000e+00 2.621889e-03 0.000000e+00 0.000000e+00 0.000000e+00
PROFILE_ITER 0 128 4.245758e-03 7.522106e-04 0.000000e+00 2.962828e-03 9.536743e-07 0.000000e+00 0.000000e+00
PROFILE_ITER 0 129 4.246950e-03 7.550716e-04 0.000000e+00 2.963781e-03 0.000000e+00 0.000000e+00 1.192093e-06
PROFILE_ITER 0 130 4.257917e-03 7.441044e-04 0.000000e+00 2.965927e-03 0.000000e+00 0.000000e+00 0.000000e+00
PROFILE_ITER 1 132 2.656937e-03 2.334118e-03 0.000000e+00 2.645016e-03 0.000000e+00 0.000000e+00 9.536743e-07
PROFILE_ITER 1 133 2.657175e-03 2.335787e-03 0.000000e+00 2.643824e-03 0.000000e+00 0.000000e+00 0.000000e+00
PROFILE_ITER 1 134 2.624273e-03 2.361774e-03 0.000000e+00 2.613306e-03 0.000000e+00 0.000000e+00 0.000000e+00
PROFILE_ITER 0 131 4.248857e-03 7.491112e-04 0.000000e+00 2.964973e-03 0.000000e+00 0.000000e+00 0.000000e+00
PROFILE_ITER 0 132 4.241943e-03 7.510185e-04 0.000000e+00 2.960682e-03 0.000000e+00 0.000000e+00 0.000000e+00
PROFILE_ITER 1 135 2.624035e-03 2.364874e-03 0.000000e+00 2.611876e-03 0.000000e+00 0.000000e+00 0.000000e+00
PROFILE_ITER 1 136 2.692223e-03 2.323866e-03 0.000000e+00 2.678156e-03 0.000000e+00 0.000000e+00 0.000000e+00
PROFILE_ITER 0 133 4.251003e-03 7.400513e-04 0.000000e+00 2.963066e-03 9.536743e-07 0.000000e+00 0.000000e+00
PROFILE_ITER 0 134 4.246950e-03 7.390976e-04 0.000000e+00 2.964020e-03 0.000000e+00 0.000000e+00 0.000000e+00
PROFILE_ITER 1 137 2.710819e-03 2.290010e-03 0.000000e+00 2.700090e-03 0.000000e+00 0.000000e+00 0.000000e+00
PROFILE_ITER 1 138 2.700090e-03 2.288103e-03 0.000000e+00 2.687931e-03 0.000000e+00 0.000000e+00 0.000000e+00
PROFILE_ITER 0 135 4.242897e-03 7.460117e-04 0.000000e+00 2.961874e-03 0.000000e+00 0.000000e+00 0.000000e+00
PROFILE_ITER 0 136 4.256248e-03 7.598400e-04 0.000000e+00 2.962112e-03 0.000000e+00 0.000000e+00 0.000000e+00
PROFILE_ITER 1 139 2.681732e-03 2.310038e-03 0.000000e+00 2.669811e-03 0.000000e+00 0.000000e+00 9.536743e-07
PROFILE_ITER 1 140 2.699852e-03 2.296209e-03 0.000000e+00 2.686977e-03 0.000000e+00 0.000000e+00 2.145767e-06
PROFILE_ITER 0 137 4.256010e-03 7.448196e-04 9.536743e-07 2.964973e-03 9.536743e-07 0.000000e+00 0.000000e+00
PROFILE_ITER 0 138 4.241943e-03 7.462502e-04 0.000000e+00 2.959013e-03 9.536743e-07 0.000000e+00 0.000000e+00
PROFILE_ITER 0 139 4.250050e-03 7.417202e-04 0.000000e+00 2.963781e-03 1.192093e-06 0.000000e+00 0.000000e+00
PROFILE_ITER 0 140 4.244804e-03 7.512569e-04 0.000000e+00 2.960682e-03 9.536743e-07 0.000000e+00 0.000000e+00
PROFILE_ITER 0 141 4.248142e-03 7.479191e-04 0.000000e+00 2.960920e-03 0.000000e+00 0.000000e+00 0.000000e+00
PROFILE_ITER 0 142 4.246950e-03 7.481575e-04 0.000000e+00 2.962112e-03 0.000000e+00 0.000000e+00 0.000000e+00
PROFILE_ITER 0 143 4.244089e-03 7.448196e-04 0.000000e+00 2.963066e-03 0.000000e+00 0.000000e+00 0.000000e+00
PROFILE_ITER 1 141 2.636909e-03 2.359152e-03 0.000000e+00 2.624273e-03 0.000000e+00 0.000000e+00 0.000000e+00
PROFILE_ITER 1 142 2.628803e-03 2.366304e-03 0.000000e+00 2.617836e-03 0.000000e+00 0.000000e+00 0.000000e+00
PROFILE_ITER 1 143 2.673626e-03 2.315283e-03 0.000000e+00 2.658844e-03 0.000000e+00 0.000000e+00 0.000000e+00
PROFILE_ITER 1 144 2.630234e-03 2.375841e-03 0.000000e+00 2.619028e-03 0.000000e+00 0.000000e+00 0.000000e+00
PROFILE_ITER 1 145 2.668142e-03 2.322674e-03 0.000000e+00 2.655983e-03 0.000000e+00 0.000000e+00 0.000000e+00
PROFILE_ITER 1 146 2.626181e-03 2.369881e-03 9.536743e-07 2.612114e-03 0.000000e+00 0.000000e+00 0.000000e+00
PROFILE_ITER 1 147 2.670050e-03 2.330065e-03 0.000000e+00 2.659082e-03 0.000000e+00 0.000000e+00 0.000000e+00
PROFILE_ITER 1 148 2.675056e-03 2.324820e-03 0.000000e+00 2.664089e-03 0.000000e+00 0.000000e+00 0.000000e+00
PROFILE_ITER 1 149 2.649784e-03 2.354145e-03 0.000000e+00 2.638102e-03 0.000000e+00 0.000000e+00 0.000000e+00
PROFILE_ITER 0 144 4.247904e-03 7.581711e-04 0.000000e+00 2.964020e-03 0.000000e+00 0.000000e+00 0.000000e+00
PROFILE_ITER 0 145 4.241943e-03 7.488728e-04 1.192093e-06 2.962828e-03 0.000000e+00 0.000000e+00 0.000000e+00
PROFILE_ITER 0 146 4.245043e-03 7.510185e-04 0.000000e+00 2.964020e-03 0.000000e+00 0.000000e+00 0.000000e+00
PROFILE_ITER 0 147 4.249096e-03 7.510185e-04 0.000000e+00 2.964020e-03 0.000000e+00 0.000000e+00 0.000000e+00
PROFILE_ITER 1 150 2.686024e-03 2.312183e-03 0.000000e+00 2.673864e-03 0.000000e+00 0.000000e+00 9.536743e-07
PROFILE_ITER 1 151 2.726316e-03 2.258539e-03 0.000000e+00 2.712965e-03 0.000000e+00 0.000000e+00 0.000000e+00
PROFILE_ITER 0 148 4.253149e-03 7.476807e-04 0.000000e+00 2.961636e-03 0.000000e+00 0.000000e+00 0.000000e+00
PROFILE_ITER 0 149 4.253864e-03 7.491112e-04 0.000000e+00 2.964020e-03 0.000000e+00 0.000000e+00 0.000000e+00
PROFILE_ITER 1 152 2.729177e-03 2.267838e-03 0.000000e+00 2.717018e-03 0.000000e+00 0.000000e+00 0.000000e+00
PROFILE_ITER 1 153 2.642155e-03 2.349854e-03 0.000000e+00 2.629042e-03 0.000000e+00 0.000000e+00 0.000000e+00
PROFILE_ITER 0 150 4.251957e-03 7.462502e-04 0.000000e+00 2.964020e-03 0.000000e+00 0.000000e+00 0.000000e+00
PROFILE_ITER 0 151 4.249811e-03 7.350445e-04 9.536743e-07 2.961874e-03 0.000000e+00 0.000000e+00 0.000000e+00
PROFILE_ITER 0 152 4.252195e-03 7.448196e-04 9.536743e-07 2.964973e-03 0.000000e+00 0.000000e+00 0.000000e+00
PROFILE_ITER 1 154 2.636909e-03 2.358198e-03 0.000000e+00 2.624989e-03 0.000000e+00 0.000000e+00 9.536743e-07
PROFILE_ITER 1 155 2.665043e-03 2.336979e-03 9.536743e-07 2.650976e-03 0.000000e+00 0.000000e+00 0.000000e+00
PROFILE_ITER 1 156 2.637863e-03 2.372026e-03 0.000000e+00 2.627134e-03 0.000000e+00 0.000000e+00 0.000000e+00
PROFILE_ITER 1 157 2.636194e-03 2.353907e-03 0.000000e+00 2.623081e-03 0.000000e+00 0.000000e+00 0.000000e+00
PROFILE_ITER 1 158 2.617121e-03 2.370834e-03 0.000000e+00 2.604008e-03 0.000000e+00 0.000000e+00 0.000000e+00
PROFILE_ITER 0 153 4.247904e-03 7.441044e-04 0.000000e+00 2.964973e-03 0.000000e+00 0.000000e+00 0.000000e+00
PROFILE_ITER 0 154 4.250050e-03 7.450581e-04 0.000000e+00 2.963066e-03 0.000000e+00 0.000000e+00 0.000000e+00
PROFILE_ITER 0 155 4.256964e-03 7.450581e-04 0.000000e+00 2.963066e-03 0.000000e+00 0.000000e+00 0.000000e+00
PROFILE_ITER 1 159 2.722025e-03 2.277851e-03 0.000000e+00 2.710104e-03 0.000000e+00 0.000000e+00 0.000000e+00
PROFILE_ITER 1 160 2.685785e-03 2.305269e-03 0.000000e+00 2.675056e-03 0.000000e+00 0.000000e+00 0.000000e+00
PROFILE_ITER 1 161 2.646208e-03 2.368927e-03 0.000000e+00 2.632141e-03 0.000000e+00 0.000000e+00 0.000000e+00
PROFILE_ITER 0 156 4.259348e-03 7.505417e-04 0.000000e+00 2.964258e-03 0.000000e+00 0.000000e+00 0.000000e+00
PROFILE_ITER 0 157 4.247904e-03 7.421970e-04 0.000000e+00 2.963781e-03 0.000000e+00 0.000000e+00 0.000000e+00
PROFILE_ITER 0 158 4.238129e-03 7.498264e-04 0.000000e+00 2.960205e-03 9.536743e-07 0.000000e+00 0.000000e+00
PROFILE_ITER 1 162 2.636194e-03 2.357721e-03 0.000000e+00 2.624989e-03 0.000000e+00 0.000000e+00 0.000000e+00
PROFILE_ITER 1 163 2.649069e-03 2.370834e-03 0.000000e+00 2.636194e-03 0.000000e+00 0.000000e+00 0.000000e+00
PROFILE_ITER 0 159 4.248142e-03 7.517338e-04 0.000000e+00 2.962112e-03 0.000000e+00 0.000000e+00 0.000000e+00
PROFILE_ITER 1 164 2.671957e-03 2.321243e-03 0.000000e+00 2.660036e-03 0.000000e+00 0.000000e+00 0.000000e+00
PROFILE_ITER 0 160 4.245281e-03 7.467270e-04 0.000000e+00 2.962112e-03 0.000000e+00 0.000000e+00 0.000000e+00
PROFILE_ITER 0 161 4.256010e-03 7.591248e-04 0.000000e+00 2.961874e-03 0.000000e+00 0.000000e+00 0.000000e+00
PROFILE_ITER 1 165 2.668142e-03 2.331734e-03 9.536743e-07 2.656221e-03 0.000000e+00 0.000000e+00 0.000000e+00
PROFILE_ITER 1 166 2.656221e-03 2.327919e-03 0.000000e+00 2.644062e-03 0.000000e+00 0.000000e+00 0.000000e+00
PROFILE_ITER 0 162 4.248142e-03 7.457733e-04 0.000000e+00 2.962828e-03 0.000000e+00 0.000000e+00 0.000000e+00
PROFILE_ITER 1 167 2.632856e-03 2.360106e-03 0.000000e+00 2.619028e-03 0.000000e+00 0.000000e+00 1.907349e-06
PROFILE_ITER 0 163 4.264832e-03 7.550716e-04 0.000000e+00 2.961874e-03 0.000000e+00 0.000000e+00 0.000000e+00
PROFILE_ITER 0 164 4.245996e-03 7.481575e-04 0.000000e+00 2.963066e-03 0.000000e+00 0.000000e+00 0.000000e+00
PROFILE_ITER 1 168 2.635956e-03 2.348900e-03 0.000000e+00 2.623796e-03 0.000000e+00 0.000000e+00 0.000000e+00
PROFILE_ITER 1 169 2.631903e-03 2.357244e-03 0.000000e+00 2.620935e-03 0.000000e+00 0.000000e+00 0.000000e+00
PROFILE_ITER 1 170 2.671957e-03 2.315998e-03 0.000000e+00 2.660990e-03 0.000000e+00 0.000000e+00 0.000000e+00
PROFILE_ITER 0 165 4.244804e-03 7.541180e-04 0.000000e+00 2.963066e-03 9.536743e-07 0.000000e+00 0.000000e+00
PROFILE_ITER 0 166 4.241943e-03 7.410049e-04 0.000000e+00 2.960920e-03 0.000000e+00 0.000000e+00 0.000000e+00
PROFILE_ITER 1 171 2.641916e-03 2.359152e-03 0.000000e+00 2.627850e-03 0.000000e+00 0.000000e+00 0.000000e+00
PROFILE_ITER 1 172 2.642155e-03 2.350807e-03 0.000000e+00 2.629042e-03 0.000000e+00 0.000000e+00 9.536743e-07
PROFILE_ITER 1 173 2.623081e-03 2.373934e-03 0.000000e+00 2.611160e-03 0.000000e+00 0.000000e+00 0.000000e+00
PROFILE_ITER 0 167 4.246950e-03 7.472038e-04 9.536743e-07 2.963066e-03 9.536743e-07 0.000000e+00 0.000000e+00
PROFILE_ITER 0 168 4.243135e-03 7.417202e-04 0.000000e+00 2.964020e-03 0.000000e+00 1.192093e-06 0.000000e+00
PROFILE_ITER 0 169 4.245996e-03 7.431507e-04 0.000000e+00 2.962828e-03 0.000000e+00 0.000000e+00 0.000000e+00
PROFILE_ITER 1 174 2.686024e-03 2.313852e-03 0.000000e+00 2.673149e-03 0.000000e+00 0.000000e+00 0.000000e+00
PROFILE_ITER 1 175 2.707958e-03 2.276182e-03 0.000000e+00 2.696037e-03 0.000000e+00 0.000000e+00 0.000000e+00
PROFILE_ITER 0 170 4.240990e-03 7.469654e-04 0.000000e+00 2.958059e-03 0.000000e+00 0.000000e+00 0.000000e+00
PROFILE_ITER 0 171 4.251957e-03 7.479191e-04 0.000000e+00 2.964020e-03 0.000000e+00 0.000000e+00 0.000000e+00
PROFILE_ITER 0 172 4.251003e-03 7.431507e-04 0.000000e+00 2.964258e-03 9.536743e-07 0.000000e+00 0.000000e+00
PROFILE_ITER 1 176 2.699137e-03 2.297878e-03 0.000000e+00 2.686024e-03 0.000000e+00 0.000000e+00 0.000000e+00
PROFILE_ITER 1 177 2.670050e-03 2.314806e-03 9.536743e-07 2.656937e-03 0.000000e+00 0.000000e+00 0.000000e+00
PROFILE_ITER 0 173 4.246235e-03 7.507801e-04 0.000000e+00 2.964973e-03 0.000000e+00 0.000000e+00 0.000000e+00
PROFILE_ITER 0 174 4.245043e-03 7.548332e-04 0.000000e+00 2.960920e-03 0.000000e+00 0.000000e+00 0.000000e+00
PROFILE_ITER 1 178 2.627134e-03 2.370834e-03 0.000000e+00 2.614975e-03 0.000000e+00 0.000000e+00 0.000000e+00
PROFILE_ITER 1 179 2.661943e-03 2.331018e-03 0.000000e+00 2.647877e-03 0.000000e+00 0.000000e+00 0.000000e+00
PROFILE_ITER 0 175 4.241943e-03 7.421970e-04 9.536743e-07 2.962112e-03 0.000000e+00 0.000000e+00 0.000000e+00
PROFILE_ITER 1 180 2.667189e-03 2.323866e-03 0.000000e+00 2.654076e-03 0.000000e+00 0.000000e+00 1.192093e-06
PROFILE_ITER 0 176 4.250050e-03 7.457733e-04 0.000000e+00 2.959728e-03 1.192093e-06 0.000000e+00 0.000000e+00
PROFILE_ITER 1 181 2.674103e-03 2.319098e-03 0.000000e+00 2.662897e-03 0.000000e+00 0.000000e+00 0.000000e+00
PROFILE_ITER 1 182 2.626181e-03 2.369642e-03 0.000000e+00 2.614021e-03 0.000000e+00 0.000000e+00 0.000000e+00
PROFILE_ITER 0 177 4.245043e-03 7.410049e-04 0.000000e+00 2.963066e-03 0.000000e+00 0.000000e+00 0.000000e+00
PROFILE_ITER 0 178 4.253626e-03 7.443428e-04 0.000000e+00 2.964735e-03 0.000000e+00 0.000000e+00 0.000000e+00
PROFILE_ITER 1 183 2.662897e-03 2.332211e-03 0.000000e+00 2.650976e-03 0.000000e+00 0.000000e+00 0.000000e+00
PROFILE_ITER 0 179 4.245996e-03 7.460117e-04 0.000000e+00 2.964020e-03 9.536743e-07 0.000000e+00 0.000000e+00
PROFILE_ITER 1 184 2.659321e-03 2.335548e-03 0.000000e+00 2.647161e-03 0.000000e+00 0.000000e+00 0.000000e+00
PROFILE_ITER 1 185 2.680779e-03 2.320290e-03 0.000000e+00 2.668858e-03 0.000000e+00 0.000000e+00 0.000000e+00
PROFILE_ITER 0 180 4.245996e-03 7.481575e-04 0.000000e+00 2.964020e-03 9.536743e-07 0.000000e+00 0.000000e+00
PROFILE_ITER 0 181 4.248142e-03 7.426739e-04 0.000000e+00 2.964258e-03 0.000000e+00 0.000000e+00 0.000000e+00
PROFILE_ITER 0 182 4.246712e-03 7.493496e-04 0.000000e+00 2.960920e-03 0.000000e+00 0.000000e+00 0.000000e+00
PROFILE_ITER 1 186 2.672195e-03 2.317905e-03 0.000000e+00 2.658844e-03 0.000000e+00 0.000000e+00 0.000000e+00
PROFILE_ITER 1 187 2.681971e-03 2.310991e-03 0.000000e+00 2.669811e-03 1.192093e-06 0.000000e+00 0.000000e+00
PROFILE_ITER 1 188 2.710819e-03 2.280235e-03 0.000000e+00 2.699852e-03 0.000000e+00 0.000000e+00 0.000000e+00
PROFILE_ITER 0 183 4.243851e-03 7.512569e-04 0.000000e+00 2.960920e-03 0.000000e+00 0.000000e+00 0.000000e+00
PROFILE_ITER 0 184 4.242897e-03 7.519722e-04 9.536743e-07 2.959967e-03 0.000000e+00 0.000000e+00 0.000000e+00
PROFILE_ITER 1 189 2.679110e-03 2.317905e-03 0.000000e+00 2.665997e-03 0.000000e+00 0.000000e+00 0.000000e+00
PROFILE_ITER 0 185 4.256964e-03 7.441044e-04 0.000000e+00 2.962112e-03 9.536743e-07 0.000000e+00 0.000000e+00
PROFILE_ITER 0 186 4.247904e-03 7.421970e-04 0.000000e+00 2.960920e-03 0.000000e+00 0.000000e+00 0.000000e+00
PROFILE_ITER 1 190 2.693892e-03 2.330065e-03 0.000000e+00 2.680779e-03 0.000000e+00 0.000000e+00 0.000000e+00
PROFILE_ITER 1 191 2.665997e-03 2.344847e-03 0.000000e+00 2.653122e-03 0.000000e+00 0.000000e+00 9.536743e-07
PROFILE_ITER 0 187 4.246950e-03 7.460117e-04 0.000000e+00 2.963066e-03 0.000000e+00 0.000000e+00 0.000000e+00
PROFILE_ITER 0 188 4.243135e-03 7.479191e-04 9.536743e-07 2.959967e-03 0.000000e+00 0.000000e+00 9.536743e-07
PROFILE_ITER 1 192 2.720833e-03 2.277374e-03 0.000000e+00 2.707005e-03 0.000000e+00 0.000000e+00 0.000000e+00
PROFILE_ITER 1 193 2.669811e-03 2.331972e-03 0.000000e+00 2.657175e-03 9.536743e-07 0.000000e+00 0.000000e+00
PROFILE_ITER 1 194 2.624989e-03 2.383232e-03 0.000000e+00 2.613068e-03 0.000000e+00 0.000000e+00 0.000000e+00
PROFILE_ITER 0 189 4.251957e-03 7.450581e-04 0.000000e+00 2.965927e-03 0.000000e+00 0.000000e+00 0.000000e+00
PROFILE_ITER 0 190 4.267931e-03 7.560253e-04 0.000000e+00 2.965927e-03 0.000000e+00 0.000000e+00 0.000000e+00
PROFILE_ITER 1 195 2.673864e-03 2.315998e-03 0.000000e+00 2.662659e-03 0.000000e+00 0.000000e+00 0.000000e+00
PROFILE_ITER 0 191 4.266977e-03 7.438660e-04 0.000000e+00 2.964973e-03 0.000000e+00 0.000000e+00 0.000000e+00
PROFILE_ITER 0 192 4.251957e-03 7.462502e-04 0.000000e+00 2.965927e-03 0.000000e+00 0.000000e+00 0.000000e+00
PROFILE_ITER 1 196 2.715111e-03 2.276897e-03 0.000000e+00 2.704144e-03 0.000000e+00 0.000000e+00 0.000000e+00
PROFILE_ITER 1 197 2.630234e-03 2.371788e-03 1.192093e-06 2.616882e-03 0.000000e+00 0.000000e+00 0.000000e+00
PROFILE_ITER 1 198 2.640247e-03 2.358675e-03 9.536743e-07 2.627134e-03 0.000000e+00 0.000000e+00 0.000000e+00
PROFILE_ITER 0 193 4.248619e-03 7.531643e-04 0.000000e+00 2.963781e-03 0.000000e+00 0.000000e+00 0.000000e+00
PROFILE_ITER 0 194 4.257917e-03 7.503033e-04 0.000000e+00 2.963781e-03 0.000000e+00 0.000000e+00 0.000000e+00
PROFILE_ITER 1 199 2.677917e-03 2.334118e-03 0.000000e+00 2.664804e-03 0.000000e+00 0.000000e+00 0.000000e+00
PROFILE_ITER 0 195 4.251957e-03 7.379055e-04 0.000000e+00 2.964020e-03 1.192093e-06 0.000000e+00 0.000000e+00
PROFILE_ITER 0 196 4.251003e-03 7.419586e-04 0.000000e+00 2.963066e-03 0.000000e+00 0.000000e+00 0.000000e+00
PROFILE_ITER 0 197 4.248857e-03 7.522106e-04 0.000000e+00 2.963066e-03 0.000000e+00 0.000000e+00 0.000000e+00
PROFILE_ACCUM 1 spmv=5.386100e-01 vecops=7.091238e-01 send_fill=1.215935e-05 local_spmv=5.360730e-01 comm_wait=5.960464e-06 shared_spmv=0.000000e+00 send_wait=3.838539e-05
PROFILE_ITER 0 198 4.251003e-03 7.479191e-04 0.000000e+00 2.964020e-03 0.000000e+00 0.000000e+00 0.000000e+00
PROFILE_ITER 0 199 4.262209e-03 7.498264e-04 0.000000e+00 2.964973e-03 0.000000e+00 0.000000e+00 0.000000e+00
PROFILE_ACCUM 0 spmv=8.530207e-01 vecops=1.502769e-01 send_fill=1.955032e-05 local_spmv=5.931418e-01 comm_wait=3.194809e-05 shared_spmv=5.006790e-06 send_wait=4.291534e-06
