Matrix name : /home/bugra/Workspace/C/HetHypPar_rewrite/data/matrices/rma10_1c_3g/rma10_1c_3g.mtx

	****	Matrix File readed	****LOG: Finished Creating Shard CSC
LOG: Finished Creating Vectors
PROFILE_HEADER rank iter spmv vecops send_fill local_spmv comm_wait shared_spmv send_wait
PROFILE_ITER 1 0 2.857924e-03 1.488070e-01 0.000000e+00 2.763033e-03 0.000000e+00 0.000000e+00 9.536743e-07
PROFILE_ITER 1 1 2.244711e-03 2.462864e-04 0.000000e+00 2.230883e-03 0.000000e+00 0.000000e+00 0.000000e+00
PROFILE_ITER 1 2 2.183199e-03 2.319813e-04 0.000000e+00 2.170086e-03 0.000000e+00 0.000000e+00 0.000000e+00
PROFILE_ITER 1 3 2.165079e-03 2.267361e-04 0.000000e+00 2.152920e-03 0.000000e+00 0.000000e+00 0.000000e+00
PROFILE_ITER 1 4 2.206087e-03 2.207756e-04 0.000000e+00 2.192974e-03 0.000000e+00 0.000000e+00 0.000000e+00
PROFILE_ITER 1 5 2.171993e-03 2.319813e-04 0.000000e+00 2.159119e-03 0.000000e+00 0.000000e+00 9.536743e-07
PROFILE_ITER 1 6 2.180099e-03 2.250671e-04 0.000000e+00 2.167225e-03 0.000000e+00 0.000000e+00 9.536743e-07
PROFILE_ITER 1 7 2.161980e-03 2.269745e-04 0.000000e+00 2.148867e-03 0.000000e+00 0.000000e+00 0.000000e+00
PROFILE_ITER 1 8 2.206087e-03 2.188683e-04 0.000000e+00 2.192974e-03 0.000000e+00 0.000000e+00 0.000000e+00
PROFILE_ITER 1 9 2.267122e-03 2.257824e-04 0.000000e+00 2.255201e-03 0.000000e+00 0.000000e+00 9.536743e-07
PROFILE_ITER 1 10 2.218962e-03 2.231598e-04 0.000000e+00 2.205849e-03 0.000000e+00 0.000000e+00 0.000000e+00
PROFILE_ITER 1 11 2.160072e-03 2.198219e-04 9.536743e-07 2.147198e-03 0.000000e+00 0.000000e+00 9.536743e-07
PROFILE_ITER 1 12 2.217054e-03 2.241135e-04 0.000000e+00 2.203226e-03 0.000000e+00 0.000000e+00 0.000000e+00
PROFILE_ITER 1 13 2.215147e-03 2.207756e-04 0.000000e+00 2.204180e-03 0.000000e+00 0.000000e+00 0.000000e+00
PROFILE_ITER 1 14 2.204180e-03 2.257824e-04 0.000000e+00 2.190828e-03 0.000000e+00 0.000000e+00 0.000000e+00
PROFILE_ITER 1 15 2.147913e-03 2.281666e-04 0.000000e+00 2.135038e-03 0.000000e+00 0.000000e+00 0.000000e+00
PROFILE_ITER 1 16 2.155066e-03 2.198219e-04 0.000000e+00 2.142191e-03 0.000000e+00 0.000000e+00 0.000000e+00
PROFILE_ITER 1 17 2.205849e-03 2.231598e-04 0.000000e+00 2.191782e-03 0.000000e+00 0.000000e+00 9.536743e-07
PROFILE_ITER 1 18 2.147913e-03 2.250671e-04 0.000000e+00 2.135992e-03 0.000000e+00 0.000000e+00 0.000000e+00
PROFILE_ITER 1 19 2.136946e-03 2.272129e-04 0.000000e+00 2.125978e-03 0.000000e+00 0.000000e+00 0.000000e+00
PROFILE_ITER 1 20 2.131939e-03 2.110004e-04 0.000000e+00 2.120733e-03 0.000000e+00 0.000000e+00 0.000000e+00
PROFILE_ITER 1 21 2.129078e-03 2.229214e-04 9.536743e-07 2.116203e-03 9.536743e-07 0.000000e+00 9.536743e-07
PROFILE_ITER 1 22 2.131939e-03 2.291203e-04 0.000000e+00 2.121210e-03 0.000000e+00 0.000000e+00 0.000000e+00
PROFILE_ITER 1 23 2.183914e-03 2.200603e-04 0.000000e+00 2.171755e-03 0.000000e+00 0.000000e+00 0.000000e+00
PROFILE_ITER 1 24 2.259016e-03 2.210140e-04 0.000000e+00 2.245188e-03 0.000000e+00 0.000000e+00 0.000000e+00
PROFILE_ITER 1 25 2.180099e-03 2.148151e-04 0.000000e+00 2.168179e-03 0.000000e+00 0.000000e+00 0.000000e+00
PROFILE_ITER 1 26 2.135038e-03 2.100468e-04 0.000000e+00 2.120972e-03 0.000000e+00 0.000000e+00 9.536743e-07
PROFILE_ITER 1 27 2.133846e-03 2.210140e-04 0.000000e+00 2.120018e-03 0.000000e+00 0.000000e+00 1.907349e-06
PROFILE_ITER 1 28 2.127886e-03 2.202988e-04 0.000000e+00 2.115965e-03 0.000000e+00 0.000000e+00 0.000000e+00
PROFILE_ITER 1 29 2.254963e-03 2.169609e-04 0.000000e+00 2.242804e-03 0.000000e+00 0.000000e+00 0.000000e+00
PROFILE_ITER 1 30 2.228260e-03 2.286434e-04 0.000000e+00 2.213955e-03 0.000000e+00 0.000000e+00 1.192093e-06
PROFILE_ITER 1 31 2.213955e-03 2.222061e-04 0.000000e+00 2.202034e-03 0.000000e+00 0.000000e+00 0.000000e+00
PROFILE_ITER 1 32 2.213001e-03 2.260208e-04 0.000000e+00 2.197027e-03 0.000000e+00 0.000000e+00 9.536743e-07
PROFILE_ITER 1 33 2.147913e-03 2.250671e-04 0.000000e+00 2.135992e-03 0.000000e+00 0.000000e+00 0.000000e+00
PROFILE_ITER 1 34 2.218008e-03 2.279282e-04 0.000000e+00 2.204180e-03 0.000000e+00 0.000000e+00 9.536743e-07
PROFILE_ITER 1 35 2.154112e-03 2.229214e-04 0.000000e+00 2.143145e-03 0.000000e+00 0.000000e+00 0.000000e+00
PROFILE_ITER 1 36 2.205133e-03 2.267361e-04 0.000000e+00 2.192974e-03 0.000000e+00 0.000000en_iters : 200 
spmv : 0.484959 
file_read : 1.587370 
relative_residual : 8.132953E+08
everything_total : 2.220022

----------------------------------------------------------------------
PROFILE_HEADER rank iter spmv vecops send_fill local_spmv comm_wait shared_spmv send_wait
PROFILE_ITER 0 0 7.400513e-04 2.815723e-03 0.000000e+00 4.639626e-04 0.000000e+00 0.000000e+00 0.000000e+00
PROFILE_ITER 0 1 7.278919e-04 1.763105e-03 0.000000e+00 4.599094e-04 0.000000e+00 0.000000e+00 0.000000e+00
PROFILE_ITER 0 2 7.100105e-04 1.705170e-03 0.000000e+00 4.582405e-04 0.000000e+00 9.536743e-07 0.000000e+00
PROFILE_ITER 0 3 7.119179e-04 1.679897e-03 0.000000e+00 4.580021e-04 0.000000e+00 0.000000e+00 0.000000e+00
PROFILE_ITER 0 4 7.107258e-04 1.716137e-03 0.000000e+00 4.599094e-04 0.000000e+00 0.000000e+00 0.000000e+00
PROFILE_ITER 0 5 7.119179e-04 1.692057e-03 0.000000e+00 4.589558e-04 0.000000e+00 0.000000e+00 0.000000e+00
PROFILE_ITER 0 6 7.157326e-04 1.689434e-03 0.000000e+00 4.587173e-04 0.000000e+00 0.000000e+00 0.000000e+00
PROFILE_ITER 0 7 7.100105e-04 1.678944e-03 0.000000e+00 4.589558e-04 0.000000e+00 0.000000e+00 0.000000e+00
PROFILE_ITER 0 8 7.128716e-04 1.712084e-03 0.000000e+00 4.599094e-04 0.000000e+00 0.000000e+00 0.000000e+00
PROFILE_ITER 0 9 7.100105e-04 1.782894e-03 0.000000e+00 4.589558e-04 0.000000e+00 0.000000e+00 0.000000e+00
PROFILE_ITER 0 10 7.109642e-04 1.731157e-03 0.000000e+00 4.591942e-04 0.000000e+00 0.000000e+00 0.000000e+00
PROFILE_ITER 0 11 7.069111e-04 1.672983e-03 0.000000e+00 4.577637e-04 0.000000e+00 0.000000e+00 0.000000e+00
PROFILE_ITER 0 12 7.088184e-04 1.732349e-03 0.000000e+00 4.599094e-04 0.000000e+00 0.000000e+00 0.000000e+00
PROFILE_ITER 0 13 7.069111e-04 1.729012e-03 0.000000e+00 4.589558e-04 9.536743e-07 0.000000e+00 0.000000e+00
PROFILE_ITER 0 14 7.109642e-04 1.718998e-03 0.000000e+00 4.608631e-04 0.000000e+00 0.000000e+00 0.000000e+00
PROFILE_ITER 0 15 7.100105e-04 1.666069e-03 0.000000e+00 4.577637e-04 0.000000e+00 0.000000e+00 0.000000e+00
PROFILE_ITER 0 16 7.078648e-04 1.667023e-03 0.000000e+00 4.589558e-04 0.000000e+00 0.000000e+00 0.000000e+00
PROFILE_ITER 0 17 7.050037e-04 1.724005e-03 0.000000e+00 4.589558e-04 0.000000e+00 0.000000e+00 0.000000e+00
PROFILE_ITER 0 18 7.090569e-04 1.663923e-03 0.000000e+00 4.577637e-04 0.000000e+00 0.000000e+00 0.000000e+00
PROFILE_ITER 0 19 7.081032e-04 1.656055e-03 0.000000e+00 4.589558e-04 0.000000e+00 0.000000e+00 0.000000e+00
PROFILE_ITER 0 20 7.061958e-04 1.636744e-03 0.000000e+00 4.582405e-04 9.536743e-07 0.000000e+00 0.000000e+00
PROFILE_ITER 0 21 7.071495e-04 1.644850e-03 0.000000e+00 4.580021e-04 0.000000e+00 0.000000e+00 0.000000e+00
PROFILE_ITER 0 22 7.081032e-04 1.652956e-03 0.000000e+00 4.599094e-04 0.000000e+00 0.000000e+00 0.000000e+00
PROFILE_ITER 0 23 7.040501e-04 1.699924e-03 0.000000e+00 4.601479e-04 0.000000e+00 0.000000e+00 0.000000e+00
PROFILE_ITER 0 24 7.061958e-04 1.772881e-03 1.192093e-06 4.570484e-04 0.000000e+00 0.000000e+00 0.000000e+00
PROFILE_ITER 0 25 7.019043e-04 1.693010e-03 0.000000e+00 4.608631e-04 0.000000e+00 0.000000e+00 0.000000e+00
PROFILE_ITER 0 26 7.059574e-04 1.639128e-03 1.192093e-06 4.599094e-04 0.000000e+00 0.000000e+00 0.000000e+00
PROFILE_ITER 0 27 7.069111e-04 1.646996e-03 0.000000e+00 4.601479e-04 0.000000e+00 0.000000e+00 0.000000e+00
PROFILE_ITER 0 28 7.069111e-04 1.641273e-03 0.000000e+00 4.577637e-04 0.000000e+00 1.192093e-06 0.000000e+00
PROFILE_ITER 0 29 7.119179e-04 1.760006e-03 0.000000e+00 4.582405e-04 0.000000e+00 0.000000e+00 0.000000e+00
PROFILE_ITER 0 30 7.121563e-04 1.744747e-03 0.000000e+00 4.582405e-04 0.000000e+00 0.000000e+00 0.000000e+00
PROFILE_ITER 0 31 7.107258e-04 1.725435e-03 0.000000e+00 4.587173e-04 0.000000e+00 0.000000e+00 0.000000e+00
PROFILE_ITER 0 32 7.100105e-04 1.729012e-03 0.000000e+00 4.589558e-04 0.000000e+00 0.000000e+00 0.000000e+00
PROFILE_ITER 0 33 7.078648e-04 1.665115e-03 0.000000e+00 4.589558e-04 0.000000e+00 0.000000e+00 0.000000e+00
PROFILE_ITER 0 34 7.100105e-04 1.735926e-03 0.000000e+00 4.599094e-04 0.000000e+00 0.000000e+00 0.000000e+00
PROFILE_ITER 0+00 0.000000e+00
PROFILE_ITER 1 37 2.217054e-03 2.291203e-04 0.000000e+00 2.206087e-03 0.000000e+00 0.000000e+00 0.000000e+00
PROFILE_ITER 1 38 2.274036e-03 2.138615e-04 0.000000e+00 2.263069e-03 0.000000e+00 0.000000e+00 9.536743e-07
PROFILE_ITER 1 39 2.202988e-03 2.119541e-04 0.000000e+00 2.191067e-03 0.000000e+00 0.000000e+00 0.000000e+00
PROFILE_ITER 1 40 2.200842e-03 2.212524e-04 0.000000e+00 2.188921e-03 0.000000e+00 0.000000e+00 0.000000e+00
PROFILE_ITER 1 41 2.240181e-03 2.267361e-04 0.000000e+00 2.228022e-03 0.000000e+00 0.000000e+00 0.000000e+00
PROFILE_ITER 1 42 2.254009e-03 2.131462e-04 0.000000e+00 2.239943e-03 0.000000e+00 0.000000e+00 9.536743e-07
PROFILE_ITER 1 43 2.249956e-03 2.219677e-04 0.000000e+00 2.238035e-03 0.000000e+00 0.000000e+00 0.000000e+00
PROFILE_ITER 1 44 2.128839e-03 2.121925e-04 0.000000e+00 2.116919e-03 0.000000e+00 0.000000e+00 0.000000e+00
PROFILE_ITER 1 45 2.148867e-03 2.291203e-04 0.000000e+00 2.135992e-03 0.000000e+00 0.000000e+00 0.000000e+00
PROFILE_ITER 1 46 2.139807e-03 2.231598e-04 0.000000e+00 2.127886e-03 0.000000e+00 0.000000e+00 0.000000e+00
PROFILE_ITER 1 47 2.253056e-03 2.200603e-04 0.000000e+00 2.240896e-03 0.000000e+00 0.000000e+00 0.000000e+00
PROFILE_ITER 1 48 2.208948e-03 2.188683e-04 0.000000e+00 2.194881e-03 0.000000e+00 0.000000e+00 0.000000e+00
PROFILE_ITER 1 49 2.261877e-03 2.281666e-04 0.000000e+00 2.248764e-03 0.000000e+00 0.000000e+00 0.000000e+00
PROFILE_ITER 1 50 2.260923e-03 2.191067e-04 0.000000e+00 2.248049e-03 0.000000e+00 0.000000e+00 0.000000e+00
PROFILE_ITER 1 51 2.151966e-03 2.131462e-04 1.192093e-06 2.137899e-03 0.000000e+00 0.000000e+00 0.000000e+00
PROFILE_ITER 1 52 2.284288e-03 2.145767e-04 0.000000e+00 2.272129e-03 0.000000e+00 0.000000e+00 0.000000e+00
PROFILE_ITER 1 53 2.272844e-03 2.193451e-04 0.000000e+00 2.260923e-03 0.000000e+00 0.000000e+00 0.000000e+00
PROFILE_ITER 1 54 2.148867e-03 2.260208e-04 0.000000e+00 2.136707e-03 0.000000e+00 0.000000e+00 0.000000e+00
PROFILE_ITER 1 55 2.259970e-03 2.169609e-04 0.000000e+00 2.248049e-03 0.000000e+00 0.000000e+00 9.536743e-07
PROFILE_ITER 1 56 2.176046e-03 2.260208e-04 0.000000e+00 2.163649e-03 0.000000e+00 0.000000e+00 0.000000e+00
PROFILE_ITER 1 57 2.254963e-03 2.241135e-04 0.000000e+00 2.243996e-03 0.000000e+00 0.000000e+00 0.000000e+00
PROFILE_ITER 1 58 2.277136e-03 2.157688e-04 0.000000e+00 2.262831e-03 0.000000e+00 0.000000e+00 1.192093e-06
PROFILE_ITER 1 59 2.274036e-03 2.260208e-04 0.000000e+00 2.261877e-03 0.000000e+00 0.000000e+00 1.192093e-06
PROFILE_ITER 1 60 2.207041e-03 2.250671e-04 0.000000e+00 2.196074e-03 0.000000e+00 0.000000e+00 0.000000e+00
PROFILE_ITER 1 61 2.264977e-03 2.198219e-04 0.000000e+00 2.250671e-03 0.000000e+00 0.000000e+00 0.000000e+00
PROFILE_ITER 1 62 2.152205e-03 2.257824e-04 0.000000e+00 2.140045e-03 0.000000e+00 0.000000e+00 9.536743e-07
PROFILE_ITER 1 63 2.209902e-03 2.140999e-04 0.000000e+00 2.196074e-03 0.000000e+00 0.000000e+00 9.536743e-07
PROFILE_ITER 1 64 2.143860e-03 2.202988e-04 0.000000e+00 2.133131e-03 0.000000e+00 0.000000e+00 0.000000e+00
PROFILE_ITER 1 65 2.154112e-03 2.188683e-04 0.000000e+00 2.142191e-03 0.000000e+00 0.000000e+00 0.000000e+00
PROFILE_ITER 1 66 2.157211e-03 2.176762e-04 0.000000e+00 2.146006e-03 0.000000e+00 0.000000e+00 0.000000e+00
PROFILE_ITER 1 67 2.151012e-03 2.250671e-04 0.000000e+00 2.139091e-03 0.000000e+00 0.000000e+00 1.192093e-06
PROFILE_ITER 1 68 2.136946e-03 2.269745e-04 0.000000e+00 2.124071e-03 0.000000e+00 0.000000e+00 9.536743e-07
PROFILE_ITER 1 69 2.233982e-03 2.260208e-04 0.000000e+00 2.223015e-03 0.000000e+00 0.000000e+00 0.000000e+00
 35 7.090569e-04 1.667976e-03 0.000000e+00 4.601479e-04 0.000000e+00 0.000000e+00 0.000000e+00
PROFILE_ITER 0 36 7.042885e-04 1.727581e-03 0.000000e+00 4.601479e-04 0.000000e+00 0.000000e+00 0.000000e+00
PROFILE_ITER 0 37 7.190704e-04 1.727104e-03 0.000000e+00 4.601479e-04 0.000000e+00 0.000000e+00 0.000000e+00
PROFILE_ITER 0 38 6.999969e-04 1.787901e-03 0.000000e+00 4.582405e-04 0.000000e+00 0.000000e+00 0.000000e+00
PROFILE_ITER 0 39 7.090569e-04 1.705885e-03 0.000000e+00 4.601479e-04 0.000000e+00 0.000000e+00 0.000000e+00
PROFILE_ITER 0 40 7.078648e-04 1.713037e-03 0.000000e+00 4.599094e-04 0.000000e+00 0.000000e+00 0.000000e+00
PROFILE_ITER 0 41 7.081032e-04 1.759768e-03 0.000000e+00 4.591942e-04 0.000000e+00 0.000000e+00 0.000000e+00
PROFILE_ITER 0 42 7.071495e-04 1.760006e-03 0.000000e+00 4.582405e-04 0.000000e+00 0.000000e+00 0.000000e+00
PROFILE_ITER 0 43 7.040501e-04 1.767874e-03 0.000000e+00 4.591942e-04 0.000000e+00 0.000000e+00 9.536743e-07
PROFILE_ITER 0 44 7.059574e-04 1.635075e-03 0.000000e+00 4.591942e-04 0.000000e+00 0.000000e+00 0.000000e+00
PROFILE_ITER 0 45 7.112026e-04 1.665831e-03 0.000000e+00 4.601479e-04 0.000000e+00 0.000000e+00 0.000000e+00
PROFILE_ITER 0 46 7.112026e-04 1.651764e-03 0.000000e+00 4.582405e-04 0.000000e+00 0.000000e+00 0.000000e+00
PROFILE_ITER 0 47 7.071495e-04 1.765966e-03 0.000000e+00 4.589558e-04 0.000000e+00 0.000000e+00 9.536743e-07
PROFILE_ITER 0 48 7.112026e-04 1.716614e-03 0.000000e+00 4.601479e-04 0.000000e+00 0.000000e+00 0.000000e+00
PROFILE_ITER 0 49 7.100105e-04 1.780033e-03 0.000000e+00 4.599094e-04 0.000000e+00 0.000000e+00 0.000000e+00
PROFILE_ITER 0 50 7.088184e-04 1.771212e-03 0.000000e+00 4.577637e-04 1.192093e-06 0.000000e+00 0.000000e+00
PROFILE_ITER 0 51 7.119179e-04 1.654148e-03 0.000000e+00 4.599094e-04 9.536743e-07 0.000000e+00 0.000000e+00
PROFILE_ITER 0 52 7.138252e-04 1.785040e-03 0.000000e+00 4.599094e-04 0.000000e+00 0.000000e+00 0.000000e+00
PROFILE_ITER 0 53 7.109642e-04 1.781225e-03 0.000000e+00 4.601479e-04 0.000000e+00 0.000000e+00 0.000000e+00
PROFILE_ITER 0 54 7.090569e-04 1.665831e-03 0.000000e+00 4.591942e-04 0.000000e+00 0.000000e+00 0.000000e+00
PROFILE_ITER 0 55 7.081032e-04 1.768827e-03 0.000000e+00 4.580021e-04 0.000000e+00 0.000000e+00 0.000000e+00
PROFILE_ITER 0 56 7.059574e-04 1.696110e-03 0.000000e+00 4.589558e-04 0.000000e+00 0.000000e+00 0.000000e+00
PROFILE_ITER 0 57 7.071495e-04 1.771927e-03 0.000000e+00 4.589558e-04 0.000000e+00 0.000000e+00 0.000000e+00
PROFILE_ITER 0 58 7.109642e-04 1.781940e-03 0.000000e+00 4.601479e-04 0.000000e+00 9.536743e-07 0.000000e+00
PROFILE_ITER 0 59 7.100105e-04 1.790047e-03 0.000000e+00 4.570484e-04 0.000000e+00 0.000000e+00 0.000000e+00
PROFILE_ITER 0 60 7.088184e-04 1.723289e-03 0.000000e+00 4.587173e-04 0.000000e+00 0.000000e+00 0.000000e+00
PROFILE_ITER 0 61 7.081032e-04 1.776695e-03 0.000000e+00 4.601479e-04 0.000000e+00 0.000000e+00 0.000000e+00
PROFILE_ITER 0 62 7.128716e-04 1.665115e-03 0.000000e+00 4.587173e-04 1.192093e-06 0.000000e+00 0.000000e+00
PROFILE_ITER 0 63 7.109642e-04 1.713037e-03 0.000000e+00 4.599094e-04 0.000000e+00 0.000000e+00 0.000000e+00
PROFILE_ITER 0 64 7.131100e-04 1.651049e-03 0.000000e+00 4.580021e-04 0.000000e+00 0.000000e+00 0.000000e+00
PROFILE_ITER 0 65 7.100105e-04 1.662970e-03 0.000000e+00 4.580021e-04 0.000000e+00 0.000000e+00 0.000000e+00
PROFILE_ITER 0 66 7.081032e-04 1.666784e-03 0.000000e+00 4.601479e-04 0.000000e+00 0.000000e+00 0.000000e+00
PROFILE_ITER 0 67 7.131100e-04 1.661777e-03 0.000000e+00 4.580021e-04 0.000000e+00 0.000000e+00 9.536743e-07
PROFILE_ITER 0 68 7.009506e-04 1.662970e-03 0.000000e+00 4.589558e-04 0.000000e+00 0.000000e+00 0.000000e+00
PROFILE_ITER 0 69 7.100105e-04 1.749992e-03 0.000000e+00 4.591942e-04 0.000000e+00 0.000000e+00 0.000000e+00
PROFILE_ITER 0 70 6.999969e-04 1.662016e-03 0.000000e+00 4.580021e-04 0.000000e+00 0.000000e+00 0.000000e+00
PROFILE_ITER 0 71 7.019043e-04 1.654148e-03 0.000000e+00 4.580021e-04 0.000000e+00 0.000000e+00 0.000000e+00
PROFILE_ITER 0 72 7.052422e-04 1.703739e-03 0.000000e+00 4.601479e-04 0.00000PROFILE_ITER 1 70 2.135992e-03 2.260208e-04 0.000000e+00 2.123833e-03 0.000000e+00 0.000000e+00 9.536743e-07
PROFILE_ITER 1 71 2.133846e-03 2.222061e-04 0.000000e+00 2.121210e-03 0.000000e+00 0.000000e+00 0.000000e+00
PROFILE_ITER 1 72 2.188206e-03 2.198219e-04 0.000000e+00 2.174139e-03 0.000000e+00 0.000000e+00 0.000000e+00
PROFILE_ITER 1 73 2.130747e-03 2.183914e-04 0.000000e+00 2.117872e-03 0.000000e+00 0.000000e+00 0.000000e+00
PROFILE_ITER 1 74 2.253056e-03 2.267361e-04 0.000000e+00 2.239704e-03 0.000000e+00 0.000000e+00 0.000000e+00
PROFILE_ITER 1 75 2.250910e-03 2.191067e-04 0.000000e+00 2.238035e-03 0.000000e+00 0.000000e+00 0.000000e+00
PROFILE_ITER 1 76 2.212763e-03 2.112389e-04 0.000000e+00 2.199888e-03 0.000000e+00 0.000000e+00 0.000000e+00
PROFILE_ITER 1 77 2.125978e-03 2.169609e-04 0.000000e+00 2.112627e-03 0.000000e+00 0.000000e+00 0.000000e+00
PROFILE_ITER 1 78 2.225876e-03 2.169609e-04 0.000000e+00 2.213955e-03 0.000000e+00 0.000000e+00 9.536743e-07
PROFILE_ITER 1 79 2.145052e-03 2.219677e-04 0.000000e+00 2.130985e-03 0.000000e+00 0.000000e+00 2.145767e-06
PROFILE_ITER 1 80 2.208948e-03 2.140999e-04 0.000000e+00 2.196074e-03 0.000000e+00 0.000000e+00 9.536743e-07
0e+00 0.000000e+00 0.000000e+00
PROFILE_ITER 0 73 7.088184e-04 1.640320e-03 0.000000e+00 4.596710e-04 0.000000e+00 0.000000e+00 0.000000e+00
PROFILE_ITER 0 74 7.071495e-04 1.772642e-03 0.000000e+00 4.601479e-04 0.000000e+00 0.000000e+00 0.000000e+00
PROFILE_ITER 0 75 7.069111e-04 1.764297e-03 0.000000e+00 4.580021e-04 0.000000e+00 0.000000e+00 0.000000e+00
PROFILE_ITER 0 76 7.038116e-04 1.720190e-03 0.000000e+00 4.577637e-04 0.000000e+00 0.000000e+00 0.000000e+00
PROFILE_ITER 0 77 7.071495e-04 1.635790e-03 0.000000e+00 4.591942e-04 0.000000e+00 0.000000e+00 0.000000e+00
PROFILE_ITER 0 78 7.081032e-04 1.732826e-03 0.000000e+00 4.591942e-04 0.000000e+00 0.000000e+00 0.000000e+00
PROFILE_ITER 0 79 7.040501e-04 1.662970e-03 0.000000e+00 4.580021e-04 0.000000e+00 0.000000e+00 0.000000e+00
PROFILE_ITER 0 80 6.990433e-04 1.724005e-03 0.000000e+00 4.601479e-04 0.000000e+00 0.000000e+00 0.000000e+00
PROFILE_ITER 0 81 7.069111e-04 1.782179e-03 0.000000e+00 4.580021e-04 0.000000e+00 0.000000e+00 0.000000e+00
PROFILE_ITER 0 82 7.090569e-04 1.719952e-03 0.000000e+00 4.591942e-04 0.000000e+00 0.000000e+00 0.000000e+00
PROFILE_ITER 0 83 7.059574e-04 1.768112e-03 0.000000e+00 4.570484e-04 0.000000e+00 0.000000e+00 0.000000e+00
PROFILE_ITER 0 84 7.100105e-04 1.762867e-03 0.000000e+00 4.591942e-04 0.000000e+00 0.000000e+00 0.000000e+00
PROFILE_ITER 0 85 7.066727e-04 1.771450e-03 0.000000e+00 4.596710e-04 0.000000e+00 0.000000e+00 0.000000e+00
PROFILE_ITER 0 86 7.181168e-04 1.792908e-03 0.000000e+00 4.582405e-04 0.000000e+00 0.000000e+00 0.000000e+00
PROFILE_ITER 0 87 7.119179e-04 1.690865e-03 0.000000e+00 4.601479e-04 0.000000e+00 0.000000e+00 0.000000e+00
PROFILE_ITER 0 88 7.057190e-04 1.705408e-03 0.000000e+00 4.587173e-04 0.000000e+00 0.000000e+00 0.000000e+00
PROFILE_ITER 0 89 7.109642e-04 1.662016e-03 0.000000e+00 4.599094e-04 0.000000e+00 0.000000e+00 0.000000e+00
PROFILE_ITER 0 90 7.131100e-04 1.659870e-03 0.000000e+00 4.601479e-04 0.000000e+00 0.000000e+00 0.000000e+00
PROFILE_ITER 0 91 7.050037e-04 1.749039e-03 0.000000e+00 4.591942e-04 0.000000e+00 0.000000e+00 0.000000e+00
PROFILE_ITER 0 92 7.059574e-04 1.695156e-03 0.000000e+00 4.596710e-04 0.000000e+00 0.000000e+00 0.000000e+00
PROFILE_ITER 0 93 7.119179e-04 1.739979e-03 0.000000e+00 4.599094e-04 0.000000e+00 0.000000e+00 0.000000e+00
PROFILE_ITER 0 94 6.999969e-04 1.668930e-03 0.000000e+00 4.589558e-04 0.000000e+00 0.000000e+00 0.000000e+00
PROFILE_ITER 0 95 7.088184e-04 1.659393e-03 0.000000e+00 4.582405e-04 0.000000e+00 0.000000e+00 0.000000e+00
PROFILE_ITER 0 96 7.150173e-04 1.739979e-03 0.000000e+00 4.589558e-04 0.000000e+00 0.000000e+00 0.000000e+00
PROFILE_ITER 0 97 7.081032e-04 1.782894e-03 0.000000e+00 4.570484e-04 0.000000e+00 0.000000e+00 0.000000e+00
PROFILE_ITER 0 98 7.090569e-04 1.703739e-03 0.000000e+00 4.599094e-04 0.000000e+00 0.000000e+00 0.000000e+00
PROFILE_ITER 0 99 7.028580e-04 1.772165e-03 0.000000e+00 4.580021e-04 0.000000e+00 9.536743e-07 0.000000e+00
PROFILE_ITER 0 100 7.040501e-04 1.766920e-03 0.000000e+00 4.580021e-04 0.000000e+00 0.000000e+00 0.000000e+00
PROFILE_ITER 0 101 7.061958e-04 1.693964e-03 0.000000e+00 4.601479e-04 0.000000e+00 0.000000e+00 0.000000e+00
PROFILE_ITER 0 102 6.980896e-04 1.641750e-03 0.000000e+00 4.591942e-04 0.000000e+00 0.000000e+00 0.000000e+00
PROFILE_ITER 0 103 7.061958e-04 1.631021e-03 0.000000e+00 4.582405e-04 0.000000e+00 0.000000e+00 0.000000e+00
PROFILE_ITER 0 104 7.038116e-04 1.666069e-03 0.000000e+00 4.599094e-04 0.000000e+00 0.000000e+00 0.000000e+00
PROFILE_ITER 0 105 7.061958e-04 1.636744e-03 9.536743e-07 4.570484e-04 0.000000e+00 0.000000e+00 0.000000e+00
PROFILE_ITER 0 106 7.030964e-04 1.723051e-03 9.536743e-07 4.591942e-04 0.000000e+00 0.000000e+00 9.536743e-07
PROFILE_ITER 0 107 7.059574e-04 1.745939e-03 0.000000e+00 4.589558e-04 0.000000e+00 0.000000e+00 0.000000e+00
PROFILE_ITER 0 108 7.097721e-04 1.655340e-03 0.000000e+00 4.596710e-04 0.000000e+00 0.000000e+00 0.000000e+00
PROFILE_ITER 0 109 7.061958e-04 1.658678e-03 0.000000e+00 4.591942e-04 0.000000e+00 0.000000e+00 0.000000e+00
PROFILE_ITER 0 110 7.PROFILE_ITER 1 81 2.261877e-03 2.272129e-04 0.000000e+00 2.250910e-03 0.000000e+00 0.000000e+00 0.000000e+00
PROFILE_ITER 1 82 2.205849e-03 2.231598e-04 0.000000e+00 2.195120e-03 0.000000e+00 0.000000e+00 9.536743e-07
PROFILE_ITER 1 83 2.260923e-03 2.129078e-04 0.000000e+00 2.247095e-03 0.000000e+00 0.000000e+00 9.536743e-07
PROFILE_ITER 1 84 2.254009e-03 2.200603e-04 0.000000e+00 2.242088e-03 0.000000e+00 0.000000e+00 0.000000e+00
PROFILE_ITER 1 85 2.254009e-03 2.241135e-04 0.000000e+00 2.242088e-03 0.000000e+00 0.000000e+00 0.000000e+00
PROFILE_ITER 1 86 2.294064e-03 2.169609e-04 0.000000e+00 2.281904e-03 0.000000e+00 0.000000e+00 0.000000e+00
PROFILE_ITER 1 87 2.185106e-03 2.176762e-04 0.000000e+00 2.173185e-03 0.000000e+00 0.000000e+00 0.000000e+00
PROFILE_ITER 1 88 2.189875e-03 2.212524e-04 0.000000e+00 2.177954e-03 0.000000e+00 0.000000e+00 0.000000e+00
PROFILE_ITER 1 89 2.151966e-03 2.210140e-04 0.000000e+00 2.137899e-03 0.000000e+00 0.000000e+00 0.000000e+00
PROFILE_ITER 1 90 2.151966e-03 2.210140e-04 0.000000e+00 2.141237e-03 0.000000e+00 0.000000e+00 0.000000e+00
112026e-04 1.694918e-03 0.000000e+00 4.580021e-04 0.000000e+00 0.000000e+00 0.000000e+00
PROFILE_ITER 0 111 7.100105e-04 1.711845e-03 0.000000e+00 4.580021e-04 0.000000e+00 0.000000e+00 0.000000e+00
PROFILE_ITER 0 112 7.069111e-04 1.657248e-03 0.000000e+00 4.577637e-04 0.000000e+00 1.192093e-06 0.000000e+00
PROFILE_ITER 0 113 7.090569e-04 1.645803e-03 0.000000e+00 4.591942e-04 0.000000e+00 0.000000e+00 0.000000e+00
PROFILE_ITER 0 114 7.121563e-04 1.779795e-03 0.000000e+00 4.582405e-04 0.000000e+00 0.000000e+00 9.536743e-07
PROFILE_ITER 0 115 7.112026e-04 1.770973e-03 0.000000e+00 4.611015e-04 0.000000e+00 0.000000e+00 0.000000e+00
PROFILE_ITER 0 116 7.071495e-04 1.720905e-03 0.000000e+00 4.572868e-04 0.000000e+00 0.000000e+00 0.000000e+00
PROFILE_ITER 0 117 7.109642e-04 1.694918e-03 0.000000e+00 4.589558e-04 0.000000e+00 0.000000e+00 0.000000e+00
PROFILE_ITER 0 118 7.131100e-04 1.758814e-03 0.000000e+00 4.601479e-04 0.000000e+00 9.536743e-07 0.000000e+00
PROFILE_ITER 0 119 7.059574e-04 1.781225e-03 0.000000e+00 4.580021e-04 1.192093e-06 0.000000e+00 0.000000e+00
PROFILE_ITER 0 120 7.100105e-04 1.721859e-03 0.000000e+00 4.589558e-04 0.000000e+00 0.000000e+00 0.000000e+00
PROFILE_ITER 0 121 7.121563e-04 1.688957e-03 0.000000e+00 4.608631e-04 0.000000e+00 0.000000e+00 0.000000e+00
PROFILE_ITER 0 122 7.069111e-04 1.662970e-03 0.000000e+00 4.570484e-04 0.000000e+00 0.000000e+00 0.000000e+00
PROFILE_ITER 0 123 7.059574e-04 1.646042e-03 0.000000e+00 4.580021e-04 0.000000e+00 0.000000e+00 9.536743e-07
PROFILE_ITER 0 124 7.109642e-04 1.727104e-03 0.000000e+00 4.611015e-04 0.000000e+00 0.000000e+00 0.000000e+00
PROFILE_ITER 1 91 2.232790e-03 2.222061e-04 0.000000e+00 2.220869e-03 0.000000e+00 0.000000e+00 0.000000e+00
PROFILE_ITER 1 92 2.182007e-03 2.191067e-04 0.000000e+00 2.170086e-03 0.000000e+00 0.000000e+00 0.000000e+00
PROFILE_ITER 0 125 7.090569e-04 1.726866e-03 0.000000e+00 4.589558e-04 0.000000e+00 0.000000e+00 0.000000e+00
PROFILE_ITER 0 126 7.061958e-04 1.745939e-03 0.000000e+00 4.589558e-04 0.000000e+00 0.000000e+00 0.000000e+00
PROFILE_ITER 1 93 2.221107e-03 2.307892e-04 0.000000e+00 2.208948e-03 0.000000e+00 0.000000e+00 0.000000e+00
PROFILE_ITER 1 94 2.146959e-03 2.219677e-04 0.000000e+00 2.134085e-03 0.000000e+00 0.000000e+00 0.000000e+00
PROFILE_ITER 1 95 2.141953e-03 2.262592e-04 0.000000e+00 2.130032e-03 0.000000e+00 0.000000e+00 0.000000e+00
PROFILE_ITER 1 96 2.227068e-03 2.279282e-04 0.000000e+00 2.213001e-03 0.000000e+00 0.000000e+00 0.000000e+00
PROFILE_ITER 0 127 7.147789e-04 1.715183e-03 9.536743e-07 4.577637e-04 9.536743e-07 0.000000e+00 0.000000e+00
PROFILE_ITER 0 128 6.978512e-04 1.655102e-03 0.000000e+00 4.599094e-04 0.000000e+00 0.000000e+00 0.000000e+00
PROFILE_ITER 0 129 7.030964e-04 1.663923e-03 0.000000e+00 4.582405e-04 0.000000e+00 0.000000e+00 0.000000e+00
PROFILE_ITER 0 130 7.059574e-04 1.714945e-03 0.000000e+00 4.611015e-04 0.000000e+00 0.000000e+00 0.000000e+00
PROFILE_ITER 0 131 7.047653e-04 1.768351e-03 0.000000e+00 4.577637e-04 0.000000e+00 0.000000e+00 0.000000e+00
PROFILE_ITER 0 132 7.109642e-04 1.708984e-03 0.000000e+00 4.608631e-04 0.000000e+00 0.000000e+00 9.536743e-07
PROFILE_ITER 1 97 2.269983e-03 2.210140e-04 0.000000e+00 2.257109e-03 0.000000e+00 0.000000e+00 0.000000e+00
PROFILE_ITER 1 98 2.188921e-03 2.238750e-04 0.000000e+00 2.176285e-03 0.000000e+00 0.000000e+00 0.000000e+00
PROFILE_ITER 1 99 2.253056e-03 2.219677e-04 0.000000e+00 2.240896e-03 0.000000e+00 0.000000e+00 1.192093e-06
PROFILE_ITER 1 100 2.250671e-03 2.202988e-04 0.000000e+00 2.238035e-03 0.000000e+00 0.000000e+00 0.000000e+00
PROFILE_ITER 0 133 7.102489e-04 1.644850e-03 0.000000e+00 4.591942e-04 0.000000e+00 0.000000e+00 0.000000e+00
PROFILE_ITER 0 134 7.169247e-04 1.770020e-03 0.000000e+00 4.611015e-04 0.000000e+00 0.000000e+00 0.000000e+00
PROFILE_ITER 0 135 7.078648e-04 1.717091e-03 0.000000e+00 4.577637e-04 0.000000e+00 0.000000e+00 0.000000e+00
PROFILE_ITER 0 136 7.069111e-04 1.783133e-03 0.000000e+00 4.596710e-04 0.000000e+00 0.000000e+00 0.000000e+00
PROFILE_ITER 1 101 2.184153e-03 2.160072e-04 0.000000e+00 2.173185e-03 0.000000e+00 0.000000e+00 1.192093e-06
PROFILE_ITER 1 102 2.120972e-03 2.188683e-04 0.000000e+00 2.109051e-03 0.000000e+00 0.000000e+00 9.536743e-07
PROFILE_ITER 0 137 7.128716e-04 1.729250e-03 0.000000e+00 4.599094e-04 0.000000e+00 0.000000e+00 0.000000e+00
PROFILE_ITER 1 103 2.125025e-03 2.121925e-04 0.000000e+00 2.111673e-03 0.000000e+00 0.000000e+00 9.536743e-07
PROFILE_ITER 0 138 7.090569e-04 1.652956e-03 0.000000e+00 4.591942e-04 0.000000e+00 0.000000e+00 0.000000e+00
PROFILE_ITER 0 139 7.119179e-04 1.648903e-03 0.000000e+00 4.589558e-04 0.000000e+00 0.000000e+00 0.000000e+00
PROFILE_ITER 1 104 2.156973e-03 2.119541e-04 0.000000e+00 2.143860e-03 0.000000e+00 0.000000e+00 0.000000e+00
PROFILE_ITER 1 105 2.119064e-03 2.238750e-04 0.000000e+00 2.106905e-03 0.000000e+00 0.000000e+00 9.536743e-07
PROFILE_ITER 0 140 7.090569e-04 1.772165e-03 0.000000e+00 4.589558e-04 1.192093e-06 0.000000e+00 0.000000e+00
PROFILE_ITER 0 141 7.090569e-04 1.765728e-03 0.000000e+00 4.589558e-04 0.000000e+00 0.000000e+00 0.000000e+00
PROFILE_ITER 0 142 6.980896e-04 1.672983e-03 0.000000e+00 4.582405e-04 0.000000e+00 0.000000e+00 0.000000e+00
PROFILE_ITER 1 106 2.208948e-03 2.171993e-04 0.000000e+00 2.196312e-03 0.000000e+00 0.000000e+00 9.536743e-07
PROFILE_ITER 1 107 2.228975e-03 2.219677e-04 0.000000e+00 2.216101e-03 0.000000e+00 0.000000e+00 0.000000e+00
PROFILE_ITER 0 143 7.081032e-04 1.783848e-03 0.000000e+00 4.580021e-04 0.000000e+00 0.000000e+00 0.000000e+00
PROFILE_ITER 0 144 7.097721e-04 1.654387e-03 0.000000e+00 4.596710e-04 0.000000e+00 0.000000e+00 0.000000e+00
PROFILE_ITER 1 108 2.147198e-03 2.179146e-04 0.000000e+00 2.133846e-03 0.000000e+00 0.000000e+00 0.000000e+00
PROFILE_ITER 1 109 2.142906e-03 2.210140e-04 0.000000e+00 2.130747e-03 0.000000e+00 0.000000e+00 9.536743e-07
PROFILE_ITER 1 110 2.174854e-03 2.322197e-04 0.000000e+00 2.162933e-03 0.000000e+00 0.000000e+00 0.000000e+00
PROFILE_ITER 0 145 7.078648e-04 1.698017e-03 0.000000e+00 4.599094e-04 0.000000e+00 0.000000e+00 0.000000e+00
PROFILE_ITER 0 146 7.138252e-04 1.667261e-03 0.000000e+00 4.599094e-04 0.000000e+00 0.000000e+00 0.000000e+00
PROFILE_ITER 0 147 7.090569e-04 1.710892e-03 0.000000e+00 4.577637e-04 0.000000e+00 0.000000e+00 0.000000e+00
PROFILE_ITER 0 148 7.088184e-04 1.768112e-03 0.000000e+00 4.599094e-04 0.000000e+00 0.000000e+00 0.000000e+00
PROFILE_ITER 1 111 2.201080e-03 2.207756e-04 0.000000e+00 2.187252e-03 0.000000e+00 0.000000e+00 9.536743e-07
PROFILE_ITER 1 112 2.142906e-03 2.212524e-04 0.000000e+00 2.132177e-03 0.000000e+00 0.000000e+00 0.000000e+00
PROFILE_ITER 1 113 2.136707e-03 2.171993e-04 0.000000e+00 2.126694e-03 0.000000e+00 0.000000e+00 0.000000e+00
PROFILE_ITER 1 114 2.273083e-03 2.188683e-04 0.000000e+00 2.261162e-03 0.000000e+00 0.000000e+00 0.000000e+00
PROFILE_ITER 1 115 2.261877e-03 2.202988e-04 0.000000e+00 2.250671e-03 0.000000e+00 0.000000e+00 0.000000e+00
PROFILE_ITER 1 116 2.203941e-03 2.250671e-04 0.000000e+00 2.192020e-03 0.000000e+00 0.000000e+00 9.536743e-07
PROFILE_ITER 1 117 2.177954e-03 2.279282e-04 9.536743e-07 2.163887e-03 0.000000e+00 0.000000e+00 9.536743e-07
PROFILE_ITER 1 118 2.255917e-03 2.160072e-04 0.000000e+00 2.242327e-03 9.536743e-07 0.000000e+00 0.000000e+00
PROFILE_ITER 1 119 2.259016e-03 2.281666e-04 0.000000e+00 2.246857e-03 0.000000e+00 0.000000e+00 0.000000e+00
PROFILE_ITER 1 120 2.211094e-03 2.207756e-04 0.000000e+00 2.197981e-03 0.000000e+00 0.000000e+00 9.536743e-07
PROFILE_ITER 1 121 2.180099e-03 2.210140e-04 0.000000e+00 2.167940e-03 0.000000e+00 0.000000e+00 0.000000e+00
PROFILE_ITER 1 122 2.145052e-03 2.248287e-04 0.000000e+00 2.130985e-03 0.000000e+00 0.000000e+00 0.000000e+00
PROFILE_ITER 1 123 2.134800e-03 2.171993e-04 0.000000e+00 2.123117e-03 0.000000e+00 0.000000e+00 9.536743e-07
PROFILE_ITER 1 124 2.210855e-03 2.262592e-04 0.000000e+00 2.198935e-03 0.000000e+00 0.000000e+00 0.000000e+00
PROFILE_ITER 1 125 2.213955e-03 2.229214e-04 0.000000e+00 2.202034e-03 0.000000e+00 0.000000e+00 0.000000e+00
PROFILE_ITER 1 126 2.232790e-03 2.193451e-04 0.000000e+00 2.221107e-03 0.000000e+00 0.000000e+00 0.000000e+00
PROFILE_ITER 0 149 7.061958e-04 1.661777e-03 9.536743e-07 4.580021e-04 0.000000e+00 0.000000e+00 0.000000e+00
PROFILE_ITER 0 150 7.059574e-04 1.697063e-03 0.000000e+00 4.580021e-04 0.000000e+00 0.000000e+00 0.000000e+00
PROFILE_ITER 0 151 7.100105e-04 1.777172e-03 0.000000e+00 4.570484e-04 9.536743e-07 0.000000e+00 0.000000e+00
PROFILE_ITER 0 152 7.119179e-04 1.785994e-03 0.000000e+00 4.589558e-04 0.000000e+00 0.000000e+00 0.000000e+00
PROFILE_ITER 0 153 7.128716e-04 1.730204e-03 0.000000e+00 4.599094e-04 0.000000e+00 0.000000e+00 0.000000e+00
PROFILE_ITER 0 154 7.090569e-04 1.781940e-03 0.000000e+00 4.577637e-04 0.000000e+00 0.000000e+00 0.000000e+00
PROFILE_ITER 0 155 7.109642e-04 1.708984e-03 0.000000e+00 4.577637e-04 0.000000e+00 0.000000e+00 0.000000e+00
PROFILE_ITER 0 156 7.059574e-04 1.722097e-03 0.000000e+00 4.589558e-04 0.000000e+00 0.000000e+00 0.000000e+00
PROFILE_ITER 0 157 7.061958e-04 1.637697e-03 9.536743e-07 4.601479e-04 0.000000e+00 0.000000e+00 0.000000e+00
PROFILE_ITER 0 158 7.059574e-04 1.765013e-03 0.000000e+00 4.580021e-04 0.000000e+00 0.000000e+00 0.000000e+00
PROFILE_ITER 0 159 7.061958e-04 1.642942e-03 0.000000e+00 4.589558e-04 0.000000e+00 0.000000e+00 0.000000e+00
PROFILE_ITER 1 127 2.212048e-03 2.179146e-04 0.000000e+00 2.199173e-03 0.000000e+00 0.000000e+00 0.000000e+00
PROFILE_ITER 1 128 2.138138e-03 2.148151e-04 0.000000e+00 2.126217e-03 0.000000e+00 0.000000e+00 0.000000e+00
PROFILE_ITER 1 129 2.141953e-03 2.250671e-04 0.000000e+00 2.129078e-03 0.000000e+00 0.000000e+00 0.000000e+00
PROFILE_ITER 1 130 2.203226e-03 2.176762e-04 0.000000e+00 2.190113e-03 0.000000e+00 0.000000e+00 9.536743e-07
PROFILE_ITER 0 160 7.090569e-04 1.646757e-03 0.000000e+00 4.601479e-04 0.000000e+00 0.000000e+00 0.000000e+00
PROFILE_ITER 0 161 7.078648e-04 1.760244e-03 0.000000e+00 4.587173e-04 0.000000e+00 0.000000e+00 0.000000e+00
PROFILE_ITER 0 162 7.061958e-04 1.694679e-03 0.000000e+00 4.591942e-04 0.000000e+00 0.000000e+00 0.000000e+00
PROFILE_ITER 0 163 7.066727e-04 1.695395e-03 0.000000e+00 4.577637e-04 0.000000e+00 9.536743e-07 0.000000e+00
PROFILE_ITER 1 131 2.253771e-03 2.193451e-04 0.000000e+00 2.239704e-03 0.000000e+00 0.000000e+00 0.000000e+00
PROFILE_ITER 1 132 2.198935e-03 2.210140e-04 0.000000e+00 2.187014e-03 0.000000e+00 0.000000e+00 0.000000e+00
PROFILE_ITER 1 133 2.140760e-03 2.143383e-04 0.000000e+00 2.129078e-03 0.000000e+00 0.000000e+00 0.000000e+00
PROFILE_ITER 0 164 7.081032e-04 1.638889e-03 0.000000e+00 4.611015e-04 0.000000e+00 0.000000e+00 0.000000e+00
PROFILE_ITER 0 165 7.078648e-04 1.637220e-03 0.000000e+00 4.608631e-04 0.000000e+00 0.000000e+00 0.000000e+00
PROFILE_ITER 0 166 7.050037e-04 1.687050e-03 0.000000e+00 4.580021e-04 0.000000e+00 0.000000e+00 0.000000e+00
PROFILE_ITER 0 167 7.071495e-04 1.632929e-03 0.000000e+00 4.591942e-04 0.000000e+00 0.000000e+00 0.000000e+00
PROFILE_ITER 1 134 2.264023e-03 2.229214e-04 0.000000e+00 2.251148e-03 0.000000e+00 0.000000e+00 9.536743e-07
PROFILE_ITER 1 135 2.208948e-03 2.160072e-04 0.000000e+00 2.196074e-03 0.000000e+00 0.000000e+00 0.000000e+00
PROFILE_ITER 1 136 2.274990e-03 2.169609e-04 0.000000e+00 2.262115e-03 0.000000e+00 0.000000e+00 0.000000e+00
PROFILE_ITER 1 137 2.213001e-03 2.291203e-04 0.000000e+00 2.202034e-03 0.000000e+00 0.000000e+00 0.000000e+00
PROFILE_ITER 1 138 2.139091e-03 2.229214e-04 0.000000e+00 2.126932e-03 0.000000e+00 0.000000e+00 0.000000e+00
PROFILE_ITER 0 168 7.097721e-04 1.642227e-03 0.000000e+00 4.589558e-04 0.000000e+00 0.000000e+00 0.000000e+00
PROFILE_ITER 0 169 7.050037e-04 1.662016e-03 0.000000e+00 4.589558e-04 0.000000e+00 0.000000e+00 0.000000e+00
PROFILE_ITER 0 170 7.219315e-04 1.780033e-03 0.000000e+00 4.608631e-04 0.000000e+00 0.000000e+00 0.000000e+00
PROFILE_ITER 0 171 7.207394e-04 1.823187e-03 0.000000e+00 4.587173e-04 0.000000e+00 0.000000e+00 0.000000e+00
PROFILE_ITER 1 139 2.135992e-03 2.248287e-04 0.000000e+00 2.125025e-03 0.000000e+00 0.000000e+00 0.000000e+00
PROFILE_ITER 1 140 2.259731e-03 2.214909e-04 0.000000e+00 2.247810e-03 0.000000e+00 0.000000e+00 0.000000e+00
PROFILE_ITER 1 141 2.251148e-03 2.236366e-04 0.000000e+00 2.239943e-03 0.000000e+00 0.000000e+00 0.000000e+00
PROFILE_ITER 0 172 7.131100e-04 1.731873e-03 0.000000e+00 4.589558e-04 0.000000e+00 0.000000e+00 0.000000e+00
PROFILE_ITER 0 173 7.140636e-04 1.765013e-03 0.000000e+00 4.591942e-04 0.000000e+00 0.000000e+00 0.000000e+00
PROFILE_ITER 1 142 2.144814e-03 2.253056e-04 9.536743e-07 2.131939e-03 0.000000e+00 0.000000e+00 9.536743e-07
PROFILE_ITER 1 143 2.261877e-03 2.300739e-04 0.000000e+00 2.249002e-03 0.000000e+00 0.000000e+00 9.536743e-07
PROFILE_ITER 0 174 7.131100e-04 1.785755e-03 0.000000e+00 4.608631e-04 0.000000e+00 0.000000e+00 0.000000e+00
PROFILE_ITER 0 175 7.102489e-04 1.711845e-03 0.000000e+00 4.591942e-04 0.000000e+00 0.000000e+00 0.000000e+00
PROFILE_ITER 0 176 7.088184e-04 1.771212e-03 0.000000e+00 4.587173e-04 0.000000e+00 0.000000e+00 0.000000e+00
PROFILE_ITER 0 177 7.090569e-04 1.721859e-03 0.000000e+00 4.591942e-04 0.000000e+00 0.000000e+00 0.000000e+00
PROFILE_ITER 0 178 7.140636e-04 1.677990e-03 0.000000e+00 4.591942e-04 0.000000e+00 0.000000e+00 0.000000e+00
PROFILE_ITER 1 144 2.145052e-03 2.191067e-04 0.000000e+00 2.132893e-03 0.000000e+00 0.000000e+00 0.000000e+00
PROFILE_ITER 1 145 2.187014e-03 2.188683e-04 0.000000e+00 2.175093e-03 0.000000e+00 0.000000e+00 0.000000e+00
PROFILE_ITER 1 146 2.158165e-03 2.229214e-04 0.000000e+00 2.147198e-03 0.000000e+00 0.000000e+00 0.000000e+00
PROFILE_ITER 0 179 7.109642e-04 1.796961e-03 0.000000e+00 4.589558e-04 0.000000e+00 0.000000e+00 0.000000e+00
PROFILE_ITER 1 147 2.197027e-03 2.229214e-04 0.000000e+00 2.184868e-03 0.000000e+00 0.000000e+00 9.536743e-07
PROFILE_ITER 1 148 2.257109e-03 2.198219e-04 0.000000e+00 2.245903e-03 0.000000e+00 0.000000e+00 0.000000e+00
PROFILE_ITER 0 180 7.057190e-04 1.694441e-03 0.000000e+00 4.577637e-04 0.000000e+00 0.000000e+00 0.000000e+00
PROFILE_ITER 0 181 7.109642e-04 1.718044e-03 0.000000e+00 4.577637e-04 0.000000e+00 1.192093e-06 0.000000e+00
PROFILE_ITER 1 149 2.149820e-03 2.181530e-04 0.000000e+00 2.137899e-03 0.000000e+00 0.000000e+00 0.000000e+00
PROFILE_ITER 1 150 2.189875e-03 2.131462e-04 0.000000e+00 2.179861e-03 0.000000e+00 0.000000e+00 0.000000e+00
PROFILE_ITER 0 182 6.999969e-04 1.766920e-03 0.000000e+00 4.582405e-04 0.000000e+00 0.000000e+00 0.000000e+00
PROFILE_ITER 1 151 2.261877e-03 2.253056e-04 0.000000e+00 2.250910e-03 0.000000e+00 0.000000e+00 0.000000e+00
PROFILE_ITER 0 183 7.097721e-04 1.747131e-03 0.000000e+00 4.587173e-04 0.000000e+00 0.000000e+00 0.000000e+00
PROFILE_ITER 0 184 7.097721e-04 1.655340e-03 0.000000e+00 4.589558e-04 0.000000e+00 0.000000e+00 0.000000e+00
PROFILE_ITER 1 152 2.274752e-03 2.231598e-04 0.000000e+00 2.262831e-03 0.000000e+00 0.000000e+00 0.000000e+00
PROFILE_ITER 1 153 2.216101e-03 2.269745e-04 0.000000e+00 2.203226e-03 0.000000e+00 0.000000e+00 0.000000e+00
PROFILE_ITER 0 185 7.109642e-04 1.660109e-03 0.000000e+00 4.577637e-04 0.000000e+00 0.000000e+00 0.000000e+00
PROFILE_ITER 0 186 7.061958e-04 1.705647e-03 9.536743e-07 4.582405e-04 0.000000e+00 0.000000e+00 0.000000e+00
PROFILE_ITER 1 154 2.264023e-03 2.269745e-04 0.000000e+00 2.252817e-03 0.000000e+00 0.000000e+00 9.536743e-07
PROFILE_ITER 1 155 2.202988e-03 2.169609e-04 0.000000e+00 2.192020e-03 0.000000e+00 0.000000e+00 0.000000e+00
PROFILE_ITER 0 187 7.050037e-04 1.649141e-03 0.000000e+00 4.589558e-04 0.000000e+00 0.000000e+00 0.000000e+00
PROFILE_ITER 0 188 7.052422e-04 1.707792e-03 0.000000e+00 4.582405e-04 0.000000e+00 0.000000e+00 0.000000e+00
PROFILE_ITER 1 156 2.199888e-03 2.269745e-04 0.000000e+00 2.188206e-03 0.000000e+00 0.000000e+00 9.536743e-07
PROFILE_ITER 1 157 2.127886e-03 2.160072e-04 0.000000e+00 2.115726e-03 0.000000e+00 0.000000e+00 0.000000e+00
PROFILE_ITER 0 189 7.050037e-04 1.701832e-03 0.000000e+00 4.570484e-04 0.000000e+00 0.000000e+00 0.000000e+00
PROFILE_ITER 0 190 6.978512e-04 1.651287e-03 0.000000e+00 4.580021e-04 0.000000e+00 0.000000e+00 0.000000e+00
PROFILE_ITER 1 158 2.250195e-03 2.207756e-04 0.000000e+00 2.238989e-03 0.000000e+00 0.000000e+00 0.000000e+00
PROFILE_ITER 1 159 2.132177e-03 2.169609e-04 0.000000e+00 2.118826e-03 0.000000e+00 0.000000e+00 0.000000e+00
PROFILE_ITER 0 191 7.090569e-04 1.769781e-03 0.000000e+00 4.620552e-04 0.000000e+00 0.000000e+00 0.000000e+00
PROFILE_ITER 1 160 2.132177e-03 2.236366e-04 0.000000e+00 2.119780e-03 0.000000e+00 0.000000e+00 1.192093e-06
PROFILE_ITER 0 192 7.050037e-04 1.768112e-03 0.000000e+00 4.589558e-04 0.000000e+00 0.000000e+00 0.000000e+00
PROFILE_ITER 0 193 7.059574e-04 1.702070e-03 0.000000e+00 4.599094e-04 0.000000e+00 0.000000e+00 0.000000e+00
PROFILE_ITER 1 161 2.245903e-03 2.222061e-04 9.536743e-07 2.233267e-03 0.000000e+00 0.000000e+00 0.000000e+00
PROFILE_ITER 1 162 2.182961e-03 2.179146e-04 0.000000e+00 2.171040e-03 0.000000e+00 0.000000e+00 9.536743e-07
PROFILE_ITER 1 163 2.185822e-03 2.162457e-04 0.000000e+00 2.173901e-03 0.000000e+00 0.000000e+00 0.000000e+00
PROFILE_ITER 0 194 7.009506e-04 1.646996e-03 0.000000e+00 4.599094e-04 0.000000e+00 0.000000e+00 0.000000e+00
PROFILE_ITER 0 195 7.059574e-04 1.739979e-03 0.000000e+00 4.580021e-04 0.000000e+00 0.000000e+00 0.000000e+00
PROFILE_ITER 1 164 2.130270e-03 2.176762e-04 0.000000e+00 2.116919e-03 0.000000e+00 0.000000e+00 0.000000e+00
PROFILE_ITER 1 165 2.124786e-03 2.202988e-04 0.000000e+00 2.111912e-03 0.000000e+00 0.000000e+00 0.000000e+00
PROFILE_ITER 1 166 2.166748e-03 2.253056e-04 0.000000e+00 2.155066e-03 0.000000e+00 0.000000e+00 0.000000e+00
PROFILE_ITER 0 196 7.019043e-04 1.642227e-03 0.000000e+00 4.570484e-04 0.000000e+00 0.000000e+00 0.000000e+00
PROFILE_ITER 0 197 7.081032e-04 1.708746e-03 0.000000e+00 4.591942e-04 0.000000e+00 0.000000e+00 0.000000e+00
PROFILE_ITER 1 167 2.115965e-03 2.241135e-04 0.000000e+00 2.104044e-03 0.000000e+00 0.000000e+00 0.000000e+00
PROFILE_ITER 1 168 2.125978e-03 2.260208e-04 0.000000e+00 2.115011e-03 0.000000e+00 0.000000e+00 0.000000e+00
PROFILE_ITER 0 198 7.078648e-04 1.741171e-03 0.000000e+00 4.599094e-04 0.000000e+00 0.000000e+00 0.000000e+00
PROFILE_ITER 0 199 7.071495e-04 1.741886e-03 0.000000e+00 4.589558e-04 0.000000e+00 0.000000e+00 0.000000e+00
PROFILE_ITER 1 169 2.140999e-03 2.269745e-04 0.000000e+00 2.129078e-03 0.000000e+00 0.000000e+00 0.000000e+00
PROFILE_ITER 1 170 2.269983e-03 2.319813e-04 0.000000e+00 2.258062e-03 0.000000e+00 0.000000e+00 0.000000e+00
PROFILE_ITER 1 171 2.317190e-03 2.267361e-04 0.000000e+00 2.305031e-03 0.000000e+00 0.000000e+00 0.000000e+00
PROFILE_ACCUM 0 spmv=1.417112e-01 vecops=3.432317e-01 send_fill=8.106232e-06 local_spmv=9.180665e-02 comm_wait=9.536743e-06 shared_spmv=8.344650e-06 send_wait=6.675720e-06
PROFILE_ITER 1 172 2.223015e-03 2.219677e-04 0.000000e+00 2.210855e-03 0.000000e+00 0.000000e+00 0.000000e+00
PROFILE_ITER 1 173 2.258062e-03 2.200603e-04 0.000000e+00 2.248049e-03 0.000000e+00 0.000000e+00 0.000000e+00
PROFILE_ITER 1 174 2.269030e-03 2.307892e-04 0.000000e+00 2.256870e-03 0.000000e+00 0.000000e+00 0.000000e+00
PROFILE_ITER 1 175 2.203941e-03 2.181530e-04 0.000000e+00 2.192736e-03 0.000000e+00 0.000000e+00 0.000000e+00
PROFILE_ITER 1 176 2.254009e-03 2.260208e-04 0.000000e+00 2.243042e-03 0.000000e+00 0.000000e+00 0.000000e+00
PROFILE_ITER 1 177 2.206802e-03 2.241135e-04 0.000000e+00 2.196074e-03 0.000000e+00 0.000000e+00 0.000000e+00
PROFILE_ITER 1 178 2.162933e-03 2.291203e-04 0.000000e+00 2.151012e-03 0.000000e+00 0.000000e+00 0.000000e+00
PROFILE_ITER 1 179 2.279758e-03 2.281666e-04 0.000000e+00 2.267838e-03 0.000000e+00 0.000000e+00 0.000000e+00
PROFILE_ITER 1 180 2.172947e-03 2.272129e-04 0.000000e+00 2.161026e-03 0.000000e+00 0.000000e+00 9.536743e-07
PROFILE_ITER 1 181 2.207041e-03 2.219677e-04 0.000000e+00 2.195120e-03 0.000000e+00 0.000000e+00 0.000000e+00
PROFILE_ITER 1 182 2.238989e-03 2.279282e-04 0.000000e+00 2.228975e-03 0.000000e+00 0.000000e+00 0.000000e+00
PROFILE_ITER 1 183 2.232075e-03 2.248287e-04 0.000000e+00 2.218962e-03 0.000000e+00 0.000000e+00 0.000000e+00
PROFILE_ITER 1 184 2.137899e-03 2.272129e-04 0.000000e+00 2.125740e-03 0.000000e+00 0.000000e+00 0.000000e+00
PROFILE_ITER 1 185 2.148151e-03 2.229214e-04 0.000000e+00 2.137184e-03 0.000000e+00 0.000000e+00 0.000000e+00
PROFILE_ITER 1 186 2.187014e-03 2.238750e-04 0.000000e+00 2.171040e-03 0.000000e+00 0.000000e+00 0.000000e+00
PROFILE_ITER 1 187 2.129793e-03 2.243519e-04 0.000000e+00 2.119064e-03 0.000000e+00 0.000000e+00 0.000000e+00
PROFILE_ITER 1 188 2.187014e-03 2.260208e-04 0.000000e+00 2.173901e-03 0.000000e+00 0.000000e+00 0.000000e+00
PROFILE_ITER 1 189 2.181053e-03 2.257824e-04 0.000000e+00 2.169132e-03 0.000000e+00 0.000000e+00 0.000000e+00
PROFILE_ITER 1 190 2.128124e-03 2.210140e-04 0.000000e+00 2.114058e-03 9.536743e-07 0.000000e+00 0.000000e+00
PROFILE_ITER 1 191 2.256870e-03 2.219677e-04 0.000000e+00 2.245903e-03 0.000000e+00 0.000000e+00 0.000000e+00
PROFILE_ITER 1 192 2.249241e-03 2.238750e-04 0.000000e+00 2.235651e-03 1.192093e-06 0.000000e+00 0.000000e+00
PROFILE_ITER 1 193 2.182007e-03 2.260208e-04 0.000000e+00 2.171040e-03 0.000000e+00 0.000000e+00 0.000000e+00
PROFILE_ITER 1 194 2.121925e-03 2.260208e-04 0.000000e+00 2.110004e-03 0.000000e+00 0.000000e+00 0.000000e+00
PROFILE_ITER 1 195 2.202034e-03 2.439022e-04 0.000000e+00 2.191067e-03 0.000000e+00 0.000000e+00 9.536743e-07
PROFILE_ITER 1 196 2.125263e-03 2.188683e-04 0.000000e+00 2.114296e-03 0.000000e+00 0.000000e+00 0.000000e+00
PROFILE_ITER 1 197 2.192974e-03 2.238750e-04 0.000000e+00 2.181053e-03 0.000000e+00 0.000000e+00 0.000000e+00
PROFILE_ITER 1 198 2.222300e-03 2.267361e-04 0.000000e+00 2.208948e-03 0.000000e+00 0.000000e+00 0.000000e+00
PROFILE_ITER 1 199 2.236128e-03 2.129078e-04 0.000000e+00 2.224922e-03 1.192093e-06 0.000000e+00 0.000000e+00
PROFILE_ACCUM 1 spmv=4.400315e-01 vecops=1.930244e-01 send_fill=5.960464e-06 local_spmv=4.374881e-01 comm_wait=5.245209e-06 shared_spmv=0.000000e+00 send_wait=5.149841e-05
