Matrix name : /home/bugra/Workspace/C/HetHypPar_rewrite/data/matrices/rma10_1c_30g/rma10_1c_30g.mtx

	****	Matrix File readed	****LOG: Finished Creating Shard CSC
LOG: Finished Creating Vectors
PROFILE_HEADER rank iter spmv vecops send_fill local_spmv comm_wait shared_spmv send_wait
PROFILE_ITER 1 0 4.045010e-03 2.716141e-01 9.536743e-07 4.019976e-03 0.000000e+00 0.000000e+00 9.536743e-07
PROFILE_ITER 1 1 3.176928e-03 4.333973e-03 0.000000e+00 3.165007e-03 0.000000e+00 0.000000e+00 0.000000e+00
PROFILE_ITER 1 2 3.030062e-03 4.385948e-03 0.000000e+00 3.017902e-03 0.000000e+00 0.000000e+00 0.000000e+00
PROFILE_ITER 1 3 2.979994e-03 4.425049e-03 1.192093e-06 2.967119e-03 0.000000e+00 0.000000e+00 0.000000e+00
PROFILE_ITER 1 4 2.969742e-03 4.432201e-03 0.000000e+00 2.958059e-03 0.000000e+00 0.000000e+00 0.000000e+00
PROFILE_ITER 1 5 2.977848e-03 4.434347e-03 0.000000e+00 2.964973e-03 0.000000e+00 0.000000e+00 0.000000e+00
PROFILE_ITER 1 6 2.978563e-03 4.438400e-03 9.536743e-07 2.963781e-03 9.536743e-07 0.000000e+00 0.000000e+00
PROFILE_ITER 1 7 2.974033e-03 4.434824e-03 0.000000e+00 2.962112e-03 0.000000e+00 0.000000e+00 0.000000e+00
PROFILE_ITER 1 8 2.948761e-03 4.459381e-03 0.000000e+00 2.936125e-03 0.000000e+00 0.000000e+00 0.000000e+00
PROFILE_ITER 1 9 3.005028e-03 4.415035e-03 0.000000e+00 2.993107e-03 0.000000e+00 0.000000e+00 0.000000e+00
PROFILE_ITER 1 10 2.996683e-03 4.424095e-03 0.000000e+00 2.984047e-03 9.536743e-07 0.000000e+00 0.000000e+00
PROFILE_ITER 1 11 2.964020e-03 4.464149e-03 0.000000e+00 2.953053e-03 0.000000e+00 0.000000e+00 0.000000e+00
PROFILE_ITER 1 12 3.018141e-03 4.389763e-03 0.000000e+00 3.005981e-03 0.000000e+00 0.000000e+00 0.000000e+00
PROFILE_ITER 1 13 2.981186e-03 4.425764e-03 0.000000e+00 2.969027e-03 0.000000e+00 0.000000e+00 0.000000e+00
PROFILE_ITER 1 14 2.938986e-03 4.462957e-03 0.000000e+00 2.928019e-03 0.000000e+00 0.000000e+00 0.000000e+00
PROFILE_ITER 1 15 2.974033e-03 4.434824e-03 0.000000e+00 2.962112e-03 0.000000e+00 0.000000e+00 0.000000e+00
PROFILE_ITER 1 16 2.959013e-03 4.449129e-03 0.000000e+00 2.946854e-03 0.000000e+00 0.000000e+00 0.000000e+00
PROFILE_ITER 1 17 2.996206e-03 4.414797e-03 0.000000e+00 2.984047e-03 0.000000e+00 0.000000e+00 0.000000e+00
PROFILE_ITER 1 18 2.976656e-03 4.435301e-03 0.000000e+00 2.965927e-03 0.000000e+00 0.000000e+00 0.000000e+00
PROFILE_ITER 1 19 2.934694e-03 4.472256e-03 9.536743e-07 2.923012e-03 0.000000e+00 0.000000e+00 0.000000e+00
PROFILE_ITER 1 20 2.959967e-03 4.436970e-03 0.000000e+00 2.948999e-03 0.000000e+00 0.000000e+00 0.000000e+00
PROFILE_ITER 1 21 2.975225e-03 4.438877e-03 0.000000e+00 2.964258e-03 0.000000e+00 0.000000e+00 0.000000e+00
PROFILE_ITER 1 22 2.978802e-03 4.424334e-03 0.000000e+00 2.968073e-03 0.000000e+00 0.000000e+00 0.000000e+00
PROFILE_ITER 1 23 2.953768e-03 4.448175e-03 0.000000e+00 2.941847e-03 0.000000e+00 0.000000e+00 9.536743e-07
PROFILE_ITER 1 24 2.957106e-03 4.452944e-03 0.000000e+00 2.945185e-03 0.000000e+00 0.000000e+00 0.000000e+00
PROFILE_ITER 1 25 2.967834e-03 4.470110e-03 0.000000e+00 2.956867e-03 0.000000e+00 0.000000e+00 0.000000e+00
PROFILE_ITER 1 26 2.958059e-03 4.442930e-03 0.000000e+00 2.946138e-03 0.000000e+00 0.000000e+00 0.000000e+00
PROFILE_ITER 1 27 2.989769e-03 4.415274e-03 0.000000e+00 2.977610e-03 0.000000e+00 0.000000e+00 0.000000e+00
PROFILE_ITER 1 28 2.981663e-03 4.416227e-03 0.000000e+00 2.968788e-03 0.000000e+00 0.000000e+00 9.536743e-07
PROFILE_ITER 1 29 2.961874e-03 4.447937e-03 0.000000e+00 2.951860e-03 0.000000e+00 0.000000e+00 0.000000e+00
PROFILE_ITER 1 30 2.976894e-03 4.416227e-03 0.000000e+00 2.964020e-03 0.000000e+00 0.000000e+00 0.000000e+00
PROFILE_ITER 1 31 2.958775e-03 4.451275e-03 0.000000e+00 2.945900e-03 0.000000e+00 0.000000e+00 9.536743e-07
PROFILE_ITER 1 32 2.978086e-03 4.417896e-03 0.000000e+00 2.966166e-03 0.000000e+00 0.000000e+00 9.536743e-07
PROFILE_ITER 1 33 2.992868e-03 4.406214e-03 0.000000e+00 2.979994e-03 0.000000e+00 0.000000e+00 0.000000e+00
PROFILE_ITER 1 34 2.955914e-03 4.440069e-03 0.000000e+00 2.942801e-03 0.000000e+00 0.000000e+00 0.000000e+00
PROFILE_ITER 1 35 2.978086e-03 4.427910e-03 0.000000e+00 2.965927e-03 0.000000e+00 0.000000e+00 0.000000e+00
PROFILE_ITER 1 36 2.999067e-03 4.413843e-03 0.000000e+00 2.985954e-03 0.000000e+00 0.000000en_iters : 200 
spmv : 1.483478 
file_read : 12.579600 
relative_residual : 1.740928E+11
everything_total : 14.314159

----------------------------------------------------------------------
PROFILE_HEADER rank iter spmv vecops send_fill local_spmv comm_wait shared_spmv send_wait
PROFILE_ITER 0 0 6.803036e-03 1.416922e-03 0.000000e+00 4.443169e-03 0.000000e+00 0.000000e+00 0.000000e+00
PROFILE_ITER 0 1 6.436110e-03 1.074791e-03 1.192093e-06 4.439831e-03 0.000000e+00 0.000000e+00 0.000000e+00
PROFILE_ITER 0 2 6.346941e-03 1.071215e-03 0.000000e+00 4.437923e-03 0.000000e+00 0.000000e+00 0.000000e+00
PROFILE_ITER 0 3 6.343842e-03 1.059055e-03 0.000000e+00 4.438877e-03 0.000000e+00 0.000000e+00 0.000000e+00
PROFILE_ITER 0 4 6.342888e-03 1.059055e-03 0.000000e+00 4.440069e-03 0.000000e+00 0.000000e+00 0.000000e+00
PROFILE_ITER 0 5 6.344318e-03 1.067877e-03 0.000000e+00 4.438162e-03 0.000000e+00 0.000000e+00 0.000000e+00
PROFILE_ITER 0 6 6.348133e-03 1.068830e-03 0.000000e+00 4.439831e-03 0.000000e+00 0.000000e+00 0.000000e+00
PROFILE_ITER 0 7 6.338120e-03 1.070738e-03 0.000000e+00 4.439831e-03 0.000000e+00 0.000000e+00 0.000000e+00
PROFILE_ITER 0 8 6.338835e-03 1.069307e-03 0.000000e+00 4.438877e-03 0.000000e+00 0.000000e+00 0.000000e+00
PROFILE_ITER 0 9 6.353140e-03 1.066923e-03 0.000000e+00 4.439831e-03 0.000000e+00 0.000000e+00 0.000000e+00
PROFILE_ITER 0 10 6.354094e-03 1.069784e-03 0.000000e+00 4.436016e-03 0.000000e+00 0.000000e+00 0.000000e+00
PROFILE_ITER 0 11 6.350040e-03 1.075029e-03 1.907349e-06 4.436970e-03 0.000000e+00 0.000000e+00 0.000000e+00
PROFILE_ITER 0 12 6.346703e-03 1.061201e-03 9.536743e-07 4.438877e-03 0.000000e+00 0.000000e+00 0.000000e+00
PROFILE_ITER 0 13 6.342173e-03 1.064777e-03 0.000000e+00 4.436016e-03 0.000000e+00 0.000000e+00 0.000000e+00
PROFILE_ITER 0 14 6.332874e-03 1.070261e-03 9.536743e-07 4.436970e-03 0.000000e+00 0.000000e+00 0.000000e+00
PROFILE_ITER 0 15 6.340027e-03 1.067877e-03 0.000000e+00 4.437923e-03 0.000000e+00 0.000000e+00 0.000000e+00
PROFILE_ITER 0 16 6.345034e-03 1.063108e-03 0.000000e+00 4.441023e-03 0.000000e+00 0.000000e+00 0.000000e+00
PROFILE_ITER 0 17 6.342888e-03 1.068115e-03 0.000000e+00 4.436970e-03 0.000000e+00 0.000000e+00 0.000000e+00
PROFILE_ITER 0 18 6.342888e-03 1.070976e-03 0.000000e+00 4.438877e-03 0.000000e+00 0.000000e+00 0.000000e+00
PROFILE_ITER 0 19 6.333113e-03 1.071930e-03 0.000000e+00 4.437923e-03 0.000000e+00 0.000000e+00 0.000000e+00
PROFILE_ITER 0 20 6.328106e-03 1.068830e-03 0.000000e+00 4.435062e-03 0.000000e+00 0.000000e+00 0.000000e+00
PROFILE_ITER 0 21 6.340981e-03 1.073122e-03 0.000000e+00 4.439116e-03 0.000000e+00 9.536743e-07 0.000000e+00
PROFILE_ITER 0 22 6.340981e-03 1.063108e-03 0.000000e+00 4.437923e-03 0.000000e+00 0.000000e+00 0.000000e+00
PROFILE_ITER 0 23 6.340981e-03 1.060963e-03 0.000000e+00 4.438162e-03 0.000000e+00 0.000000e+00 0.000000e+00
PROFILE_ITER 0 24 6.343126e-03 1.066923e-03 0.000000e+00 4.435062e-03 0.000000e+00 0.000000e+00 0.000000e+00
PROFILE_ITER 0 25 6.364107e-03 1.072884e-03 0.000000e+00 4.446030e-03 0.000000e+00 0.000000e+00 0.000000e+00
PROFILE_ITER 0 26 6.340742e-03 1.064301e-03 0.000000e+00 4.436016e-03 0.000000e+00 0.000000e+00 0.000000e+00
PROFILE_ITER 0 27 6.342888e-03 1.059055e-03 9.536743e-07 4.436970e-03 9.536743e-07 0.000000e+00 0.000000e+00
PROFILE_ITER 0 28 6.336212e-03 1.061678e-03 0.000000e+00 4.440069e-03 0.000000e+00 0.000000e+00 0.000000e+00
PROFILE_ITER 0 29 6.339073e-03 1.072884e-03 0.000000e+00 4.439831e-03 0.000000e+00 0.000000e+00 0.000000e+00
PROFILE_ITER 0 30 6.336927e-03 1.056194e-03 0.000000e+00 4.437923e-03 0.000000e+00 0.000000e+00 0.000000e+00
PROFILE_ITER 0 31 6.344080e-03 1.065969e-03 0.000000e+00 4.440069e-03 0.000000e+00 0.000000e+00 9.536743e-07
PROFILE_ITER 0 32 6.327868e-03 1.068115e-03 0.000000e+00 4.434109e-03 0.000000e+00 0.000000e+00 0.000000e+00
PROFILE_ITER 0 33 6.336927e-03 1.063108e-03 0.000000e+00 4.440069e-03 0.000000e+00 0.000000e+00 0.000000e+00
PROFILE_ITER 0 34 6.330013e-03 1.067877e-03 0.000000e+00 4.435062e-03 0.000000e+00 0.000000e+00 0.000000e+00
PROFILE_ITER+00 0.000000e+00
PROFILE_ITER 1 37 2.962828e-03 4.447222e-03 0.000000e+00 2.950907e-03 0.000000e+00 0.000000e+00 0.000000e+00
PROFILE_ITER 1 38 3.318071e-03 4.268885e-03 0.000000e+00 3.304005e-03 0.000000e+00 0.000000e+00 0.000000e+00
PROFILE_ITER 1 39 3.193140e-03 4.305840e-03 0.000000e+00 3.177881e-03 0.000000e+00 0.000000e+00 0.000000e+00
PROFILE_ITER 1 40 3.082037e-03 4.390001e-03 0.000000e+00 3.068924e-03 0.000000e+00 0.000000e+00 0.000000e+00
PROFILE_ITER 1 41 3.042936e-03 4.403114e-03 0.000000e+00 3.031969e-03 0.000000e+00 0.000000e+00 0.000000e+00
PROFILE_ITER 1 42 3.013849e-03 4.420996e-03 0.000000e+00 2.999783e-03 0.000000e+00 0.000000e+00 0.000000e+00
PROFILE_ITER 1 43 3.003120e-03 4.391909e-03 0.000000e+00 2.991199e-03 0.000000e+00 0.000000e+00 0.000000e+00
PROFILE_ITER 1 44 2.982855e-03 4.421234e-03 0.000000e+00 2.969980e-03 0.000000e+00 0.000000e+00 0.000000e+00
PROFILE_ITER 1 45 2.979040e-03 4.427910e-03 0.000000e+00 2.967119e-03 0.000000e+00 0.000000e+00 0.000000e+00
PROFILE_ITER 1 46 3.022194e-03 4.370928e-03 0.000000e+00 3.009081e-03 9.536743e-07 0.000000e+00 0.000000e+00
PROFILE_ITER 1 47 2.960205e-03 4.428625e-03 0.000000e+00 2.948999e-03 0.000000e+00 0.000000e+00 0.000000e+00
PROFILE_ITER 1 48 2.939939e-03 4.434109e-03 0.000000e+00 2.927065e-03 0.000000e+00 0.000000e+00 0.000000e+00
PROFILE_ITER 1 49 2.944946e-03 4.451036e-03 0.000000e+00 2.932787e-03 0.000000e+00 0.000000e+00 0.000000e+00
PROFILE_ITER 1 50 2.961874e-03 4.416227e-03 0.000000e+00 2.948999e-03 0.000000e+00 0.000000e+00 0.000000e+00
PROFILE_ITER 1 51 2.945185e-03 4.440784e-03 0.000000e+00 2.931356e-03 0.000000e+00 0.000000e+00 9.536743e-07
PROFILE_ITER 1 52 2.967834e-03 4.412174e-03 0.000000e+00 2.954960e-03 0.000000e+00 0.000000e+00 0.000000e+00
PROFILE_ITER 1 53 3.023148e-03 4.416704e-03 0.000000e+00 3.010988e-03 0.000000e+00 0.000000e+00 9.536743e-07
PROFILE_ITER 1 54 3.037214e-03 4.396677e-03 0.000000e+00 3.025055e-03 0.000000e+00 0.000000e+00 0.000000e+00
PROFILE_ITER 1 55 2.981901e-03 4.424095e-03 0.000000e+00 2.969027e-03 0.000000e+00 0.000000e+00 9.536743e-07
PROFILE_ITER 1 56 2.954006e-03 4.439116e-03 0.000000e+00 2.942324e-03 0.000000e+00 0.000000e+00 0.000000e+00
PROFILE_ITER 1 57 2.966881e-03 4.413128e-03 0.000000e+00 2.954960e-03 0.000000e+00 0.000000e+00 0.000000e+00
PROFILE_ITER 1 58 2.961159e-03 4.426718e-03 9.536743e-07 2.948046e-03 0.000000e+00 0.000000e+00 0.000000e+00
PROFILE_ITER 1 59 2.926826e-03 4.459143e-03 0.000000e+00 2.914906e-03 0.000000e+00 0.000000e+00 9.536743e-07
PROFILE_ITER 1 60 2.951860e-03 4.441023e-03 0.000000e+00 2.938986e-03 0.000000e+00 0.000000e+00 1.907349e-06
PROFILE_ITER 1 61 2.962828e-03 4.425287e-03 0.000000e+00 2.950907e-03 0.000000e+00 0.000000e+00 0.000000e+00
PROFILE_ITER 1 62 3.016949e-03 4.384995e-03 0.000000e+00 3.003836e-03 0.000000e+00 0.000000e+00 0.000000e+00
PROFILE_ITER 1 63 2.997875e-03 4.432201e-03 0.000000e+00 2.985954e-03 0.000000e+00 0.000000e+00 0.000000e+00
PROFILE_ITER 1 64 3.069878e-03 4.341125e-03 0.000000e+00 3.056765e-03 0.000000e+00 0.000000e+00 0.000000e+00
PROFILE_ITER 1 65 2.964973e-03 4.426003e-03 0.000000e+00 2.952814e-03 0.000000e+00 0.000000e+00 0.000000e+00
PROFILE_ITER 1 66 2.975941e-03 4.407883e-03 0.000000e+00 2.964020e-03 0.000000e+00 0.000000e+00 0.000000e+00
PROFILE_ITER 1 67 3.061771e-03 4.383326e-03 0.000000e+00 3.048897e-03 0.000000e+00 0.000000e+00 0.000000e+00
PROFILE_ITER 1 68 2.992868e-03 4.404068e-03 1.907349e-06 2.979755e-03 0.000000e+00 0.000000e+00 0.000000e+00
PROFILE_ITER 1 69 2.946138e-03 4.451990e-03 0.000000e+00 2.932787e-03 0.000000e+00 0.000000e+00 9.536743e-07
PROFILE_ITER 1 70 2.980709e-03 4.415274e-03 0.000000e+00 2.969742e-03 0.000000e+00 0.000000e+00 0.000000e+00
PROFILE_ITER 1 71 2.986908e-03 4.419088e-03 0.000000e+00 2.975225e-03 0.000000e+00 0.000000e+00 0.000000e+00
PROFILE_ITER 1 72 3.055811e-03 4.374027e-03 0.000000e+00 3.043890e-03 0.000000e+00 0.000000e+00 0.000000e+00
PROFILE_ITER 1 73 3.092766e-03 4.330397e-03 0.000000e+00 3.080845e-03 0.000000e+00 0.000000e+00 0.000000e+00
PROFILE_ITER 1 74 2.983809e-03 4.410028e-03 0. 0 35 6.334066e-03 1.069069e-03 0.000000e+00 4.437923e-03 0.000000e+00 0.000000e+00 0.000000e+00
PROFILE_ITER 0 36 6.345987e-03 1.066923e-03 0.000000e+00 4.439116e-03 0.000000e+00 0.000000e+00 0.000000e+00
PROFILE_ITER 0 37 6.346226e-03 1.063824e-03 0.000000e+00 4.438162e-03 0.000000e+00 0.000000e+00 0.000000e+00
PROFILE_ITER 0 38 6.515026e-03 1.071930e-03 0.000000e+00 4.436970e-03 0.000000e+00 0.000000e+00 0.000000e+00
PROFILE_ITER 0 39 6.422043e-03 1.076937e-03 0.000000e+00 4.440069e-03 0.000000e+00 0.000000e+00 0.000000e+00
PROFILE_ITER 0 40 6.406784e-03 1.065254e-03 0.000000e+00 4.439116e-03 0.000000e+00 0.000000e+00 0.000000e+00
PROFILE_ITER 0 41 6.378889e-03 1.067162e-03 9.536743e-07 4.436970e-03 0.000000e+00 0.000000e+00 0.000000e+00
PROFILE_ITER 0 42 6.366014e-03 1.070023e-03 0.000000e+00 4.440069e-03 0.000000e+00 0.000000e+00 0.000000e+00
PROFILE_ITER 0 43 6.327868e-03 1.064062e-03 0.000000e+00 4.424095e-03 0.000000e+00 0.000000e+00 0.000000e+00
PROFILE_ITER 0 44 6.343126e-03 1.060963e-03 0.000000e+00 4.425049e-03 0.000000e+00 0.000000e+00 0.000000e+00
PROFILE_ITER 0 45 6.337881e-03 1.069069e-03 0.000000e+00 4.422903e-03 9.536743e-07 0.000000e+00 0.000000e+00
PROFILE_ITER 0 46 6.331205e-03 1.061916e-03 1.192093e-06 4.423857e-03 0.000000e+00 0.000000e+00 0.000000e+00
PROFILE_ITER 0 47 6.321192e-03 1.067638e-03 9.536743e-07 4.423141e-03 0.000000e+00 0.000000e+00 0.000000e+00
PROFILE_ITER 0 48 6.316900e-03 1.057148e-03 0.000000e+00 4.422665e-03 0.000000e+00 0.000000e+00 0.000000e+00
PROFILE_ITER 0 49 6.325245e-03 1.070738e-03 9.536743e-07 4.425287e-03 0.000000e+00 0.000000e+00 0.000000e+00
PROFILE_ITER 0 50 6.324053e-03 1.055956e-03 0.000000e+00 4.423857e-03 0.000000e+00 0.000000e+00 0.000000e+00
PROFILE_ITER 0 51 6.323099e-03 1.060963e-03 0.000000e+00 4.423141e-03 0.000000e+00 0.000000e+00 0.000000e+00
PROFILE_ITER 0 52 6.325722e-03 1.054287e-03 0.000000e+00 4.423857e-03 0.000000e+00 0.000000e+00 0.000000e+00
PROFILE_ITER 0 53 6.371975e-03 1.067877e-03 0.000000e+00 4.424095e-03 0.000000e+00 0.000000e+00 0.000000e+00
PROFILE_ITER 0 54 6.372929e-03 1.062155e-03 0.000000e+00 4.420996e-03 0.000000e+00 0.000000e+00 0.000000e+00
PROFILE_ITER 0 55 6.339073e-03 1.066923e-03 0.000000e+00 4.422903e-03 0.000000e+00 0.000000e+00 0.000000e+00
PROFILE_ITER 0 56 6.323099e-03 1.070023e-03 0.000000e+00 4.422903e-03 0.000000e+00 0.000000e+00 0.000000e+00
PROFILE_ITER 0 57 6.314039e-03 1.066923e-03 0.000000e+00 4.423857e-03 9.536743e-07 0.000000e+00 0.000000e+00
PROFILE_ITER 0 58 6.320000e-03 1.070023e-03 0.000000e+00 4.423857e-03 0.000000e+00 0.000000e+00 0.000000e+00
PROFILE_ITER 0 59 6.317854e-03 1.067162e-03 0.000000e+00 4.421949e-03 9.536743e-07 0.000000e+00 0.000000e+00
PROFILE_ITER 0 60 6.325006e-03 1.067877e-03 0.000000e+00 4.425049e-03 0.000000e+00 0.000000e+00 0.000000e+00
PROFILE_ITER 0 61 6.323099e-03 1.065016e-03 0.000000e+00 4.424095e-03 0.000000e+00 0.000000e+00 0.000000e+00
PROFILE_ITER 0 62 6.330013e-03 1.070976e-03 0.000000e+00 4.421949e-03 1.907349e-06 0.000000e+00 0.000000e+00
PROFILE_ITER 0 63 6.365061e-03 1.063824e-03 0.000000e+00 4.421711e-03 1.192093e-06 0.000000e+00 0.000000e+00
PROFILE_ITER 0 64 6.345987e-03 1.065016e-03 0.000000e+00 4.420996e-03 0.000000e+00 0.000000e+00 9.536743e-07
PROFILE_ITER 0 65 6.329060e-03 1.060724e-03 0.000000e+00 4.420996e-03 0.000000e+00 0.000000e+00 0.000000e+00
PROFILE_ITER 0 66 6.320000e-03 1.065969e-03 9.536743e-07 4.424810e-03 0.000000e+00 0.000000e+00 0.000000e+00
PROFILE_ITER 0 67 6.375074e-03 1.067877e-03 0.000000e+00 4.422903e-03 0.000000e+00 0.000000e+00 0.000000e+00
PROFILE_ITER 0 68 6.334066e-03 1.062870e-03 0.000000e+00 4.425049e-03 0.000000e+00 0.000000e+00 0.000000e+00
PROFILE_ITER 0 69 6.334305e-03 1.062870e-03 0.000000e+00 4.425049e-03 0.000000e+00 0.000000e+00 1.192093e-06
PROFILE_ITER 0 70 6.332159e-03 1.064777e-03 9.536743e-07 4.422903e-03 0.000000e+00 0.000000e+00 0.000000e+00
PROFILE_ITER 0 71 6.343126e-03 1.062870e-03 0.000000e+00 4.421234e-03 0.000000e+00 0.000000e+00 0.000000e+00
PROFILE_ITER 0 72 6.367922e-03 1.061916e-03 0.000000e+00 4.423857e-03 0.000000e+00 0.000000e+00 0.000000e+00
PROFILE_ITER 0 73 6.363869e-03 1.059294e-03 0.000000e+00 4.424095e-03 0.000000e+00 0.000000e+00 0.000000e+00
PROFILE_ITER 0 74 6.335020e-03 1.060963e-03 0.000000e+00 4.426003e-03 0.000000e+00 0.000000e+00 0.000000e+00
PROFILE_ITER 0 75 6.354094e-03 1.068830e-03 0.000000e+00 4.424095e-03 0.000000e+00 0.000000e+00 0.000000e+00
PROFILE_ITER 0 76 6.391764e-03 1.068354e-03 0.000000e+00 4.424095e-03 0.000000e+00 0.000000e+00 0.000000e+00
PROFILE_ITER 0 77 6.373167e-03 1.061678e-03 0.000000e+00 4.424095e-03 0.000000e+00 0.000000e+00 0.000000e+00
PROFILE_ITER 0 78 6.360054e-03 1.070023e-03 0.000000e+00 4.423857e-03 0.000000e+00 0.000000e+00 1.192093e-06
PROFILE_ITER 0 79 6.345034e-03 1.070023e-03 0.000000e+00 4.424095e-03 0.000000e+00 0.000000e+00 0.000000e+00
PROFILE_ITER 0 80 6.332159e-03 1.070738e-03 0.000000e+00 4.423141e-03 0.000000e+00 0.000000e+00 0.000000e+00
PROFILE_ITER 0 81 6.358147e-03 1.061916e-03 0.000000e+00 4.423141e-03 0.000000e+00 0.000000e+00 0.000000e+00
PROFILE_ITER 0 82 6.340981e-03 1.065969e-03 0.000000e+00 4.421711e-03 0.000000e+00 0.000000e+00 0.000000e+00
PROFILE_ITER 0 83 6.334782e-03 1.062155e-03 0.000000e+00 4.421711e-03 0.000000e+00 0.000000e+00 0.000000e+00
PROFILE_ITER 0 84 6.348133e-03 1.069069e-03 0.000000e+00 4.420280e-03 9.536743e-07 0.000000e+00 0.000000e+00
PROFILE_ITER 0 85 6.390810e-03 1.056194e-03 0.000000e+00 4.424810e-03 0.000000e+00 0.000000e+00 0.000000e+00
PROFILE_ITER 0 86 6.353855e-03 1.065969e-03 0.000000e+00 4.422188e-03 9.536743e-07 0.000000e+00 0.000000e+00
PROFILE_ITER 0 87 6.351233e-03 1.060724e-03 0.000000e+00 4.426956e-03 1.192093e-06 0.000000e+00 0.000000e+00
PROFILE_ITER 0 88 6.333113e-03 1.054049e-03 0.000000e+00 4.424095e-03 0.000000e+00 0.000000e+00 0.000000e+00
PROFILE_ITER 0 89 6.368876e-03 1.072168e-03 0.000000e+00 4.419804e-03 9.536743e-07 0.000000e+00 0.000000e+00
PROFILE_ITER 0 90 6.378889e-03 1.062155e-03 0.000000e+00 4.424095e-03 0.000000e+00 0.000000e+00 0.000000e+00
PROFILE_ITER 0 91 6.344080e-03 1.068830e-03 0.000000e+00 4.424095e-03 1.192093e-06 0.000000e+00 0.000000e+00
PROFILE_ITER 0 92 6.330013e-03 1.072884e-03 0.000000e+00 4.420757e-03 0.000000e+00 0.000000e+00 0.000000e+00
PROFILE_ITER 0 93 6.375074e-03 1.070023e-03 0.000000e+00 4.421949e-03 0.000000e+00 0.000000e+00 0.000000e+00
PROFILE_ITER 0 94 6.350994e-03 1.065969e-03 0.000000e+00 4.421949e-03 0.000000e+00 0.000000e+00 0.000000e+00
PROFILE_ITER 0 95 6.341934e-03 1.064062e-03 0.000000e+00 4.421949e-03 0.000000e+00 0.000000e+00 0.000000e+00
PROFILE_ITER 0 96 6.352901e-03 1.061201e-03 0.000000e+00 4.425049e-03 0.000000e+00 0.000000e+00 0.000000e+00
PROFILE_ITER 0 97 6.332874e-03 1.064062e-03 0.000000e+00 4.420042e-03 9.536743e-07 0.000000e+00 0.000000e+00
PROFILE_ITER 0 98 6.354094e-03 1.061916e-03 0.000000e+00 4.420757e-03 0.000000e+00 0.000000e+00 0.000000e+00
PROFILE_ITER 0 99 6.333113e-03 1.068830e-03 0.000000e+00 4.422188e-03 9.536743e-07 0.000000e+00 0.000000e+00
PROFILE_ITER 0 100 6.330252e-03 1.058817e-03 0.000000e+00 4.422188e-03 0.000000e+00 0.000000e+00 0.000000e+00
000000e+00 2.971649e-03 0.000000e+00 0.000000e+00 0.000000e+00
PROFILE_ITER 1 75 2.985001e-03 4.440069e-03 0.000000e+00 2.973318e-03 0.000000e+00 0.000000e+00 0.000000e+00
PROFILE_ITER 1 76 3.074884e-03 4.385233e-03 0.000000e+00 3.062963e-03 0.000000e+00 0.000000e+00 0.000000e+00
PROFILE_ITER 1 77 3.036976e-03 4.397869e-03 0.000000e+00 3.022909e-03 0.000000e+00 0.000000e+00 0.000000e+00
PROFILE_ITER 1 78 3.035784e-03 4.394293e-03 0.000000e+00 3.022909e-03 0.000000e+00 0.000000e+00 0.000000e+00
PROFILE_ITER 1 79 3.036976e-03 4.378080e-03 0.000000e+00 3.024101e-03 0.000000e+00 0.000000e+00 0.000000e+00
PROFILE_ITER 1 80 2.980947e-03 4.421949e-03 0.000000e+00 2.968073e-03 0.000000e+00 0.000000e+00 0.000000e+00
PROFILE_ITER 1 81 3.051996e-03 4.368067e-03 0.000000e+00 3.040075e-03 0.000000e+00 0.000000e+00 0.000000e+00
PROFILE_ITER 1 82 3.030062e-03 4.374981e-03 0.000000e+00 3.017187e-03 0.000000e+00 0.000000e+00 0.000000e+00
PROFILE_ITER 1 83 2.990007e-03 4.408836e-03 0.000000e+00 2.976179e-03 0.000000e+00 0.000000e+00 9.536743e-07
PROFILE_ITER 1 84 3.005981e-03 4.411221e-03 0.000000e+00 2.992868e-03 0.000000e+00 0.000000e+00 0.000000e+00
PROFILE_ITER 1 85 3.072977e-03 4.374027e-03 9.536743e-07 3.060102e-03 0.000000e+00 0.000000e+00 9.536743e-07
PROFILE_ITER 1 86 3.045082e-03 4.374743e-03 0.000000e+00 3.032923e-03 0.000000e+00 0.000000e+00 9.536743e-07
PROFILE_ITER 1 87 3.033161e-03 4.378796e-03 0.000000e+00 3.020048e-03 0.000000e+00 0.000000e+00 0.000000e+00
PROFILE_ITER 1 88 2.981186e-03 4.405975e-03 0.000000e+00 2.967119e-03 0.000000e+00 0.000000e+00 0.000000e+00
PROFILE_ITER 1 89 3.068686e-03 4.373312e-03 0.000000e+00 3.054857e-03 0.000000e+00 0.000000e+00 9.536743e-07
PROFILE_ITER 1 90 3.095150e-03 4.344702e-03 0.000000e+00 3.082037e-03 0.000000e+00 0.000000e+00 9.536743e-07
PROFILE_ITER 1 91 2.982855e-03 4.431248e-03 0.000000e+00 2.972126e-03 0.000000e+00 0.000000e+00 0.000000e+00
PROFILE_ITER 1 92 3.010035e-03 4.392862e-03 0.000000e+00 2.997875e-03 0.000000e+00 0.000000e+00 0.000000e+00
PROFILE_ITER 1 93 3.017187e-03 4.427910e-03 0.000000e+00 3.005028e-03 0.000000e+00 0.000000e+00 9.536743e-07
PROFILE_ITER 1 94 3.027678e-03 4.389286e-03 0.000000e+00 3.015995e-03 0.000000e+00 0.000000e+00 0.000000e+00
PROFILE_ITER 1 95 2.985001e-03 4.420996e-03 0.000000e+00 2.971888e-03 0.000000e+00 0.000000e+00 0.000000e+00
PROFILE_ITER 1 96 3.038883e-03 4.375219e-03 0.000000e+00 3.026962e-03 0.000000e+00 0.000000e+00 0.000000e+00
PROFILE_ITER 1 97 3.021002e-03 4.375935e-03 9.536743e-07 3.009081e-03 0.000000e+00 0.000000e+00 0.000000e+00
PROFILE_ITER 1 98 3.021955e-03 4.393101e-03 0.000000e+00 3.010750e-03 0.000000e+00 0.000000e+00 0.000000e+00
PROFILE_ITER 1 99 3.024101e-03 4.378796e-03 0.000000e+00 3.010750e-03 0.000000e+00 0.000000e+00 1.192093e-06
PROFILE_ITER 1 100 2.961159e-03 4.427910e-03 0.000000e+00 2.947092e-03 0.000000e+00 0.000000e+00 0.000000e+00
PROFILE_ITER 1 101 3.023863e-03 4.398108e-03 0.000000e+00 3.013134e-03 0.000000e+00 0.000000e+00 0.000000e+00
PROFILE_ITER 1 102 3.045082e-03 4.391909e-03 0.000000e+00 3.032207e-03 0.000000e+00 0.000000e+00 0.000000e+00
PROFILE_ITER 1 103 3.037214e-03 4.397869e-03 0.000000e+00 3.025055e-03 0.000000e+00 0.000000e+00 0.000000e+00
PROFILE_ITER 1 104 3.000021e-03 4.402876e-03 0.000000e+00 2.986908e-03 0.000000e+00 0.000000e+00 9.536743e-07
PROFILE_ITER 1 105 2.974749e-03 4.429340e-03 0.000000e+00 2.963066e-03 9.536743e-07 0.000000e+00 0.000000e+00
PROFILE_ITER 1 106 3.048182e-03 4.377842e-03 0.000000e+00 3.035069e-03 0.000000e+00 0.000000e+00 0.000000e+00
PROFILE_ITER 1 107 3.101110e-03 4.350901e-03 0.000000e+00 3.087044e-03 0.000000e+00 0.000000e+00 0.000000e+00
PROFILE_ITER 1 108 3.029108e-03 4.392862e-03 0.000000e+00 3.017902e-03 0.000000e+00 0.000000e+00 0.000000e+00
PROFILE_ITER 1 109 3.009081e-03 4.388809e-03 0.000000e+00 2.996922e-03 0.000000e+00 0.000000e+00 0.000000e+00
PROFILE_ITER 1 110 3.092289e-03 4.353762e-03 9.536743e-07 3.079176e-03 0.000000e+00 0.000000e+00 0.000000e+00
PROFILE_ITER 0 101 6.356955e-03 1.065016e-03 0.000000e+00 4.421949e-03 0.000000e+00 0.000000e+00 0.000000e+00
PROFILE_ITER 0 102 6.371975e-03 1.065016e-03 1.907349e-06 4.424095e-03 0.000000e+00 0.000000e+00 0.000000e+00
PROFILE_ITER 0 103 6.355047e-03 1.080036e-03 0.000000e+00 4.426003e-03 0.000000e+00 0.000000e+00 1.192093e-06
PROFILE_ITER 0 104 6.335974e-03 1.066923e-03 9.536743e-07 4.420996e-03 0.000000e+00 0.000000e+00 0.000000e+00
PROFILE_ITER 0 105 6.341219e-03 1.061916e-03 0.000000e+00 4.424095e-03 0.000000e+00 0.000000e+00 0.000000e+00
PROFILE_ITER 0 106 6.367922e-03 1.060009e-03 0.000000e+00 4.421949e-03 0.000000e+00 0.000000e+00 0.000000e+00
PROFILE_ITER 0 107 6.388664e-03 1.062393e-03 0.000000e+00 4.421949e-03 0.000000e+00 0.000000e+00 0.000000e+00
PROFILE_ITER 0 108 6.354094e-03 1.067877e-03 0.000000e+00 4.424810e-03 0.000000e+00 0.000000e+00 0.000000e+00
PROFILE_ITER 0 109 6.332636e-03 1.064301e-03 0.000000e+00 4.423857e-03 0.000000e+00 0.000000e+00 0.000000e+00
PROFILE_ITER 0 110 6.376028e-03 1.070976e-03 0.000000e+00 4.422188e-03 0.000000e+00 0.000000e+00 0.000000e+00
PROFILE_ITER 1 111 3.057957e-03 4.363060e-03 0.000000e+00 3.044128e-03 0.000000e+00 0.000000e+00 0.000000e+00
PROFILE_ITER 1 112 3.010750e-03 4.394293e-03 9.536743e-07 2.996922e-03 0.000000e+00 0.000000e+00 9.536743e-07
PROFILE_ITER 1 113 3.005028e-03 4.405975e-03 0.000000e+00 2.993107e-03 0.000000e+00 0.000000e+00 0.000000e+00
PROFILE_ITER 1 114 2.985001e-03 4.405022e-03 0.000000e+00 2.972603e-03 0.000000e+00 0.000000e+00 0.000000e+00
PROFILE_ITER 1 115 3.049135e-03 4.387856e-03 0.000000e+00 3.036976e-03 0.000000e+00 0.000000e+00 0.000000e+00
PROFILE_ITER 1 116 2.991915e-03 4.426956e-03 1.192093e-06 2.979994e-03 0.000000e+00 0.000000e+00 0.000000e+00
PROFILE_ITER 1 117 2.980947e-03 4.426003e-03 0.000000e+00 2.969027e-03 0.000000e+00 0.000000e+00 0.000000e+00
PROFILE_ITER 1 118 3.075123e-03 4.355907e-03 0.000000e+00 3.059864e-03 0.000000e+00 0.000000e+00 0.000000e+00
PROFILE_ITER 1 119 3.041983e-03 4.387140e-03 0.000000e+00 3.030062e-03 0.000000e+00 0.000000e+00 0.000000e+00
PROFILE_ITER 0 111 6.352186e-03 1.068830e-03 0.000000e+00 4.420996e-03 0.000000e+00 0.000000e+00 0.000000e+00
PROFILE_ITER 0 112 6.332874e-03 1.071215e-03 1.192093e-06 4.418850e-03 0.000000e+00 0.000000e+00 0.000000e+00
PROFILE_ITER 1 120 3.098011e-03 4.350901e-03 0.000000e+00 3.086090e-03 0.000000e+00 0.000000e+00 0.000000e+00
PROFILE_ITER 1 121 3.018856e-03 4.386187e-03 0.000000e+00 3.006935e-03 0.000000e+00 0.000000e+00 0.000000e+00
PROFILE_ITER 1 122 2.955675e-03 4.421234e-03 0.000000e+00 2.943039e-03 0.000000e+00 0.000000e+00 0.000000e+00
PROFILE_ITER 1 123 2.976894e-03 4.410267e-03 0.000000e+00 2.964973e-03 0.000000e+00 0.000000e+00 0.000000e+00
PROFILE_ITER 1 124 3.007889e-03 4.404068e-03 0.000000e+00 2.995253e-03 0.000000e+00 0.000000e+00 0.000000e+00
PROFILE_ITER 0 113 6.347895e-03 1.063108e-03 0.000000e+00 4.422903e-03 0.000000e+00 0.000000e+00 0.000000e+00
PROFILE_ITER 0 114 6.321907e-03 1.070023e-03 0.000000e+00 4.422903e-03 9.536743e-07 0.000000e+00 0.000000e+00
PROFILE_ITER 0 115 6.362200e-03 1.072884e-03 0.000000e+00 4.422188e-03 0.000000e+00 0.000000e+00 0.000000e+00
PROFILE_ITER 0 116 6.350994e-03 1.067877e-03 0.000000e+00 4.426003e-03 0.000000e+00 0.000000e+00 0.000000e+00
PROFILE_ITER 1 125 3.018141e-03 4.398823e-03 0.000000e+00 3.005028e-03 0.000000e+00 0.000000e+00 9.536743e-07
PROFILE_ITER 1 126 3.111124e-03 4.333973e-03 9.536743e-07 3.098011e-03 0.000000e+00 0.000000e+00 0.000000e+00
PROFILE_ITER 1 127 3.067017e-03 4.342794e-03 0.000000e+00 3.053188e-03 0.000000e+00 0.000000e+00 0.000000e+00
PROFILE_ITER 1 128 2.950907e-03 4.451275e-03 0.000000e+00 2.936840e-03 0.000000e+00 0.000000e+00 9.536743e-07
PROFILE_ITER 1 129 2.977133e-03 4.408836e-03 0.000000e+00 2.963781e-03 0.000000e+00 0.000000e+00 0.000000e+00
PROFILE_ITER 0 117 6.349087e-03 1.057863e-03 9.536743e-07 4.425049e-03 0.000000e+00 0.000000e+00 0.000000e+00
PROFILE_ITER 0 118 6.376028e-03 1.055002e-03 0.000000e+00 4.422188e-03 0.000000e+00 0.000000e+00 0.000000e+00
PROFILE_ITER 0 119 6.367922e-03 1.061201e-03 9.536743e-07 4.421949e-03 0.000000e+00 0.000000e+00 1.192093e-06
PROFILE_ITER 0 120 6.392241e-03 1.056671e-03 0.000000e+00 4.422188e-03 0.000000e+00 0.000000e+00 9.536743e-07
PROFILE_ITER 0 121 6.345034e-03 1.060009e-03 9.536743e-07 4.421234e-03 0.000000e+00 0.000000e+00 0.000000e+00
PROFILE_ITER 0 122 6.320715e-03 1.058340e-03 0.000000e+00 4.422903e-03 0.000000e+00 9.536743e-07 0.000000e+00
PROFILE_ITER 0 123 6.315947e-03 1.069069e-03 0.000000e+00 4.423141e-03 0.000000e+00 0.000000e+00 0.000000e+00
PROFILE_ITER 1 130 2.980947e-03 4.396915e-03 0.000000e+00 2.968073e-03 0.000000e+00 0.000000e+00 0.000000e+00
PROFILE_ITER 1 131 2.990961e-03 4.400253e-03 0.000000e+00 2.977848e-03 0.000000e+00 0.000000e+00 0.000000e+00
PROFILE_ITER 1 132 2.972841e-03 4.420996e-03 0.000000e+00 2.960920e-03 0.000000e+00 0.000000e+00 0.000000e+00
PROFILE_ITER 1 133 2.995014e-03 4.408121e-03 0.000000e+00 2.983093e-03 0.000000e+00 0.000000e+00 0.000000e+00
PROFILE_ITER 0 124 6.341934e-03 1.070023e-03 0.000000e+00 4.421949e-03 0.000000e+00 0.000000e+00 0.000000e+00
PROFILE_ITER 0 125 6.347895e-03 1.069069e-03 0.000000e+00 4.421711e-03 0.000000e+00 0.000000e+00 0.000000e+00
PROFILE_ITER 0 126 6.381273e-03 1.063824e-03 0.000000e+00 4.424095e-03 0.000000e+00 0.000000e+00 0.000000e+00
PROFILE_ITER 0 127 6.349087e-03 1.060724e-03 0.000000e+00 4.421234e-03 0.000000e+00 0.000000e+00 0.000000e+00
PROFILE_ITER 1 134 3.049850e-03 4.402161e-03 9.536743e-07 3.036022e-03 0.000000e+00 0.000000e+00 9.536743e-07
PROFILE_ITER 1 135 3.038883e-03 4.377127e-03 0.000000e+00 3.026962e-03 0.000000e+00 0.000000e+00 0.000000e+00
PROFILE_ITER 1 136 3.000021e-03 4.397869e-03 0.000000e+00 2.987146e-03 0.000000e+00 0.000000e+00 0.000000e+00
PROFILE_ITER 1 137 3.024101e-03 4.416943e-03 0.000000e+00 3.012180e-03 0.000000e+00 0.000000e+00 0.000000e+00
PROFILE_ITER 0 128 6.332874e-03 1.069307e-03 0.000000e+00 4.425049e-03 0.000000e+00 0.000000e+00 0.000000e+00
PROFILE_ITER 0 129 6.321907e-03 1.064062e-03 0.000000e+00 4.420757e-03 0.000000e+00 0.000000e+00 0.000000e+00
PROFILE_ITER 0 130 6.322145e-03 1.056910e-03 0.000000e+00 4.423141e-03 0.000000e+00 0.000000e+00 0.000000e+00
PROFILE_ITER 1 138 3.058910e-03 4.357100e-03 0.000000e+00 3.046989e-03 0.000000e+00 0.000000e+00 9.536743e-07
PROFILE_ITER 0 131 6.329298e-03 1.060724e-03 0.000000e+00 4.424095e-03 1.192093e-06 0.000000e+00 0.000000e+00
PROFILE_ITER 0 132 6.322145e-03 1.072645e-03 0.000000e+00 4.422188e-03 0.000000e+00 9.536743e-07 0.000000e+00
PROFILE_ITER 1 139 3.036976e-03 4.386902e-03 0.000000e+00 3.024101e-03 0.000000e+00 0.000000e+00 0.000000e+00
PROFILE_ITER 1 140 2.960920e-03 4.431248e-03 0.000000e+00 2.948999e-03 0.000000e+00 0.000000e+00 9.536743e-07
PROFILE_ITER 0 133 6.346941e-03 1.056194e-03 0.000000e+00 4.423857e-03 0.000000e+00 0.000000e+00 0.000000e+00
PROFILE_ITER 0 134 6.384134e-03 1.067877e-03 0.000000e+00 4.423141e-03 0.000000e+00 0.000000e+00 0.000000e+00
PROFILE_ITER 1 141 3.020048e-03 4.386902e-03 0.000000e+00 3.008127e-03 0.000000e+00 0.000000e+00 0.000000e+00
PROFILE_ITER 1 142 2.985954e-03 4.416943e-03 0.000000e+00 2.973080e-03 0.000000e+00 0.000000e+00 0.000000e+00
PROFILE_ITER 1 143 3.100872e-03 4.322290e-03 0.000000e+00 3.089190e-03 0.000000e+00 0.000000e+00 0.000000e+00
PROFILE_ITER 1 144 2.987862e-03 4.405022e-03 0.000000e+00 2.974987e-03 0.000000e+00 0.000000e+00 0.000000e+00
PROFILE_ITER 0 135 6.347895e-03 1.068115e-03 1.192093e-06 4.419804e-03 0.000000e+00 0.000000e+00 0.000000e+00
PROFILE_ITER 0 136 6.335974e-03 1.061916e-03 0.000000e+00 4.421234e-03 0.000000e+00 0.000000e+00 0.000000e+00
PROFILE_ITER 1 145 2.966166e-03 4.437923e-03 0.000000e+00 2.953291e-03 0.000000e+00 0.000000e+00 0.000000e+00
PROFILE_ITER 1 146 2.994776e-03 4.408121e-03 0.000000e+00 2.980709e-03 0.000000e+00 0.000000e+00 0.000000e+00
PROFILE_ITER 0 137 6.370068e-03 1.070976e-03 0.000000e+00 4.423857e-03 0.000000e+00 0.000000e+00 0.000000e+00
PROFILE_ITER 0 138 6.350994e-03 1.068115e-03 1.192093e-06 4.420042e-03 0.000000e+00 9.536743e-07 0.000000e+00
PROFILE_ITER 0 139 6.355047e-03 1.065731e-03 9.536743e-07 4.422188e-03 0.000000e+00 0.000000e+00 0.000000e+00
PROFILE_ITER 0 140 6.335974e-03 1.056194e-03 0.000000e+00 4.422903e-03 0.000000e+00 0.000000e+00 0.000000e+00
PROFILE_ITER 0 141 6.338120e-03 1.068830e-03 0.000000e+00 4.422903e-03 1.192093e-06 0.000000e+00 0.000000e+00
PROFILE_ITER 0 142 6.338120e-03 1.064777e-03 0.000000e+00 4.423141e-03 0.000000e+00 0.000000e+00 0.000000e+00
PROFILE_ITER 0 143 6.359816e-03 1.063347e-03 0.000000e+00 4.421234e-03 0.000000e+00 0.000000e+00 9.536743e-07
PROFILE_ITER 0 144 6.336927e-03 1.055002e-03 0.000000e+00 4.420996e-03 0.000000e+00 0.000000e+00 0.000000e+00
PROFILE_ITER 0 145 6.335020e-03 1.069069e-03 0.000000e+00 4.422188e-03 9.536743e-07 0.000000e+00 0.000000e+00
PROFILE_ITER 1 147 3.067017e-03 4.356146e-03 0.000000e+00 3.053904e-03 0.000000e+00 0.000000e+00 0.000000e+00
PROFILE_ITER 1 148 3.004789e-03 4.397154e-03 0.000000e+00 2.990961e-03 0.000000e+00 0.000000e+00 9.536743e-07
PROFILE_ITER 1 149 3.019094e-03 4.400969e-03 0.000000e+00 3.006935e-03 0.000000e+00 0.000000e+00 0.000000e+00
PROFILE_ITER 1 150 2.986193e-03 4.411697e-03 0.000000e+00 2.974033e-03 0.000000e+00 0.000000e+00 0.000000e+00
PROFILE_ITER 1 151 3.058910e-03 4.370213e-03 0.000000e+00 3.045797e-03 9.536743e-07 0.000000e+00 0.000000e+00
PROFILE_ITER 1 152 2.998114e-03 4.411936e-03 0.000000e+00 2.985954e-03 0.000000e+00 0.000000e+00 0.000000e+00
PROFILE_ITER 1 153 2.986908e-03 4.414082e-03 0.000000e+00 2.974987e-03 0.000000e+00 0.000000e+00 0.000000e+00
PROFILE_ITER 0 146 6.338835e-03 1.065016e-03 0.000000e+00 4.420996e-03 0.000000e+00 0.000000e+00 0.000000e+00
PROFILE_ITER 1 154 3.038168e-03 4.386663e-03 0.000000e+00 3.024817e-03 0.000000e+00 0.000000e+00 0.000000e+00
PROFILE_ITER 1 155 3.030777e-03 4.379272e-03 0.000000e+00 3.017902e-03 0.000000e+00 0.000000e+00 0.000000e+00
PROFILE_ITER 0 147 6.359100e-03 1.061916e-03 9.536743e-07 4.422188e-03 0.000000e+00 0.000000e+00 0.000000e+00
PROFILE_ITER 0 148 6.347895e-03 1.055241e-03 0.000000e+00 4.421949e-03 0.000000e+00 0.000000e+00 0.000000e+00
PROFILE_ITER 1 156 3.067017e-03 4.356146e-03 0.000000e+00 3.053904e-03 0.000000e+00 0.000000e+00 0.000000e+00
PROFILE_ITER 1 157 2.959967e-03 4.444838e-03 0.000000e+00 2.948999e-03 0.000000e+00 0.000000e+00 0.000000e+00
PROFILE_ITER 0 149 6.353855e-03 1.066208e-03 0.000000e+00 4.424810e-03 0.000000e+00 0.000000e+00 0.000000e+00
PROFILE_ITER 0 150 6.332874e-03 1.065016e-03 0.000000e+00 4.421949e-03 0.000000e+00 0.000000e+00 9.536743e-07
PROFILE_ITER 0 151 6.359100e-03 1.070023e-03 0.000000e+00 4.422903e-03 1.192093e-06 0.000000e+00 0.000000e+00
PROFILE_ITER 1 158 2.985954e-03 4.415035e-03 0.000000e+00 2.971888e-03 0.000000e+00 0.000000e+00 0.000000e+00
PROFILE_ITER 1 159 2.978086e-03 4.420042e-03 0.000000e+00 2.966166e-03 0.000000e+00 0.000000e+00 0.000000e+00
PROFILE_ITER 0 152 6.343126e-03 1.067877e-03 0.000000e+00 4.423141e-03 0.000000e+00 9.536743e-07 0.000000e+00
PROFILE_ITER 0 153 6.339073e-03 1.061916e-03 0.000000e+00 4.422188e-03 0.000000e+00 0.000000e+00 0.000000e+00
PROFILE_ITER 1 160 3.005028e-03 4.410028e-03 0.000000e+00 2.990961e-03 0.000000e+00 0.000000e+00 0.000000e+00
PROFILE_ITER 1 161 3.003836e-03 4.409075e-03 0.000000e+00 2.991915e-03 0.000000e+00 0.000000e+00 0.000000e+00
PROFILE_ITER 0 154 6.368876e-03 1.058102e-03 0.000000e+00 4.422188e-03 0.000000e+00 0.000000e+00 0.000000e+00
PROFILE_ITER 0 155 6.347179e-03 1.060724e-03 0.000000e+00 4.420996e-03 0.000000e+00 0.000000e+00 0.000000e+00
PROFILE_ITER 1 162 2.977848e-03 4.413128e-03 1.192093e-06 2.964735e-03 0.000000e+00 0.000000e+00 0.000000e+00
PROFILE_ITER 1 163 3.079891e-03 4.378080e-03 0.000000e+00 3.069162e-03 0.000000e+00 0.000000e+00 0.000000e+00
PROFILE_ITER 1 164 3.034115e-03 4.363060e-03 0.000000e+00 3.021955e-03 0.000000e+00 0.000000e+00 1.192093e-06
PROFILE_ITER 1 165 2.991676e-03 4.403114e-03 0.000000e+00 2.978086e-03 0.000000e+00 0.000000e+00 0.000000e+00
PROFILE_ITER 0 156 6.358862e-03 1.064301e-03 0.000000e+00 4.421949e-03 0.000000e+00 0.000000e+00 0.000000e+00
PROFILE_ITER 0 157 6.335735e-03 1.069069e-03 0.000000e+00 4.422903e-03 0.000000e+00 0.000000e+00 0.000000e+00
PROFILE_ITER 0 158 6.337881e-03 1.063108e-03 2.145767e-06 4.421711e-03 0.000000e+00 0.000000e+00 0.000000e+00
PROFILE_ITER 0 159 6.335258e-03 1.061916e-03 0.000000e+00 4.421949e-03 0.000000e+00 0.000000e+00 0.000000e+00
PROFILE_ITER 1 166 3.023863e-03 4.384279e-03 0.000000e+00 3.011942e-03 0.000000e+00 0.000000e+00 9.536743e-07
PROFILE_ITER 1 167 2.977133e-03 4.425764e-03 0.000000e+00 2.964973e-03 0.000000e+00 0.000000e+00 0.000000e+00
PROFILE_ITER 1 168 2.984047e-03 4.410028e-03 0.000000e+00 2.971888e-03 0.000000e+00 0.000000e+00 0.000000e+00
PROFILE_ITER 1 169 2.952814e-03 4.449129e-03 0.000000e+00 2.940893e-03 0.000000e+00 0.000000e+00 0.000000e+00
PROFILE_ITER 1 170 3.008842e-03 4.389286e-03 0.000000e+00 2.997875e-03 0.000000e+00 0.000000e+00 0.000000e+00
PROFILE_ITER 1 171 3.088951e-03 4.359961e-03 0.000000e+00 3.076077e-03 0.000000e+00 0.000000e+00 0.000000e+00
PROFILE_ITER 0 160 6.349802e-03 1.065254e-03 0.000000e+00 4.421949e-03 0.000000e+00 0.000000e+00 0.000000e+00
PROFILE_ITER 0 161 6.341934e-03 1.070976e-03 0.000000e+00 4.421949e-03 0.000000e+00 0.000000e+00 0.000000e+00
PROFILE_ITER 0 162 6.335020e-03 1.058102e-03 0.000000e+00 4.421234e-03 0.000000e+00 0.000000e+00 0.000000e+00
PROFILE_ITER 0 163 6.392002e-03 1.063824e-03 0.000000e+00 4.423141e-03 0.000000e+00 0.000000e+00 0.000000e+00
PROFILE_ITER 0 164 6.340265e-03 1.056910e-03 0.000000e+00 4.423141e-03 0.000000e+00 0.000000e+00 0.000000e+00
PROFILE_ITER 0 165 6.335974e-03 1.058817e-03 0.000000e+00 4.420042e-03 9.536743e-07 0.000000e+00 0.000000e+00
PROFILE_ITER 1 172 3.034830e-03 4.384279e-03 0.000000e+00 3.021955e-03 0.000000e+00 0.000000e+00 0.000000e+00
PROFILE_ITER 1 173 3.407001e-03 4.218817e-03 0.000000e+00 3.392935e-03 0.000000e+00 0.000000e+00 9.536743e-07
PROFILE_ITER 1 174 3.144026e-03 4.323006e-03 0.000000e+00 3.130198e-03 0.000000e+00 0.000000e+00 0.000000e+00
PROFILE_ITER 1 175 3.029823e-03 4.379272e-03 0.000000e+00 3.018141e-03 0.000000e+00 0.000000e+00 9.536743e-07
PROFILE_ITER 1 176 2.963781e-03 4.436255e-03 0.000000e+00 2.952099e-03 0.000000e+00 0.000000e+00 0.000000e+00
PROFILE_ITER 0 166 6.349802e-03 1.058340e-03 0.000000e+00 4.421949e-03 0.000000e+00 0.000000e+00 0.000000e+00
PROFILE_ITER 0 167 6.335974e-03 1.066923e-03 0.000000e+00 4.421949e-03 0.000000e+00 0.000000e+00 0.000000e+00
PROFILE_ITER 0 168 6.334066e-03 1.060963e-03 0.000000e+00 4.421234e-03 0.000000e+00 0.000000e+00 0.000000e+00
PROFILE_ITER 1 177 3.005266e-03 4.416704e-03 0.000000e+00 2.991915e-03 0.000000e+00 0.000000e+00 0.000000e+00
PROFILE_ITER 1 178 3.008127e-03 4.384756e-03 0.000000e+00 2.995014e-03 0.000000e+00 0.000000e+00 0.000000e+00
PROFILE_ITER 0 169 6.332874e-03 1.068115e-03 0.000000e+00 4.421711e-03 0.000000e+00 0.000000e+00 0.000000e+00
PROFILE_ITER 1 179 2.982855e-03 4.405260e-03 0.000000e+00 2.971888e-03 0.000000e+00 0.000000e+00 0.000000e+00
PROFILE_ITER 1 180 2.974749e-03 4.412174e-03 0.000000e+00 2.961874e-03 0.000000e+00 0.000000e+00 0.000000e+00
PROFILE_ITER 0 170 6.330013e-03 1.069069e-03 0.000000e+00 4.421949e-03 0.000000e+00 0.000000e+00 0.000000e+00
PROFILE_ITER 0 171 6.377935e-03 1.070023e-03 0.000000e+00 4.424095e-03 0.000000e+00 0.000000e+00 0.000000e+00
PROFILE_ITER 1 181 3.076077e-03 4.349947e-03 0.000000e+00 3.063917e-03 0.000000e+00 0.000000e+00 0.000000e+00
PROFILE_ITER 1 182 3.003120e-03 4.396915e-03 0.000000e+00 2.989769e-03 0.000000e+00 0.000000e+00 0.000000e+00
PROFILE_ITER 1 183 2.939939e-03 4.462004e-03 0.000000e+00 2.928019e-03 0.000000e+00 0.000000e+00 0.000000e+00
PROFILE_ITER 1 184 3.016710e-03 4.415274e-03 0.000000e+00 3.002882e-03 9.536743e-07 0.000000e+00 0.000000e+00
PROFILE_ITER 1 185 3.016710e-03 4.414320e-03 0.000000e+00 3.003836e-03 0.000000e+00 0.000000e+00 0.000000e+00
PROFILE_ITER 1 186 3.000021e-03 4.403114e-03 0.000000e+00 2.987862e-03 0.000000e+00 0.000000e+00 0.000000e+00
PROFILE_ITER 1 187 3.000021e-03 4.387856e-03 0.000000e+00 2.988100e-03 0.000000e+00 0.000000e+00 0.000000e+00
PROFILE_ITER 0 172 6.355047e-03 1.064062e-03 0.000000e+00 4.424095e-03 0.000000e+00 0.000000e+00 0.000000e+00
PROFILE_ITER 0 173 6.555080e-03 1.070738e-03 0.000000e+00 4.421949e-03 0.000000e+00 0.000000e+00 0.000000e+00
PROFILE_ITER 0 174 6.399870e-03 1.067162e-03 1.192093e-06 4.423857e-03 9.536743e-07 0.000000e+00 0.000000e+00
PROFILE_ITER 0 175 6.341219e-03 1.067877e-03 0.000000e+00 4.421949e-03 0.000000e+00 0.000000e+00 0.000000e+00
PROFILE_ITER 0 176 6.332874e-03 1.067162e-03 0.000000e+00 4.424095e-03 0.000000e+00 0.000000e+00 0.000000e+00
PROFILE_ITER 0 177 6.352186e-03 1.069784e-03 0.000000e+00 4.421949e-03 0.000000e+00 0.000000e+00 0.000000e+00
PROFILE_ITER 0 178 6.334066e-03 1.060963e-03 1.192093e-06 4.420996e-03 0.000000e+00 0.000000e+00 0.000000e+00
PROFILE_ITER 0 179 6.331921e-03 1.054049e-03 0.000000e+00 4.420042e-03 0.000000e+00 0.000000e+00 0.000000e+00
PROFILE_ITER 1 188 2.975702e-03 4.418373e-03 0.000000e+00 2.963066e-03 0.000000e+00 0.000000e+00 0.000000e+00
PROFILE_ITER 1 189 2.977371e-03 4.413605e-03 0.000000e+00 2.966166e-03 0.000000e+00 0.000000e+00 0.000000e+00
PROFILE_ITER 1 190 3.002882e-03 4.407167e-03 0.000000e+00 2.991199e-03 0.000000e+00 0.000000e+00 9.536743e-07
PROFILE_ITER 0 180 6.325245e-03 1.061678e-03 0.000000e+00 4.423141e-03 0.000000e+00 0.000000e+00 0.000000e+00
PROFILE_ITER 0 181 6.361961e-03 1.064062e-03 0.000000e+00 4.422188e-03 0.000000e+00 0.000000e+00 0.000000e+00
PROFILE_ITER 1 191 3.051043e-03 4.411936e-03 0.000000e+00 3.037214e-03 0.000000e+00 0.000000e+00 0.000000e+00
PROFILE_ITER 1 192 3.039837e-03 4.403114e-03 0.000000e+00 3.027678e-03 0.000000e+00 0.000000e+00 0.000000e+00
PROFILE_ITER 0 182 6.338120e-03 1.060963e-03 0.000000e+00 4.424095e-03 0.000000e+00 0.000000e+00 0.000000e+00
PROFILE_ITER 0 183 6.333113e-03 1.068830e-03 0.000000e+00 4.422903e-03 0.000000e+00 0.000000e+00 0.000000e+00
PROFILE_ITER 0 184 6.377935e-03 1.054049e-03 9.536743e-07 4.421949e-03 0.000000e+00 0.000000e+00 0.000000e+00
PROFILE_ITER 0 185 6.364107e-03 1.065969e-03 0.000000e+00 4.422903e-03 0.000000e+00 0.000000e+00 0.000000e+00
PROFILE_ITER 1 193 2.983809e-03 4.420280e-03 0.000000e+00 2.973080e-03 0.000000e+00 0.000000e+00 0.000000e+00
PROFILE_ITER 1 194 2.943039e-03 4.429817e-03 0.000000e+00 2.929926e-03 0.000000e+00 0.000000e+00 0.000000e+00
PROFILE_ITER 0 186 6.342173e-03 1.063824e-03 0.000000e+00 4.424095e-03 0.000000e+00 0.000000e+00 0.000000e+00
PROFILE_ITER 1 195 2.983809e-03 4.405260e-03 0.000000e+00 2.971888e-03 0.000000e+00 0.000000e+00 0.000000e+00
PROFILE_ITER 0 187 6.330013e-03 1.055956e-03 0.000000e+00 4.422665e-03 0.000000e+00 0.000000e+00 0.000000e+00
PROFILE_ITER 0 188 6.325960e-03 1.068115e-03 0.000000e+00 4.423141e-03 0.000000e+00 0.000000e+00 0.000000e+00
PROFILE_ITER 1 196 2.935171e-03 4.451752e-03 0.000000e+00 2.920866e-03 0.000000e+00 0.000000e+00 0.000000e+00
PROFILE_ITER 1 197 2.937078e-03 4.432917e-03 0.000000e+00 2.924204e-03 0.000000e+00 0.000000e+00 9.536743e-07
PROFILE_ITER 0 189 6.325006e-03 1.066923e-03 0.000000e+00 4.424095e-03 9.536743e-07 0.000000e+00 0.000000e+00
PROFILE_ITER 0 190 6.339073e-03 1.070976e-03 0.000000e+00 4.425049e-03 0.000000e+00 9.536743e-07 0.000000e+00
PROFILE_ITER 0 191 6.396055e-03 1.066923e-03 9.536743e-07 4.420996e-03 0.000000e+00 0.000000e+00 0.000000e+00
PROFILE_ITER 0 192 6.380796e-03 1.062155e-03 0.000000e+00 4.420757e-03 0.000000e+00 0.000000e+00 0.000000e+00
PROFILE_ITER 0 193 6.344318e-03 1.059771e-03 0.000000e+00 4.422188e-03 0.000000e+00 0.000000e+00 0.000000e+00
PROFILE_ITER 0 194 6.318808e-03 1.055241e-03 0.000000e+00 4.421711e-03 0.000000e+00 0.000000e+00 0.000000e+00
PROFILE_ITER 1 198 2.997875e-03 4.404306e-03 0.000000e+00 2.984762e-03 0.000000e+00 0.000000e+00 0.000000e+00
PROFILE_ITER 1 199 2.992153e-03 4.412889e-03 0.000000e+00 2.979994e-03 0.000000e+00 0.000000e+00 0.000000e+00
PROFILE_ACCUM 1 spmv=6.028135e-01 vecops=1.148090e+00 send_fill=1.502037e-05 local_spmv=6.003034e-01 comm_wait=5.722046e-06 shared_spmv=0.000000e+00 send_wait=3.194809e-05
PROFILE_ITER 0 195 6.326199e-03 1.061678e-03 0.000000e+00 4.423141e-03 0.000000e+00 0.000000e+00 0.000000e+00
PROFILE_ITER 0 196 6.322145e-03 1.064777e-03 0.000000e+00 4.425049e-03 0.000000e+00 0.000000e+00 0.000000e+00
PROFILE_ITER 0 197 6.317854e-03 1.051188e-03 0.000000e+00 4.421234e-03 0.000000e+00 0.000000e+00 0.000000e+00
PROFILE_ITER 0 198 6.339073e-03 1.063108e-03 0.000000e+00 4.420996e-03 0.000000e+00 0.000000e+00 0.000000e+00
PROFILE_ITER 0 199 6.342173e-03 1.061678e-03 0.000000e+00 4.423141e-03 0.000000e+00 0.000000e+00 0.000000e+00
PROFILE_ACCUM 0 spmv=1.270118e+00 vecops=2.133446e-01 send_fill=2.956390e-05 local_spmv=8.852227e-01 comm_wait=2.241135e-05 shared_spmv=5.722046e-06 send_wait=9.536743e-06
