
=== cage11 1c+1g (iters=200) ===
  generating cage11_1c_1g (1c+1g) from /matrices/cage11.mtx
  running gpu baseline...
  running mpi_gpu...
  -> gpu_spmv=0.054445  mpi_gpu_spmv=0.135361  ratio=0.4022  [loss]

=== cage11 1c+3g (iters=200) ===
  generating cage11_1c_3g (1c+3g) from /matrices/cage11.mtx
  running gpu baseline...
  running mpi_gpu...
  -> gpu_spmv=0.083031  mpi_gpu_spmv=0.138621  ratio=0.5990  [loss]

=== cage11 1c+9g (iters=200) ===
  generating cage11_1c_9g (1c+9g) from /matrices/cage11.mtx
  running gpu baseline...
  running mpi_gpu...
  -> gpu_spmv=0.173069  mpi_gpu_spmv=0.236028  ratio=0.7333  [loss]

=== cage11 2c+2g (iters=200) ===
  generating cage11_2c_2g (2c+2g) from /matrices/cage11.mtx
  running gpu baseline...
  running mpi_gpu...
  -> gpu_spmv=0.083438  mpi_gpu_spmv=0.280277  ratio=0.2977  [loss]

=== cage11 4c+4g (iters=200) ===
  generating cage11_4c_4g (4c+4g) from /matrices/cage11.mtx
  running gpu baseline...
  running mpi_gpu...
  -> gpu_spmv=0.140307  mpi_gpu_spmv=0.635502  ratio=0.2208  [loss]

=== cage11 1c+15g (iters=200) ===
  generating cage11_1c_15g (1c+15g) from /matrices/cage11.mtx
  running gpu baseline...
  running mpi_gpu...
  -> gpu_spmv=0.273035  mpi_gpu_spmv=0.387993  ratio=0.7037  [loss]

=== rma10 1c+1g (iters=200) ===
  generating rma10_1c_1g (1c+1g) from /matrices/rma10.mtx
  running gpu baseline...
  running mpi_gpu...
  -> gpu_spmv=0.116077  mpi_gpu_spmv=0.469886  ratio=0.2470  [loss]

=== rma10 1c+3g (iters=200) ===
  generating rma10_1c_3g (1c+3g) from /matrices/rma10.mtx
  running gpu baseline...
  running mpi_gpu...
  -> gpu_spmv=0.204175  mpi_gpu_spmv=0.484959  ratio=0.4210  [loss]

=== rma10 1c+9g (iters=200) ===
  generating rma10_1c_9g (1c+9g) from /matrices/rma10.mtx
  running gpu baseline...
  running mpi_gpu...
  -> gpu_spmv=0.481009  mpi_gpu_spmv=0.523263  ratio=0.9192  [loss]

=== rma10 2c+2g (iters=200) ===
  generating rma10_2c_2g (2c+2g) from /matrices/rma10.mtx
  running gpu baseline...
  running mpi_gpu...
  -> gpu_spmv=0.204061  mpi_gpu_spmv=1.021311  ratio=0.1998  [loss]

=== rma10 4c+4g (iters=200) ===
  generating rma10_4c_4g (4c+4g) from /matrices/rma10.mtx
  running gpu baseline...
  running mpi_gpu...
  -> gpu_spmv=0.385109  mpi_gpu_spmv=2.150089  ratio=0.1791  [loss]

=== rma10 1c+15g (iters=200) ===
  generating rma10_1c_15g (1c+15g) from /matrices/rma10.mtx
  running gpu baseline...
  running mpi_gpu...
  -> gpu_spmv=0.732901  mpi_gpu_spmv=0.767884  ratio=0.9544  [loss]

=== cage12 1c+1g (iters=200) ===
  generating cage12_1c_1g (1c+1g) from /matrices/cage12.mtx
  running gpu baseline...
  running mpi_gpu...
  -> gpu_spmv=0.122860  mpi_gpu_spmv=0.576058  ratio=0.2133  [loss]

=== cage12 1c+3g (iters=200) ===
  generating cage12_1c_3g (1c+3g) from /matrices/cage12.mtx
  running gpu baseline...
  running mpi_gpu...
  -> gpu_spmv=0.243252  mpi_gpu_spmv=0.587918  ratio=0.4138  [loss]

=== cage12 1c+9g (iters=200) ===
  generating cage12_1c_9g (1c+9g) from /matrices/cage12.mtx
  running gpu baseline...
  running mpi_gpu...
  -> gpu_spmv=0.554180  mpi_gpu_spmv=0.794275  ratio=0.6977  [loss]

=== cage12 2c+2g (iters=200) ===
  generating cage12_2c_2g (2c+2g) from /matrices/cage12.mtx
  running gpu baseline...
  running mpi_gpu...
  -> gpu_spmv=0.243273  mpi_gpu_spmv=1.259325  ratio=0.1932  [loss]

=== cage12 4c+4g (iters=200) ===
  generating cage12_4c_4g (4c+4g) from /matrices/cage12.mtx
  running gpu baseline...
  running mpi_gpu...
  -> gpu_spmv=0.452998  mpi_gpu_spmv=2.643814  ratio=0.1713  [loss]

=== cage12 1c+15g (iters=200) ===
  generating cage12_1c_15g (1c+15g) from /matrices/cage12.mtx
  running gpu baseline...
  running mpi_gpu...
  -> gpu_spmv=0.843170  mpi_gpu_spmv=1.290470  ratio=0.6534  [loss]

Written /home/bugra/Workspace/C/HetHypPar_rewrite/data/block_sweep/sweep_results.tsv

=== rma10 1c+20g (iters=200) ===
  generating rma10_1c_20g (1c+20g) from /matrices/rma10.mtx
  running gpu baseline...
  running mpi_gpu...
  -> gpu_spmv=0.941620  mpi_gpu_spmv=1.003305  ratio=0.9385  [loss]

=== rma10 1c+30g (iters=200) ===
  generating rma10_1c_30g (1c+30g) from /matrices/rma10.mtx
  running gpu baseline...
  running mpi_gpu...
  -> gpu_spmv=1.351468  mpi_gpu_spmv=1.483478  ratio=0.9110  [loss]

=== rma10 1c+50g (iters=200) ===
  generating rma10_1c_50g (1c+50g) from /matrices/rma10.mtx
  running gpu baseline...
  running mpi_gpu...
  -> gpu_spmv=2.160983  mpi_gpu_spmv=2.439616  ratio=0.8858  [loss]

=== rma10 1c+100g (iters=200) ===
  generating rma10_1c_100g (1c+100g) from /matrices/rma10.mtx
  running gpu baseline...
  running mpi_gpu...
  -> gpu_spmv=4.216251  mpi_gpu_spmv=4.744772  ratio=0.8886  [loss]

=== cage11 1c+20g (iters=200) ===
  generating cage11_1c_20g (1c+20g) from /matrices/cage11.mtx
  running gpu baseline...
  running mpi_gpu...
  -> gpu_spmv=0.347428  mpi_gpu_spmv=0.501885  ratio=0.6922  [loss]

=== cage11 1c+30g (iters=200) ===
  generating cage11_1c_30g (1c+30g) from /matrices/cage11.mtx
  running gpu baseline...
  running mpi_gpu...
  -> gpu_spmv=0.493617  mpi_gpu_spmv=0.732427  ratio=0.6739  [loss]

=== cage11 1c+50g (iters=200) ===
  generating cage11_1c_50g (1c+50g) from /matrices/cage11.mtx
  running gpu baseline...
  running mpi_gpu...
  -> gpu_spmv=0.772751  mpi_gpu_spmv=1.187303  ratio=0.6508  [loss]

=== cage11 1c+100g (iters=200) ===
  generating cage11_1c_100g (1c+100g) from /matrices/cage11.mtx
  running gpu baseline...
  running mpi_gpu...
  -> gpu_spmv=1.469849  mpi_gpu_spmv=2.324553  ratio=0.6323  [loss]

Written /home/bugra/Workspace/C/HetHypPar_rewrite/data/block_sweep/sweep_results.tsv
